06-27 22:00:46.134   410   531 D ConnectivityService: sending notification AVAILABLE for NetworkRequest [ LISTEN id=4, [ Capabilities: INTERNET&NOT_RESTRICTED&TRUSTED&NOT_VPN] ]
06-27 22:00:46.137  1163  1174 W art     : Suspending all threads took: 55.793ms
06-27 22:00:46.146   878  1205 W ctxmgr  : [TimeFilter.Builder]startTimeMillis must be >= 0.  Clamping to 0.
06-27 22:00:46.161   878   878 W ChimeraUtils: Non Chimera context
06-27 22:00:46.202  1508  1508 I [Gralloc]:  ion device open success! fd = 44
06-27 22:00:46.226  1508  1529 I mali_so : [File] : hardware/rockchip/driver/./src/base/arch/arch_011_udd/base_arch_main.c; [Line] : 565; [Func] : deal_with_version_affairs_rk_ext;
06-27 22:00:46.226  1508  1529 I mali_so : arm_release_ver of this mali_so is 'r7p0-00rel1', rk_so_ver is '1@2' for 3328h_android_7.1, built at '15:47:51', on 'Jun 28 2017'.
06-27 22:00:46.226  1508  1529 I mali_so : [File] : hardware/rockchip/driver/./src/base/arch/arch_011_udd/base_arch_main.c; [Line] : 578; [Func] : deal_with_version_affairs_rk_ext;
06-27 22:00:46.226  1508  1529 I mali_so : mali_ver_property has been set to 'r7p0-00rel1-5-1@2', to return.
06-27 22:00:46.229  1508  1529 I OpenGLRenderer: Initialized EGL, version 1.4
06-27 22:00:46.229  1508  1529 D OpenGLRenderer: Swap behavior 1
06-27 22:00:46.251  1508  1508 E BluetoothAdapter: Bluetooth binder is null
06-27 22:00:46.255  1419  1430 W art     : Suspending all threads took: 157.499ms
06-27 22:00:46.272   410   531 D ConnectivityService: handlePromptUnvalidated 100
06-27 22:00:46.280   878  1215 I Auth    : [WorkAccountServiceImpl] init work authenticator
06-27 22:00:46.292   878   878 W ChimeraUtils: Non Chimera context
06-27 22:00:46.315  1508  1508 W System  : ClassLoader referenced unknown path: 
06-27 22:00:46.317  1508  1508 D ApplicationLoaders: ignored Vulkan layer search path /data/app/com.google.android.gms-2/lib/arm64:/data/app/com.google.android.gms-2/base.apk!/lib/arm64-v8a for namespace 0x7b1ffa60f0
06-27 22:00:46.335   878  1248 E ctxmgr  : [FencePendingIntentCache]Expected to find a PendingIntent for pendingIntentKey=66a2ed85-b513-40bb-a4a9-21c0d2e049db [CONTEXT service_id=47 ]
06-27 22:00:46.336   878  1248 I ctxmgr  : [FencePendingIntentCache]com.google.android.gms not whitelisted [CONTEXT service_id=47 ]
06-27 22:00:46.400   878   878 W ChimeraUtils: Non Chimera context
06-27 22:00:46.438  1130  1213 W ChimeraUtils: Non Chimera context
06-27 22:00:46.440  1130  1213 W ChimeraUtils: Non Chimera context
06-27 22:00:46.469   878   878 E GmsRequestQueue: Tried to stop global GMSCore RequestQueue. This is likely unintended, so ignoring.
06-27 22:00:46.475  1130  1494 I SystemUpdate: [Execution,InstallationEventIntentOperation] Handling event of type 1.
06-27 22:00:46.506  1130  1492 W art     : Long monitor contention with owner [efx] processing qmh for action com.google.android.gms.update.BASE_MODULE_INIT (1213) at void java.io.FileDescriptor.sync()(FileDescriptor.java:-2) waiters=0 in void efy.run() for 710ms
06-27 22:00:46.507  1130  1492 I SystemUpdate: [Installation,ReceiverIntentOperation] Received intent: Intent { act=android.intent.action.TIME_SET flg=0x24000010 cmp=com.google.android.gms/.chimera.GmsIntentOperationService$PersistentTrustedReceiver }.
06-27 22:00:46.511  1130  1497 I IcingInternalCorpora: Received calendar change notification.
06-27 22:00:46.517  1130  1213 I SystemUpdate: [Execution,InstallationIntentOperation] Received intent: Intent { act=com.google.android.gms.update.INSTALL_UPDATE cat=[targeted_intent_op_prefix:.update.execution.InstallationIntentOperation] cmp=com.google.android.gms/.chimera.GmsIntentOperationService }.
06-27 22:00:46.518   878  1124 E LockboxBrokerService: Could not query UDC's getDeviceDataUploadOptInStatus; 15 null
06-27 22:00:46.534  1130  1141 I art     : Background partial concurrent mark sweep GC freed 7858(783KB) AllocSpace objects, 8(160KB) LOS objects, 39% free, 5MB/9MB, paused 4.469ms total 124.359ms
06-27 22:00:46.537  1130  1200 I Auth    : [SupervisedAccountIntentOperation] onHandleIntent(): android.intent.action.BOOT_COMPLETED
06-27 22:00:46.543  1130  1213 I SystemUpdate: [Execution,ExecutionManager] Action finished-execution executed for 0.00 seconds.
06-27 22:00:46.580   878  1527 W WakefulBroadcastReceiv.: No active wake lock id #1
06-27 22:00:46.605  1508  1508 W InputMethodManager: Ignoring onBind: cur seq=10, given seq=9
06-27 22:00:46.605  1130  1200 I Auth    : [SupervisedAccountIntentOperation] This operation is disabled
06-27 22:00:46.626   410   486 I ActivityManager: Displayed com.android.tv.settings/.MainSettings: +631ms
06-27 22:00:46.626  1130  1213 I SystemUpdate: [Execution,InstallationEventIntentOperation] Handling event of type 6.
06-27 22:00:46.706  1130  1505 I SystemUpdate: [Execution,InstallationIntentOperation] Received intent: Intent { act=com.google.android.gms.update.INSTALL_UPDATE cat=[targeted_intent_op_prefix:.update.execution.InstallationIntentOperation] cmp=com.google.android.gms/.chimera.GmsIntentOperationService }.
06-27 22:00:46.777   878  1121 W GCoreFlp: No location to return for getLastLocation()
06-27 22:00:46.894  1130  1505 I SystemUpdate: [Execution,ExecutionManager] Action finished-execution executed for 0.00 seconds.
06-27 22:00:46.903   878   878 E BluetoothAdapter: Bluetooth binder is null
06-27 22:00:46.981   878  1560 I Auth    : [AccountStateSyncher] performSync(account=<ELLIDED:43248440>)
06-27 22:00:46.983  1130  1564 W ChimeraUtils: Non Chimera context
06-27 22:00:47.020   878   890 I art     : Background sticky concurrent mark sweep GC freed 24096(2MB) AllocSpace objects, 9(216KB) LOS objects, 22% free, 7MB/9MB, paused 8.774ms total 280.355ms
06-27 22:00:47.063  1130  1200 W ChimeraUtils: Non Chimera context
06-27 22:00:47.086  1130  1214 W System  : ClassLoader referenced unknown path: 
06-27 22:00:47.086  1130  1214 W System  : ClassLoader referenced unknown path: /system/priv-app/GoogleServicesFramework/lib/arm64
06-27 22:00:47.121  1130  1214 D ApplicationLoaders: ignored Vulkan layer search path /system/priv-app/GoogleServicesFramework/lib/arm64:/system/priv-app/GoogleServicesFramework/GoogleServicesFramework.apk!/lib/arm64-v8a:/system/lib64:/vendor/lib64 for namespace 0x7b1ffa60f0
06-27 22:00:47.129  1130  1564 E GmsRequestQueue: Tried to stop global GMSCore RequestQueue. This is likely unintended, so ignoring.
06-27 22:00:47.138   878  1121 W GCoreFlp: No location to return for getLastLocation()
06-27 22:00:47.187  1130  1564 I Authzen : [AuthZenEventHandler] Handling event: android.intent.action.BOOT_COMPLETED
06-27 22:00:47.191  1130  1564 I Authzen : [SyncManager] Sync requested for event 0, account <ELLIDED:37972742>, and components 3, with reason 1
06-27 22:00:47.191  1130  1564 I Authzen : [SyncManager] Triggering AuthZen registration check...
06-27 22:00:47.213  1130  1564 I Authzen : [irm] Opening database auth.proximity.permit_store...
06-27 22:00:47.276   878  1162 W awmy    : Empty context buffer. Thus might mean that the context is not synced down.
06-27 22:00:47.289   878  1162 W awhk    : Empty context model while retrieving upload opt-in status!
06-27 22:00:47.316  1130  1200 I AutofillModuleInitInten: AutofillModuleInitIntentOperation onInitRuntimeState(2) [CONTEXT service_id=177 ]
06-27 22:00:47.357   878  1162 W awmy    : Empty context buffer. Thus might mean that the context is not synced down.
06-27 22:00:47.357   878  1162 W awhk    : Empty context model while retrieving upload opt-in status!
06-27 22:00:47.382   878  1111 I GeofencerStateMachine: removeGeofences: removeRequest=RemoveGeofencingRequest[REMOVE_BY_PENDING_INTENT pendingIntent=PendingIntent[creatorPackage=com.google.android.gms], packageName=com.google.android.gms]
06-27 22:00:47.412   410   511 I InputReader: 1--1-----KeyCode=20, scanCode=108
06-27 22:00:47.412   410   511 I InputReader: 1--22-----KeyCode=20, scanCode=108
06-27 22:00:47.412   410   511 I InputReader: KeyCode=20, scanCode=108
06-27 22:00:47.413   410   511 D WindowManager: interceptKeyTq keycode=20 interactive=true keyguardActive=false policyFlags=22000000
06-27 22:00:47.414   410   510 D WindowManager: interceptKeyTi keyCode=20 down=true repeatCount=0 keyguardOn=false mHomePressed=false canceled=false
06-27 22:00:47.415  1130  1200 V Backup  : [SettingsModuleInit] onInitRuntimeState
06-27 22:00:47.427  1130  1200 V Backup  : [NoBackupNotification] Disabled, not scheduling
06-27 22:00:47.429  1130  1494 V Backup  : [MigrateUtil] Clearing migrate temp dir: /data/user/0/com.google.android.gms/files/migrate_dir
06-27 22:00:47.451  1130  1494 D Backup  : [MigrateCleaner] D2D transport was not selected, not selecting cloud transport.
06-27 22:00:47.454  1130  1494 I Backup  : [TargetEnabler] Setting target components to enabled = false
06-27 22:00:47.474  1130  1494 I Backup  : [SourceEnabler] Setting source components to enabled = true
06-27 22:00:47.477  1130  1494 V Backup  : [MigrateUtil] Using pre-O select transport api
06-27 22:00:47.483   878   890 I art     : Background partial concurrent mark sweep GC freed 35089(2MB) AllocSpace objects, 9(276KB) LOS objects, 40% free, 6MB/10MB, paused 4.063ms total 105.401ms
06-27 22:00:47.500  1130  1200 V Backup  : [BackupAccountChangedIO] Ignoring received intent, action = android.intent.action.BOOT_COMPLETED
06-27 22:00:47.502   410   511 I InputReader: 1--1-----KeyCode=20, scanCode=108
06-27 22:00:47.503   410   511 D WindowManager: interceptKeyTq keycode=20 interactive=true keyguardActive=false policyFlags=22000000
06-27 22:00:47.504   410   510 D WindowManager: interceptKeyTi keyCode=20 down=false repeatCount=0 keyguardOn=false mHomePressed=false canceled=false
06-27 22:00:47.511  1130  1200 D CAR.SETUP: onInitRuntimeState: Intent { act=android.intent.action.BOOT_COMPLETED flg=0x9000010 cmp=com.google.android.gms/.chimera.GmsIntentOperationService (has extras) }
06-27 22:00:47.517   878  1582 W art     : Long monitor contention with owner [efu] operation loader (1246) at java.util.Map beah.a()(:com.google.android.gms@17785019@17.7.85 (040400-253824076):16) waiters=0 in java.lang.Object beat.c() for 177ms
06-27 22:00:47.534  1130  1576 I Icing   : Storage manager: low false usage 1.70MB avail 3.30GB capacity 4.79GB
06-27 22:00:47.595   410   511 I InputReader: 1--1-----KeyCode=20, scanCode=108
06-27 22:00:47.596   410   511 I InputReader: 1--22-----KeyCode=20, scanCode=108
06-27 22:00:47.596   410   511 I InputReader: KeyCode=20, scanCode=108
06-27 22:00:47.597   410   511 D WindowManager: interceptKeyTq keycode=20 interactive=true keyguardActive=false policyFlags=22000000
06-27 22:00:47.597   410   510 D WindowManager: interceptKeyTi keyCode=20 down=true repeatCount=0 keyguardOn=false mHomePressed=false canceled=false
06-27 22:00:47.601  1130  1200 I CAR.SETUP: update Car DrivingMode components to false
06-27 22:00:47.632  1130  1477 D lvjinhua:  Failed while trying resolve alarm filter file, not exists
06-27 22:00:47.642  1419  1503 W art     : Long monitor contention with owner cling-20 (1567) at int java.lang.String.hashCode()(String.java:1368) waiters=1 in java.lang.Object java.util.Hashtable.get(java.lang.Object) for 176ms
06-27 22:00:47.654  1130  1477 I CryptauthV2: [EnrollKeyName] ClientName calling Cryptauth is AuthzenAccountRegistration
06-27 22:00:47.671   410   511 I InputReader: 1--1-----KeyCode=20, scanCode=108
06-27 22:00:47.673   410   511 D WindowManager: interceptKeyTq keycode=20 interactive=true keyguardActive=false policyFlags=22000000
06-27 22:00:47.673   410   510 D WindowManager: interceptKeyTi keyCode=20 down=false repeatCount=0 keyguardOn=false mHomePressed=false canceled=false
06-27 22:00:47.679  1130  1494 V Backup  : [GmsBackupScheduler] Scheduled task to run in 1440 minutes, while idle: true, require charging: true, require wifi: true
06-27 22:00:47.697   878  1162 W awmy    : Empty context buffer. Thus might mean that the context is not synced down.
06-27 22:00:47.697   878  1162 W awhk    : Empty context model while retrieving upload opt-in status!
06-27 22:00:47.724   410   511 I InputReader: 1--1-----KeyCode=20, scanCode=108
06-27 22:00:47.725   410   511 I InputReader: 1--22-----KeyCode=20, scanCode=108
06-27 22:00:47.725   410   511 I InputReader: KeyCode=20, scanCode=108
06-27 22:00:47.726   410   511 D WindowManager: interceptKeyTq keycode=20 interactive=true keyguardActive=false policyFlags=22000000
06-27 22:00:47.726   410   510 D WindowManager: interceptKeyTi keyCode=20 down=true repeatCount=0 keyguardOn=false mHomePressed=false canceled=false
06-27 22:00:47.766  1321  1332 W art     : Suspending all threads took: 300.044ms
06-27 22:00:47.802   410   421 I art     : Background partial concurrent mark sweep GC freed 20194(1316KB) AllocSpace objects, 14(864KB) LOS objects, 33% free, 7MB/10MB, paused 4.403ms total 138.238ms
06-27 22:00:47.820  1163  1174 W art     : Suspending all threads took: 324.635ms
06-27 22:00:47.825   878  1162 W awmy    : Empty context buffer. Thus might mean that the context is not synced down.
06-27 22:00:47.828   878  1162 W awhk    : Empty context model while retrieving upload opt-in status!
06-27 22:00:47.836  1130  1494 V Backup  : [GmsBackupSchedulerLog] Logging to Clearcut eventCode: 30, event: # muj@222b0411
06-27 22:00:47.853  1130  1494 V Backup  : [MmsBackupScheduler] Disabled, not scheduling.
06-27 22:00:47.870  1130  1494 V Backup  : [MmsBackupSchedulerLog] Logging is disabled.
06-27 22:00:47.871  1130  1494 I ChromeSync: [Sync,SyncIntentOperation] Handling the intent: Intent { act=android.intent.action.BOOT_COMPLETED flg=0x9000010 cmp=com.google.android.gms/.chimera.GmsIntentOperationService (has extras) }.
06-27 22:00:47.974   410   410 W WindowManager: Attempted to remove non-existing token: android.os.Binder@7683da
06-27 22:00:48.018   410   511 I InputReader: 1--1-----KeyCode=20, scanCode=108
06-27 22:00:48.020   410   511 D WindowManager: interceptKeyTq keycode=20 interactive=true keyguardActive=false policyFlags=22000000
06-27 22:00:48.037   410   510 D WindowManager: interceptKeyTi keyCode=20 down=false repeatCount=0 keyguardOn=false mHomePressed=false canceled=false
06-27 22:00:48.105  1130  1497 I constellation: [intent_handler] Received onBootCompleted intent
06-27 22:00:48.116   410   511 I InputReader: 1--1-----KeyCode=20, scanCode=108
06-27 22:00:48.118   410   511 I InputReader: 1--22-----KeyCode=20, scanCode=108
06-27 22:00:48.118   410   511 I InputReader: KeyCode=20, scanCode=108
06-27 22:00:48.118   410   511 D WindowManager: interceptKeyTq keycode=20 interactive=true keyguardActive=false policyFlags=22000000
06-27 22:00:48.119   410   510 D WindowManager: interceptKeyTi keyCode=20 down=true repeatCount=0 keyguardOn=false mHomePressed=false canceled=false
06-27 22:00:48.204  1130  1130 I Checkin : [CheckinChimeraService] onStartCommand
06-27 22:00:48.209   410   511 I InputReader: 1--1-----KeyCode=20, scanCode=108
06-27 22:00:48.210   410   511 D WindowManager: interceptKeyTq keycode=20 interactive=true keyguardActive=false policyFlags=22000000
06-27 22:00:48.211   410   510 D WindowManager: interceptKeyTi keyCode=20 down=false repeatCount=0 keyguardOn=false mHomePressed=false canceled=false
06-27 22:00:48.219  1130  1141 W art     : Suspending all threads took: 10.469ms
06-27 22:00:48.243  1130  1141 I art     : Background partial concurrent mark sweep GC freed 14195(1009KB) AllocSpace objects, 11(220KB) LOS objects, 39% free, 6MB/10MB, paused 20.909ms total 172.259ms
06-27 22:00:48.268   410   511 I InputReader: 1--1-----KeyCode=20, scanCode=108
06-27 22:00:48.270   410   511 I InputReader: 1--22-----KeyCode=20, scanCode=108
06-27 22:00:48.270   410   511 I InputReader: KeyCode=20, scanCode=108
06-27 22:00:48.270   410   511 D WindowManager: interceptKeyTq keycode=20 interactive=true keyguardActive=false policyFlags=22000000
06-27 22:00:48.270   410   510 D WindowManager: interceptKeyTi keyCode=20 down=true repeatCount=0 keyguardOn=false mHomePressed=false canceled=false
06-27 22:00:48.285  1130  1497 I constellation: [reboot_checker] Reboot checker check status.
06-27 22:00:48.346  1130  1608 I CheckinCompat: Disabling old GoogleServicesFramework version
06-27 22:00:48.358   410   511 I InputReader: 1--1-----KeyCode=20, scanCode=108
06-27 22:00:48.360   410   511 D WindowManager: interceptKeyTq keycode=20 interactive=true keyguardActive=false policyFlags=22000000
06-27 22:00:48.362   410   510 D WindowManager: interceptKeyTi keyCode=20 down=false repeatCount=0 keyguardOn=false mHomePressed=false canceled=false
06-27 22:00:48.421   410   511 I InputReader: 1--1-----KeyCode=20, scanCode=108
06-27 22:00:48.424   410   511 I InputReader: 1--22-----KeyCode=20, scanCode=108
06-27 22:00:48.424   410   511 I InputReader: KeyCode=20, scanCode=108
06-27 22:00:48.425   410   511 D WindowManager: interceptKeyTq keycode=20 interactive=true keyguardActive=false policyFlags=22000000
06-27 22:00:48.425   410   510 D WindowManager: interceptKeyTi keyCode=20 down=true repeatCount=0 keyguardOn=false mHomePressed=false canceled=false
06-27 22:00:48.457  1130  1506 I Ads     : Parental control value is stale. Refreshing.
06-27 22:00:48.487   878  1162 W awmy    : Empty context buffer. Thus might mean that the context is not synced down.
06-27 22:00:48.487   878  1162 W awhk    : Empty context model while retrieving upload opt-in status!
06-27 22:00:48.504   410   954 I ActivityManager: Start proc 1613:com.android.vending/u0a14 for service com.android.vending/com.google.android.finsky.contentfilterui.ContentFiltersService
06-27 22:00:48.512   410   511 I InputReader: 1--1-----KeyCode=20, scanCode=108
06-27 22:00:48.514   410   511 D WindowManager: interceptKeyTq keycode=20 interactive=true keyguardActive=false policyFlags=22000000
06-27 22:00:48.515   410   510 D WindowManager: interceptKeyTi keyCode=20 down=false repeatCount=0 keyguardOn=false mHomePressed=false canceled=false
06-27 22:00:48.521  1130  1506 I Ads     : Initialized AdMob in container 17.7.85 (040400-253824076)
06-27 22:00:48.524  1130  1200 I Fido    : [FidoInitIntentOperation] Initializing Fido module, InitRuntimeState=2
06-27 22:00:48.547   410  1308 I ActivityManager: Start proc 1619:com.google.android.gms.unstable/u0a8 for service com.google.android.gms/.droidguard.DroidGuardService
06-27 22:00:48.619   410   511 I InputReader: 1--1-----KeyCode=20, scanCode=108
06-27 22:00:48.621   410   511 I InputReader: 1--22-----KeyCode=20, scanCode=108
06-27 22:00:48.621   410   511 I InputReader: KeyCode=20, scanCode=108
06-27 22:00:48.621   410   511 D WindowManager: interceptKeyTq keycode=20 interactive=true keyguardActive=false policyFlags=22000000
06-27 22:00:48.621   410   510 D WindowManager: interceptKeyTi keyCode=20 down=true repeatCount=0 keyguardOn=false mHomePressed=false canceled=false
06-27 22:00:48.650  1130  1576 W art     : Long monitor contention with owner SyncAdapterThread-1 (1317) at android.content.IContentProvider android.app.ActivityThread.acquireExistingProvider(android.content.Context, java.lang.String, int, boolean)(ActivityThread.java:5565) waiters=1 in android.content.IContentProvider android.app.ActivityThread.acquireExistingProvider(android.content.Context, java.lang.String, int, boolean) for 109ms
06-27 22:00:48.700  1130  1543 W art     : Long monitor contention with owner SyncAdapterThread-1 (1317) at android.content.IContentProvider android.app.ActivityThread.acquireExistingProvider(android.content.Context, java.lang.String, int, boolean)(ActivityThread.java:5565) waiters=0 in boolean android.app.ActivityThread.releaseProvider(android.content.IContentProvider, boolean) for 183ms
06-27 22:00:48.709   410   511 I InputReader: 1--1-----KeyCode=20, scanCode=108
06-27 22:00:48.710   410   511 D WindowManager: interceptKeyTq keycode=20 interactive=true keyguardActive=false policyFlags=22000000
06-27 22:00:48.710   410   510 D WindowManager: interceptKeyTi keyCode=20 down=false repeatCount=0 keyguardOn=false mHomePressed=false canceled=false
06-27 22:00:48.773   410   511 I InputReader: 1--1-----KeyCode=20, scanCode=108
06-27 22:00:48.774   410   511 I InputReader: 1--22-----KeyCode=20, scanCode=108
06-27 22:00:48.774   410   511 I InputReader: KeyCode=20, scanCode=108
06-27 22:00:48.775   410   511 D WindowManager: interceptKeyTq keycode=20 interactive=true keyguardActive=false policyFlags=22000000
06-27 22:00:48.775   410   510 D WindowManager: interceptKeyTi keyCode=20 down=true repeatCount=0 keyguardOn=false mHomePressed=false canceled=false
06-27 22:00:48.809  1130  1130 D lvjinhua:  Failed while trying resolve alarm filter file, not exists
06-27 22:00:48.829  1130  1130 I Checkin : [CheckinChimeraService] runCheckinOnNewThread
06-27 22:00:48.831  1130  1130 I Checkin : [CheckinChimeraService] Check queued to run. Is task waiting: false
06-27 22:00:48.862   410   511 I InputReader: 1--1-----KeyCode=20, scanCode=108
06-27 22:00:48.865   410   511 D WindowManager: interceptKeyTq keycode=20 interactive=true keyguardActive=false policyFlags=22000000
06-27 22:00:48.865   410   510 D WindowManager: interceptKeyTi keyCode=20 down=false repeatCount=0 keyguardOn=false mHomePressed=false canceled=false
06-27 22:00:48.931   410   511 I InputReader: 1--1-----KeyCode=20, scanCode=108
06-27 22:00:48.933   410   511 I InputReader: 1--22-----KeyCode=20, scanCode=108
06-27 22:00:48.933   410   511 I InputReader: KeyCode=20, scanCode=108
06-27 22:00:48.934   410   511 D WindowManager: interceptKeyTq keycode=20 interactive=true keyguardActive=false policyFlags=22000000
06-27 22:00:48.934   410   510 D WindowManager: interceptKeyTi keyCode=20 down=true repeatCount=0 keyguardOn=false mHomePressed=false canceled=false
06-27 22:00:48.950  1130  1130 I Checkin : [CheckinChimeraService] Run checkin on new thread return:1
06-27 22:00:48.957  1130  1463 I CheckinChimeraService: Starting Checkin Task: CheckinNowTaskTag Reason : 1 Force : false UserId: 0
06-27 22:00:49.022   410   511 I InputReader: 1--1-----KeyCode=20, scanCode=108
06-27 22:00:49.024   410   511 D WindowManager: interceptKeyTq keycode=20 interactive=true keyguardActive=false policyFlags=22000000
06-27 22:00:49.024   410   510 D WindowManager: interceptKeyTi keyCode=20 down=false repeatCount=0 keyguardOn=false mHomePressed=false canceled=false
06-27 22:00:49.047  1130  1477 W art     : Before Android 4.1, method double java.util.concurrent.ThreadLocalRandom.internalNextDouble(double, double) would have incorrectly overridden the package-private method in java.util.Random
06-27 22:00:49.047  1130  1477 W art     : Before Android 4.1, method int java.util.concurrent.ThreadLocalRandom.internalNextInt(int, int) would have incorrectly overridden the package-private method in java.util.Random
06-27 22:00:49.047  1130  1477 W art     : Before Android 4.1, method long java.util.concurrent.ThreadLocalRandom.internalNextLong(long, long) would have incorrectly overridden the package-private method in java.util.Random
06-27 22:00:49.092   410   511 I InputReader: 1--1-----KeyCode=20, scanCode=108
06-27 22:00:49.094   410   511 I InputReader: 1--22-----KeyCode=20, scanCode=108
06-27 22:00:49.094   410   511 I InputReader: KeyCode=20, scanCode=108
06-27 22:00:49.094   410   511 D WindowManager: interceptKeyTq keycode=20 interactive=true keyguardActive=false policyFlags=22000000
06-27 22:00:49.095   410   510 D WindowManager: interceptKeyTi keyCode=20 down=true repeatCount=0 keyguardOn=false mHomePressed=false canceled=false
06-27 22:00:49.106  1440  1451 W art     : Suspending all threads took: 109.380ms
06-27 22:00:49.120  1130  1497 I constellation: [reboot_checker] Reboot Sync didn't run.
06-27 22:00:49.121  1130  1497 I constellation: [intent_handler] on init with intent Intent { act=android.intent.action.BOOT_COMPLETED flg=0x9000010 cmp=com.google.android.gms/.chimera.GmsIntentOperationService (has extras) }
06-27 22:00:49.182   410   511 I InputReader: 1--1-----KeyCode=20, scanCode=108
06-27 22:00:49.183   410   511 D WindowManager: interceptKeyTq keycode=20 interactive=true keyguardActive=false policyFlags=22000000
06-27 22:00:49.183   410   510 D WindowManager: interceptKeyTi keyCode=20 down=false repeatCount=0 keyguardOn=false mHomePressed=false canceled=false
06-27 22:00:49.267   410   511 I InputReader: 1--1-----KeyCode=20, scanCode=108
06-27 22:00:49.268   410   511 I InputReader: 1--22-----KeyCode=20, scanCode=108
06-27 22:00:49.269   410   511 I InputReader: KeyCode=20, scanCode=108
06-27 22:00:49.269   410   511 D WindowManager: interceptKeyTq keycode=20 interactive=true keyguardActive=false policyFlags=22000000
06-27 22:00:49.269   410   510 D WindowManager: interceptKeyTi keyCode=20 down=true repeatCount=0 keyguardOn=false mHomePressed=false canceled=false
06-27 22:00:49.299  1130  1200 W ChimeraUtils: Non Chimera context
06-27 22:00:49.358   410   511 I InputReader: 1--1-----KeyCode=20, scanCode=108
06-27 22:00:49.360   410   511 D WindowManager: interceptKeyTq keycode=20 interactive=true keyguardActive=false policyFlags=22000000
06-27 22:00:49.361   410   510 D WindowManager: interceptKeyTi keyCode=20 down=false repeatCount=0 keyguardOn=false mHomePressed=false canceled=false
06-27 22:00:49.441  1130  1497 I Icing   : Using TV flags by method 2
06-27 22:00:49.446  1619  1619 W DynamiteModule: Local module descriptor class for providerinstaller not found.
06-27 22:00:49.479  1619  1619 W ProviderHelper: Unknown dynamite feature providerinstaller
06-27 22:00:49.510  1619  1619 I DynamiteModule: Considering local module providerinstaller:0 and remote module providerinstaller:0
06-27 22:00:49.511  1619  1619 W ProviderInstaller: Failed to load providerinstaller module: No acceptable module found. Local version is 0 and remote version is 0.
06-27 22:00:49.538  1619  1619 V NativeCrypto: Registering com/google/android/gms/org/conscrypt/NativeCrypto's 284 native methods...
06-27 22:00:49.602  1130  1317 W DriveInitializer: Awaiting to be initialized
06-27 22:00:49.612  1619  1619 D NetworkSecurityConfig: Using Network Security Config from resource network_security_config debugBuild: false
06-27 22:00:49.625  1619  1619 I ProviderInstaller: Installed default security provider GmsCore_OpenSSL
06-27 22:00:49.817  1619  1619 W Primes  : Primes not initialized, returning default (no-op) Primes instance which will ignore all calls. Please call Primes.initialize(...) before using any Primes API.
06-27 22:00:49.853   878   890 I art     : Background sticky concurrent mark sweep GC freed 34803(3MB) AllocSpace objects, 9(168KB) LOS objects, 34% free, 7MB/10MB, paused 3.871ms total 102.221ms
06-27 22:00:49.854   410   511 I InputReader: 1--1-----KeyCode=20, scanCode=108
06-27 22:00:49.855   410   511 I InputReader: 1--22-----KeyCode=20, scanCode=108
06-27 22:00:49.855   410   511 I InputReader: KeyCode=20, scanCode=108
06-27 22:00:49.856   410   511 D WindowManager: interceptKeyTq keycode=20 interactive=true keyguardActive=false policyFlags=22000000
06-27 22:00:49.856   410   510 D WindowManager: interceptKeyTi keyCode=20 down=true repeatCount=0 keyguardOn=false mHomePressed=false canceled=false
06-27 22:00:49.866  1130  1497 I MobileDataHub: Scheduling periodic tasks
06-27 22:00:49.945   410   511 I InputReader: 1--1-----KeyCode=20, scanCode=108
06-27 22:00:49.947   410   511 D WindowManager: interceptKeyTq keycode=20 interactive=true keyguardActive=false policyFlags=22000000
06-27 22:00:49.948   410   510 D WindowManager: interceptKeyTi keyCode=20 down=false repeatCount=0 keyguardOn=false mHomePressed=false canceled=false
06-27 22:00:50.108   878   878 I Fido    : [CableAuthenticatorChimeraService] Registering broadcast receiver.
06-27 22:00:50.151  1130  1463 I EventLogChimeraService: Accumulating logs since 1561661613292
06-27 22:00:50.245   878   894 E LockboxBrokerService: Could not connect to UDC
06-27 22:00:50.259   410   511 I InputReader: 1--1-----KeyCode=0, scanCode=232
06-27 22:00:50.260   410   511 I InputReader: 1--22-----KeyCode=23, scanCode=232
06-27 22:00:50.260   410   511 I InputReader: KeyCode=23, scanCode=232
06-27 22:00:50.260   410   511 D WindowManager: interceptKeyTq keycode=23 interactive=true keyguardActive=false policyFlags=22000000
06-27 22:00:50.260   410   510 D WindowManager: interceptKeyTi keyCode=23 down=true repeatCount=0 keyguardOn=false mHomePressed=false canceled=false
06-27 22:00:50.278  1419  1430 W art     : Suspending all threads took: 28.033ms
06-27 22:00:50.349   410   511 I InputReader: 1--1-----KeyCode=0, scanCode=232
06-27 22:00:50.350   410   511 D WindowManager: interceptKeyTq keycode=23 interactive=true keyguardActive=false policyFlags=22000000
06-27 22:00:50.351   410   510 D WindowManager: interceptKeyTi keyCode=23 down=false repeatCount=0 keyguardOn=false mHomePressed=false canceled=false
06-27 22:00:50.382  1130  1141 W art     : Suspending all threads took: 160.315ms
06-27 22:00:50.384  1419  1498 W iceDescriptorBinderImpl: Regular parsing failed: Can't parse device type string (namespace/type/version): urn:dial-multiscreen-org:service:dial:1
06-27 22:00:50.426  1508  1508 D UsbModeSelect: /data/otg.cfg not exist,but temp file exist
06-27 22:00:50.455  1130  1141 I art     : Background partial concurrent mark sweep GC freed 19411(1555KB) AllocSpace objects, 19(380KB) LOS objects, 39% free, 6MB/11MB, paused 166.805ms total 573.186ms
06-27 22:00:50.459  1508  1508 W Settings: Setting bugreport_in_power_menu has moved from android.provider.Settings.Secure to android.provider.Settings.Global.
06-27 22:00:50.475   153   491 D PermissionCache: checking android.permission.HARDWARE_TEST for uid=1000 => granted (1374 us)
06-27 22:00:50.693  1130  1497 I MagicTether: [HostValidator] InvalidHost. MobileData: false, Tethering: true, whitelist: false, ble: false
06-27 22:00:50.781  1419  1612 W art     : Long monitor contention with owner cling-19 (1563) at boolean org.fourthline.cling.registry.RegistryImpl.notifyDiscoveryStart(org.fourthline.cling.model.meta.RemoteDevice)(RegistryImpl.java:-1) waiters=13 in boolean org.fourthline.cling.registry.RegistryImpl.update(org.fourthline.cling.model.meta.RemoteDeviceIdentity) for 129ms
06-27 22:00:50.785  1419  1580 W art     : Long monitor contention with owner cling-19 (1563) at boolean org.fourthline.cling.registry.RegistryImpl.notifyDiscoveryStart(org.fourthline.cling.model.meta.RemoteDevice)(RegistryImpl.java:-1) waiters=8 in java.util.Collection org.fourthline.cling.registry.RegistryImpl.getLocalDevices() for 210ms
06-27 22:00:50.788  1419  1486 W art     : Long monitor contention with owner cling-19 (1563) at boolean org.fourthline.cling.registry.RegistryImpl.notifyDiscoveryStart(org.fourthline.cling.model.meta.RemoteDevice)(RegistryImpl.java:-1) waiters=4 in boolean org.fourthline.cling.registry.RegistryImpl.update(org.fourthline.cling.model.meta.RemoteDeviceIdentity) for 215ms
06-27 22:00:50.789  1419  1644 W art     : Long monitor contention with owner cling-19 (1563) at boolean org.fourthline.cling.registry.RegistryImpl.notifyDiscoveryStart(org.fourthline.cling.model.meta.RemoteDevice)(RegistryImpl.java:-1) waiters=12 in boolean org.fourthline.cling.registry.RegistryImpl.update(org.fourthline.cling.model.meta.RemoteDeviceIdentity) for 181ms
06-27 22:00:50.789  1419  1579 W art     : Long monitor contention with owner cling-19 (1563) at boolean org.fourthline.cling.registry.RegistryImpl.notifyDiscoveryStart(org.fourthline.cling.model.meta.RemoteDevice)(RegistryImpl.java:-1) waiters=1 in boolean org.fourthline.cling.registry.RegistryImpl.update(org.fourthline.cling.model.meta.RemoteDeviceIdentity) for 269ms
06-27 22:00:50.790  1419  1499 W art     : Long monitor contention with owner cling-19 (1563) at boolean org.fourthline.cling.registry.RegistryImpl.notifyDiscoveryStart(org.fourthline.cling.model.meta.RemoteDevice)(RegistryImpl.java:-1) waiters=0 in boolean org.fourthline.cling.registry.RegistryImpl.update(org.fourthline.cling.model.meta.RemoteDeviceIdentity) for 285ms
06-27 22:00:50.791  1419  1643 W art     : Long monitor contention with owner cling-19 (1563) at boolean org.fourthline.cling.registry.RegistryImpl.notifyDiscoveryStart(org.fourthline.cling.model.meta.RemoteDevice)(RegistryImpl.java:-1) waiters=10 in boolean org.fourthline.cling.registry.RegistryImpl.update(org.fourthline.cling.model.meta.RemoteDeviceIdentity) for 207ms
06-27 22:00:50.792  1419  1479 W art     : Long monitor contention with owner cling-19 (1563) at boolean org.fourthline.cling.registry.RegistryImpl.notifyDiscoveryStart(org.fourthline.cling.model.meta.RemoteDevice)(RegistryImpl.java:-1) waiters=6 in boolean org.fourthline.cling.registry.RegistryImpl.notifyDiscoveryStart(org.fourthline.cling.model.meta.RemoteDevice) for 214ms
06-27 22:00:50.793  1419  1588 W art     : Long monitor contention with owner cling-19 (1563) at boolean org.fourthline.cling.registry.RegistryImpl.notifyDiscoveryStart(org.fourthline.cling.model.meta.RemoteDevice)(RegistryImpl.java:-1) waiters=11 in boolean org.fourthline.cling.registry.RegistryImpl.update(org.fourthline.cling.model.meta.RemoteDeviceIdentity) for 202ms
06-27 22:00:50.798  1419  1498 W iceDescriptorBinderImpl: Removing leading garbage didn't work: Can't parse device type string (namespace/type/version): urn:dial-multiscreen-org:service:dial:1
06-27 22:00:50.836  1419  1498 W trieveRemoteDescriptors: Could not hydrate device or its services from descriptor: (RemoteDevice) Identity: (RemoteDeviceIdentity) UDN: uuid:b3ba70e0-c7c4-4f76-abd6-aedd12d4df47, Descriptor: http://192.168.1.10:1962/, Root: true
06-27 22:00:50.836  1419  1498 W trieveRemoteDescriptors: Cause was: org.fourthline.cling.model.types.InvalidValueException: Can't parse device type string (namespace/type/version): urn:dial-multiscreen-org:service:dial:1
06-27 22:00:50.841  1130  1543 I IcingInternalCorpora: EventIndexer: starting incremental update
06-27 22:00:50.842  1130  1543 I IcingInternalCorpora: EventIndexer: 0 added, 0 removed, 0 changed, 0 unchanged, 0 errors.
06-27 22:00:50.847  1130  1677 I ContentMaintenance: Internal cache bytes used: 0; limit: 100000000; download size: 0
06-27 22:00:50.869  1130  1543 I IcingInternalCorpora: EventIndexer: finished after 28 ms.
06-27 22:00:50.920  1130  1576 W native  : model-utils.cc:23 No CRC32, most likely an old model; skip CRC32 check
06-27 22:00:50.927  1130  1677 I RealtimeCacheCleanup: Beginning Realtime garbage collection.
06-27 22:00:50.984   410   511 I InputReader: 1--1-----KeyCode=20, scanCode=108
06-27 22:00:50.985   410   511 I InputReader: 1--22-----KeyCode=20, scanCode=108
06-27 22:00:50.985   410   511 I InputReader: KeyCode=20, scanCode=108
06-27 22:00:50.985   410   511 D WindowManager: interceptKeyTq keycode=20 interactive=true keyguardActive=false policyFlags=22000000
06-27 22:00:50.986   410   510 D WindowManager: interceptKeyTi keyCode=20 down=true repeatCount=0 keyguardOn=false mHomePressed=false canceled=false
06-27 22:00:51.062   878   878 W ChimeraUtils: Non Chimera context
06-27 22:00:51.096  1130  1686 I PinnedContentDownloader: Finished downloading pinned content.
06-27 22:00:51.113  1130  1576 I native  : model-api.cc:46 Registered model under key tmp-segmentation-model
06-27 22:00:51.169   410   511 I InputReader: 1--1-----KeyCode=20, scanCode=108
06-27 22:00:51.171   410   511 D WindowManager: interceptKeyTq keycode=20 interactive=true keyguardActive=false policyFlags=22000000
06-27 22:00:51.172   410   510 D WindowManager: interceptKeyTi keyCode=20 down=false repeatCount=0 keyguardOn=false mHomePressed=false canceled=false
06-27 22:00:51.222   410   511 I InputReader: 1--1-----KeyCode=20, scanCode=108
06-27 22:00:51.223   410   511 I InputReader: 1--22-----KeyCode=20, scanCode=108
06-27 22:00:51.223   410   511 I InputReader: KeyCode=20, scanCode=108
06-27 22:00:51.224   410   511 D WindowManager: interceptKeyTq keycode=20 interactive=true keyguardActive=false policyFlags=22000000
06-27 22:00:51.224   410   510 D WindowManager: interceptKeyTi keyCode=20 down=true repeatCount=0 keyguardOn=false mHomePressed=false canceled=false
06-27 22:00:51.312   410   511 I InputReader: 1--1-----KeyCode=20, scanCode=108
06-27 22:00:51.314   410   511 D WindowManager: interceptKeyTq keycode=20 interactive=true keyguardActive=false policyFlags=22000000
06-27 22:00:51.315   410   510 D WindowManager: interceptKeyTi keyCode=20 down=false repeatCount=0 keyguardOn=false mHomePressed=false canceled=false
06-27 22:00:51.331  1419  1430 W art     : Suspending all threads took: 85.767ms
06-27 22:00:51.345  1130  1463 I CheckinRequestProcessor: Gmscore running on device, checkin will use Gmscore context
06-27 22:00:51.382   410   511 I InputReader: 1--1-----KeyCode=20, scanCode=108
06-27 22:00:51.384   410   511 I InputReader: 1--22-----KeyCode=20, scanCode=108
06-27 22:00:51.384   410   511 I InputReader: KeyCode=20, scanCode=108
06-27 22:00:51.384   410   511 D WindowManager: interceptKeyTq keycode=20 interactive=true keyguardActive=false policyFlags=22000000
06-27 22:00:51.385   410   510 D WindowManager: interceptKeyTi keyCode=20 down=true repeatCount=0 keyguardOn=false mHomePressed=false canceled=false
06-27 22:00:51.450  1130  1463 I CheckinRequestBuilder: Checkin reason type: 1 attempt count: 1
06-27 22:00:51.472   410   511 I InputReader: 1--1-----KeyCode=20, scanCode=108
06-27 22:00:51.473   410   511 D WindowManager: interceptKeyTq keycode=20 interactive=true keyguardActive=false policyFlags=22000000
06-27 22:00:51.473   410   510 D WindowManager: interceptKeyTi keyCode=20 down=false repeatCount=0 keyguardOn=false mHomePressed=false canceled=false
06-27 22:00:51.477  1130  1677 I RealtimeCacheCleanup: Finished Realtime garbage collection.
06-27 22:00:51.535   878   890 W art     : Suspending all threads took: 20.137ms
06-27 22:00:51.558   878  1121 W GCoreFlp: No location to return for getLastLocation()
06-27 22:00:51.565   878  1124 E LockboxBrokerService: Could not connect to UDC
06-27 22:00:51.580   410   511 I InputReader: 1--1-----KeyCode=20, scanCode=108
06-27 22:00:51.580   410   511 I InputReader: 1--22-----KeyCode=20, scanCode=108
06-27 22:00:51.581   410   511 I InputReader: KeyCode=20, scanCode=108
06-27 22:00:51.581   410   511 D WindowManager: interceptKeyTq keycode=20 interactive=true keyguardActive=false policyFlags=22000000
06-27 22:00:51.581   410   510 D WindowManager: interceptKeyTi keyCode=20 down=true repeatCount=0 keyguardOn=false mHomePressed=false canceled=false
06-27 22:00:51.614   878   878 I ChimeraSrvcProxy: com.google.android.gms.chimera.PersistentBoundBrokerService returning NullBinder for action com.google.android.gms.ipa.mediastoreindexer.PERSISTENT_START
06-27 22:00:51.620   878   890 I art     : Background partial concurrent mark sweep GC freed 41973(3MB) AllocSpace objects, 14(300KB) LOS objects, 39% free, 7MB/12MB, paused 29.036ms total 432.285ms
06-27 22:00:51.642  1613  1704 I Finsky  : [29] nzt.a(41): Started reading experiment flags from file [SKocQA9EQQFTb-1gQsc5WsjVhGA].
06-27 22:00:51.672   410   511 I InputReader: 1--1-----KeyCode=20, scanCode=108
06-27 22:00:51.679   410   511 D WindowManager: interceptKeyTq keycode=20 interactive=true keyguardActive=false policyFlags=22000000
06-27 22:00:51.679   410   510 D WindowManager: interceptKeyTi keyCode=20 down=false repeatCount=0 keyguardOn=false mHomePressed=false canceled=false
06-27 22:00:51.690  1613  1704 I Finsky  : [29] nzt.a(42): Finished reading experiment flags from file [SKocQA9EQQFTb-1gQsc5WsjVhGA].
06-27 22:00:51.740   410   511 I InputReader: 1--1-----KeyCode=20, scanCode=108
06-27 22:00:51.741   410   511 I InputReader: 1--22-----KeyCode=20, scanCode=108
06-27 22:00:51.741   410   511 I InputReader: KeyCode=20, scanCode=108
06-27 22:00:51.741   410   511 D WindowManager: interceptKeyTq keycode=20 interactive=true keyguardActive=false policyFlags=22000000
06-27 22:00:51.741   410   510 D WindowManager: interceptKeyTi keyCode=20 down=true repeatCount=0 keyguardOn=false mHomePressed=false canceled=false
06-27 22:00:51.768  1613  1704 I Finsky  : [29] nzt.a(41): Started reading experiment flags from file [C998-Gi6f_UjQFYCyTEyUpsNKd8].
06-27 22:00:51.789   878   878 I ChimeraSrvcProxy: com.google.android.gms.chimera.PersistentBoundBrokerService returning NullBinder for action com.google.android.gms.ipa.smsindexer.PERSISTENT_START
06-27 22:00:51.810  1613  1704 I Finsky  : [29] nzt.a(42): Finished reading experiment flags from file [C998-Gi6f_UjQFYCyTEyUpsNKd8].
06-27 22:00:51.832   410   511 I InputReader: 1--1-----KeyCode=20, scanCode=108
06-27 22:00:51.833   410   511 D WindowManager: interceptKeyTq keycode=20 interactive=true keyguardActive=false policyFlags=22000000
06-27 22:00:51.834   410   510 D WindowManager: interceptKeyTi keyCode=20 down=false repeatCount=0 keyguardOn=false mHomePressed=false canceled=false
06-27 22:00:51.909  1613  1613 I Finsky  : [1] nzt.a(41): Started reading experiment flags from file [v6B-2IolLQRBwrwPhscSaeg04As].
06-27 22:00:51.932  1613  1613 I Finsky  : [1] nzt.a(42): Finished reading experiment flags from file [v6B-2IolLQRBwrwPhscSaeg04As].
06-27 22:00:51.938   410   511 I InputReader: 1--1-----KeyCode=20, scanCode=108
06-27 22:00:51.939   410   511 I InputReader: 1--22-----KeyCode=20, scanCode=108
06-27 22:00:51.939   410   511 I InputReader: KeyCode=20, scanCode=108
06-27 22:00:51.940   410   511 D WindowManager: interceptKeyTq keycode=20 interactive=true keyguardActive=false policyFlags=22000000
06-27 22:00:51.940   410   510 D WindowManager: interceptKeyTi keyCode=20 down=true repeatCount=0 keyguardOn=false mHomePressed=false canceled=false
06-27 22:00:51.970  1613  1640 W art     : Suspending all threads took: 13.374ms
06-27 22:00:51.999  1613  1640 I art     : Background sticky concurrent mark sweep GC freed 13376(1018KB) AllocSpace objects, 6(120KB) LOS objects, 33% free, 2MB/4MB, paused 35.161ms total 158.676ms
06-27 22:00:52.000   410   421 I art     : Background partial concurrent mark sweep GC freed 21047(1842KB) AllocSpace objects, 25(1236KB) LOS objects, 33% free, 7MB/11MB, paused 7.203ms total 243.540ms
06-27 22:00:52.025  1613  1613 I Finsky  : [1] qah.<init>(8): Resetting scheduler db
06-27 22:00:52.030   410   511 I InputReader: 1--1-----KeyCode=20, scanCode=108
06-27 22:00:52.032   410   511 D WindowManager: interceptKeyTq keycode=20 interactive=true keyguardActive=false policyFlags=22000000
06-27 22:00:52.033   410   510 D WindowManager: interceptKeyTi keyCode=20 down=false repeatCount=0 keyguardOn=false mHomePressed=false canceled=false
06-27 22:00:52.091   410   511 I InputReader: 1--1-----KeyCode=20, scanCode=108
06-27 22:00:52.092   410   511 I InputReader: 1--22-----KeyCode=20, scanCode=108
06-27 22:00:52.092   410   511 I InputReader: KeyCode=20, scanCode=108
06-27 22:00:52.095   410   511 D WindowManager: interceptKeyTq keycode=20 interactive=true keyguardActive=false policyFlags=22000000
06-27 22:00:52.095   410   510 D WindowManager: interceptKeyTi keyCode=20 down=true repeatCount=0 keyguardOn=false mHomePressed=false canceled=false
06-27 22:00:52.153  1130  1141 I art     : Background partial concurrent mark sweep GC freed 20539(1510KB) AllocSpace objects, 28(560KB) LOS objects, 40% free, 7MB/12MB, paused 12.493ms total 377.521ms
06-27 22:00:52.170  1613  1702 I Finsky  : [27] dgq.X(6): Not a unicorn account
06-27 22:00:52.170  1613  1714 W art     : Long monitor contention with owner BlockingExecutor #1 (1704) at boolean android.os.BinderProxy.transactNative(int, android.os.Parcel, android.os.Parcel, int)(Binder.java:-2) waiters=0 in void hhi.j() for 411ms
06-27 22:00:52.182   410   511 I InputReader: 1--1-----KeyCode=20, scanCode=108
06-27 22:00:52.184   410   511 D WindowManager: interceptKeyTq keycode=20 interactive=true keyguardActive=false policyFlags=22000000
06-27 22:00:52.184   410   510 D WindowManager: interceptKeyTi keyCode=20 down=false repeatCount=0 keyguardOn=false mHomePressed=false canceled=false
06-27 22:00:52.231  1613  1702 W PrimesInit: Primes instant initialization
06-27 22:00:52.232  1613  1734 W Primes  : background initialization
06-27 22:00:52.249  1130  1505 W art     : Long monitor contention with owner lowpool[5] (1677) at boolean android.app.ActivityThread.releaseProvider(android.content.IContentProvider, boolean)(ActivityThread.java:5599) waiters=1 in android.content.IContentProvider android.app.ActivityThread.acquireExistingProvider(android.content.Context, java.lang.String, int, boolean) for 224ms
06-27 22:00:52.261  1130  1726 W art     : Long monitor contention with owner lowpool[5] (1677) at boolean android.app.ActivityThread.releaseProvider(android.content.IContentProvider, boolean)(ActivityThread.java:5599) waiters=2 in android.content.IContentProvider android.app.ActivityThread.acquireExistingProvider(android.content.Context, java.lang.String, int, boolean) for 234ms
06-27 22:00:52.264  1613  1702 I Finsky  : [27] dgq.aR(9): Disable SystemUpdateActivity, because Android is lower than Q
06-27 22:00:52.271  1613  1702 I Finsky  : [27] dgq.aR(11): Set SystemUpdateActivity enabled state to 2
06-27 22:00:52.306  1130  1317 W art     : Long monitor contention with owner lowpool[5] (1677) at boolean android.app.ActivityThread.releaseProvider(android.content.IContentProvider, boolean)(ActivityThread.java:5599) waiters=3 in android.content.IContentProvider android.app.ActivityThread.acquireExistingProvider(android.content.Context, java.lang.String, int, boolean) for 159ms
06-27 22:00:52.321  1613  1701 I cr_CronetLibraryLoader: Cronet version: 76.0.3800.0, arch: armv8l
06-27 22:00:52.380   878  1122 W awmy    : Empty context buffer. Thus might mean that the context is not synced down.
06-27 22:00:52.380   878  1122 W awhk    : Empty context model while retrieving upload opt-in status!
06-27 22:00:52.403  1130  1606 I ChromeSync: [Sync,SyncAdapter] Successfully synced in 2284 milliseconds with request: qwu{account=<hide PII>, eventType=101, waitForInitialization=false, zipitVersionInfo=null}.
06-27 22:00:52.411   410   448 D ConnectivityService: listenForNetwork for uid/pid:10014/1613 NetworkRequest [ LISTEN id=5, [ Capabilities: INTERNET&NOT_RESTRICTED&TRUSTED] ]
06-27 22:00:52.413   410   531 D ConnectivityService: rematching NetworkAgentInfo [Ethernet () - 100]
06-27 22:00:52.413   410   531 D ConnectivityService:  network has: [ Transports: ETHERNET Capabilities: INTERNET&NOT_RESTRICTED&TRUSTED&NOT_VPN&VALIDATED&FOREGROUND LinkUpBandwidth>=100000Kbps LinkDnBandwidth>=100000Kbps]
06-27 22:00:52.413   410   531 D ConnectivityService: Network NetworkAgentInfo [Ethernet () - 100] was already satisfying request 1. No change.
06-27 22:00:52.413   410   531 D ConnectivityService: sending notification AVAILABLE for NetworkRequest [ LISTEN id=5, [ Capabilities: INTERNET&NOT_RESTRICTED&TRUSTED] ]
06-27 22:00:52.478  1613  1702 W Settings: Setting download_manager_max_bytes_over_mobile has moved from android.provider.Settings.Secure to android.provider.Settings.Global.
06-27 22:00:52.489  1613  1702 I Finsky  : [27] ncv.a(8): SettingNotFoundException, fall through to G.downloadBytesOverMobileMaximum
06-27 22:00:52.491  1613  1702 W Settings: Setting download_manager_recommended_max_bytes_over_mobile has moved from android.provider.Settings.Secure to android.provider.Settings.Global.
06-27 22:00:52.506  1613  1702 I Finsky  : [27] ncv.a(11): SettingNotFoundException, fall through to G.downloadBytesOverMobileRecommended
06-27 22:00:52.543   410  1618 I ActivityManager: Start proc 1748:com.google.android.gms.ui/u0a8 for service com.google.android.gms/.chimera.UiIntentOperationService
06-27 22:00:52.548   410   511 I InputReader: 1--1-----KeyCode=20, scanCode=108
06-27 22:00:52.550   410   511 I InputReader: 1--22-----KeyCode=20, scanCode=108
06-27 22:00:52.550   410   511 I InputReader: KeyCode=20, scanCode=108
06-27 22:00:52.559   410   511 D WindowManager: interceptKeyTq keycode=20 interactive=true keyguardActive=false policyFlags=22000000
06-27 22:00:52.560   410   510 D WindowManager: interceptKeyTi keyCode=20 down=true repeatCount=0 keyguardOn=false mHomePressed=false canceled=false
06-27 22:00:52.578  1130  1506 I MobileDataPlan: Periodic service false update false CPID management false [CONTEXT service_id=158 ]
06-27 22:00:52.601  1130  1506 W ChimeraUtils: Non Chimera context
06-27 22:00:52.618  1130  1477 E BluetoothAdapter: Bluetooth binder is null
06-27 22:00:52.619  1130  1477 E BluetoothAdapter: Bluetooth binder is null
06-27 22:00:52.619  1130  1506 I MobileDataPlan: Periodic service will not be started. [CONTEXT service_id=158 ]
06-27 22:00:52.640   410   511 I InputReader: 1--1-----KeyCode=20, scanCode=108
06-27 22:00:52.642   410   511 D WindowManager: interceptKeyTq keycode=20 interactive=true keyguardActive=false policyFlags=22000000
06-27 22:00:52.642   410   510 D WindowManager: interceptKeyTi keyCode=20 down=false repeatCount=0 keyguardOn=false mHomePressed=false canceled=false
06-27 22:00:52.667  1130  1506 I MobileDataPlan: Periodic Gcore Registration will not be started. [CONTEXT service_id=158 ]
06-27 22:00:52.684  1130  1506 I MobileDataPlan: Module is initialized with flag 10. [CONTEXT service_id=158 ]
06-27 22:00:52.751  1613  1734 I PrimesTesting: GserviceFlagsSupplier.get()
06-27 22:00:52.802  1613  1700 D lvjinhua:  Failed while trying resolve alarm filter file, not exists
06-27 22:00:52.820  1613  1702 I Finsky  : [27] vbv.d(1): Setup app restrictions monitor
06-27 22:00:52.876  1613  1702 I Finsky  : [27] vdo.a(5): Device wide unknown source restriction is changed.
06-27 22:00:52.879  1440  1451 W art     : Suspending all threads took: 48.930ms
