06-27 21:40:43.515   384   650 D ActivityManager: cleanUpApplicationRecord -- 1349
06-27 21:40:43.527   384  1713 D ActivityManager: cleanUpApplicationRecord -- 888
06-27 21:40:43.529   384   447 D ActivityManager: cleanUpApplicationRecord -- 1082
06-27 21:40:44.060   858   859 E sdcard  : opendir /mnt/media_rw/e14e8b4a-c6c3-4546-b069-dfbdf64d0b66/lost+found failed: Permission denied
06-27 21:40:44.063   858   859 E sdcard  : opendir /mnt/media_rw/e14e8b4a-c6c3-4546-b069-dfbdf64d0b66/lost+found failed: Permission denied
06-27 21:40:44.063  1171  1199 W MediaScanner: Error opening directory '/storage/e14e8b4a-c6c3-4546-b069-dfbdf64d0b66/lost+found/', skipping: Permission denied.
06-27 21:40:44.122  1171  1199 V MediaScanner: pruneDeadThumbnailFiles... android.content.ContentProviderClient$CursorWrapperInner@ead0d5
06-27 21:40:44.123  1171  1199 V MediaScanner: /pruneDeadThumbnailFiles... android.content.ContentProviderClient$CursorWrapperInner@ead0d5
06-27 21:40:45.218  1430  1430 I System.out: MediaStorePolicy, update media folder size. 
06-27 21:40:46.206  1284  1331 D RKUpdateService: request remote server error...
06-27 21:40:53.868  1171  1199 V MediaScanner: pruneDeadThumbnailFiles... android.content.ContentProviderClient$CursorWrapperInner@6098466
06-27 21:40:53.869  1171  1199 V MediaScanner: /pruneDeadThumbnailFiles... android.content.ContentProviderClient$CursorWrapperInner@6098466
06-27 21:40:54.087   858   859 E sdcard  : opendir /mnt/media_rw/e14e8b4a-c6c3-4546-b069-dfbdf64d0b66/lost+found failed: Permission denied
06-27 21:40:54.089   858   859 E sdcard  : opendir /mnt/media_rw/e14e8b4a-c6c3-4546-b069-dfbdf64d0b66/lost+found failed: Permission denied
06-27 21:40:54.089  1171  1199 W MediaScanner: Error opening directory '/storage/e14e8b4a-c6c3-4546-b069-dfbdf64d0b66/lost+found/', skipping: Permission denied.
06-27 21:40:54.095  1171  1199 V MediaScanner: pruneDeadThumbnailFiles... android.content.ContentProviderClient$CursorWrapperInner@548a3a7
06-27 21:40:54.095  1171  1199 V MediaScanner: /pruneDeadThumbnailFiles... android.content.ContentProviderClient$CursorWrapperInner@548a3a7
06-27 21:40:54.907  1171  1199 W MediaScanner: Error opening directory '/oem/media/', skipping: No such file or directory.
06-27 21:40:54.931  1430  1430 I System.out: MediaStorePolicy, update media folder size. 
06-27 21:40:54.965   384  1605 I ActivityManager: Killing 1652:com.android.tv.settings/1000 (adj 906): empty #4
06-27 21:40:55.012   384   984 D GraphicsStats: Buffer count: 2
06-27 21:40:55.013   384  1003 D ActivityManager: cleanUpApplicationRecord -- 1652
06-27 21:40:56.001  1430  1430 I System.out: MediaStorePolicy, update media folder size. 
06-27 21:40:58.388  1131  1131 I Checkin : [CheckinChimeraService] onStartCommand
06-27 21:40:58.389  1131  1131 I Checkin : [CheckinChimeraService] Gcm task onStartCommand return:2
06-27 21:40:58.509   903   903 W ChimeraUtils: Non Chimera context
06-27 21:40:58.597  1131  1540 I UdcContextInitChimeraSe: Registering with contextmanager
06-27 21:40:58.817   903  1200 I Auth    : [ReflectiveChannelBinder] Successfully bound channel!
06-27 21:40:58.868   903  1200 W Conscrypt: Could not set socket write timeout: java.net.SocketException: Socket closed
06-27 21:40:58.868   903  1200 W Conscrypt: 	at com.google.android.gms.org.conscrypt.Platform.setSocketWriteTimeout(:com.google.android.gms@17785019@17.7.85 (040400-253824076):2)
06-27 21:40:58.868   903  1200 W Conscrypt: 	at com.google.android.gms.org.conscrypt.ConscryptFileDescriptorSocket.setSoWriteTimeout(:com.google.android.gms@17785019@17.7.85 (040400-253824076):2)
06-27 21:40:58.901   903  1200 W Conscrypt: Could not set socket write timeout: java.net.SocketException: Socket closed
06-27 21:40:58.901   903  1200 W Conscrypt: 	at com.google.android.gms.org.conscrypt.Platform.setSocketWriteTimeout(:com.google.android.gms@17785019@17.7.85 (040400-253824076):2)
06-27 21:40:58.901   903  1200 W Conscrypt: 	at com.google.android.gms.org.conscrypt.ConscryptFileDescriptorSocket.setSoWriteTimeout(:com.google.android.gms@17785019@17.7.85 (040400-253824076):2)
06-27 21:41:00.979   903  1527 W Conscrypt: Could not set socket write timeout: java.net.SocketException: Socket closed
06-27 21:41:00.979   903  1527 W Conscrypt: 	at com.google.android.gms.org.conscrypt.Platform.setSocketWriteTimeout(:com.google.android.gms@17785019@17.7.85 (040400-253824076):2)
06-27 21:41:00.979   903  1527 W Conscrypt: 	at com.google.android.gms.org.conscrypt.ConscryptFileDescriptorSocket.setSoWriteTimeout(:com.google.android.gms@17785019@17.7.85 (040400-253824076):2)
06-27 21:41:01.026   903  1527 W Conscrypt: Could not set socket write timeout: java.net.SocketException: Socket closed
06-27 21:41:01.026   903  1527 W Conscrypt: 	at com.google.android.gms.org.conscrypt.Platform.setSocketWriteTimeout(:com.google.android.gms@17785019@17.7.85 (040400-253824076):2)
06-27 21:41:01.027   903  1527 W Conscrypt: 	at com.google.android.gms.org.conscrypt.ConscryptFileDescriptorSocket.setSoWriteTimeout(:com.google.android.gms@17785019@17.7.85 (040400-253824076):2)
06-27 21:41:04.726   858   859 E sdcard  : opendir /mnt/media_rw/e14e8b4a-c6c3-4546-b069-dfbdf64d0b66/lost+found failed: Permission denied
06-27 21:41:04.728   858   859 E sdcard  : opendir /mnt/media_rw/e14e8b4a-c6c3-4546-b069-dfbdf64d0b66/lost+found failed: Permission denied
06-27 21:41:04.729  1171  1199 W MediaScanner: Error opening directory '/storage/e14e8b4a-c6c3-4546-b069-dfbdf64d0b66/lost+found/', skipping: Permission denied.
06-27 21:41:04.734  1171  1199 V MediaScanner: pruneDeadThumbnailFiles... android.content.ContentProviderClient$CursorWrapperInner@7078dc0
06-27 21:41:04.735  1171  1199 V MediaScanner: /pruneDeadThumbnailFiles... android.content.ContentProviderClient$CursorWrapperInner@7078dc0
06-27 21:41:23.869   903  1200 W awmy    : Empty context buffer. Thus might mean that the context is not synced down.
06-27 21:41:23.869   903  1200 W awhk    : Empty context model while retrieving upload opt-in status!
06-27 21:41:29.502   384   384 I ActivityManager: Start proc 2013:com.android.vending/u0a14 for service com.android.vending/com.google.android.finsky.scheduler.JobSchedulerEngine$PhoneskyJobSchedulerJobService
06-27 21:41:29.726   903  1200 W awmy    : Empty context buffer. Thus might mean that the context is not synced down.
06-27 21:41:29.931   903   903 W ChimeraUtils: Non Chimera context
06-27 21:41:30.228  2013  2036 I Finsky  : [32] nzt.a(41): Started reading experiment flags from file [SKocQA9EQQFTb-1gQsc5WsjVhGA].
06-27 21:41:30.250  2013  2036 I Finsky  : [32] nzt.a(42): Finished reading experiment flags from file [SKocQA9EQQFTb-1gQsc5WsjVhGA].
06-27 21:41:30.274  2013  2036 I Finsky  : [32] nzt.a(41): Started reading experiment flags from file [C998-Gi6f_UjQFYCyTEyUpsNKd8].
06-27 21:41:30.282  2013  2036 I Finsky  : [32] nzt.a(42): Finished reading experiment flags from file [C998-Gi6f_UjQFYCyTEyUpsNKd8].
06-27 21:41:30.323  2013  2013 I Finsky  : [1] nzt.a(41): Started reading experiment flags from file [v6B-2IolLQRBwrwPhscSaeg04As].
06-27 21:41:30.336  2013  2013 I Finsky  : [1] nzt.a(42): Finished reading experiment flags from file [v6B-2IolLQRBwrwPhscSaeg04As].
06-27 21:41:30.363  2013  2013 I Finsky  : [1] qah.<init>(8): Resetting scheduler db
06-27 21:41:30.406  2013  2034 I Finsky  : [30] dgq.X(6): Not a unicorn account
06-27 21:41:30.471  2013  2035 I cr_CronetLibraryLoader: Cronet version: 76.0.3800.0, arch: armv8l
06-27 21:41:30.641  2013  2033 W PrimesInit: Primes instant initialization
06-27 21:41:30.645  2013  2057 W Primes  : background initialization
06-27 21:41:30.647   384  1003 D ConnectivityService: listenForNetwork for uid/pid:10014/2013 NetworkRequest [ LISTEN id=6, [ Capabilities: INTERNET&NOT_RESTRICTED&TRUSTED] ]
06-27 21:41:30.649   384   531 D ConnectivityService: rematching NetworkAgentInfo [Ethernet () - 100]
06-27 21:41:30.649   384   531 D ConnectivityService:  network has: [ Transports: ETHERNET Capabilities: INTERNET&NOT_RESTRICTED&TRUSTED&NOT_VPN&VALIDATED&FOREGROUND LinkUpBandwidth>=100000Kbps LinkDnBandwidth>=100000Kbps]
06-27 21:41:30.649   384   531 D ConnectivityService: Network NetworkAgentInfo [Ethernet () - 100] was already satisfying request 1. No change.
06-27 21:41:30.650   384   531 D ConnectivityService: sending notification AVAILABLE for NetworkRequest [ LISTEN id=6, [ Capabilities: INTERNET&NOT_RESTRICTED&TRUSTED] ]
06-27 21:41:30.655  2013  2033 I Finsky  : [29] dgq.aR(9): Disable SystemUpdateActivity, because Android is lower than Q
06-27 21:41:30.656  2013  2033 I Finsky  : [29] dgq.aR(11): Set SystemUpdateActivity enabled state to 2
06-27 21:41:30.675  2013  2057 I PrimesTesting: GserviceFlagsSupplier.get()
06-27 21:41:30.675  2013  2034 D lvjinhua:  Failed while trying resolve alarm filter file, not exists
06-27 21:41:30.713  2013  2033 W Settings: Setting download_manager_max_bytes_over_mobile has moved from android.provider.Settings.Secure to android.provider.Settings.Global.
06-27 21:41:30.717  2013  2033 I Finsky  : [29] ncv.a(8): SettingNotFoundException, fall through to G.downloadBytesOverMobileMaximum
06-27 21:41:30.718  2013  2033 W Settings: Setting download_manager_recommended_max_bytes_over_mobile has moved from android.provider.Settings.Secure to android.provider.Settings.Global.
06-27 21:41:30.720  2013  2033 I Finsky  : [29] ncv.a(11): SettingNotFoundException, fall through to G.downloadBytesOverMobileRecommended
06-27 21:41:30.792  2013  2033 I Finsky  : [29] vbv.d(1): Setup app restrictions monitor
06-27 21:41:30.798  2013  2033 I Finsky  : [29] vdo.a(5): Device wide unknown source restriction is changed.
06-27 21:41:30.882  2013  2035 I Finsky  : [31] cru.a(129): Opt out Play Pass user: home@romanr.info
06-27 21:41:30.958  1131  1540 I TelephonySpam: TelephonySpamChimeraService - Running Telephony Spam Chimera Service
06-27 21:41:30.960  1131  1540 I TelephonySpam: TelephonySpamChimeraService - Cleaning SIP Header local table of old entries
06-27 21:41:30.981  1131  1540 I TelephonySpam: TelephonySpamChimeraService - Syncing Call Spam List
06-27 21:41:30.982  1131  1540 I TelephonySpam: SpamListSync - SpamListSyncChimeraService.syncSpamList called with tag: telephonyspam.SpamListSyncOneOffTask, extras: Bundle[{SpamList Type=0, Action=1.0}]
06-27 21:41:31.022  1131  1540 I TelephonySpam: SpamListSync - Call spam module disabled. Skipping spam list syncing.
06-27 21:41:31.111  1131  1540 I TelephonySpam: TelephonySpamChimeraService - Running Telephony Spam Chimera Service
06-27 21:41:31.224  2013  2013 I Finsky  : [1] khj.a(41): Installer: Attempting to start installer
06-27 21:41:31.280  2013  2013 I Finsky  : [1] kgq.<init>(8): Not checking if recovering from paused session because experiment is off
06-27 21:41:31.302  2013  2013 I Finsky  : [1] com.google.android.finsky.scheduler.JobSchedulerEngine$PhoneskyJobSchedulerJobService.onStartJob(3): onJobSchedulerWakeup with jobId 9002
06-27 21:41:31.324  2013  2013 I Finsky  : [1] pyj.a(5): Scheduling fallback in 43199984 (absolute: 43300659)
06-27 21:41:31.332  2013  2013 I Finsky  : [1] pyj.a(5): Scheduling fallback in 64799993 (absolute: 64900676)
06-27 21:41:31.385  2013  2013 I Finsky  : [1] khj.a(263): Installer kick - no action, not running yet
06-27 21:41:31.390  2013  2039 I Finsky  : [35] mkj.a(13): Loaded library for account: [rGICDVw8vLQT9a_kAVxbdua02fY]
06-27 21:41:31.391  2013  2039 I Finsky  : [35] mkj.a(15): Finished loading 1 libraries.
06-27 21:41:31.401  2013  2013 I Finsky  : [1] khj.a(263): Installer kick - no action, not running yet
06-27 21:41:31.406  2013  2036 D NetworkSecurityConfig: No Network Security Config specified, using platform default
06-27 21:41:31.461   903  1997 W Conscrypt: Could not set socket write timeout: java.net.SocketException: Socket closed
06-27 21:41:31.462   903  1997 W Conscrypt: 	at com.google.android.gms.org.conscrypt.Platform.setSocketWriteTimeout(:com.google.android.gms@17785019@17.7.85 (040400-253824076):2)
06-27 21:41:31.462   903  1997 W Conscrypt: 	at com.google.android.gms.org.conscrypt.ConscryptFileDescriptorSocket.setSoWriteTimeout(:com.google.android.gms@17785019@17.7.85 (040400-253824076):2)
06-27 21:41:31.506  2013  2013 I Finsky  : [1] kjm.a(4): Installer: Installer starting, recovering 0 running downloads
06-27 21:41:31.507  2013  2049 I Finsky  : [45] kjz.run(2): Installer: Installer starting, cleaning up sessions.
06-27 21:41:31.560   903  1997 W Conscrypt: Could not set socket write timeout: java.net.SocketException: Socket closed
06-27 21:41:31.561   903  1997 W Conscrypt: 	at com.google.android.gms.org.conscrypt.Platform.setSocketWriteTimeout(:com.google.android.gms@17785019@17.7.85 (040400-253824076):2)
06-27 21:41:31.561   903  1997 W Conscrypt: 	at com.google.android.gms.org.conscrypt.ConscryptFileDescriptorSocket.setSoWriteTimeout(:com.google.android.gms@17785019@17.7.85 (040400-253824076):2)
06-27 21:41:31.623  2013  2049 I Finsky  : [45] kjz.run(10): Installer: Installer started.
06-27 21:41:31.624  2013  2013 I Finsky  : [1] rcz.a(35): Connecting InstallListener to SplitInstallService broadcaster...
06-27 21:41:31.636  2013  2013 I Finsky  : [1] pyt.handleMessage(10): DeviceState: DeviceState{currentTime=1561660891598, isCharging=true, isIdle=false, netAny=true, netNotRoaming=true, netUnmetered=true}
06-27 21:41:31.639  2013  2013 I Finsky  : [1] khj.a(267): Installer: found apps to install. apps=[]
06-27 21:41:31.669  2013  2044 I Finsky  : [40] qah.b(7): Jobs in database: 1-1337 24-77777777 26-1414141414 29-29 
06-27 21:41:31.686  2013  2013 I Finsky  : [1] pyt.handleMessage(84): RunningQueue size: 0, PendingQueue size: 0
06-27 21:41:31.687  2013  2013 I Finsky  : [1] pyt.handleMessage(88): Waiting on changed job store
06-27 21:41:32.175   903  1997 W Conscrypt: Could not set socket write timeout: java.net.SocketException: Socket closed
06-27 21:41:32.175   903  1997 W Conscrypt: 	at com.google.android.gms.org.conscrypt.Platform.setSocketWriteTimeout(:com.google.android.gms@17785019@17.7.85 (040400-253824076):2)
06-27 21:41:32.175   903  1997 W Conscrypt: 	at com.google.android.gms.org.conscrypt.ConscryptFileDescriptorSocket.setSoWriteTimeout(:com.google.android.gms@17785019@17.7.85 (040400-253824076):2)
06-27 21:41:32.211   903  1997 W Conscrypt: Could not set socket write timeout: java.net.SocketException: Socket closed
06-27 21:41:32.212   903  1997 W Conscrypt: 	at com.google.android.gms.org.conscrypt.Platform.setSocketWriteTimeout(:com.google.android.gms@17785019@17.7.85 (040400-253824076):2)
06-27 21:41:32.212   903  1997 W Conscrypt: 	at com.google.android.gms.org.conscrypt.ConscryptFileDescriptorSocket.setSoWriteTimeout(:com.google.android.gms@17785019@17.7.85 (040400-253824076):2)
06-27 21:41:36.158   903  1200 W awmy    : Empty context buffer. Thus might mean that the context is not synced down.
06-27 21:41:36.158   903  1200 W awhk    : Empty context model while retrieving upload opt-in status!
06-27 21:41:36.428  2013  2044 I Finsky  : [40] qah.b(7): Jobs in database: 1-1337 24-77777777 26-1414141414 29-29 
06-27 21:41:36.444  2013  2013 I Finsky  : [1] pyt.handleMessage(84): RunningQueue size: 0, PendingQueue size: 0
06-27 21:41:36.445  2013  2013 I Finsky  : [1] pyt.handleMessage(27): Executor finished
06-27 21:41:36.470  2013  2013 I Finsky  : [1] qah.b(7): Jobs in database: 1-1337 24-77777777 26-1414141414 29-29 
06-27 21:41:36.485  2013  2013 I Finsky  : [1] pxo.a(113): ConstraintMapping: 24-77777777,  -> L: 0ms, D: 82524042ms, C: false, I: true, N: 0
06-27 21:41:36.487  2013  2013 I Finsky  : [1] pxo.a(113): ConstraintMapping: 1-1337,  -> L: 35274741ms, D: 78474741ms, C: false, I: false, N: 1
06-27 21:41:36.489  2013  2013 I Finsky  : [1] pxo.a(113): ConstraintMapping: 29-29, 26-1414141414,  -> L: 23868ms, D: 53868ms, C: false, I: false, N: 0
06-27 21:41:36.492  2013  2013 I Finsky  : [1] com.google.android.finsky.scheduler.JobSchedulerEngine.a(42): Cancelling existing job with id: 9001
06-27 21:41:36.494  2013  2013 I Finsky  : [1] com.google.android.finsky.scheduler.JobSchedulerEngine.a(42): Cancelling existing job with id: 9000
06-27 21:41:36.498  2013  2013 I Finsky  : [1] com.google.android.finsky.scheduler.JobSchedulerEngine.a(14): Throttling wakeup for job 9003 (expected to run in 0 ms) due to recent wakeup
06-27 21:41:36.499  2013  2013 I Finsky  : [1] com.google.android.finsky.scheduler.JobSchedulerEngine.a(4): Scheduling job Id: 9003, L: 30000, D: 82524042, C: false, I: true, N: 0
06-27 21:41:36.502  2013  2013 I Finsky  : [1] com.google.android.finsky.scheduler.JobSchedulerEngine.a(4): Scheduling job Id: 9004, L: 35274741, D: 78474741, C: false, I: false, N: 1
06-27 21:41:36.504  2013  2013 I Finsky  : [1] com.google.android.finsky.scheduler.JobSchedulerEngine.a(14): Throttling wakeup for job 9005 (expected to run in 23868 ms) due to recent wakeup
06-27 21:41:36.505  2013  2013 I Finsky  : [1] com.google.android.finsky.scheduler.JobSchedulerEngine.a(4): Scheduling job Id: 9005, L: 30000, D: 53868, C: false, I: false, N: 0
06-27 21:41:40.463  2013  2054 E Finsky  : [47] fxd.a(25): Unable to build selector: /storage/emulated/0/Download/marketenvs.csv (No such file or directory)
06-27 21:41:40.483  2013  2088 I Finsky  : [75] oaa.b(1): Triggered update for experiment package com.google.android.finsky.stable.
06-27 21:41:40.492  2013  2055 I Finsky  : [48] dhd.run(3): Initializing the instant apps module.
06-27 21:41:40.496  2013  2039 I ShortcutBadger: Checking if platform supports badge counters, attempt 1/3.
06-27 21:41:40.511  2013  2039 I ShortcutBadger: Checking if platform supports badge counters, attempt 2/3.
06-27 21:41:40.521  2013  2039 I ShortcutBadger: Checking if platform supports badge counters, attempt 3/3.
06-27 21:41:40.529  2013  2039 W ShortcutBadger: Badge counter seems not supported in this platform: unable to resolve intent: Intent { act=android.intent.action.BADGE_COUNT_UPDATE (has extras) }
06-27 21:41:40.779  2013  2088 I Finsky  : [75] oaa.b(6): Already at the latest configurations for experiment package com.google.android.finsky.stable.
06-27 21:41:40.780  2013  2092 I Finsky  : [77] oaa.b(1): Triggered update for experiment package com.google.android.finsky.regular.
06-27 21:41:40.851  2013  2039 I Finsky  : [35] vxb.a(11): Do not start WearSupportService due to Wear service optimization
06-27 21:41:40.854  2013  2054 I Finsky  : [47] dgs.run(7): Component class com.google.android.finsky.wear.WearSupportService disabled via PackageManager.
06-27 21:41:40.866  2013  2054 I Finsky  : [47] dgs.run(7): Component class com.google.android.finsky.wear.WearChangeListenerService disabled via PackageManager.
06-27 21:41:40.881  2013  2047 I Finsky  : [43] vbv.f(3): Restoring notifications
06-27 21:41:40.956  2013  2047 I Finsky  : [43] vbv.f(8): Done restoring notifications
06-27 21:41:41.040  2013  2092 I Finsky  : [77] nzt.a(7): Writing flags config, size 1.
06-27 21:41:41.041  2013  2092 I Finsky  : [77] nzt.a(7): Started writing experiment flags into file [VDMGPZJe565PTIrhHtwZXsC_CBA].
06-27 21:41:41.062  2013  2092 I Finsky  : [77] nzt.a(26): Finished writing experiment flags into file [VDMGPZJe565PTIrhHtwZXsC_CBA].
06-27 21:41:41.072  2013  2092 I Finsky  : [77] oaa.b(19): Successfully applied new configurations for package com.google.android.finsky.regular.
06-27 21:41:41.073  2013  2049 W art     : Long monitor contention with owner AsyncTask #2 (2088) at abkw jqa.a(android.content.Context, crj, jqn)(SourceFile:1) waiters=1 in int oaa.b() for 538ms
06-27 21:41:41.073  2013  2049 I Finsky  : [45] oaa.b(1): Triggered update for experiment package com.google.android.finsky.regular.
06-27 21:41:41.213  2013  2049 I Finsky  : [45] oaa.b(6): Already at the latest configurations for experiment package com.google.android.finsky.regular.
06-27 21:41:41.350  2013  2018 I art     : Do partial code cache collection, code=13KB, data=21KB
06-27 21:41:41.350  2013  2018 I art     : After code cache collection, code=13KB, data=21KB
06-27 21:41:41.350  2013  2018 I art     : Increasing code cache capacity to 128KB
06-27 21:41:41.356  2013  2018 I art     : Compiler allocated 7MB to compile java.lang.Object adji.call()
06-27 21:41:41.715  2013  2013 I Finsky  : [1] qnw.run(4): Detected restoreservicev2://recovery not needed, will not run
06-27 21:42:06.501   384   502 W ActivityManager: Unable to start service Intent { act=com.google.android.gms.drive.ApiService.RESET_AFTER_BOOT flg=0x4 cmp=com.google.android.gms/.drive.api.ApiService (has extras) } U=0: not found
06-27 21:42:06.578  1131  1131 I Checkin : [CheckinChimeraService] onStartCommand
06-27 21:42:06.579  1131  1131 I Checkin : [CheckinChimeraService] Gcm task onStartCommand return:2
06-27 21:42:06.600  2013  2013 I Finsky  : [1] com.google.android.finsky.scheduler.JobSchedulerEngine$PhoneskyJobSchedulerJobService.onStartJob(3): onJobSchedulerWakeup with jobId 9005
06-27 21:42:06.612  2013  2013 I Finsky  : [1] pyj.a(5): Scheduling fallback in 43199994 (absolute: 43335958)
06-27 21:42:06.617  2013  2013 I Finsky  : [1] pyj.a(5): Scheduling fallback in 64799997 (absolute: 64935965)
06-27 21:42:06.658  2013  2013 I Finsky  : [1] pyt.handleMessage(10): DeviceState: DeviceState{currentTime=1561660926653, isCharging=true, isIdle=false, netAny=true, netNotRoaming=true, netUnmetered=true}
06-27 21:42:06.666  2013  2044 I Finsky  : [40] qah.b(7): Jobs in database: 1-1337 24-77777777 26-1414141414 29-29 
06-27 21:42:06.676  2013  2013 I Finsky  : [1] pym.a(22): Running job: 29-29
06-27 21:42:06.682  2013  2013 I Finsky  : [1] pyt.handleMessage(84): RunningQueue size: 1, PendingQueue size: 0
06-27 21:42:06.682  2013  2013 I Finsky  : [1] pyt.handleMessage(93): Running queue: 29-29 
06-27 21:42:06.692  2013  2119 I Finsky  : [95] urx.a(1): ProcessRecoveryLogsUtil: No files in recovery directory
06-27 21:42:06.692  2013  2119 I Finsky  : [95] qaa.a(9): jobFinished: 29-29. TimeElapsed: 16ms
06-27 21:42:06.694  2013  2013 I Finsky  : [1] pym.c(3): Job 29-29 finished
06-27 21:42:06.696  2013  2013 I Finsky  : [1] pyt.handleMessage(84): RunningQueue size: 0, PendingQueue size: 0
06-27 21:42:06.697  2013  2013 I Finsky  : [1] pyt.handleMessage(27): Executor finished
06-27 21:42:06.717  2013  2013 I Finsky  : [1] qah.b(7): Jobs in database: 1-1337 24-77777777 26-1414141414 
06-27 21:42:06.721  2013  2013 I Finsky  : [1] pxo.a(113): ConstraintMapping: 24-77777777,  -> L: 0ms, D: 82493800ms, C: false, I: true, N: 0
06-27 21:42:06.722  2013  2013 I Finsky  : [1] pxo.a(113): ConstraintMapping: 1-1337,  -> L: 35244494ms, D: 78444494ms, C: false, I: false, N: 1
06-27 21:42:06.724  2013  2013 I Finsky  : [1] pxo.a(113): ConstraintMapping: 26-1414141414,  -> L: 594366ms, D: 1494366ms, C: false, I: false, N: 0
06-27 21:42:06.725  2013  2013 I Finsky  : [1] com.google.android.finsky.scheduler.JobSchedulerEngine.a(42): Cancelling existing job with id: 9003
06-27 21:42:06.727  2013  2013 I Finsky  : [1] com.google.android.finsky.scheduler.JobSchedulerEngine.a(42): Cancelling existing job with id: 9004
06-27 21:42:06.730  2013  2013 I Finsky  : [1] com.google.android.finsky.scheduler.JobSchedulerEngine.a(14): Throttling wakeup for job 9000 (expected to run in 0 ms) due to recent wakeup
06-27 21:42:06.731  2013  2013 I Finsky  : [1] com.google.android.finsky.scheduler.JobSchedulerEngine.a(4): Scheduling job Id: 9000, L: 30000, D: 82493800, C: false, I: true, N: 0
06-27 21:42:06.734  2013  2013 I Finsky  : [1] com.google.android.finsky.scheduler.JobSchedulerEngine.a(4): Scheduling job Id: 9001, L: 35244494, D: 78444494, C: false, I: false, N: 1
06-27 21:42:06.736  2013  2013 I Finsky  : [1] com.google.android.finsky.scheduler.JobSchedulerEngine.a(4): Scheduling job Id: 9002, L: 594366, D: 1494366, C: false, I: false, N: 0
