01-01 03:00:13.424   856   856 I bootstat: Logging histogram: boot_complete 13
01-01 03:00:13.424   856   856 I bootstat: Logging histogram: factory_reset_record_value 174
01-01 03:00:13.424   856   856 I bootstat: Logging histogram: time_since_factory_reset -161
01-01 03:00:13.444   197   219 E OMXNodeInstance: getExtensionIndex(c50019:google.vp8.decoder, OMX.google.android.index.configureVideoTunnelMode) ERROR: UnsupportedIndex(0x8000101a)
01-01 03:00:13.444   197   701 W OMXNodeInstance: [c50019:google.vp8.decoder] component does not support metadata mode; using fallback
01-01 03:00:13.447   200   200 I MediaPlayerService: MediaPlayerService::getOMX
01-01 03:00:13.448   200   200 I OMXClient: MuxOMX ctor
01-01 03:00:13.448   197   829 I OMXMaster: makeComponentInstance(OMX.google.vp9.decoder) in mediacodec process
01-01 03:00:13.472   195   195 W cutils  : Expected path /data/data/com.google.android.gms with mode 700 but found 751
01-01 03:00:13.474   195   195 W cutils  : Expected path /data/data/com.google.android.gms with mode 700 but found 751
01-01 03:00:13.509   197   197 E OMXNodeInstance: getExtensionIndex(c5001a:google.vp9.decoder, OMX.google.android.index.configureVideoTunnelMode) ERROR: UnsupportedIndex(0x8000101a)
01-01 03:00:13.510   197   701 W OMXNodeInstance: [c5001a:google.vp9.decoder] component does not support metadata mode; using fallback
01-01 03:00:13.514   200   200 I MediaPlayerService: MediaPlayerService::getOMX
01-01 03:00:13.514   200   200 I OMXClient: MuxOMX ctor
01-01 03:00:13.514   197   219 I OMXMaster: makeComponentInstance(OMX.google.h263.encoder) in mediacodec process
01-01 03:00:13.582   197   219 I SoftMPEG4Encoder: Construct SoftMPEG4Encoder
01-01 03:00:13.585   200   200 W ACodec  : do not know color format 0x7f000789 = 2130708361
01-01 03:00:13.586   197   829 E OMXNodeInstance: getConfig(c5001b:google.h263.encoder, ConfigAndroidIntraRefresh(0x6f60000a)) ERROR: Undefined(0x80001001)
01-01 03:00:13.588   200   200 I MediaPlayerService: MediaPlayerService::getOMX
01-01 03:00:13.589   200   200 I OMXClient: MuxOMX ctor
01-01 03:00:13.589   197   197 I OMXMaster: makeComponentInstance(OMX.google.mpeg4.encoder) in mediacodec process
01-01 03:00:13.593   372   479 V PackageManager: reconcileAppsData finished 71 packages
01-01 03:00:13.594   372   447 W art     : Long monitor contention with owner ActivityManager (479) at void com.android.server.am.ActivityManagerService.finishBooting()(ActivityManagerService.java:7019) waiters=0 in com.android.server.am.ProcessRecord com.android.server.am.ActivityManagerService.findAppProcess(android.os.IBinder, java.lang.String) for 359ms
01-01 03:00:13.595   372   517 W art     : Long monitor contention with owner ActivityManager (479) at void com.android.server.am.ActivityManagerService.finishBooting()(ActivityManagerService.java:7019) waiters=1 in int com.android.server.am.ActivityManagerService.broadcastIntent(android.app.IApplicationThread, android.content.Intent, java.lang.String, android.content.IIntentReceiver, int, java.lang.String, android.os.Bundle, java.lang.String[], int, android.os.Bundle, boolean, boolean, int) for 317ms
01-01 03:00:13.596   372   372 W art     : Long monitor contention with owner ActivityManager (479) at void com.android.server.am.ActivityManagerService.finishBooting()(ActivityManagerService.java:7019) waiters=3 in void com.android.server.am.ActivityManagerService.updateLockTaskPackages(int, java.lang.String[]) for 312ms
01-01 03:00:13.596   372   478 W art     : Long monitor contention with owner ActivityManager (479) at void com.android.server.am.ActivityManagerService.finishBooting()(ActivityManagerService.java:7019) waiters=2 in int[] com.android.server.am.ActivityManagerService.getRunningUserIds() for 318ms
01-01 03:00:13.603   372   834 W art     : Long monitor contention with owner ActivityManager (479) at void com.android.server.am.ActivityManagerService.finishBooting()(ActivityManagerService.java:7019) waiters=4 in int com.android.server.am.ActivityManagerService.bindService(android.app.IApplicationThread, android.os.IBinder, android.content.Intent, java.lang.String, android.app.IServiceConnection, int, java.lang.String, int) for 309ms
01-01 03:00:13.618   372   834 I ActivityManager: Start proc 868:com.android.keychain/1000 for service com.android.keychain/.KeyChainService
01-01 03:00:13.619   372   517 W BroadcastQueue: Unable to launch app com.google.android.gms/10008 for broadcast Intent { act=android.location.PROVIDERS_CHANGED flg=0x10 }: process is bad
01-01 03:00:13.626   372   479 W BroadcastQueue: Unable to launch app com.google.android.gms/10008 for broadcast Intent { act=android.location.MODE_CHANGED flg=0x10 }: process is bad
01-01 03:00:13.626   372   479 D MountService: onUnlockUser 0
01-01 03:00:13.626   372   479 D VoldConnector: SND -> {7 volume user_started 0}
01-01 03:00:13.655   836   836 W System  : ClassLoader referenced unknown path: /system/priv-app/GoogleExtServices/lib/arm64
01-01 03:00:13.674   197   197 I SoftMPEG4Encoder: Construct SoftMPEG4Encoder
01-01 03:00:13.676   619   619 I Choreographer: Skipped 38 frames!  The application may be doing too much work on its main thread.
01-01 03:00:13.677   868   868 I art     : Starting a blocking GC AddRemoveAppImageSpace
01-01 03:00:13.678   868   868 W System  : ClassLoader referenced unknown path: /system/app/KeyChain/lib/arm64
01-01 03:00:13.681   200   200 W ACodec  : do not know color format 0x7f000789 = 2130708361
01-01 03:00:13.682   197   701 E OMXNodeInstance: getConfig(c5001c:google.mpeg4.encoder, ConfigAndroidIntraRefresh(0x6f60000a)) ERROR: Undefined(0x80001001)
01-01 03:00:13.687   200   200 I MediaPlayerService: MediaPlayerService::getOMX
01-01 03:00:13.688   200   200 I OMXClient: MuxOMX ctor
01-01 03:00:13.688   197   701 I OMXMaster: makeComponentInstance(OMX.google.vp8.encoder) in mediacodec process
01-01 03:00:13.736   372   446 I StatusBarManagerService: registerStatusBar bar=com.android.internal.statusbar.IStatusBar$Stub$Proxy@9b42841
01-01 03:00:13.777   200   200 W ACodec  : do not know color format 0x7f000789 = 2130708361
01-01 03:00:13.777   197   197 E OMXNodeInstance: getConfig(c5001d:google.vp8.encoder, ConfigAndroidIntraRefresh(0x6f60000a)) ERROR: Undefined(0x80001001)
01-01 03:00:13.781   200   200 I MediaPlayerService: MediaPlayerService::getOMX
01-01 03:00:13.781   200   200 I OMXClient: MuxOMX ctor
01-01 03:00:13.787   200   200 I MediaPlayerService: MediaPlayerService::getOMX
01-01 03:00:13.787   200   200 I OMXClient: MuxOMX ctor
01-01 03:00:13.788   200   200 W MediaCodecList: unable to open media codecs configuration xml file: /data/misc/media/media_codecs_profiling_results.xml
01-01 03:00:13.788   200   690 I MediaPlayerService: MediaPlayerService::getOMX
01-01 03:00:13.789   200   690 I OMXClient: MuxOMX ctor
01-01 03:00:13.789   200   690 I ACodec  : onAllocateComponent:6703 mSoftCodecPref:0 componentName:
01-01 03:00:13.789   200   690 I ACodec  : onAllocateComponent:6734 mSoftCodecPref:0 componentName:OMX.google.vorbis.decoder
01-01 03:00:13.790   197   829 I OMXMaster: makeComponentInstance(OMX.google.vorbis.decoder) in mediacodec process
01-01 03:00:13.790   200   264 I MediaPlayerService: MediaPlayerService::getOMX
01-01 03:00:13.790   200   200 I MediaPlayerService: MediaPlayerService::getOMX
01-01 03:00:13.792   619   748 I OMXClient: MuxOMX ctor
01-01 03:00:13.792   619   748 I ACodec  : onAllocateComponent:6703 mSoftCodecPref:0 componentName:
01-01 03:00:13.792   372   669 I OMXClient: MuxOMX ctor
01-01 03:00:13.792   372   669 I ACodec  : onAllocateComponent:6703 mSoftCodecPref:0 componentName:
01-01 03:00:13.793   372   669 I ACodec  : onAllocateComponent:6734 mSoftCodecPref:0 componentName:OMX.google.vorbis.decoder
01-01 03:00:13.794   619   748 I ACodec  : onAllocateComponent:6734 mSoftCodecPref:0 componentName:OMX.google.vorbis.decoder
01-01 03:00:13.845   197   701 I OMXMaster: makeComponentInstance(OMX.google.vorbis.decoder) in mediacodec process
01-01 03:00:13.846   197   197 I OMXMaster: makeComponentInstance(OMX.google.vorbis.decoder) in mediacodec process
01-01 03:00:13.847   197   895 E OMXNodeInstance: setConfig(c5001e:google.vorbis.decoder, ConfigPriority(0x6f800002)) ERROR: Undefined(0x80001001)
01-01 03:00:13.847   200   690 I ACodec  : codec does not support config priority (err -2147483648)
01-01 03:00:13.849   200   690 I MediaCodec: MediaCodec will operate in async mode
01-01 03:00:13.876   200   688 D AudioTrack: Client defaulted notificationFrames to 11264 for frameCount 22528
01-01 03:00:13.912   372   663 I MediaCodec: callingProcessName:system_server
01-01 03:00:13.914   200   200 I MediaPlayerService: MediaPlayerService::getOMX
01-01 03:00:13.915   372   902 I OMXClient: MuxOMX ctor
01-01 03:00:13.915   372   902 I ACodec  : onAllocateComponent:6703 mSoftCodecPref:0 componentName:
01-01 03:00:13.916   372   902 I ACodec  : onAllocateComponent:6734 mSoftCodecPref:0 componentName:OMX.google.vorbis.decoder
01-01 03:00:13.917   197   197 I OMXMaster: makeComponentInstance(OMX.google.vorbis.decoder) in mediacodec process
01-01 03:00:13.931   619   745 I MediaCodec: callingProcessName:com.android.systemui
01-01 03:00:13.937   200   200 I MediaPlayerService: MediaPlayerService::getOMX
01-01 03:00:13.938   619   905 I OMXClient: MuxOMX ctor
01-01 03:00:13.938   619   905 I ACodec  : onAllocateComponent:6703 mSoftCodecPref:0 componentName:
01-01 03:00:13.939   619   905 I ACodec  : onAllocateComponent:6734 mSoftCodecPref:0 componentName:OMX.google.vorbis.decoder
01-01 03:00:13.940   197   197 I OMXMaster: makeComponentInstance(OMX.google.vorbis.decoder) in mediacodec process
01-01 03:00:13.982   372   663 I MediaCodec: callingProcessName:system_server
01-01 03:00:13.983   200   672 I MediaPlayerService: MediaPlayerService::getOMX
01-01 03:00:13.985   372   909 I OMXClient: MuxOMX ctor
01-01 03:00:13.985   372   909 I ACodec  : onAllocateComponent:6703 mSoftCodecPref:0 componentName:
01-01 03:00:13.987   372   909 I ACodec  : onAllocateComponent:6734 mSoftCodecPref:0 componentName:OMX.google.vorbis.decoder
01-01 03:00:13.988   197   197 I OMXMaster: makeComponentInstance(OMX.google.vorbis.decoder) in mediacodec process
01-01 03:00:14.003   619   745 I MediaCodec: callingProcessName:com.android.systemui
01-01 03:00:14.005   200   672 I MediaPlayerService: MediaPlayerService::getOMX
01-01 03:00:14.006   619   912 I OMXClient: MuxOMX ctor
01-01 03:00:14.007   619   912 I ACodec  : onAllocateComponent:6703 mSoftCodecPref:0 componentName:
01-01 03:00:14.008   619   912 I ACodec  : onAllocateComponent:6734 mSoftCodecPref:0 componentName:OMX.google.vorbis.decoder
01-01 03:00:14.008   197   895 I OMXMaster: makeComponentInstance(OMX.google.vorbis.decoder) in mediacodec process
01-01 03:00:14.039   192   238 D AudioHardwareTiny: out_set_parameters: kvpairs = routing=1024
01-01 03:00:14.040   192   192 I AudioOut_D: type=1400 audit(0.0:45): avc: denied { read } for name="audioinfo" dev="sysfs" ino=10339 scontext=u:r:audioserver:s0 tcontext=u:object_r:sysfs_hdmi:s0 tclass=file permissive=1
01-01 03:00:14.040   192   192 I AudioOut_D: type=1400 audit(0.0:46): avc: denied { open } for path="/sys/devices/virtual/display/HDMI/audioinfo" dev="sysfs" ino=10339 scontext=u:r:audioserver:s0 tcontext=u:object_r:sysfs_hdmi:s0 tclass=file permissive=1
01-01 03:00:14.040   192   192 I AudioOut_D: type=1400 audit(0.0:47): avc: denied { getattr } for path="/sys/devices/virtual/display/HDMI/audioinfo" dev="sysfs" ino=10339 scontext=u:r:audioserver:s0 tcontext=u:object_r:sysfs_hdmi:s0 tclass=file permissive=1
01-01 03:00:14.040   192   238 E AudioFlinger: no wake lock to update, but system ready!
01-01 03:00:14.040   200   681 D NuPlayerDriver: notifyListener_l(0xeab20a80), (6, 0, 0), loop setting(0, 0)
01-01 03:00:14.040   192   238 D AudioHardwareTiny: start_output_stream
01-01 03:00:14.041   192   238 D AudioHardwareTiny: Device     : 0x402
01-01 03:00:14.041   192   238 D AudioHardwareTiny: SampleRate : 44100
01-01 03:00:14.041   192   238 D AudioHardwareTiny: Channels   : 2
01-01 03:00:14.041   192   238 D AudioHardwareTiny: Formate    : 0
01-01 03:00:14.041   192   238 D AudioHardwareTiny: PreiodSize : 512
01-01 03:00:14.041   192   238 D alsa_route: route_info->sound_card 0, route_info->devices 0  
01-01 03:00:14.041   192   238 D alsa_route: route_set_controls() set route 24
01-01 03:00:14.087   372   663 I MediaCodec: callingProcessName:system_server
01-01 03:00:14.088   200   264 I MediaPlayerService: MediaPlayerService::getOMX
01-01 03:00:14.089   372   915 I OMXClient: MuxOMX ctor
01-01 03:00:14.089   372   915 I ACodec  : onAllocateComponent:6703 mSoftCodecPref:0 componentName:
01-01 03:00:14.090   372   915 I ACodec  : onAllocateComponent:6734 mSoftCodecPref:0 componentName:OMX.google.vorbis.decoder
01-01 03:00:14.090   197   197 I OMXMaster: makeComponentInstance(OMX.google.vorbis.decoder) in mediacodec process
01-01 03:00:14.137   372   663 I MediaCodec: callingProcessName:system_server
01-01 03:00:14.138   200   672 I MediaPlayerService: MediaPlayerService::getOMX
01-01 03:00:14.138   372   918 I OMXClient: MuxOMX ctor
01-01 03:00:14.138   372   918 I ACodec  : onAllocateComponent:6703 mSoftCodecPref:0 componentName:
01-01 03:00:14.139   372   918 I ACodec  : onAllocateComponent:6734 mSoftCodecPref:0 componentName:OMX.google.vorbis.decoder
01-01 03:00:14.140   197   197 I OMXMaster: makeComponentInstance(OMX.google.vorbis.decoder) in mediacodec process
01-01 03:00:14.141   372   487 W WindowManager: App freeze timeout expired.
01-01 03:00:14.191   372   663 I MediaCodec: callingProcessName:system_server
01-01 03:00:14.192   200   200 I MediaPlayerService: MediaPlayerService::getOMX
01-01 03:00:14.193   372   921 I OMXClient: MuxOMX ctor
01-01 03:00:14.193   372   921 I ACodec  : onAllocateComponent:6703 mSoftCodecPref:0 componentName:
01-01 03:00:14.194   372   921 I ACodec  : onAllocateComponent:6734 mSoftCodecPref:0 componentName:OMX.google.vorbis.decoder
01-01 03:00:14.195   197   197 I OMXMaster: makeComponentInstance(OMX.google.vorbis.decoder) in mediacodec process
01-01 03:00:14.209   372   480 W WindowManager: Keyguard drawn timeout. Setting mKeyguardDrawComplete
01-01 03:00:14.361   192   238 D AudioHardwareTiny: out_set_parameters: kvpairs = routing=1024
01-01 03:00:14.384   192   238 D AudioHardwareTiny: out_set_parameters: kvpairs = routing=1024
01-01 03:00:14.386   192   192 D AudioHardwareTiny: adev_set_parameters: kvpairs = A2dpSuspended=false
01-01 03:00:14.407   192   238 D AudioHardwareTiny: out_set_parameters: kvpairs = routing=1024
01-01 03:00:14.431   192   238 D AudioHardwareTiny: out_set_parameters: kvpairs = routing=1024
01-01 03:00:14.449   154   159 I e2fsck  : Pass 2: Checking directory structure
01-01 03:00:14.466   154   159 I e2fsck  : Pass 3: Checking directory connectivity
01-01 03:00:14.467   154   159 I e2fsck  : Pass 4: Checking reference counts
01-01 03:00:14.546   192   238 D AudioHardwareTiny: out_set_parameters: kvpairs = routing=1024
01-01 03:00:14.570   192   238 D AudioHardwareTiny: out_set_parameters: kvpairs = routing=1024
01-01 03:00:14.989   372   615 D EthernetNetworkFactory: eth0 carrier = 1
01-01 03:00:14.989   372   615 D EthernetNetworkFactory: updateInterface: eth0 link up
01-01 03:00:14.990   372   550 D EthernetNetworkFactory: onRequestNetwork: eth0 carrier = 1
01-01 03:00:14.990   372   550 D EthernetNetworkFactory: sendEthernetStateChangedBroadcast: curState = CONNECTING
01-01 03:00:14.991   372   924 D EthernetNetworkFactory: starting ipProvisioningThread(eth0): mNetworkInfo=[type: Ethernet[], state: UNKNOWN/IDLE, reason: (unspecified), extra: b2:db:08:28:f0:d0, failover: false, available: true, roaming: false, metered: false]
01-01 03:00:14.991   372   924 D EthernetNetworkFactory: config DHCP
01-01 03:00:14.995   201   475 D CommandListener: Clearing all IP addresses on eth0
01-01 03:00:14.997   372   925 D IpManager.eth0: newLp{{InterfaceName: eth0 LinkAddresses: []  Routes: [] DnsAddresses: [] Domains: null MTU: 0 TcpBufferSizes: 524288,1048576,3145728,524288,1048576,2097152}}
01-01 03:00:14.998   372   925 D IpManager.eth0: CMD_UPDATE_TCP_BUFFER_SIZES eth0/2 0 0 524288,1048576,3145728,524288,1048576,2097152 [rcvd_in=StoppedState, proc_in=StoppedState]
01-01 03:00:14.999   372   925 D IpManager.eth0: CMD_START eth0/2 0 0 ProvisioningConfiguration{mEnableIPv4: true, mEnableIPv6: true, mUsingIpReachabilityMonitor: true, mRequestedPreDhcpActionMs: 0, mStaticIpConfig: null, mApfCapabilities: null, mProvisioningTimeoutMs: 0} [rcvd_in=StoppedState, proc_in=StoppedState]
01-01 03:00:15.009   372   925 D IpManager.eth0: newLp{{InterfaceName: eth0 LinkAddresses: [fe80::b0db:8ff:fe28:f0d0/64,]  Routes: [fe80::/64 -> :: eth0,] DnsAddresses: [] Domains: null MTU: 0 TcpBufferSizes: 524288,1048576,3145728,524288,1048576,2097152}}
01-01 03:00:15.009   372   925 D IpManager.eth0: onLinkPropertiesChange()
01-01 03:00:15.009   372   925 D EthernetNetworkFactory: onLinkPropertiesChange: lp = {InterfaceName: eth0 LinkAddresses: [fe80::b0db:8ff:fe28:f0d0/64,]  Routes: [fe80::/64 -> :: eth0,] DnsAddresses: [] Domains: null MTU: 0 TcpBufferSizes: 524288,1048576,3145728,524288,1048576,2097152}
01-01 03:00:15.010   372   925 D IpManager.eth0: newLp{{InterfaceName: eth0 LinkAddresses: [fe80::b0db:8ff:fe28:f0d0/64,]  Routes: [fe80::/64 -> :: eth0,] DnsAddresses: [] Domains: null MTU: 0 TcpBufferSizes: 524288,1048576,3145728,524288,1048576,2097152}}
01-01 03:00:15.041   372   929 D DhcpClient: Receive thread started
01-01 03:00:15.041   372   925 D IpManager.eth0: CMD_PRE_DHCP_ACTION eth0/2 0 0 null [rcvd_in=RunningState, proc_in=RunningState]
01-01 03:00:15.042   372   925 D IpManager.eth0: EVENT_PRE_DHCP_ACTION_COMPLETE eth0/2 0 0 null [rcvd_in=RunningState, proc_in=RunningState]
01-01 03:00:15.043   372   927 D DhcpClient: Broadcasting DHCPDISCOVER
01-01 03:00:15.127   200   689 I NuPlayerDecoder: [audio] saw output EOS
01-01 03:00:15.509   200   681 D NuPlayerDriver: notifyListener_l(0xeab20a80), (2, 0, 0), loop setting(0, 0)
01-01 03:00:15.539   192   238 E AudioFlinger: no wake lock to update, but system ready!
01-01 03:00:16.011   372   925 D IpManager.eth0: newLp{{InterfaceName: eth0 LinkAddresses: [fe80::b0db:8ff:fe28:f0d0/64,]  Routes: [fe80::/64 -> :: eth0,] DnsAddresses: [] Domains: null MTU: 0 TcpBufferSizes: 524288,1048576,3145728,524288,1048576,2097152}}
01-01 03:00:16.777   154   159 I e2fsck  : Pass 5: Checking group summary information
01-01 03:00:17.096   372   929 D DhcpClient: Received packet: b2:db:08:28:f0:d0 OFFER, ip /192.168.1.200, mask /255.255.255.0, DNS servers: /192.168.1.1 , gateways [/192.168.1.1] lease time 86400, domain local.romanr.info
01-01 03:00:17.097   372   927 D DhcpClient: Got pending lease: IP address 192.168.1.200/24 Gateway 192.168.1.1  DNS servers: [ 192.168.1.1 ] Domains local.romanr.info DHCP server /192.168.1.1 Vendor info http://acs.mgts-spdop.ru:7547 lease 86400 seconds
01-01 03:00:17.099   372   927 D DhcpClient: Broadcasting DHCPREQUEST ciaddr=0.0.0.0 request=192.168.1.200 serverid=192.168.1.1
01-01 03:00:17.334   154   159 I e2fsck  : 
01-01 03:00:17.334   154   159 I e2fsck  : 512Gb_ext4: ***** FILE SYSTEM WAS MODIFIED *****
01-01 03:00:17.334   154   159 I e2fsck  : 512Gb_ext4: 18/30572544 files (0.0% non-contiguous), 1969478/122281728 blocks
01-01 03:00:17.531   154   159 I e2fsck  : e2fsck terminated by exit(1)
01-01 03:00:17.531   154   159 D vold    : public:8,1 passed filesystem check
01-01 03:00:17.688   154   159 V vold    : Waiting for FUSE to spin up...
01-01 03:00:17.700   192   192 I audioserver: type=1400 audit(0.0:48): avc: denied { read } for scontext=u:r:audioserver:s0 tcontext=u:r:audioserver:s0 tclass=netlink_kobject_uevent_socket permissive=1
01-01 03:00:17.700   938   938 W sdcard  : Device explicitly disabled sdcardfs
01-01 03:00:17.739   372   513 D VoldConnector: RCV <- {651 public:8,1 2}
01-01 03:00:17.740   372   513 D VoldConnector: RCV <- {200 6 Command succeeded}
01-01 03:00:17.740   372   512 E VoldConnector: NDC Command {6 volume mount public:8,1 2 0} took too long (5492ms)
01-01 03:00:17.741   154   159 D vold    : Linking /storage/emulated/0 to /mnt/user/0/primary
01-01 03:00:17.742   372   513 D VoldConnector: RCV <- {200 7 Command succeeded}
01-01 03:00:17.742   372   479 E VoldConnector: NDC Command {7 volume user_started 0} took too long (4116ms)
01-01 03:00:17.793   619   619 D StorageNotification: Notifying about public volume: VolumeInfo{public:8,1}:
01-01 03:00:17.793   619   619 D StorageNotification:     type=PUBLIC diskId=disk:8,0 partGuid=null mountFlags=VISIBLE mountUserId=0 
01-01 03:00:17.793   619   619 D StorageNotification:     state=MOUNTED 
01-01 03:00:17.793   619   619 D StorageNotification:     fsType=ext4 fsUuid=e14e8b4a-c6c3-4546-b069-dfbdf64d0b66 fsLabel=512Gb ext4 
01-01 03:00:17.793   619   619 D StorageNotification:     path=/storage/e14e8b4a-c6c3-4546-b069-dfbdf64d0b66 
01-01 03:00:17.793   619   619 D StorageNotification:     internalPath=/mnt/media_rw/e14e8b4a-c6c3-4546-b069-dfbdf64d0b66 
01-01 03:00:17.794   372   512 D MountService: Volume emulated broadcasting mounted to UserHandle{0}
01-01 03:00:17.795   372   512 D MountService: Volume public:8,1 broadcasting mounted to UserHandle{0}
01-01 03:00:17.844   372   478 W Searchables: No global search activity found
01-01 03:00:17.875   372   479 I BackupManagerService: Package com.icecoldapps.ftpserverultimatepro not installed; dropping from full backup
01-01 03:00:17.875   372   479 I BackupManagerService: Package com.ap.transmission.btc not installed; dropping from full backup
01-01 03:00:17.881   372   479 V BackupManagerService: Starting with transport com.google.android.gms/.backup.BackupTransportService
01-01 03:00:17.881   372   479 V BackupManagerService: Found transports: 2
01-01 03:00:17.900   372   942 V KeyValueBackupJob: Scheduling k/v pass in 249 minutes
01-01 03:00:17.901   372   479 I ActivityManager: Start proc 943:com.google.android.gms.persistent/u0a8 for service com.google.android.gms/.backup.BackupTransportService
01-01 03:00:17.904   372   479 I BackupManagerService: Backup enabled => true
01-01 03:00:17.905   372   372 V BackupManagerService: Connected to transport ComponentInfo{android/com.android.internal.backup.LocalTransportService}
01-01 03:00:17.905   372   372 V BackupManagerService: Registering transport android/com.android.internal.backup.LocalTransportService::android/com.android.internal.backup.LocalTransport = android.app.backup.BackupTransport$TransportImpl@f0a9273
01-01 03:00:17.917   372   479 W VoiceInteractionManagerService: no available voice interaction services found for user 0
01-01 03:00:17.917   372   479 W VoiceInteractionManagerService: no available voice recognition services found for user 0
01-01 03:00:17.918   372   479 I ActivityManager: Loading recents for user 0 into memory.
01-01 03:00:17.968   372   479 I ActivityManager: Start proc 965:com.example.changeled/1000 for added application com.example.changeled
01-01 03:00:17.984   372   479 I ActivityManager: Start proc 977:com.android.inputmethod.latin/u0a35 for added application com.android.inputmethod.latin
01-01 03:00:18.004   372   479 I ActivityManager: Start proc 990:com.cghs.stresstest/1000 for added application com.cghs.stresstest
01-01 03:00:18.011   372   479 D ActivityManager: Sending BOOT_COMPLETE user #0
01-01 03:00:18.034   372   854 I ActivityManager: Killing 868:com.android.keychain/1000 (adj 906): empty #4
01-01 03:00:18.038   372   521 D WIFI    : Registering NetworkFactory
01-01 03:00:18.039   372   529 D ConnectivityService: Got NetworkFactory Messenger for WIFI
01-01 03:00:18.039   372   529 D ConnectivityService: NetworkFactory connected
01-01 03:00:18.039   372   521 D WIFI_UT : Registering NetworkFactory
01-01 03:00:18.040   372   529 D ConnectivityService: Got NetworkFactory Messenger for WIFI_UT
01-01 03:00:18.040   372   529 D ConnectivityService: NetworkFactory connected
01-01 03:00:18.040   372   521 D WIFI    : got request NetworkRequest [ REQUEST id=1, [ Capabilities: INTERNET&NOT_RESTRICTED&TRUSTED&NOT_VPN] ] with score 0
01-01 03:00:18.042   372   521 D WIFI_UT : got request NetworkRequest [ REQUEST id=1, [ Capabilities: INTERNET&NOT_RESTRICTED&TRUSTED&NOT_VPN] ] with score 0
01-01 03:00:18.046   633   633 D FallbackHome: User unlocked and real home found; let's go!
01-01 03:00:18.052   151   151 E lowmemorykiller: Error writing /proc/868/oom_score_adj; errno=22
01-01 03:00:18.054   372   683 I ActivityManager: START u0 {act=android.intent.action.MAIN cat=[android.intent.category.HOME] flg=0x10000100 cmp=org.cosinus.launchertv/.Launcher} from uid 0 on display 0
01-01 03:00:18.081   372   683 I ActivityManager: Start proc 1018:org.cosinus.launchertv/u0a53 for activity org.cosinus.launchertv/.Launcher
01-01 03:00:18.105   372   447 D ActivityManager: cleanUpApplicationRecord -- 868
01-01 03:00:18.135  1018  1018 I art     : Starting a blocking GC AddRemoveAppImageSpace
01-01 03:00:18.136  1018  1018 W System  : ClassLoader referenced unknown path: /data/app/org.cosinus.launchertv-1/lib/arm64
01-01 03:00:18.197   990   990 W System  : ClassLoader referenced unknown path: /system/priv-app/StressTest/lib/arm64
01-01 03:00:18.201   965   965 I art     : Starting a blocking GC AddRemoveAppImageSpace
01-01 03:00:18.202   965   965 W System  : ClassLoader referenced unknown path: /system/priv-app/ChangeLedStatus/lib/arm64
01-01 03:00:18.246   372   372 I AccountManagerService: User 0 is unlocked - opening CE database
01-01 03:00:18.319  1018  1018 I [Gralloc]:  ion device open success! fd = 45
01-01 03:00:18.352  1018  1041 I mali_so : [File] : hardware/rockchip/driver/./src/base/arch/arch_011_udd/base_arch_main.c; [Line] : 565; [Func] : deal_with_version_affairs_rk_ext;
01-01 03:00:18.352  1018  1041 I mali_so : arm_release_ver of this mali_so is 'r7p0-00rel1', rk_so_ver is '1@2' for 3328h_android_7.1, built at '15:47:51', on 'Jun 28 2017'.
01-01 03:00:18.352  1018  1041 I mali_so : [File] : hardware/rockchip/driver/./src/base/arch/arch_011_udd/base_arch_main.c; [Line] : 578; [Func] : deal_with_version_affairs_rk_ext;
01-01 03:00:18.352  1018  1041 I mali_so : mali_ver_property has been set to 'r7p0-00rel1-5-1@2', to return.
01-01 03:00:18.355  1018  1041 I OpenGLRenderer: Initialized EGL, version 1.4
01-01 03:00:18.355  1018  1041 D OpenGLRenderer: Swap behavior 1
01-01 03:00:18.362   372   447 V InputMethodManagerService: Adding window token: android.os.Binder@777f1f0
01-01 03:00:18.413   372   487 D xzj     : ----Launcher drawn done,box or vr not keygurad----
01-01 03:00:18.413   372   487 D xzj     : ----launcher drawn done,exit bootanim----
01-01 03:00:18.414   372   487 I ActivityManager: Displayed org.cosinus.launchertv/.Launcher: +351ms
01-01 03:00:18.434   977   977 I LatinIME: Hardware accelerated drawing: true
01-01 03:00:18.451   192   238 D alsa_route: route_set_controls() set route 24
01-01 03:00:18.451   192   238 D AudioHardwareTiny: close device
01-01 03:00:18.500   372   372 I FusedLocation: engine stopped (com.android.location.fused)
01-01 03:00:18.569   977   977 W InputAttributes: No editor info for this field. Bug?
01-01 03:00:18.570   977   977 W Vibrator: Failed to vibrate; no vibrator service.
01-01 03:00:18.576   977   977 I ResourceUtils: Found default value: resource=keypress_vibration_durations build=[HARDWARE=rk30board MODEL=RockBox-Basic BRAND=PopcornHour MANUFACTURER=rockchip] default=-1
01-01 03:00:18.576   977   977 I ResourceUtils: Found default value: resource=keypress_volumes build=[HARDWARE=rk30board MODEL=RockBox-Basic BRAND=PopcornHour MANUFACTURER=rockchip] default=-1.0f
01-01 03:00:18.590   977  1060 I LatinIME:LogUtils: Dictionary info: dictionary = userunigram.en_US.dict ; version = ? ; date = ?
01-01 03:00:18.598   372   446 I ActivityManager: Start proc 1061:android.process.acore/u0a3 for content provider com.android.providers.userdictionary/.UserDictionaryProvider
01-01 03:00:18.767  1061  1061 W System  : ClassLoader referenced unknown path: /system/app/UserDictionaryProvider/lib/arm64
01-01 03:00:18.836   943   943 W art     : Verification of void rps.attachBaseContext(android.content.Context) took 158.896ms
01-01 03:00:18.972  1061  1061 W System  : ClassLoader referenced unknown path: /system/priv-app/ContactsProvider/lib/arm64
01-01 03:00:18.974  1061  1061 D ApplicationLoaders: ignored Vulkan layer search path /system/priv-app/ContactsProvider/lib/arm64:/system/lib64:/vendor/lib64 for namespace 0x7f2efac0f0
01-01 03:00:19.040  1061  1061 I ContactsPerf: VoicemailContentProvider.onCreate start
01-01 03:00:19.045  1061  1061 I ContactsPerf: VoicemailContentProvider.onCreate finish
01-01 03:00:19.090   977  1059 I LatinIME:LogUtils: Dictionary info: dictionary = main:en ; version = 42 ; date = 1381226429
01-01 03:00:19.100   977  1081 I LatinIME:LogUtils: Dictionary info: dictionary = UserHistoryDictionary.en_US.dic ; version = ? ; date = 1561644016
01-01 03:00:19.107   977  1082 I LatinIME:LogUtils: Dictionary info: dictionary = personalization.en_US.dict ; version = ? ; date = 177
01-01 03:00:19.122   943   943 W art     : Verification of void rps.onCreate() took 285.306ms
01-01 03:00:19.124   977  1083 I LatinIME:LogUtils: Dictionary info: dictionary = PersonalizationPredictionDictio ; version = ? ; date = 1561222221
01-01 03:00:19.328   372   854 I ActivityManager: Start proc 1086:com.google.process.gapps/u0a8 for content provider com.google.android.gsf/.gservices.GservicesProvider
01-01 03:00:19.380  1086  1086 I art     : Starting a blocking GC AddRemoveAppImageSpace
01-01 03:00:19.381  1086  1086 W System  : ClassLoader referenced unknown path: /system/priv-app/GoogleServicesFramework/lib/arm64
01-01 03:00:19.407  1086  1086 I GservicesProvider: Gservices pushing to system: true; secure/global: true
01-01 03:00:19.487  1061  1078 I ContactLocale: AddressBook Labels [[en_US]]: [, A, B, C, D, E, F, G, H, I, J, K, L, M, N, O, P, Q, R, S, T, U, V, W, X, Y, Z, , , , , , , , , , , , , , , , , , , , , , , , , , , , , , , , , , , , , , , , , , , , , , , , , , , , , , , , , , , , , , , , , , , , , , , , , , , , , , , , , , , , , , , , , , , , , , , , , , , , , , , , , , , , , , , , , , , , , , , , , , , , , , , , , , , , , , , , , , , , , , , , , , , , , , , , , , , , , , , , , , , , , , , , , , , , , , , , , , , , , , , , , , , #, ]
01-01 03:00:19.524  1086  1086 I GoogleHttpClient: GMS http client unavailable, use old client
01-01 03:00:19.573  1061  1061 I ContactsProvide: type=1400 audit(0.0:49): avc: denied { read } for name="mm_stat" dev="sysfs" ino=11425 scontext=u:r:untrusted_app:s0:c512,c768 tcontext=u:object_r:sysfs_zram:s0 tclass=file permissive=1
01-01 03:00:19.573  1061  1061 I ContactsProvide: type=1400 audit(0.0:50): avc: denied { open } for path="/sys/devices/virtual/block/zram0/mm_stat" dev="sysfs" ino=11425 scontext=u:r:untrusted_app:s0:c512,c768 tcontext=u:object_r:sysfs_zram:s0 tclass=file permissive=1
01-01 03:00:19.573  1061  1061 I ContactsProvide: type=1400 audit(0.0:51): avc: denied { getattr } for path="/sys/devices/virtual/block/zram0/mm_stat" dev="sysfs" ino=11425 scontext=u:r:untrusted_app:s0:c512,c768 tcontext=u:object_r:sysfs_zram:s0 tclass=file permissive=1
01-01 03:00:19.842   943   943 W DynamiteModule: Local module descriptor class for providerinstaller not found.
01-01 03:00:19.923   943   943 W ProviderHelper: Unknown dynamite feature providerinstaller
01-01 03:00:19.932   943   943 I DynamiteModule: Considering local module providerinstaller:0 and remote module providerinstaller:0
01-01 03:00:19.933   943   943 W ProviderInstaller: Failed to load providerinstaller module: No acceptable module found. Local version is 0 and remote version is 0.
01-01 03:00:19.977   943   943 V NativeCrypto: Registering com/google/android/gms/org/conscrypt/NativeCrypto's 284 native methods...
01-01 03:00:20.091   943   943 D NetworkSecurityConfig: Using Network Security Config from resource network_security_config debugBuild: false
01-01 03:00:20.096   943   943 I ProviderInstaller: Installed default security provider GmsCore_OpenSSL
01-01 03:00:20.266   943   959 W art     : Suspending all threads took: 6.860ms
01-01 03:00:20.270   943   943 W Primes  : Primes not initialized, returning default (no-op) Primes instance which will ignore all calls. Please call Primes.initialize(...) before using any Primes API.
01-01 03:00:20.273   943   959 I art     : Background sticky concurrent mark sweep GC freed 9495(856KB) AllocSpace objects, 4(80KB) LOS objects, 23% free, 3MB/4MB, paused 8.926ms total 42.007ms
01-01 03:00:20.350   943   959 W art     : Suspending all threads took: 11.820ms
01-01 03:00:20.357   943   959 I art     : Background partial concurrent mark sweep GC freed 16792(1446KB) AllocSpace objects, 0(0B) LOS objects, 40% free, 3MB/5MB, paused 13.374ms total 44.354ms
01-01 03:00:20.460   943   943 I DynamiteModule: Considering local module com.google.android.gms.googlecertificates:4 and remote module com.google.android.gms.googlecertificates:4
01-01 03:00:20.460   943   943 I DynamiteModule: Selected local version of com.google.android.gms.googlecertificates
01-01 03:00:20.701   372   372 V BackupManagerService: Connected to transport ComponentInfo{com.google.android.gms/com.google.android.gms.backup.BackupTransportService}
01-01 03:00:20.702   372   372 V BackupManagerService: Registering transport com.google.android.gms/.backup.BackupTransportService::com.google.android.gms/.backup.BackupTransportService = com.android.internal.backup.IBackupTransport$Stub$Proxy@76dbc6b
01-01 03:00:20.718   372   540 I ActivityManager: Start proc 1121:com.google.android.gms/u0a8 for service com.google.android.gms/.chimera.GmsIntentOperationService
01-01 03:00:20.722   965   965 D Receiver_LPF: action = android.net.ethernet.ETHERNET_STATE_CHANGED
01-01 03:00:20.724   965   965 I Receiver_LPF: ethernetState:1
01-01 03:00:20.724   965   965 I Receiver_LPF: mNetWorkStatus:0
01-01 03:00:20.724   965   965 I Receiver_LPF: mScrrenStatus:0
01-01 03:00:20.725   372   854 W BroadcastQueue: Unable to launch app com.google.android.gms/10008 for broadcast Intent { act=android.intent.action.DROPBOX_ENTRY_ADDED flg=0x10 (has extras) }: process is bad
01-01 03:00:20.821   943   943 D lvjinhua:  Failed while trying resolve alarm filter file, not exists
01-01 03:00:21.022  1121  1121 W DynamiteModule: Local module descriptor class for providerinstaller not found.
01-01 03:00:21.033   943   943 D Backup  : [BackupScheduler] Setting backup scheduler enabled=false due to desired state 4
01-01 03:00:21.034   943   943 V Backup  : [BackupTransportCS] no backup now
01-01 03:00:21.034   943   943 V Backup  : [BackupTransportCS] Accounts changed
01-01 03:00:21.035  1121  1121 W ProviderHelper: Unknown dynamite feature providerinstaller
01-01 03:00:21.041  1121  1121 I DynamiteModule: Considering local module providerinstaller:0 and remote module providerinstaller:0
01-01 03:00:21.041  1121  1121 W ProviderInstaller: Failed to load providerinstaller module: No acceptable module found. Local version is 0 and remote version is 0.
01-01 03:00:21.049  1121  1121 V NativeCrypto: Registering com/google/android/gms/org/conscrypt/NativeCrypto's 284 native methods...
01-01 03:00:21.074   633   633 D NewStorageActivity: Disk ID disk:8,0 has usable volumes, waiting for mount
01-01 03:00:21.087  1121  1121 D NetworkSecurityConfig: Using Network Security Config from resource network_security_config debugBuild: false
01-01 03:00:21.091   372   854 I ActivityManager: Start proc 1149:com.android.externalstorage/u0a7 for broadcast com.android.externalstorage/.MountReceiver
01-01 03:00:21.092  1121  1121 I ProviderInstaller: Installed default security provider GmsCore_OpenSSL
01-01 03:00:21.136  1149  1149 I art     : Starting a blocking GC AddRemoveAppImageSpace
01-01 03:00:21.138  1149  1149 W System  : ClassLoader referenced unknown path: /system/priv-app/ExternalStorageProvider/lib/arm64
01-01 03:00:21.158   943   943 W ChreGmsCore: Unable to construct RealContextHub.
01-01 03:00:21.158   943   943 W ChreGmsCore: java.lang.IllegalStateException: No ContextHubs were found in the platform.
01-01 03:00:21.158   943   943 W ChreGmsCore: 	at bswy.<init>(:com.google.android.gms@17785019@17.7.85 (040400-253824076):8)
01-01 03:00:21.158   943   943 W ChreGmsCore: 	at bfue.a(:com.google.android.gms@17785019@17.7.85 (040400-253824076):15)
01-01 03:00:21.158   943   943 W ChreGmsCore: 	at bfqn.<init>(:com.google.android.gms@17785019@17.7.85 (040400-253824076):16)
01-01 03:00:21.158   943   943 W ChreGmsCore: 	at bfqz.<init>(:com.google.android.gms@17785019@17.7.85 (040400-253824076):2)
01-01 03:00:21.158   943   943 W ChreGmsCore: 	at bfqz.<init>(:com.google.android.gms@17785019@17.7.85 (040400-253824076):1)
01-01 03:00:21.158   943   943 W ChreGmsCore: 	at com.google.android.location.geofencer.service.GeofencerStateMachine.<init>(:com.google.android.gms@17785019@17.7.85 (040400-253824076):25)
01-01 03:00:21.158   943   943 W ChreGmsCore: 	at bfra.<init>(:com.google.android.gms@17785019@17.7.85 (040400-253824076):3)
01-01 03:00:21.158   943   943 W ChreGmsCore: 	at bfsq.<init>(:com.google.android.gms@17785019@17.7.85 (040400-253824076):1)
01-01 03:00:21.158   943   943 W ChreGmsCore: 	at com.google.android.location.internal.GoogleLocationManagerChimeraService.onCreate(:com.google.android.gms@17785019@17.7.85 (040400-253824076):6)
01-01 03:00:21.158   943   943 W ChreGmsCore: 	at egp.onCreate(:com.google.android.gms@17785019@17.7.85 (040400-253824076):1)
01-01 03:00:21.158   943   943 W ChreGmsCore: 	at qmj.onCreate(:com.google.android.gms@17785019@17.7.85 (040400-253824076):3)
01-01 03:00:21.158   943   943 W ChreGmsCore: 	at android.app.ActivityThread.handleCreateService(ActivityThread.java:3192)
01-01 03:00:21.158   943   943 W ChreGmsCore: 	at android.app.ActivityThread.-wrap5(ActivityThread.java)
01-01 03:00:21.158   943   943 W ChreGmsCore: 	at android.app.ActivityThread$H.handleMessage(ActivityThread.java:1568)
01-01 03:00:21.158   943   943 W ChreGmsCore: 	at android.os.Handler.dispatchMessage(Handler.java:102)
01-01 03:00:21.158   943   943 W ChreGmsCore: 	at android.os.Looper.loop(Looper.java:154)
01-01 03:00:21.158   943   943 W ChreGmsCore: 	at android.app.ActivityThread.main(ActivityThread.java:6121)
01-01 03:00:21.158   943   943 W ChreGmsCore: 	at java.lang.reflect.Method.invoke(Native Method)
01-01 03:00:21.158   943   943 W ChreGmsCore: 	at com.android.internal.os.ZygoteInit$MethodAndArgsCaller.run(ZygoteInit.java:905)
01-01 03:00:21.158   943   943 W ChreGmsCore: 	at com.android.internal.os.ZygoteInit.main(ZygoteInit.java:795)
01-01 03:00:21.169  1149  1149 D ExternalStorage: After updating volumes, found 3 active roots
01-01 03:00:21.171  1121  1121 W Primes  : Primes not initialized, returning default (no-op) Primes instance which will ignore all calls. Please call Primes.initialize(...) before using any Primes API.
01-01 03:00:21.190  1149  1149 D ExternalStorage: After updating volumes, found 3 active roots
01-01 03:00:21.203   372   854 I ActivityManager: Start proc 1170:android.process.media/u0a6 for broadcast com.android.providers.media/.MediaScannerReceiver
01-01 03:00:21.299  1170  1170 W System  : ClassLoader referenced unknown path: /system/priv-app/MediaProvider/lib/arm64
01-01 03:00:21.421  1170  1170 W System  : ClassLoader referenced unknown path: /system/priv-app/DownloadProvider/lib/arm64
01-01 03:00:21.423  1170  1170 D ApplicationLoaders: ignored Vulkan layer search path /system/priv-app/DownloadProvider/lib/arm64:/system/lib64:/vendor/lib64 for namespace 0x7f462e60f0
01-01 03:00:21.522   943   943 W Settings: Setting airplane_mode_on has moved from android.provider.Settings.System to android.provider.Settings.Global, returning read-only value.
01-01 03:00:21.630   943  1163 I GeofencerStateMachine: Network location disabled.
01-01 03:00:21.698  1121  1190 I GmsModuleFndr: Beginning GMS chimera module scan
01-01 03:00:21.728   943  1196 E BluetoothAdapter: Bluetooth binder is null
01-01 03:00:21.756   943  1196 D lvjinhua:  Failed while trying resolve alarm filter file, not exists
01-01 03:00:21.799  1170  1170 D MediaScannerReceiver: ----MediaScanner get volume mounted,start scan---
01-01 03:00:21.817   633   633 D NewStorageActivity: Scanning volume: VolumeInfo{public:8,1}:
01-01 03:00:21.817   633   633 D NewStorageActivity:     type=PUBLIC diskId=disk:8,0 partGuid=null mountFlags=VISIBLE mountUserId=0 
01-01 03:00:21.817   633   633 D NewStorageActivity:     state=MOUNTED 
01-01 03:00:21.817   633   633 D NewStorageActivity:     fsType=ext4 fsUuid=e14e8b4a-c6c3-4546-b069-dfbdf64d0b66 fsLabel=512Gb ext4 
01-01 03:00:21.817   633   633 D NewStorageActivity:     path=/storage/e14e8b4a-c6c3-4546-b069-dfbdf64d0b66 
01-01 03:00:21.817   633   633 D NewStorageActivity:     internalPath=/mnt/media_rw/e14e8b4a-c6c3-4546-b069-dfbdf64d0b66 
01-01 03:00:21.824  1170  1170 D lvjinhua:  Failed while trying resolve alarm filter file, not exists
01-01 03:00:21.826  1121  1190 I ModuleSetMgr: Computing pending module set with APKs: {file:///data/app/com.google.android.gms-2/base.apk, zapp:/AdsFdrDynamite.integ/20290000002}
01-01 03:00:21.869   990   990 E VRMountReceiver: ---------------- action = android.intent.action.MEDIA_MOUNTED
01-01 03:00:21.869   990   990 E VRMountReceiver: ------------- mount path = /storage/emulated/0
01-01 03:00:21.871   990   990 E VRMountReceiver: ---------------- pathUri is null 
01-01 03:00:21.930  1121  1190 I ModuleSetUtils: Assembling ModuleSetRecord for ads_fdr:202901,container:17785: [zapp:/AdsFdrDynamite.integ/20290000002]
01-01 03:00:21.931  1121  1190 I ModuleSetMgr: Pending container Zapp APKs: []
01-01 03:00:21.931  1121  1190 I ModuleSetMgr: Pending non-container Zapp APKs: [zapp:/AdsFdrDynamite.integ/20290000002]
01-01 03:00:22.096   943  1196 W Settings: Setting airplane_mode_on has moved from android.provider.Settings.System to android.provider.Settings.Global, returning read-only value.
01-01 03:00:22.100   372   927 D DhcpClient: Broadcasting DHCPREQUEST ciaddr=0.0.0.0 request=192.168.1.200 serverid=192.168.1.1
01-01 03:00:22.110   943  1196 W Settings: Setting airplane_mode_on has moved from android.provider.Settings.System to android.provider.Settings.Global, returning read-only value.
01-01 03:00:22.304  1121  1191 W DynamiteModule: Local module descriptor class for providerinstaller not found.
01-01 03:00:22.304  1121  1191 I DynamiteModule: Considering local module providerinstaller:0 and remote module providerinstaller:0
01-01 03:00:22.304  1121  1191 W ProviderInstaller: Failed to load providerinstaller module: No acceptable module found. Local version is 0 and remote version is 0.
01-01 03:00:22.350  1121  1220 D lvjinhua:  Failed while trying resolve alarm filter file, not exists
01-01 03:00:22.366   943   943 I rcs     : [RcsBindingManager] Checking if we should rebind to previous service. Attempt 0
01-01 03:00:22.366   943   943 I rcs     : [RcsBindingManager] No valid settings for binding.
01-01 03:00:22.381  1121  1191 I DynamiteModule: Considering local module com.google.android.gms.googlecertificates:4 and remote module com.google.android.gms.googlecertificates:4
01-01 03:00:22.382  1121  1191 I DynamiteModule: Selected local version of com.google.android.gms.googlecertificates
01-01 03:00:22.442   943   943 I NetworkScheduler: Using standalone scheduling engine
01-01 03:00:22.488  1121  1191 W DynamiteModule: Local module descriptor class for providerinstaller not found.
01-01 03:00:22.488  1121  1191 W ProviderHelper: Unknown dynamite feature providerinstaller
01-01 03:00:22.488  1121  1191 I DynamiteModule: Considering local module providerinstaller:0 and remote module providerinstaller:0
01-01 03:00:22.489  1121  1191 W ProviderInstaller: Failed to load providerinstaller module: No acceptable module found. Local version is 0 and remote version is 0.
01-01 03:00:22.536  1121  1191 W DynamiteModule: Local module descriptor class for providerinstaller not found.
01-01 03:00:22.537  1121  1191 I DynamiteModule: Considering local module providerinstaller:0 and remote module providerinstaller:0
01-01 03:00:22.537  1121  1191 W ProviderInstaller: Failed to load providerinstaller module: No acceptable module found. Local version is 0 and remote version is 0.
01-01 03:00:22.573  1121  1191 W DynamiteModule: Local module descriptor class for providerinstaller not found.
01-01 03:00:22.576  1121  1191 I DynamiteModule: Considering local module providerinstaller:0 and remote module providerinstaller:0
01-01 03:00:22.576  1121  1191 W ProviderInstaller: Failed to load providerinstaller module: No acceptable module found. Local version is 0 and remote version is 0.
01-01 03:00:22.594  1121  1191 W DynamiteModule: Local module descriptor class for providerinstaller not found.
01-01 03:00:22.594  1121  1191 I DynamiteModule: Considering local module providerinstaller:0 and remote module providerinstaller:0
01-01 03:00:22.595  1121  1191 W ProviderInstaller: Failed to load providerinstaller module: No acceptable module found. Local version is 0 and remote version is 0.
01-01 03:00:22.606  1121  1191 W DynamiteModule: Local module descriptor class for providerinstaller not found.
01-01 03:00:22.606  1121  1191 I DynamiteModule: Considering local module providerinstaller:0 and remote module providerinstaller:0
01-01 03:00:22.607  1121  1191 W ProviderInstaller: Failed to load providerinstaller module: No acceptable module found. Local version is 0 and remote version is 0.
01-01 03:00:22.618  1121  1191 W DynamiteModule: Local module descriptor class for providerinstaller not found.
01-01 03:00:22.619  1121  1191 I DynamiteModule: Considering local module providerinstaller:0 and remote module providerinstaller:0
01-01 03:00:22.619  1121  1191 W ProviderInstaller: Failed to load providerinstaller module: No acceptable module found. Local version is 0 and remote version is 0.
01-01 03:00:22.631  1121  1191 W DynamiteModule: Local module descriptor class for providerinstaller not found.
01-01 03:00:22.631  1121  1191 I DynamiteModule: Considering local module providerinstaller:0 and remote module providerinstaller:0
01-01 03:00:22.632  1121  1191 W ProviderInstaller: Failed to load providerinstaller module: No acceptable module found. Local version is 0 and remote version is 0.
01-01 03:00:22.645  1121  1191 W DynamiteModule: Local module descriptor class for providerinstaller not found.
01-01 03:00:22.646  1121  1191 I DynamiteModule: Considering local module providerinstaller:0 and remote module providerinstaller:0
01-01 03:00:22.646  1121  1191 W ProviderInstaller: Failed to load providerinstaller module: No acceptable module found. Local version is 0 and remote version is 0.
01-01 03:00:22.695   943  1229 E WakeLock: GCM_HB_ALARM release without a matched acquire!
01-01 03:00:22.695   943  1229 W WakeLock: GCM_HB_ALARM counter does not exist
01-01 03:00:22.697  1121  1191 I GmsModuleFndr: Beginning GMS chimera module scan
01-01 03:00:22.709  1121  1191 I ModuleSetMgr: Computing pending module set with APKs: {file:///data/app/com.google.android.gms-2/base.apk, zapp:/AdsFdrDynamite.integ/20290000002}
01-01 03:00:22.713  1121  1191 I ModuleSetUtils: Assembling ModuleSetRecord for ads_fdr:202901,container:17785: [zapp:/AdsFdrDynamite.integ/20290000002]
01-01 03:00:22.714  1121  1191 I ModuleSetMgr: Pending container Zapp APKs: []
01-01 03:00:22.714  1121  1191 I ModuleSetMgr: Pending non-container Zapp APKs: [zapp:/AdsFdrDynamite.integ/20290000002]
01-01 03:00:23.429   990   990 D RecoveryReceiver: RECOVERY_STATE_FILE_TF:/storage/e14e8b4a-c6c3-4546-b069-dfbdf64d0b66/Recovery_state
01-01 03:00:23.444   372   540 I ActivityManager: Start proc 1231:com.popcornhour.tvlauncher/u0a20 for broadcast com.popcornhour.tvlauncher/.receiver.USBStatusReceiver
01-01 03:00:23.575  1231  1231 I art     : Starting a blocking GC AddRemoveAppImageSpace
01-01 03:00:23.579  1231  1231 W System  : ClassLoader referenced unknown path: /system/priv-app/TVLauncher/lib/arm64
01-01 03:00:23.626   372   540 I ActivityManager: Start proc 1249:com.rockchip.devicetest/1000 for broadcast com.rockchip.devicetest/.BootReceiver
01-01 03:00:23.627   372   540 I ActivityManager: Killing 965:com.example.changeled/1000 (adj 906): empty #4
01-01 03:00:23.654   372   446 D ActivityManager: cleanUpApplicationRecord -- 965
01-01 03:00:23.671  1231  1248 D         : ----->com.android.chrome          <ThreadName= pool-1-thread-1,ThreadId= 83,JavaName= InstalledApp.java,LineNumber= 51,>
01-01 03:00:23.681  1249  1249 I art     : Starting a blocking GC AddRemoveAppImageSpace
01-01 03:00:23.686  1231  1248 D darientoh: AppsDao isExists: exist??? com.android.chrome / 1
01-01 03:00:23.701  1231  1248 D         : ----->com.android.vending          <ThreadName= pool-1-thread-1,ThreadId= 83,JavaName= InstalledApp.java,LineNumber= 51,>
01-01 03:00:23.703  1231  1248 D darientoh: AppsDao isExists: exist??? com.android.vending / 1
01-01 03:00:23.717  1231  1248 D         : ----->com.google.android.youtube.tv          <ThreadName= pool-1-thread-1,ThreadId= 83,JavaName= InstalledApp.java,LineNumber= 51,>
01-01 03:00:23.718  1231  1248 D darientoh: AppsDao isExists: exist??? com.google.android.youtube.tv / 1
01-01 03:00:23.727  1231  1248 D         : ----->com.rockchips.mediacenter          <ThreadName= pool-1-thread-1,ThreadId= 83,JavaName= InstalledApp.java,LineNumber= 51,>
01-01 03:00:23.728  1231  1248 D darientoh: AppsDao isExists: exist??? com.rockchips.mediacenter / 1
