06-27 22:00:58.380  1419  1828 W trieveRemoteDescriptors: Could not hydrate device or its services from descriptor: (RemoteDevice) Identity: (RemoteDeviceIdentity) UDN: uuid:b3ba70e0-c7c4-4f76-abd6-aedd12d4df47, Descriptor: http://192.168.1.10:1962/, Root: true
06-27 22:00:58.380  1419  1828 W trieveRemoteDescriptors: Cause was: org.fourthline.cling.model.types.InvalidValueException: Can't parse device type string (namespace/type/version): urn:dial-multiscreen-org:service:dial:1
06-27 22:00:58.471   410  1861 D ActivityManager: cleanUpApplicationRecord -- 1358
06-27 22:00:58.510  1130  1577 W Conscrypt: Could not set socket write timeout: java.net.SocketException: Socket closed
06-27 22:00:58.511  1130  1577 W Conscrypt: 	at com.google.android.gms.org.conscrypt.Platform.setSocketWriteTimeout(:com.google.android.gms@17785019@17.7.85 (040400-253824076):2)
06-27 22:00:58.511  1130  1577 W Conscrypt: 	at com.google.android.gms.org.conscrypt.ConscryptFileDescriptorSocket.setSoWriteTimeout(:com.google.android.gms@17785019@17.7.85 (040400-253824076):2)
06-27 22:00:58.576  1419  1612 W iceDescriptorBinderImpl: Regular parsing failed: Can't parse device type string (namespace/type/version): urn:dial-multiscreen-org:service:dial:1
06-27 22:00:58.590  1130  1565 W Conscrypt: Could not set socket write timeout: java.net.SocketException: Socket closed
06-27 22:00:58.590  1130  1565 W Conscrypt: 	at com.google.android.gms.org.conscrypt.Platform.setSocketWriteTimeout(:com.google.android.gms@17785019@17.7.85 (040400-253824076):2)
06-27 22:00:58.590  1130  1565 W Conscrypt: 	at com.google.android.gms.org.conscrypt.ConscryptFileDescriptorSocket.setSoWriteTimeout(:com.google.android.gms@17785019@17.7.85 (040400-253824076):2)
06-27 22:00:58.611  1130  1577 W Conscrypt: Could not set socket write timeout: java.net.SocketException: Socket closed
06-27 22:00:58.612  1130  1577 W Conscrypt: 	at com.google.android.gms.org.conscrypt.Platform.setSocketWriteTimeout(:com.google.android.gms@17785019@17.7.85 (040400-253824076):2)
06-27 22:00:58.612  1130  1577 W Conscrypt: 	at com.google.android.gms.org.conscrypt.ConscryptFileDescriptorSocket.setSoWriteTimeout(:com.google.android.gms@17785019@17.7.85 (040400-253824076):2)
06-27 22:00:58.624  1613  1640 W art     : Suspending all threads took: 519.815ms
06-27 22:00:58.629  1419  1430 W art     : Suspending all threads took: 5.761ms
06-27 22:00:58.640  1130  1565 W Conscrypt: Could not set socket write timeout: java.net.SocketException: Socket closed
06-27 22:00:58.640  1130  1565 W Conscrypt: 	at com.google.android.gms.org.conscrypt.Platform.setSocketWriteTimeout(:com.google.android.gms@17785019@17.7.85 (040400-253824076):2)
06-27 22:00:58.640  1130  1565 W Conscrypt: 	at com.google.android.gms.org.conscrypt.ConscryptFileDescriptorSocket.setSoWriteTimeout(:com.google.android.gms@17785019@17.7.85 (040400-253824076):2)
06-27 22:00:58.648  1419  1612 W iceDescriptorBinderImpl: Removing leading garbage didn't work: Can't parse device type string (namespace/type/version): urn:dial-multiscreen-org:service:dial:1
06-27 22:00:58.649  1419  1612 W trieveRemoteDescriptors: Could not hydrate device or its services from descriptor: (RemoteDevice) Identity: (RemoteDeviceIdentity) UDN: uuid:b3ba70e0-c7c4-4f76-abd6-aedd12d4df47, Descriptor: http://192.168.1.10:1962/, Root: true
06-27 22:00:58.649  1419  1612 W trieveRemoteDescriptors: Cause was: org.fourthline.cling.model.types.InvalidValueException: Can't parse device type string (namespace/type/version): urn:dial-multiscreen-org:service:dial:1
06-27 22:00:58.663  1440  1440 D Device  : Say byebye on 192.168.1.200
06-27 22:00:58.764   410   479 I ActivityManager: Waited long enough for: ServiceRecord{24946be u0 com.rockchips.mediacenter/.service.DeviceMonitorService}
06-27 22:00:58.794  1419  1498 W art     : Long monitor contention with owner cling-37 (1651) at boolean org.fourthline.cling.registry.RegistryImpl.update(org.fourthline.cling.model.meta.RemoteDeviceIdentity)(RegistryImpl.java:-1) waiters=4 in boolean org.fourthline.cling.registry.RegistryImpl.removeDevice(org.fourthline.cling.model.meta.RemoteDevice) for 179ms
06-27 22:00:58.838  1419  1499 W iceDescriptorBinderImpl: Regular parsing failed: Can't parse device type string (namespace/type/version): urn:dial-multiscreen-org:service:dial:1
06-27 22:00:58.900  1130  1141 I art     : Background sticky concurrent mark sweep GC freed 31409(2MB) AllocSpace objects, 13(260KB) LOS objects, 23% free, 9MB/12MB, paused 5.822ms total 48.338ms
06-27 22:00:58.931   410   479 I ActivityManager: Waited long enough for: ServiceRecord{7b77d58 u0 com.rockchips.mediacenter/com.rockchip.mediacenter.SystemDeviceService}
06-27 22:00:58.958  1419  1499 W iceDescriptorBinderImpl: Removing leading garbage didn't work: Can't parse device type string (namespace/type/version): urn:dial-multiscreen-org:service:dial:1
06-27 22:00:58.958  1419  1499 W trieveRemoteDescriptors: Could not hydrate device or its services from descriptor: (RemoteDevice) Identity: (RemoteDeviceIdentity) UDN: uuid:b3ba70e0-c7c4-4f76-abd6-aedd12d4df47, Descriptor: http://192.168.1.10:1962/, Root: true
06-27 22:00:58.959  1419  1499 W trieveRemoteDescriptors: Cause was: org.fourthline.cling.model.types.InvalidValueException: Can't parse device type string (namespace/type/version): urn:dial-multiscreen-org:service:dial:1
06-27 22:00:59.000  1613  1640 W art     : Suspending all threads took: 48.611ms
06-27 22:00:59.063  1419  1589 W iceDescriptorBinderImpl: Regular parsing failed: Can't parse device type string (namespace/type/version): urn:dial-multiscreen-org:service:dial:1
06-27 22:00:59.167   878  1122 W awmy    : Empty context buffer. Thus might mean that the context is not synced down.
06-27 22:00:59.168   878  1122 W awhk    : Empty context model while retrieving upload opt-in status!
06-27 22:00:59.222  1419  1589 W iceDescriptorBinderImpl: Removing leading garbage didn't work: Can't parse device type string (namespace/type/version): urn:dial-multiscreen-org:service:dial:1
06-27 22:00:59.222  1419  1589 W trieveRemoteDescriptors: Could not hydrate device or its services from descriptor: (RemoteDevice) Identity: (RemoteDeviceIdentity) UDN: uuid:b3ba70e0-c7c4-4f76-abd6-aedd12d4df47, Descriptor: http://192.168.1.10:1962/, Root: true
06-27 22:00:59.222  1419  1589 W trieveRemoteDescriptors: Cause was: org.fourthline.cling.model.types.InvalidValueException: Can't parse device type string (namespace/type/version): urn:dial-multiscreen-org:service:dial:1
06-27 22:00:59.277  1419  1562 W iceDescriptorBinderImpl: Regular parsing failed: Can't parse device type string (namespace/type/version): urn:dial-multiscreen-org:service:dial:1
06-27 22:00:59.301  1419  1562 W iceDescriptorBinderImpl: Removing leading garbage didn't work: Can't parse device type string (namespace/type/version): urn:dial-multiscreen-org:service:dial:1
06-27 22:00:59.354  1419  1562 W trieveRemoteDescriptors: Could not hydrate device or its services from descriptor: (RemoteDevice) Identity: (RemoteDeviceIdentity) UDN: uuid:b3ba70e0-c7c4-4f76-abd6-aedd12d4df47, Descriptor: http://192.168.1.10:1962/, Root: true
06-27 22:00:59.354  1419  1562 W trieveRemoteDescriptors: Cause was: org.fourthline.cling.model.types.InvalidValueException: Can't parse device type string (namespace/type/version): urn:dial-multiscreen-org:service:dial:1
06-27 22:00:59.370  1619  1879 I mali_so : [File] : hardware/rockchip/driver/./src/base/arch/arch_011_udd/base_arch_main.c; [Line] : 565; [Func] : deal_with_version_affairs_rk_ext;
06-27 22:00:59.370  1619  1879 I mali_so : arm_release_ver of this mali_so is 'r7p0-00rel1', rk_so_ver is '1@2' for 3328h_android_7.1, built at '15:47:51', on 'Jun 28 2017'.
06-27 22:00:59.370  1619  1879 I mali_so : [File] : hardware/rockchip/driver/./src/base/arch/arch_011_udd/base_arch_main.c; [Line] : 578; [Func] : deal_with_version_affairs_rk_ext;
06-27 22:00:59.370  1619  1879 I mali_so : mali_ver_property has been set to 'r7p0-00rel1-5-1@2', to return.
06-27 22:00:59.390  1619  1879 I mali_so : [File] : hardware/rockchip/driver/./src/base/arch/arch_011_udd/base_arch_main.c; [Line] : 565; [Func] : deal_with_version_affairs_rk_ext;
06-27 22:00:59.390  1619  1879 I mali_so : arm_release_ver of this mali_so is 'r7p0-00rel1', rk_so_ver is '1@2' for 3328h_android_7.1, built at '15:47:51', on 'Jun 28 2017'.
06-27 22:00:59.390  1619  1879 I mali_so : [File] : hardware/rockchip/driver/./src/base/arch/arch_011_udd/base_arch_main.c; [Line] : 578; [Func] : deal_with_version_affairs_rk_ext;
06-27 22:00:59.390  1619  1879 I mali_so : mali_ver_property has been set to 'r7p0-00rel1-5-1@2', to return.
06-27 22:00:59.449  1440  1440 D ProfilesDefinitionParser: Parsing Profiles definition
06-27 22:00:59.449  1440  1440 D ProfilesDefinitionParser: Parsing profile definition for profile 1
06-27 22:00:59.515  1440  1451 W art     : Suspending all threads took: 33.998ms
06-27 22:00:59.541  1130  1569 W Conscrypt: Could not set socket write timeout: java.net.SocketException: Socket closed
06-27 22:00:59.542  1130  1569 W Conscrypt: 	at com.google.android.gms.org.conscrypt.Platform.setSocketWriteTimeout(:com.google.android.gms@17785019@17.7.85 (040400-253824076):2)
06-27 22:00:59.542  1130  1569 W Conscrypt: 	at com.google.android.gms.org.conscrypt.ConscryptFileDescriptorSocket.setSoWriteTimeout(:com.google.android.gms@17785019@17.7.85 (040400-253824076):2)
06-27 22:00:59.577  1130  1569 W Conscrypt: Could not set socket write timeout: java.net.SocketException: Socket closed
06-27 22:00:59.577  1130  1569 W Conscrypt: 	at com.google.android.gms.org.conscrypt.Platform.setSocketWriteTimeout(:com.google.android.gms@17785019@17.7.85 (040400-253824076):2)
06-27 22:00:59.577  1130  1569 W Conscrypt: 	at com.google.android.gms.org.conscrypt.ConscryptFileDescriptorSocket.setSoWriteTimeout(:com.google.android.gms@17785019@17.7.85 (040400-253824076):2)
06-27 22:00:59.582  1440  1440 D SystemDeviceService: [handleAutoRun] auto start mediarender. 
06-27 22:00:59.711  1419  1831 W iceDescriptorBinderImpl: Regular parsing failed: Can't parse device type string (namespace/type/version): urn:dial-multiscreen-org:service:dial:1
06-27 22:00:59.758  1419  1831 W iceDescriptorBinderImpl: Removing leading garbage didn't work: Can't parse device type string (namespace/type/version): urn:dial-multiscreen-org:service:dial:1
06-27 22:00:59.759  1419  1831 W trieveRemoteDescriptors: Could not hydrate device or its services from descriptor: (RemoteDevice) Identity: (RemoteDeviceIdentity) UDN: uuid:b3ba70e0-c7c4-4f76-abd6-aedd12d4df47, Descriptor: http://192.168.1.10:1962/, Root: true
06-27 22:00:59.759  1419  1831 W trieveRemoteDescriptors: Cause was: org.fourthline.cling.model.types.InvalidValueException: Can't parse device type string (namespace/type/version): urn:dial-multiscreen-org:service:dial:1
06-27 22:00:59.890  1613  1613 W art     : Long monitor contention with owner bgExecutor #1 (1730) at boolean android.os.MessageQueue.enqueueMessage(android.os.Message, long)(MessageQueue.java:541) waiters=0 in android.os.Message android.os.MessageQueue.next() for 1.256s
06-27 22:01:00.003  1440  1440 D Device  : Say byebye on 192.168.1.200
06-27 22:01:00.176  1440  1440 D Device  : Say byebye on 192.168.1.200
06-27 22:01:00.280  1613  1613 I Finsky  : [1] qah.b(7): Jobs in database: 1-1337 24-77777777 26-1414141414 29-29 
06-27 22:01:00.328  1613  1613 I Finsky  : [1] pxo.a(113): ConstraintMapping: 24-77777777,  -> L: 0ms, D: 82578156ms, C: false, I: true, N: 0
06-27 22:01:00.329  1613  1613 I Finsky  : [1] pxo.a(113): ConstraintMapping: 1-1337,  -> L: 26513015ms, D: 69713015ms, C: false, I: false, N: 1
06-27 22:01:00.330  1613  1613 I Finsky  : [1] pxo.a(113): ConstraintMapping: 29-29, 26-1414141414,  -> L: 21682ms, D: 51682ms, C: false, I: false, N: 0
06-27 22:01:00.369  1613  1613 I Finsky  : [1] com.google.android.finsky.scheduler.JobSchedulerEngine.a(14): Throttling wakeup for job 9000 (expected to run in 0 ms) due to recent wakeup
06-27 22:01:00.425  1613  1613 I Finsky  : [1] com.google.android.finsky.scheduler.JobSchedulerEngine.a(4): Scheduling job Id: 9000, L: 30000, D: 82578156, C: false, I: true, N: 0
06-27 22:01:00.435  1613  1613 I Finsky  : [1] com.google.android.finsky.scheduler.JobSchedulerEngine.a(4): Scheduling job Id: 9001, L: 26513015, D: 69713015, C: false, I: false, N: 1
06-27 22:01:00.439  1613  1613 I Finsky  : [1] com.google.android.finsky.scheduler.JobSchedulerEngine.a(14): Throttling wakeup for job 9002 (expected to run in 21682 ms) due to recent wakeup
06-27 22:01:00.451  1613  1613 I Finsky  : [1] com.google.android.finsky.scheduler.JobSchedulerEngine.a(4): Scheduling job Id: 9002, L: 30000, D: 51682, C: false, I: false, N: 0
06-27 22:01:00.470  1440  1440 D SystemDeviceService: [handleAutoRun] auto start mediaserver. 
06-27 22:01:00.489  1613  1730 I Finsky  : [38] mkj.a(13): Loaded library for account: [rGICDVw8vLQT9a_kAVxbdua02fY]
06-27 22:01:00.492  1613  1730 I Finsky  : [38] mkj.a(15): Finished loading 1 libraries.
06-27 22:01:00.789   878  1122 W awmy    : Empty context buffer. Thus might mean that the context is not synced down.
06-27 22:01:00.790   878  1122 W awhk    : Empty context model while retrieving upload opt-in status!
06-27 22:01:00.840  1419  1486 I DeviceMonitorService: remoteDeviceAdded->device->descriptionURL:http://192.168.1.200:38389/deviceDescription/MediaServer
06-27 22:01:00.840  1419  1486 I DeviceMonitorService: remoteDeviceAdded->device->Udn:dcd0b32c-512e-ddb3-ffff-ffffb717f98f
06-27 22:01:02.055  1419  1471 I FileScanThread: mTmpFileInfos->size:40
06-27 22:01:02.066  1419  1471 I FileScanThread: FileScanThread end time:1561662062066
06-27 22:01:02.066  1419  1471 I FileScanThread: FileScanThread total time:17s
06-27 22:01:02.190  1613  1714 I Finsky  : [31] dhd.run(3): Initializing the instant apps module.
06-27 22:01:02.196  1613  1730 I ShortcutBadger: Checking if platform supports badge counters, attempt 1/3.
06-27 22:01:02.231  1613  1730 I ShortcutBadger: Checking if platform supports badge counters, attempt 2/3.
06-27 22:01:02.243  1613  1730 I ShortcutBadger: Checking if platform supports badge counters, attempt 3/3.
06-27 22:01:02.252  1613  1730 W ShortcutBadger: Badge counter seems not supported in this platform: unable to resolve intent: Intent { act=android.intent.action.BADGE_COUNT_UPDATE (has extras) }
06-27 22:01:02.319  1613  1744 E Finsky  : [46] fxd.a(25): Unable to build selector: /storage/emulated/0/Download/marketenvs.csv (No such file or directory)
06-27 22:01:02.338  1613  1731 I Finsky  : [39] oaa.b(1): Triggered update for experiment package com.google.android.finsky.stable.
06-27 22:01:02.428  1613  1640 W art     : Suspending all threads took: 12.399ms
06-27 22:01:02.563  1291  1341 D RKUpdateService: WorkHandler::handleMessage() : To perform 'COMMAND_CHECK_LOCAL_UPDATING'.
06-27 22:01:02.563  1291  1341 D RKUpdateService: getValidFirmwareImageFile() : Target image file path : /data/media/0/update.zip
06-27 22:01:02.564  1291  1341 D RKUpdateService: getValidFirmwareImageFile() : Target image file path : /storage/emulated/0/update.zip
06-27 22:01:02.567  1291  1341 E RKUpdateService: jkand.huang --- volume.internalPath = /mnt/media_rw/e14e8b4a-c6c3-4546-b069-dfbdf64d0b66
06-27 22:01:02.720  1613  1731 I Finsky  : [39] oaa.b(6): Already at the latest configurations for experiment package com.google.android.finsky.stable.
06-27 22:01:02.721  1613  1800 W art     : Long monitor contention with owner AsyncTask #1 (1731) at boolean java.util.concurrent.atomic.AtomicBoolean.getAndSet(boolean)(AtomicBoolean.java:122) waiters=0 in int oaa.b() for 378ms
06-27 22:01:02.722  1613  1800 I Finsky  : [71] oaa.b(1): Triggered update for experiment package com.google.android.finsky.regular.
06-27 22:01:02.902  1613  1800 I Finsky  : [71] oaa.b(6): Already at the latest configurations for experiment package com.google.android.finsky.regular.
06-27 22:01:02.903  1613  1806 W art     : Long monitor contention with owner AsyncTask #1 (1731) at boolean java.util.concurrent.atomic.AtomicBoolean.getAndSet(boolean)(AtomicBoolean.java:122) waiters=1 in int oaa.b() for 521ms
06-27 22:01:02.904  1613  1806 I Finsky  : [74] oaa.b(1): Triggered update for experiment package com.google.android.finsky.regular.
06-27 22:01:03.013  1613  1640 W art     : Suspending all threads took: 7.292ms
06-27 22:01:03.063  1613  1744 I Finsky  : [46] vxb.a(11): Do not start WearSupportService due to Wear service optimization
06-27 22:01:03.065  1613  1730 I Finsky  : [38] dgs.run(7): Component class com.google.android.finsky.wear.WearSupportService disabled via PackageManager.
06-27 22:01:03.069  1613  1806 I Finsky  : [74] oaa.b(6): Already at the latest configurations for experiment package com.google.android.finsky.regular.
06-27 22:01:03.072  1613  1730 I Finsky  : [38] dgs.run(7): Component class com.google.android.finsky.wear.WearChangeListenerService disabled via PackageManager.
06-27 22:01:03.073  1613  1746 I Finsky  : [50] vbv.f(3): Restoring notifications
06-27 22:01:03.168  1613  1746 I Finsky  : [50] vbv.f(8): Done restoring notifications
06-27 22:01:03.443   410   511 I InputReader: Reconfiguring input devices.  changes=0x00000010
06-27 22:01:03.451   410   478 W Searchables: No global search activity found
06-27 22:01:03.456  1613  1633 I art     : Do partial code cache collection, code=16KB, data=23KB
06-27 22:01:03.456  1613  1633 I art     : After code cache collection, code=16KB, data=23KB
06-27 22:01:03.457  1613  1633 I art     : Increasing code cache capacity to 128KB
06-27 22:01:03.466  1613  1633 I art     : Compiler allocated 7MB to compile java.lang.Object adji.call()
06-27 22:01:03.470   410   478 I ActivityManager: Killing 1321:com.google.android.play.games.ui/u0a8 (adj 906): empty #5
06-27 22:01:03.501   410  1618 D ActivityManager: cleanUpApplicationRecord -- 1321
06-27 22:01:04.001  1613  1613 I Finsky  : [1] qnw.run(4): Detected restoreservicev2://recovery not needed, will not run
06-27 22:01:07.571  1291  1341 D NetworkSecurityConfig: No Network Security Config specified, using platform default
06-27 22:01:08.452  1130  1608 I CheckinCompat: Done disabling old GoogleServicesFramework version
06-27 22:01:09.650  1291  1341 D RKUpdateService: request remote server error...
06-27 22:01:11.140   862   863 E sdcard  : opendir /mnt/media_rw/e14e8b4a-c6c3-4546-b069-dfbdf64d0b66/lost+found failed: Permission denied
06-27 22:01:11.143   862   863 E sdcard  : opendir /mnt/media_rw/e14e8b4a-c6c3-4546-b069-dfbdf64d0b66/lost+found failed: Permission denied
06-27 22:01:11.143  1163  1193 W MediaScanner: Error opening directory '/storage/e14e8b4a-c6c3-4546-b069-dfbdf64d0b66/lost+found/', skipping: Permission denied.
06-27 22:01:11.151  1163  1193 V MediaScanner: pruneDeadThumbnailFiles... android.content.ContentProviderClient$CursorWrapperInner@ae63fa8
06-27 22:01:11.152  1163  1193 V MediaScanner: /pruneDeadThumbnailFiles... android.content.ContentProviderClient$CursorWrapperInner@ae63fa8
06-27 22:01:12.248  1440  1440 I System.out: MediaStorePolicy, update media folder size. 
06-27 22:01:12.295   410  1541 I ActivityManager: Killing 1613:com.android.vending/u0a14 (adj 906): empty #4
06-27 22:01:12.296   410  1541 I ActivityManager: Killing 1218:com.android.providers.calendar/u0a1 (adj 906): empty #6
06-27 22:01:12.297   410  1541 I ActivityManager: Killing 1050:android.process.acore/u0a3 (adj 906): empty #7
06-27 22:01:12.336   410  1618 D ActivityManager: cleanUpApplicationRecord -- 1218
06-27 22:01:12.373   410   542 D ActivityManager: cleanUpApplicationRecord -- 1050
06-27 22:01:12.376   410  1541 D ConnectivityService: ConnectivityService NetworkRequestInfo binderDied(NetworkRequest [ LISTEN id=5, [ Capabilities: INTERNET&NOT_RESTRICTED&TRUSTED] ], android.os.BinderProxy@12a4c5a)
06-27 22:01:12.376   410   448 D ActivityManager: cleanUpApplicationRecord -- 1613
06-27 22:01:12.377   410   531 D ConnectivityService: releasing NetworkRequest [ LISTEN id=5, [ Capabilities: INTERNET&NOT_RESTRICTED&TRUSTED] ]
06-27 22:01:12.377   410   531 D ConnectivityService: sending notification RELEASED for NetworkRequest [ LISTEN id=5, [ Capabilities: INTERNET&NOT_RESTRICTED&TRUSTED] ]
06-27 22:01:12.378   410   531 E ConnectivityService: RemoteException caught trying to send a callback msg for NetworkRequest [ LISTEN id=5, [ Capabilities: INTERNET&NOT_RESTRICTED&TRUSTED] ]
06-27 22:01:16.732  1291  1341 D RKUpdateService: request remote server error...
06-27 22:01:21.242  1163  1193 V MediaScanner: pruneDeadThumbnailFiles... android.content.ContentProviderClient$CursorWrapperInner@fcf28a2
06-27 22:01:21.243  1163  1193 V MediaScanner: /pruneDeadThumbnailFiles... android.content.ContentProviderClient$CursorWrapperInner@fcf28a2
06-27 22:01:21.476   862   863 E sdcard  : opendir /mnt/media_rw/e14e8b4a-c6c3-4546-b069-dfbdf64d0b66/lost+found failed: Permission denied
06-27 22:01:21.477   862   863 E sdcard  : opendir /mnt/media_rw/e14e8b4a-c6c3-4546-b069-dfbdf64d0b66/lost+found failed: Permission denied
06-27 22:01:21.478  1163  1193 W MediaScanner: Error opening directory '/storage/e14e8b4a-c6c3-4546-b069-dfbdf64d0b66/lost+found/', skipping: Permission denied.
06-27 22:01:21.483  1163  1193 V MediaScanner: pruneDeadThumbnailFiles... android.content.ContentProviderClient$CursorWrapperInner@8e1d933
06-27 22:01:21.484  1163  1193 V MediaScanner: /pruneDeadThumbnailFiles... android.content.ContentProviderClient$CursorWrapperInner@8e1d933
06-27 22:01:22.302  1440  1440 I System.out: MediaStorePolicy, update media folder size. 
06-27 22:01:22.336   410  1861 I ActivityManager: Killing 1508:com.android.tv.settings/1000 (adj 906): empty #4
06-27 22:01:22.362  1163  1193 W MediaScanner: Error opening directory '/oem/media/', skipping: No such file or directory.
06-27 22:01:22.366   410   448 D GraphicsStats: Buffer count: 2
06-27 22:01:22.366   410   954 D ActivityManager: cleanUpApplicationRecord -- 1508
06-27 22:01:23.432  1440  1440 I System.out: MediaStorePolicy, update media folder size. 
