01-01 03:00:09.882   420   420 W PackageManager: Unknown permission android.permission.CONTROL_KEYGUARD_SECURE_NOTIFICATIONS in package com.google.android.gms
01-01 03:00:09.882   420   420 W PackageManager: Unknown permission com.google.android.gm.permission.READ_GMAIL in package com.google.android.gms
01-01 03:00:09.884   420   420 W PackageManager: Unknown permission com.android.launcher.permission.PRELOAD_WORKSPACE in package com.google.android.partnersetup
01-01 03:00:09.884   420   420 W PackageManager: Not granting permission android.permission.DELETE_PACKAGES to package com.svox.pico (protectionLevel=18 flags=0x3808be45)
01-01 03:00:09.884   420   420 W PackageManager: Not granting permission android.permission.CONTROL_KEYGUARD to package com.google.android.gsf.login (protectionLevel=2 flags=0x3048be45)
01-01 03:00:09.884   420   420 W PackageManager: Unknown permission com.android.vending.billing.IBillingAccountService.BIND2 in package com.google.android.gsf.login
01-01 03:00:09.884   420   420 W PackageManager: Unknown permission com.android.launcher.permission.READ_SETTINGS in package com.android.settings
01-01 03:00:09.884   420   420 W PackageManager: Unknown permission com.android.launcher.permission.WRITE_SETTINGS in package com.android.settings
01-01 03:00:09.885   420   420 W PackageManager: Not granting permission android.permission.WRITE_EXTERNAL_STORAGE to package com.termux because it was previously installed without
01-01 03:00:09.885   420   420 W PackageManager: Unknown permission android.permission.FOREGROUND_SERVICE in package com.termux
01-01 03:00:09.885   420   420 W PackageManager: Not granting permission android.permission.READ_EXTERNAL_STORAGE to package com.termux because it was previously installed without
01-01 03:00:09.885   420   420 W PackageManager: Unknown permission com.android.launcher.permission.READ_SETTINGS in package com.DeviceTest
01-01 03:00:09.886   420   420 W PackageManager: Unknown permission com.google.android.gallery3d.permission.GALLERY_PROVIDER in package com.android.bluetooth
01-01 03:00:09.886   420   420 W PackageManager: Unknown permission com.android.gallery3d.permission.GALLERY_PROVIDER in package com.android.bluetooth
01-01 03:00:09.886   420   420 W PackageManager: Unknown permission android.permission.PROCESS_PHONE_ACCOUNT_REGISTRATION in package com.android.providers.contacts
01-01 03:00:09.886   420   420 V PackageManager: reconcileAppsData for null u0 0x3
01-01 03:00:10.263   420   420 V PackageManager: reconcileAppsData finished 72 packages
01-01 03:00:10.387   420   420 D PackageManager: Ephemeral resolver NOT found; no matching intent filters
01-01 03:00:10.388   420   420 I PackageManager: Ephemeral deactivated; missing resolver and installer
01-01 03:00:10.426   420   420 I SystemServer: StartOtaDexOptService
01-01 03:00:10.432   420   420 I SystemServer: StartUserManagerService
01-01 03:00:10.432   420   420 I SystemServiceManager: Starting com.android.server.pm.UserManagerService$LifeCycle
01-01 03:00:10.444   420   420 I SystemServiceManager: Starting com.android.server.BatteryService
01-01 03:00:10.449   420   420 I SystemServiceManager: Starting com.android.server.usage.UsageStatsService
01-01 03:00:10.460   420   420 I SystemServiceManager: Starting com.android.server.webkit.WebViewUpdateService
01-01 03:00:10.464   420   420 I SystemServer: isBox stop some start....
01-01 03:00:10.464   420   420 I SystemServer: Reading configuration...
01-01 03:00:10.464   420   420 I SystemServer: StartSchedulingPolicyService
01-01 03:00:10.465   420   420 I SystemServiceManager: Starting com.android.server.telecom.TelecomLoaderService
01-01 03:00:10.466   420   420 I SystemServer: StartTelephonyRegistry
01-01 03:00:10.471   420   420 I SystemServer: StartEntropyMixer
01-01 03:00:10.473   420   420 I EntropyMixer: Writing entropy...
01-01 03:00:10.485   420   420 I SystemServer: Camera Service
01-01 03:00:10.485   420   420 I SystemServiceManager: Starting com.android.server.camera.CameraService
01-01 03:00:10.487   420   497 I ServiceThread: Enabled StrictMode logging for CameraService_proxy looper.
01-01 03:00:10.488   420   420 I SystemServer: StartAccountManagerService
01-01 03:00:10.488   420   420 I SystemServiceManager: Starting com.android.server.accounts.AccountManagerService$Lifecycle
01-01 03:00:10.496   420   420 I SystemServer: StartContentService
01-01 03:00:10.497   420   420 I SystemServiceManager: Starting com.android.server.content.ContentService$Lifecycle
01-01 03:00:10.499   420   420 I SystemServer: InstallSystemProviders
01-01 03:00:10.531   420   420 I SystemServer: StartConsumerIrService
01-01 03:00:10.532   420   420 I SystemServer: StartAlarmManagerService
01-01 03:00:10.533   420   420 I SystemServiceManager: Starting com.android.server.AlarmManagerService
01-01 03:00:10.541   420   420 I SystemServer: InitWatchdog
01-01 03:00:10.542   420   420 I SystemServer: StartInputManagerService
01-01 03:00:10.543   420   420 I InputManager: Initializing input manager, mUseDevInputEventForAudioJack=false
01-01 03:00:10.544   420   420 I SystemServer: StartWindowManagerService
01-01 03:00:10.560   420   485 I WindowManager: No existing display settings /data/system/display_settings.xml; starting empty
01-01 03:00:10.591   420   420 I SystemServer: StartVrManagerService
01-01 03:00:10.591   420   420 I SystemServiceManager: Starting com.android.server.vr.VrManagerService
01-01 03:00:10.596   420   420 I InputManager: Starting input manager
01-01 03:00:10.601   420   420 I SystemServer: No Bluetooth Service (Bluetooth Hardware Not Present)
01-01 03:00:10.601   420   420 I SystemServer: ConnectivityMetricsLoggerService
01-01 03:00:10.601   420   420 I SystemServiceManager: Starting com.android.server.connectivity.MetricsLoggerService
01-01 03:00:10.602   420   420 I SystemServer: IpConnectivityMetrics
01-01 03:00:10.603   420   420 I SystemServiceManager: Starting com.android.server.connectivity.IpConnectivityMetrics
01-01 03:00:10.604   420   420 I SystemServer: PinnerService
01-01 03:00:10.604   420   420 I SystemServiceManager: Starting com.android.server.PinnerService
01-01 03:00:10.606   420   420 I SystemServiceManager: Starting com.android.server.InputMethodManagerService$Lifecycle
01-01 03:00:10.615   420   420 I InputMethodManagerService: All the enabled IMEs are gone. Reset default enabled IMEs.
01-01 03:00:10.615   420   420 W InputMethodUtils: Found no fallback locale. imis=[]
01-01 03:00:10.615   420   420 W InputMethodUtils: No software keyboard is found. imis=[] fallbackLocale=null
01-01 03:00:10.618   420   420 I SystemServer: StartAccessibilityManagerService
01-01 03:00:10.626   420   420 I ActivityManager: Config changes=1df8 {1.0 ?mcc?mnc [en_US] ldltr sw720dp w1280dp h720dp 160dpi xlrg long land ?uimode ?night -touch -keyb/v/h dpad/v s.2}
01-01 03:00:10.628   420   477 E PinnerService: Could not pin file /system/framework/arm64/boot-framework.oat with error open failed: ENOENT (No such file or directory)
01-01 03:00:10.628   420   477 E PinnerService: Failed to pin file = /system/framework/arm64/boot-framework.oat
01-01 03:00:10.628   420   477 E PinnerService: Could not pin file /system/framework/oat/arm64/services.odex with error open failed: ENOENT (No such file or directory)
01-01 03:00:10.629   420   477 E PinnerService: Failed to pin file = /system/framework/oat/arm64/services.odex
01-01 03:00:10.629   420   477 E PinnerService: Could not pin file /system/framework/arm64/boot.oat with error open failed: ENOENT (No such file or directory)
01-01 03:00:10.629   420   477 E PinnerService: Failed to pin file = /system/framework/arm64/boot.oat
01-01 03:00:10.629   420   477 E PinnerService: Could not pin file /system/framework/arm64/boot-core-libart.oat with error open failed: ENOENT (No such file or directory)
01-01 03:00:10.629   420   477 E PinnerService: Failed to pin file = /system/framework/arm64/boot-core-libart.oat
01-01 03:00:10.646   420   420 I SystemServiceManager: Starting com.android.server.MountService$Lifecycle
01-01 03:00:10.692   420   420 I SystemServer: start UiModeManagerService.
01-01 03:00:10.693   420   509 D MountService: Thinking about init, mSystemReady=false, mDaemonConnected=true
01-01 03:00:10.693   420   420 I SystemServiceManager: Starting com.android.server.UiModeManagerService
01-01 03:00:10.693   420   509 D MountService: Thinking about reset, mSystemReady=false, mDaemonConnected=true
01-01 03:00:10.694   420   509 D MountService: Thinking about init, mSystemReady=false, mDaemonConnected=true
01-01 03:00:10.694   420   509 D MountService: Thinking about reset, mSystemReady=false, mDaemonConnected=true
01-01 03:00:10.695   420   509 D CryptdConnector: SND -> {1 cryptfs getfield SystemLocale}
01-01 03:00:10.695   420   420 I ActivityManager: Config changes=200 {1.0 ?mcc?mnc [en_US] ldltr sw720dp w1280dp h720dp 160dpi xlrg long land television -touch -keyb/v/h dpad/v s.3}
01-01 03:00:10.696   420   511 D CryptdConnector: RCV <- {200 1 -1}
01-01 03:00:10.698   420   509 W MountService: No primary storage mounted!
01-01 03:00:10.698   420   509 D VoldConnector: SND -> {1 asec list}
01-01 03:00:10.700   420   510 D VoldConnector: RCV <- {200 1 asec operation succeeded}
01-01 03:00:10.701   420   509 W PackageManager: Unknown permission android.permission.ACCESS_ALL_EXTERNAL_STORAGE in package com.example.changeled
01-01 03:00:10.701   420   509 W PackageManager: Not granting permission com.google.android.googleapps.permission.GOOGLE_AUTH to package com.android.providers.calendar (protectionLevel=2 flags=0x30083e45)
01-01 03:00:10.701   420   509 W PackageManager: Not granting permission com.google.android.googleapps.permission.GOOGLE_AUTH.cl to package com.android.providers.calendar (protectionLevel=2 flags=0x30083e45)
01-01 03:00:10.701   420   509 W PackageManager: Not granting permission android.permission.READ_PRIVILEGED_PHONE_STATE to package com.android.vending (protectionLevel=18 flags=0x384abec5)
01-01 03:00:10.701   420   509 W PackageManager: Not granting permission android.permission.SEND_DOWNLOAD_COMPLETED_INTENTS to package com.android.vending (protectionLevel=2 flags=0x384abec5)
01-01 03:00:10.702   420   509 W PackageManager: Unknown permission android.permission.USE_BIOMETRIC in package com.android.vending
01-01 03:00:10.702   420   509 W PackageManager: Not granting permission android.permission.BACKUP to package com.android.vending (protectionLevel=18 flags=0x384abec5)
01-01 03:00:10.702   420   509 W PackageManager: Not granting permission android.permission.CONNECTIVITY_INTERNAL to package com.android.vending (protectionLevel=18 flags=0x384abec5)
01-01 03:00:10.702   420   509 W PackageManager: Not granting permission android.permission.DUMP to package com.android.vending (protectionLevel=50 flags=0x384abec5)
01-01 03:00:10.702   420   509 W PackageManager: Unknown permission android.permission.ALLOCATE_AGGRESSIVE in package com.android.vending
01-01 03:00:10.702   420   509 W PackageManager: Not granting permission android.permission.GET_APP_OPS_STATS to package com.android.vending (protectionLevel=50 flags=0x384abec5)
01-01 03:00:10.702   420   509 W PackageManager: Not granting permission android.permission.SET_PREFERRED_APPLICATIONS to package com.android.vending (protectionLevel=2 flags=0x384abec5)
01-01 03:00:10.702   420   509 W PackageManager: Unknown permission android.permission.ACCESS_INSTANT_APPS in package com.android.vending
01-01 03:00:10.702   420   509 W PackageManager: Not granting permission android.permission.UPDATE_DEVICE_STATS to package com.android.vending (protectionLevel=18 flags=0x384abec5)
01-01 03:00:10.702   420   509 W PackageManager: Unknown permission android.permission.MANAGE_APP_OPS_MODES in package com.android.vending
01-01 03:00:10.702   420   509 W PackageManager: Unknown permission android.permission.MANAGE_ROLLBACKS in package com.android.vending
01-01 03:00:10.702   420   509 W PackageManager: Unknown permission android.permission.SET_HARMFUL_APP_WARNINGS in package com.android.vending
01-01 03:00:10.702   420   509 W PackageManager: Unknown permission com.sec.android.provider.badge.permission.READ in package com.android.vending
01-01 03:00:10.702   420   509 W PackageManager: Unknown permission com.sec.android.provider.badge.permission.WRITE in package com.android.vending
01-01 03:00:10.702   420   509 W PackageManager: Unknown permission com.htc.launcher.permission.READ_SETTINGS in package com.android.vending
01-01 03:00:10.702   420   509 W PackageManager: Unknown permission com.htc.launcher.permission.UPDATE_SHORTCUT in package com.android.vending
01-01 03:00:10.702   420   509 W PackageManager: Unknown permission com.sonyericsson.home.permission.BROADCAST_BADGE in package com.android.vending
01-01 03:00:10.702   420   509 W PackageManager: Unknown permission com.sonymobile.home.permission.PROVIDER_INSERT_BADGE in package com.android.vending
01-01 03:00:10.702   420   509 W PackageManager: Unknown permission com.anddoes.launcher.permission.UPDATE_COUNT in package com.android.vending
01-01 03:00:10.702   420   509 W PackageManager: Unknown permission com.majeur.launcher.permission.UPDATE_BADGE in package com.android.vending
01-01 03:00:10.702   420   509 W PackageManager: Unknown permission com.huawei.android.launcher.permission.CHANGE_BADGE in package com.android.vending
01-01 03:00:10.702   420   509 W PackageManager: Unknown permission com.huawei.android.launcher.permission.READ_SETTINGS in package com.android.vending
01-01 03:00:10.702   420   509 W PackageManager: Unknown permission com.huawei.android.launcher.permission.WRITE_SETTINGS in package com.android.vending
01-01 03:00:10.702   420   509 W PackageManager: Unknown permission android.permission.READ_APP_BADGE in package com.android.vending
01-01 03:00:10.702   420   509 W PackageManager: Unknown permission com.oppo.launcher.permission.READ_SETTINGS in package com.android.vending
01-01 03:00:10.702   420   509 W PackageManager: Unknown permission com.oppo.launcher.permission.WRITE_SETTINGS in package com.android.vending
01-01 03:00:10.702   420   509 W PackageManager: Unknown permission org.chromium.arc.apkcacheprovider.permission.READ_CACHE in package com.android.vending
01-01 03:00:10.702   420   509 W PackageManager: Unknown permission org.chromium.arc.apkcacheprovider.permission.WRITE_CACHE in package com.android.vending
01-01 03:00:10.702   420   509 W PackageManager: Not granting permission android.permission.SUBSTITUTE_NOTIFICATION_APP_NAME to package com.android.vending (protectionLevel=18 flags=0x384abec5)
01-01 03:00:10.702   420   509 W PackageManager: Unknown permission android.permission.READ_RUNTIME_PROFILES in package com.android.vending
01-01 03:00:10.702   420   509 W PackageManager: Unknown permission android.permission.FOREGROUND_SERVICE in package com.android.vending
01-01 03:00:10.702   420   509 W PackageManager: Not granting permission android.permission.REBOOT to package com.android.vending (protectionLevel=18 flags=0x384abec5)
01-01 03:00:10.702   420   509 W PackageManager: Unknown permission android.permission.START_ACTIVITIES_FROM_BACKGROUND in package com.android.vending
01-01 03:00:10.702   420   509 W PackageManager: Unknown permission com.android.chrome.permission.SHOW_COMPLIANCE_SCREEN in package com.android.vending
01-01 03:00:10.702   420   509 W PackageManager: Unknown permission android.permission.CHANGE_OVERLAY_PACKAGES in package com.android.vending
01-01 03:00:10.702   420   509 W PackageManager: Unknown permission android.permission.SEND_DEVICE_CUSTOMIZATION_READY in package com.android.vending
01-01 03:00:10.702   420   509 W PackageManager: Unknown permission cyanogenmod.permission.PUBLISH_CUSTOM_TILE in package net.dinglisch.android.taskerm
01-01 03:00:10.702   420   509 W PackageManager: Unknown permission android.permission.REQUEST_COMPANION_RUN_IN_BACKGROUND in package net.dinglisch.android.taskerm
01-01 03:00:10.702   420   509 W PackageManager: Unknown permission android.permission.REQUEST_COMPANION_USE_DATA_IN_BACKGROUND in package net.dinglisch.android.taskerm
01-01 03:00:10.702   420   509 W PackageManager: Not granting permission android.permission.BODY_SENSORS to package net.dinglisch.android.taskerm because it was previously installed without
01-01 03:00:10.703   420   509 W PackageManager: Not granting permission android.permission.WRITE_CALL_LOG to package net.dinglisch.android.taskerm because it was previously installed without
01-01 03:00:10.703   420   509 W PackageManager: Not granting permission android.permission.READ_CALL_LOG to package net.dinglisch.android.taskerm because it was previously installed without
01-01 03:00:10.703   420   509 W PackageManager: Not granting permission android.permission.RECEIVE_SMS to package net.dinglisch.android.taskerm because it was previously installed without
01-01 03:00:10.703   420   509 W PackageManager: Unknown permission com.latedroid.juicedefender.permission.CONTROL_JUICEDEFENDER in package net.dinglisch.android.taskerm
01-01 03:00:10.703   420   509 W PackageManager: Unknown permission com.latedroid.juicedefender.permission.TOGGLE_MOBILE_DATA in package net.dinglisch.android.taskerm
01-01 03:00:10.703   420   509 W PackageManager: Not granting permission android.permission.MODIFY_PHONE_STATE to package net.dinglisch.android.taskerm (protectionLevel=18 flags=0x1809be44)
01-01 03:00:10.703   420   509 W PackageManager: Unknown permission com.android.phone.CHANGE_NETWORK_MODE in package net.dinglisch.android.taskerm
01-01 03:00:10.703   420   509 W PackageManager: Not granting permission android.permission.WRITE_EXTERNAL_STORAGE to package net.dinglisch.android.taskerm because it was previously installed without
01-01 03:00:10.703   420   509 W PackageManager: Not granting permission android.permission.RECORD_AUDIO to package net.dinglisch.android.taskerm because it was previously installed without
01-01 03:00:10.703   420   509 W PackageManager: Not granting permission android.permission.READ_PHONE_STATE to package net.dinglisch.android.taskerm because it was previously installed without
01-01 03:00:10.703   420   509 W PackageManager: Not granting permission android.permission.SEND_SMS to package net.dinglisch.android.taskerm because it was previously installed without
01-01 03:00:10.703   420   509 W PackageManager: Not granting permission android.permission.READ_SMS to package net.dinglisch.android.taskerm because it was previously installed without
01-01 03:00:10.703   420   509 W PackageManager: Not granting permission android.permission.ACCESS_FINE_LOCATION to package net.dinglisch.android.taskerm because it was previously installed without
01-01 03:00:10.703   420   509 W PackageManager: Not granting permission android.permission.ACCESS_COARSE_LOCATION to package net.dinglisch.android.taskerm because it was previously installed without
01-01 03:00:10.703   420   509 W PackageManager: Not granting permission android.permission.CAMERA to package net.dinglisch.android.taskerm because it was previously installed without
01-01 03:00:10.703   420   509 W PackageManager: Not granting permission android.permission.PROCESS_OUTGOING_CALLS to package net.dinglisch.android.taskerm because it was previously installed without
01-01 03:00:10.703   420   509 W PackageManager: Not granting permission android.permission.READ_CONTACTS to package net.dinglisch.android.taskerm because it was previously installed without
01-01 03:00:10.703   420   509 W PackageManager: Not granting permission android.permission.WRITE_CONTACTS to package net.dinglisch.android.taskerm because it was previously installed without
01-01 03:00:10.703   420   509 W PackageManager: Not granting permission android.permission.CALL_PHONE to package net.dinglisch.android.taskerm because it was previously installed without
01-01 03:00:10.703   420   509 W PackageManager: Not granting permission android.permission.READ_CALENDAR to package net.dinglisch.android.taskerm because it was previously installed without
01-01 03:00:10.703   420   509 W PackageManager: Not granting permission android.permission.WRITE_CALENDAR to package net.dinglisch.android.taskerm because it was previously installed without
01-01 03:00:10.703   420   509 W PackageManager: Not granting permission android.permission.WRITE_SECURE_SETTINGS to package net.dinglisch.android.taskerm (protectionLevel=50 flags=0x1809be44)
01-01 03:00:10.703   420   509 W PackageManager: Not granting permission android.permission.DUMP to package net.dinglisch.android.taskerm (protectionLevel=50 flags=0x1809be44)
01-01 03:00:10.703   420   509 W PackageManager: Not granting permission android.permission.CHANGE_CONFIGURATION to package net.dinglisch.android.taskerm (protectionLevel=50 flags=0x1809be44)
01-01 03:00:10.703   420   509 W PackageManager: Not granting permission android.permission.TETHER_PRIVILEGED to package net.dinglisch.android.taskerm (protectionLevel=18 flags=0x1809be44)
01-01 03:00:10.703   420   509 W PackageManager: Unknown permission android.permission.ANSWER_PHONE_CALLS in package net.dinglisch.android.taskerm
01-01 03:00:10.703   420   509 W PackageManager: Not granting permission android.permission.CAPTURE_AUDIO_OUTPUT to package net.dinglisch.android.taskerm (protectionLevel=18 flags=0x1809be44)
01-01 03:00:10.703   420   509 W PackageManager: Unknown permission android.permission.FOREGROUND_SERVICE in package net.dinglisch.android.taskerm
01-01 03:00:10.703   420   509 W PackageManager: Unknown permission android.permission.USE_BIOMETRIC in package net.dinglisch.android.taskerm
01-01 03:00:10.703   420   509 W PackageManager: Unknown permission android.permission.SET_MEDIA_KEY_LISTENER in package net.dinglisch.android.taskerm
01-01 03:00:10.703   420   509 W PackageManager: Unknown permission android.permission.READ_CLIPBOARD_IN_BACKGROUND in package net.dinglisch.android.taskerm
01-01 03:00:10.703   420   509 W PackageManager: Unknown permission android.permission.SET_VOLUME_KEY_LONG_PRESS_LISTENER in package net.dinglisch.android.taskerm
01-01 03:00:10.703   420   509 W PackageManager: Not granting permission android.permission.READ_EXTERNAL_STORAGE to package net.dinglisch.android.taskerm because it was previously installed without
01-01 03:00:10.704   420   509 W PackageManager: Unknown permission android.Manifest.permission.INJECT_EVENTS in package com.rockchip.devicetest
01-01 03:00:10.704   420   509 W PackageManager: Unknown permission com.rockchips.mediacenter.localscan.PROTECT in package com.rockchips.mediacenter
01-01 03:00:10.704   420   509 W PackageManager: Unknown permission com.rockchips.android.airsharing.PROTECT in package com.rockchips.mediacenter
01-01 03:00:10.704   420   509 W PackageManager: Unknown permission com.android.permission.airsharing_play_interface in package com.rockchips.mediacenter
01-01 03:00:10.704   420   509 W PackageManager: Unknown permission com.android.permission.airsharing_mediabrowser_interface in package com.rockchips.mediacenter
01-01 03:00:10.704   420   509 W PackageManager: Unknown permission com.rockchips.mediacenter.dlna_server in package com.rockchips.mediacenter
01-01 03:00:10.704   420   509 W PackageManager: Unknown permission com.rockchips.mediacenter.localscan_server in package com.rockchips.mediacenter
01-01 03:00:10.704   420   509 W PackageManager: Unknown permission com.android.rockchips.permission.MEDIACENTER_SEND_RECV in package com.rockchips.mediacenter
01-01 03:00:10.704   420   509 W PackageManager: Unknown permission android.permission.ACCESS_SUPERUSER in package com.rockchips.mediacenter
01-01 03:00:10.705   420   509 W PackageManager: Not granting permission android.permission.INTERACT_ACROSS_USERS to package com.google.android.syncadapters.contacts (protectionLevel=50 flags=0x38083e45)
01-01 03:00:10.705   420   509 W PackageManager: Unknown permission com.google.android.syncadapters.contacts.permission.GAL_SEARCH in package com.google.android.syncadapters.contacts
01-01 03:00:10.705   420   509 W PackageManager: Unknown permission com.chrome.permission.DEVICE_EXTRAS in package com.android.chrome
01-01 03:00:10.705   420   509 W PackageManager: Unknown permission com.sec.enterprise.knox.MDM_CONTENT_PROVIDER in package com.android.chrome
01-01 03:00:10.705   420   509 W PackageManager: Unknown permission com.google.android.permission.INSTALL_WEARABLE_PACKAGES in package com.google.android.packageinstaller
01-01 03:00:10.705   420   509 W PackageManager: Unknown permission android.permission.FOREGROUND_SERVICE in package com.google.android.gms
01-01 03:00:10.705   420   509 W PackageManager: Unknown permission android.permission.START_ACTIVITIES_FROM_BACKGROUND in package com.google.android.gms
01-01 03:00:10.705   420   509 W PackageManager: Unknown permission android.permission.REMOTE_DISPLAY_PROVIDER in package com.google.android.gms
01-01 03:00:10.705   420   509 W PackageManager: Not granting permission android.permission.DISPATCH_PROVISIONING_MESSAGE to package com.google.android.gms (protectionLevel=18 flags=0xb8483ec5)
01-01 03:00:10.705   420   509 W PackageManager: Unknown permission android.permission.RECOVER_KEYSTORE in package com.google.android.gms
01-01 03:00:10.705   420   509 W PackageManager: Unknown permission android.permission.PRE_FACTORY_RESET in package com.google.android.gms
01-01 03:00:10.705   420   509 W PackageManager: Unknown permission com.google.android.apps.enterprise.dmagent.permission.AutoSyncPermission in package com.google.android.gms
01-01 03:00:10.705   420   509 W PackageManager: Unknown permission android.permission.ALLOCATE_AGGRESSIVE in package com.google.android.gms
01-01 03:00:10.705   420   509 W PackageManager: Unknown permission android.car.permission.CAR_POWER in package com.google.android.gms
01-01 03:00:10.705   420   509 W PackageManager: Unknown permission com.google.android.wearable.WRITE_SETTINGS in package com.google.android.gms
01-01 03:00:10.705   420   509 W PackageManager: Unknown permission com.felicanetworks.mfc.permission.MFC_ACCESS in package com.google.android.gms
01-01 03:00:10.705   420   509 W PackageManager: Unknown permission com.felicanetworks.mfc.mfi.permission.MFI_ACCESS in package com.google.android.gms
01-01 03:00:10.705   420   509 W PackageManager: Unknown permission android.permission.ACCESS_BACKGROUND_LOCATION in package com.google.android.gms
01-01 03:00:10.706   420   509 W PackageManager: Unknown permission com.google.android.googlequicksearchbox.permission.PAUSE_HOTWORD in package com.google.android.gms
01-01 03:00:10.706   420   509 W PackageManager: Unknown permission android.permission.CONTROL_DISPLAY_SATURATION in package com.google.android.gms
01-01 03:00:10.706   420   509 W PackageManager: Unknown permission com.google.android.hangouts.START_HANGOUT in package com.google.android.gms
01-01 03:00:10.706   420   509 W PackageManager: Unknown permission android.car.permission.CAR_ENERGY in package com.google.android.gms
01-01 03:00:10.706   420   509 W PackageManager: Unknown permission android.car.permission.CAR_ENERGY_PORTS in package com.google.android.gms
01-01 03:00:10.706   420   509 W PackageManager: Unknown permission android.car.permission.CAR_EXTERIOR_LIGHTS in package com.google.android.gms
01-01 03:00:10.706   420   509 W PackageManager: Unknown permission android.car.permission.CAR_INFO in package com.google.android.gms
01-01 03:00:10.706   420   509 W PackageManager: Unknown permission android.car.permission.CAR_MILEAGE in package com.google.android.gms
01-01 03:00:10.706   420   509 W PackageManager: Unknown permission android.car.permission.CAR_TIRES in package com.google.android.gms
01-01 03:00:10.706   420   509 W PackageManager: Unknown permission android.car.permission.CONTROL_CAR_CLIMATE in package com.google.android.gms
01-01 03:00:10.706   420   509 W PackageManager: Unknown permission android.car.permission.CONTROL_CAR_DOORS in package com.google.android.gms
01-01 03:00:10.706   420   509 W PackageManager: Unknown permission android.car.permission.CONTROL_CAR_EXTERIOR_LIGHTS in package com.google.android.gms
01-01 03:00:10.706   420   509 W PackageManager: Unknown permission android.car.permission.CONTROL_CAR_MIRRORS in package com.google.android.gms
01-01 03:00:10.706   420   509 W PackageManager: Unknown permission android.car.permission.CONTROL_CAR_SEATS in package com.google.android.gms
01-01 03:00:10.706   420   509 W PackageManager: Unknown permission android.car.permission.CONTROL_CAR_WINDOWS in package com.google.android.gms
01-01 03:00:10.706   420   509 W PackageManager: Not granting permission android.permission.MODIFY_DAY_NIGHT_MODE to package com.google.android.gms (protectionLevel=18 flags=0xb8483ec5)
01-01 03:00:10.706   420   509 W PackageManager: Unknown permission com.google.android.permission.ACCESSIBILITY_SCAN_SERVICE in package com.google.android.gms
01-01 03:00:10.706   420   509 W PackageManager: Not granting permission android.permission.START_TASKS_FROM_RECENTS to package com.google.android.gms (protectionLevel=18 flags=0xb8483ec5)
01-01 03:00:10.706   420   509 W PackageManager: Not granting permission android.permission.MANAGE_ACTIVITY_STACKS to package com.google.android.gms (protectionLevel=18 flags=0xb8483ec5)
01-01 03:00:10.706   420   509 W PackageManager: Unknown permission android.permission.ACTIVITY_EMBEDDING in package com.google.android.gms
01-01 03:00:10.706   420   509 W PackageManager: Unknown permission android.permission.PROVIDE_RESOLVER_RANKER_SERVICE in package com.google.android.gms
01-01 03:00:10.706   420   509 W PackageManager: Unknown permission com.google.android.clockwork.settings.SHOW_FACTORY_RESET_CONFIRMATION in package com.google.android.gms
01-01 03:00:10.706   420   509 W PackageManager: Unknown permission com.google.android.wearable.READ_SETTINGS in package com.google.android.gms
01-01 03:00:10.706   420   509 W PackageManager: Unknown permission android.permission.READ_MEDIA_AUDIO in package com.google.android.gms
01-01 03:00:10.706   420   509 W PackageManager: Unknown permission android.permission.READ_MEDIA_IMAGES in package com.google.android.gms
01-01 03:00:10.706   420   509 W PackageManager: Unknown permission android.permission.READ_MEDIA_VIDEO in package com.google.android.gms
01-01 03:00:10.706   420   509 W PackageManager: Unknown permission android.permission.SUBSTITUTE_SHARE_TARGET_APP_NAME_AND_ICON in package com.google.android.gms
01-01 03:00:10.706   420   509 W PackageManager: Unknown permission android.permission.ACTIVITY_RECOGNITION in package com.google.android.gms
01-01 03:00:10.706   420   509 W PackageManager: Unknown permission android.permission.MANAGE_SUBSCRIPTION_PLANS in package com.google.android.gms
01-01 03:00:10.706   420   509 W PackageManager: Unknown permission android.permission.READ_DEVICE_CONFIG in package com.google.android.gms
01-01 03:00:10.706   420   509 W PackageManager: Unknown permission android.permission.WRITE_DEVICE_CONFIG in package com.google.android.gms
01-01 03:00:10.706   420   509 W PackageManager: Unknown permission com.google.android.apps.now.OPT_IN_WIZARD in package com.google.android.gms
01-01 03:00:10.706   420   509 W PackageManager: Unknown permission com.google.android.setupwizard.SETUP_COMPAT_SERVICE in package com.google.android.gms
01-01 03:00:10.707   420   509 W PackageManager: Unknown permission com.google.android.gms.game.notifications.permission.WRITE in package com.google.android.gms
01-01 03:00:10.707   420   509 W PackageManager: Unknown permission com.google.android.launcher.permission.RECEIVE_LAUNCH_BROADCASTS in package com.google.android.gms
01-01 03:00:10.707   420   509 W PackageManager: Unknown permission android.permission.RESET_PASSWORD in package com.google.android.gms
01-01 03:00:10.707   420   509 W PackageManager: Unknown permission android.permission.LOCK_DEVICE in package com.google.android.gms
01-01 03:00:10.707   420   509 W PackageManager: Unknown permission android.permission.CONTROL_KEYGUARD_SECURE_NOTIFICATIONS in package com.google.android.gms
01-01 03:00:10.707   420   509 W PackageManager: Unknown permission com.google.android.gm.permission.READ_GMAIL in package com.google.android.gms
01-01 03:00:10.707   420   509 W PackageManager: Unknown permission com.android.launcher.permission.PRELOAD_WORKSPACE in package com.google.android.partnersetup
01-01 03:00:10.707   420   509 W PackageManager: Not granting permission android.permission.DELETE_PACKAGES to package com.svox.pico (protectionLevel=18 flags=0x3808be45)
01-01 03:00:10.707   420   509 W PackageManager: Not granting permission android.permission.CONTROL_KEYGUARD to package com.google.android.gsf.login (protectionLevel=2 flags=0x3048be45)
01-01 03:00:10.707   420   509 W PackageManager: Unknown permission com.android.vending.billing.IBillingAccountService.BIND2 in package com.google.android.gsf.login
01-01 03:00:10.708   420   509 W PackageManager: Unknown permission com.android.launcher.permission.READ_SETTINGS in package com.android.settings
01-01 03:00:10.708   420   509 W PackageManager: Unknown permission com.android.launcher.permission.WRITE_SETTINGS in package com.android.settings
01-01 03:00:10.708   420   509 W PackageManager: Not granting permission android.permission.WRITE_EXTERNAL_STORAGE to package com.termux because it was previously installed without
01-01 03:00:10.708   420   509 W PackageManager: Unknown permission android.permission.FOREGROUND_SERVICE in package com.termux
01-01 03:00:10.708   420   509 W PackageManager: Not granting permission android.permission.READ_EXTERNAL_STORAGE to package com.termux because it was previously installed without
01-01 03:00:10.709   420   509 W PackageManager: Unknown permission com.android.launcher.permission.READ_SETTINGS in package com.DeviceTest
01-01 03:00:10.709   420   509 W PackageManager: Unknown permission com.google.android.gallery3d.permission.GALLERY_PROVIDER in package com.android.bluetooth
01-01 03:00:10.709   420   509 W PackageManager: Unknown permission com.android.gallery3d.permission.GALLERY_PROVIDER in package com.android.bluetooth
01-01 03:00:10.710   420   509 W PackageManager: Unknown permission android.permission.PROCESS_PHONE_ACCOUNT_REGISTRATION in package com.android.providers.contacts
01-01 03:00:10.723   420   477 I UsageStatsService: User[0] Rollover scheduled @ 1970-01-02 03:00:10(86410691)
01-01 03:00:10.806   420   509 W MountService: No primary storage mounted!
01-01 03:00:10.806   420   509 D VoldConnector: SND -> {2 asec list}
01-01 03:00:10.807   420   510 D VoldConnector: RCV <- {200 2 asec operation succeeded}
01-01 03:00:10.809   420   420 I SystemServer: StartLockSettingsService
01-01 03:00:10.809   420   420 I SystemServiceManager: Starting com.android.server.LockSettingsService$Lifecycle
01-01 03:00:10.818   420   420 I SystemServiceManager: Starting com.android.server.DeviceIdleController
01-01 03:00:10.824   420   420 I SystemServiceManager: Starting com.android.server.devicepolicy.DevicePolicyManagerService$Lifecycle
01-01 03:00:10.832   420   420 I SystemServer: StartStatusBarManagerService
01-01 03:00:10.834   420   420 I SystemServer: StartClipboardService
01-01 03:00:10.837   420   420 I SystemServer: StartNetworkManagementService
01-01 03:00:10.840   420   513 I NetworkManagement: onDaemonConnected()
01-01 03:00:10.844   420   420 I SystemServiceManager: Starting com.android.server.TextServicesManagerService$Lifecycle
01-01 03:00:10.846   420   420 W TextServicesManagerService: no available spell checker services found
01-01 03:00:10.847   420   420 I SystemServer: StartNetworkScoreService
01-01 03:00:10.851   420   420 I SystemServer: StartNetworkStatsService
01-01 03:00:10.856   420   420 I SystemServer: StartNetworkPolicyManagerService
01-01 03:00:10.862   420   420 I SystemServer: No Wi-Fi NAN Service (NAN support Not Present)
01-01 03:00:10.864   420   420 I SystemServiceManager: Starting com.android.server.wifi.p2p.WifiP2pService
01-01 03:00:10.930   420   420 I SystemServiceManager: Starting com.android.server.wifi.WifiService
01-01 03:00:11.137   420   420 I SystemServiceManager: Starting com.android.server.wifi.scanner.WifiScanningService
01-01 03:00:11.145   420   420 I SystemServiceManager: Starting com.android.server.wifi.RttService
01-01 03:00:11.148   420   420 I SystemServer: StartEthernetService
01-01 03:00:11.149   420   420 I SystemServiceManager: Starting com.android.server.ethernet.EthernetService
01-01 03:00:11.152   420   420 I SystemServer: StartPppoeService
01-01 03:00:11.153   420   420 I SystemServiceManager: Starting com.android.server.pppoe.PppoeService
01-01 03:00:11.158   420   420 I SystemServer: StartConnectivityService
01-01 03:00:11.165   420   420 D ConnectivityService: ConnectivityService starting up
01-01 03:00:11.168   420   420 D ConnectivityService: wifiOnly=true
01-01 03:00:11.168   420   420 D ConnectivityService: naString=wifi,1,1,2,-1,true config=android.net.NetworkConfig@8fbdeb1
01-01 03:00:11.168   420   420 D ConnectivityService: naString=mobile,0,0,0,-1,true config=android.net.NetworkConfig@efdef96
01-01 03:00:11.168   420   420 D ConnectivityService: networkAttributes - ignoring mobile as this dev is wifiOnly 0
01-01 03:00:11.169   420   420 D ConnectivityService: naString=mobile_mms,2,0,2,60000,true config=android.net.NetworkConfig@522e717
01-01 03:00:11.169   420   420 D ConnectivityService: networkAttributes - ignoring mobile as this dev is wifiOnly 2
01-01 03:00:11.169   420   420 D ConnectivityService: naString=mobile_supl,3,0,2,60000,true config=android.net.NetworkConfig@50f9704
01-01 03:00:11.169   420   420 D ConnectivityService: networkAttributes - ignoring mobile as this dev is wifiOnly 3
01-01 03:00:11.169   420   420 D ConnectivityService: naString=mobile_dun,4,0,2,60000,true config=android.net.NetworkConfig@8beb4ed
01-01 03:00:11.169   420   420 D ConnectivityService: networkAttributes - ignoring mobile as this dev is wifiOnly 4
01-01 03:00:11.169   420   420 D ConnectivityService: naString=mobile_hipri,5,0,3,60000,true config=android.net.NetworkConfig@a16f22
01-01 03:00:11.169   420   420 D ConnectivityService: networkAttributes - ignoring mobile as this dev is wifiOnly 5
01-01 03:00:11.169   420   420 D ConnectivityService: naString=mobile_fota,10,0,2,60000,true config=android.net.NetworkConfig@ae4ddb3
01-01 03:00:11.169   420   420 D ConnectivityService: networkAttributes - ignoring mobile as this dev is wifiOnly 10
01-01 03:00:11.169   420   420 D ConnectivityService: naString=mobile_ims,11,0,2,60000,true config=android.net.NetworkConfig@a711f70
01-01 03:00:11.169   420   420 D ConnectivityService: networkAttributes - ignoring mobile as this dev is wifiOnly 11
01-01 03:00:11.169   420   420 D ConnectivityService: naString=mobile_cbs,12,0,2,60000,true config=android.net.NetworkConfig@a5eb2e9
01-01 03:00:11.169   420   420 D ConnectivityService: networkAttributes - ignoring mobile as this dev is wifiOnly 12
01-01 03:00:11.169   420   420 D ConnectivityService: naString=bluetooth,7,7,0,-1,true config=android.net.NetworkConfig@e0b5b6e
01-01 03:00:11.169   420   420 D ConnectivityService: naString=ethernet,9,9,9,-1,true config=android.net.NetworkConfig@5c5a20f
01-01 03:00:11.169   420   420 D ConnectivityService: mNetworksDefined=4
01-01 03:00:11.169   420   420 E ConnectivityService: Ignoring protectedNetwork 10
01-01 03:00:11.169   420   420 E ConnectivityService: Ignoring protectedNetwork 11
01-01 03:00:11.169   420   420 E ConnectivityService: Ignoring protectedNetwork 12
01-01 03:00:11.169   420   420 E ConnectivityService: Ignoring protectedNetwork 14
01-01 03:00:11.169   420   420 E ConnectivityService: Ignoring protectedNetwork 15
01-01 03:00:11.181   420   420 I SystemServer: StartNsdService
01-01 03:00:11.187   420   420 I SystemServer: StartUpdateLockService
01-01 03:00:11.189   420   420 I SystemServiceManager: Starting com.android.server.RecoverySystemService
01-01 03:00:11.191   420   420 I SystemServiceManager: Starting com.android.server.notification.NotificationManagerService
01-01 03:00:11.206   420   420 D ConditionProviders.SCP: new ScheduleConditionProvider()
01-01 03:00:11.215   420   420 D ZenLog  : config: readXml,ZenModeConfig[user=0,allowCalls=true,allowRepeatCallers=false,allowMessages=false,allowCallsFrom=contacts,allowMessagesFrom=contacts,allowReminders=true,allowEvents=true,allowWhenScreenOff=true,allowWhenScreenOn=true,automaticRules={25a6dd96a24b4df6bd3088c7e3097477=ZenRule[enabled=false,snoozing=false,name=Weekend,zenMode=ZEN_MODE_ALARMS,conditionId=condition://android/schedule?days=6.7&start=23.30&end=10.0&exitAtAlarm=false,condition=Condition[id=condition://android/schedule?days=6.7&start=23.30&end=10.0&exitAtAlarm=false,summary=...,line1=...,line2=...,icon=0,state=STATE_FALSE,flags=2],component=ComponentInfo{android/com.android.server.notification.ScheduleConditionProvider},id=25a6dd96a24b4df6bd3088c7e3097477,creationTime=171343,enabler=null], a39688c18c6949eb93d2d819ff254056=ZenRule[enabled=false,snoozing=false,name=Weeknight,zenMode=ZEN_MODE_ALARMS,conditionId=condition://android/schedule?days=1.2.3.4.5&start=22.0&end=7.0&exitAtAlarm=false,condition=Condition[id=condition://android/schedule?days=1.2.3.4.5&start=22.0&end=7.0&exitAtAlarm=false,summary=...,line1=...,line2=...,icon=0,state=STATE_FALSE,flags=2],component=ComponentInfo{android/com.android.server.notification.ScheduleConditionProvider},id=a39688c18c6949eb93d2d819ff254056,creationTime=171343,enabler=null], 5d561a952c594803b5e4af64eefc6361=ZenRule[enabled=false,snoozing=false,name=Event,zenMode=ZEN_MODE_ALARMS,conditionId=condition://android/event?userId=-10000&calendar=&reply=1,condition=Condition[id=condition://android/event?userId=-10000&calendar=&reply=1,summary=...,line1=...,line2=...,icon=0,state=STATE_FALSE,flags=2],component=ComponentInfo{android/com.android.server.notification.EventConditionProvider},id=5d561a952c594803b5e4af64eefc6361,creationTime=171344,enabler=null]},manualRule=null],Diff[automaticRule[90f64ccccf1a436c958747f5d1bd410f]:delete,automaticRule[e53baad0b51f4482a8e1420fe38b7e50]:delete,automaticRule[25a6dd96a24b4df6bd3088c7e3097477]:insert,automaticRule[a39688c18c6949eb93d2d819ff254056]:insert,automaticRule[5d561a952c594803b5e4af64eefc6361]:insert,automaticRule[d541c97d324546a98c66d68d07c882fd]:delete]
01-01 03:00:11.230   420   420 D ZenLog  : set_zen_mode: off,init
01-01 03:00:11.233   420   420 I SystemServiceManager: Starting com.android.server.storage.DeviceStorageMonitorService
01-01 03:00:11.237   420   420 I SystemServer: StartLocationManagerService
01-01 03:00:11.239   420   420 I SystemServer: StartCountryDetectorService
01-01 03:00:11.241   420   420 I SystemServer: StartSearchManagerService
01-01 03:00:11.241   420   420 I SystemServiceManager: Starting com.android.server.search.SearchManagerService$Lifecycle
01-01 03:00:11.244   420   420 I SystemServiceManager: Starting com.android.server.DropBoxManagerService
01-01 03:00:11.247   420   420 I SystemServer: StartAudioService
01-01 03:00:11.247   420   420 I SystemServiceManager: Starting com.android.server.audio.AudioService$Lifecycle
01-01 03:00:11.290   420   420 I SystemServer: StartWiredAccessoryManager
01-01 03:00:11.292   420   420 W WiredAccessoryManager: This kernel does not have wired headset support
01-01 03:00:11.292   420   420 W WiredAccessoryManager: This kernel does not have dp audio support
01-01 03:00:11.292   420   420 I SystemServiceManager: Starting com.android.server.usb.UsbService$Lifecycle
01-01 03:00:11.297   420   420 I UsbDeviceManager: Setting USB config to mtp
01-01 03:00:11.307   420   420 I SystemServer: StartSerialService
01-01 03:00:11.309   420   420 I SystemServiceManager: Starting com.android.server.twilight.TwilightService
01-01 03:00:11.310   420   420 I SystemServiceManager: Starting com.android.server.job.JobSchedulerService
01-01 03:00:11.314   420   420 D JobStore: Start tag: job-info
01-01 03:00:11.315   420   420 W JobStore: Periodic job for uid='1000' persisted run-time is too big [433815:45:44, 433816:57:44]. Clamping to [24:00:11,25:12:11]
01-01 03:00:11.316   420   420 W JobStore: Periodic job for uid='1000' persisted run-time is too big [433815:45:44, 433816:57:44]. Clamping to [24:00:11,25:12:11]
01-01 03:00:11.317   420   420 W JobStore: Periodic job for uid='1000' persisted run-time is too big [433815:45:44, 433816:57:44]. Clamping to [24:00:11,25:12:11]
01-01 03:00:11.318   420   420 W JobStore: Periodic job for uid='1000' persisted run-time is too big [433815:45:44, 433816:57:44]. Clamping to [24:00:11,25:12:11]
01-01 03:00:11.318   420   420 W JobStore: Periodic job for uid='1000' persisted run-time is too big [433839:45:44, 433842:09:44]. Clamping to [48:00:11,50:24:11]
01-01 03:00:11.319   420   420 W JobStore: Periodic job for uid='1000' persisted run-time is too big [433815:45:44, 433816:57:44]. Clamping to [24:00:11,25:12:11]
01-01 03:00:11.320   420   420 W JobStore: Periodic job for uid='1000' persisted run-time is too big [433948:45:44, 433956:36:44]. Clamping to [157:00:11,164:51:11]
01-01 03:00:11.321   420   420 W JobStore: Periodic job for uid='1000' persisted run-time is too big [433815:45:44, 433816:57:44]. Clamping to [24:00:11,25:12:11]
01-01 03:00:11.322   420   420 W JobStore: Periodic job for uid='1000' persisted run-time is too big [433815:45:44, 433816:57:44]. Clamping to [24:00:11,25:12:11]
01-01 03:00:11.322   420   420 W JobStore: Periodic job for uid='1000' persisted run-time is too big [433815:45:44, 433816:57:44]. Clamping to [24:00:11,25:12:11]
01-01 03:00:11.323   420   420 W JobStore: Periodic job for uid='1000' persisted run-time is too big [433815:45:44, 433816:57:44]. Clamping to [24:00:11,25:12:11]
01-01 03:00:11.324   420   420 W JobStore: Periodic job for uid='1000' persisted run-time is too big [433793:45:44, 433793:50:44]. Clamping to [1:00:11,1:05:11]
01-01 03:00:11.325   420   420 W JobStore: Periodic job for uid='1000' persisted run-time is too big [433815:45:44, 433816:57:44]. Clamping to [24:00:11,25:12:11]
01-01 03:00:11.325   420   420 W JobStore: Periodic job for uid='1000' persisted run-time is too big [433815:45:44, 433816:57:44]. Clamping to [24:00:11,25:12:11]
01-01 03:00:11.326   420   420 W JobStore: Periodic job for uid='1000' persisted run-time is too big [433815:45:44, 433816:57:44]. Clamping to [24:00:11,25:12:11]
01-01 03:00:11.337   420   420 I SystemServiceManager: Starting com.android.server.soundtrigger.SoundTriggerService
01-01 03:00:11.339   420   420 I SystemServiceManager: Starting com.android.server.backup.BackupManagerService$Lifecycle
01-01 03:00:11.342   420   420 I SystemServiceManager: Starting com.android.server.appwidget.AppWidgetService
01-01 03:00:11.353   420   420 I SystemServiceManager: Starting com.android.server.voiceinteraction.VoiceInteractionManagerService
01-01 03:00:11.356   420   420 I SystemServer: Gesture Launcher Service
01-01 03:00:11.356   420   420 I SystemServiceManager: Starting com.android.server.GestureLauncherService
01-01 03:00:11.357   420   420 I SystemServiceManager: Starting com.android.server.SensorNotificationService
01-01 03:00:11.357   420   420 I SystemServiceManager: Starting com.android.server.ContextHubSystemService
01-01 03:00:11.358   420   420 I SystemServer: StartDiskStatsService
01-01 03:00:11.361   420   420 I SystemServer: StartSamplingProfilerService
01-01 03:00:11.372   420   420 I SystemServer: StartNetworkTimeUpdateService
01-01 03:00:11.374   420   420 I SystemServer: StartCommonTimeManagementService
01-01 03:00:11.376   420   420 I SystemServer: CertBlacklister
01-01 03:00:11.377   420   420 I SystemServiceManager: Starting com.android.server.emergency.EmergencyAffordanceService
01-01 03:00:11.378   420   420 I SystemServiceManager: Starting com.android.server.dreams.DreamManagerService
01-01 03:00:11.382   420   420 I SystemServer: StartAssetAtlasService
01-01 03:00:11.385   420   420 I SystemServiceManager: Starting com.android.server.restrictions.RestrictionsManagerService
01-01 03:00:11.388   420   420 I SystemServiceManager: Starting com.android.server.media.MediaSessionService
01-01 03:00:11.404   420   420 I SystemServiceManager: Starting com.android.server.hdmi.HdmiControlService
01-01 03:00:11.416   420   420 I HdmiControlService: Device does not support MHL-control.
01-01 03:00:11.422   420   420 I SystemServiceManager: Starting com.android.server.tv.TvInputManagerService
01-01 03:00:11.430   420   420 I SystemServiceManager: Starting com.android.server.media.MediaResourceMonitorService
01-01 03:00:11.431   420   420 I SystemServer: StartMediaRouterService
01-01 03:00:11.434   420   420 I SystemServiceManager: Starting com.android.server.trust.TrustManagerService
01-01 03:00:11.437   420   420 I SystemServer: DisplayDeviceManagementService Service
01-01 03:00:11.438   420   420 D DisplayDeviceManagementService: DisplayDeviceManagementService start
01-01 03:00:11.439   420   420 I SystemServer: StartBackgroundDexOptService
01-01 03:00:11.440   420   420 I SystemServiceManager: Starting com.android.server.pm.ShortcutService$Lifecycle
01-01 03:00:11.447   420   420 I SystemServiceManager: Starting com.android.server.pm.LauncherAppsService
01-01 03:00:11.449   420   420 I SystemServiceManager: Starting com.android.server.media.projection.MediaProjectionManagerService
01-01 03:00:11.464   420   420 I SystemServiceManager: Starting com.android.server.MmsServiceBroker
01-01 03:00:11.496   420   420 E LockSettingsStorage: Cannot read file java.io.FileNotFoundException: /data/system/gatekeeper.password.key: open failed: ENOENT (No such file or directory)
01-01 03:00:11.497   420   420 E LockSettingsStorage: Cannot read file java.io.FileNotFoundException: /data/system/password.key: open failed: ENOENT (No such file or directory)
