01-01 03:00:11.498   420   420 E LockSettingsStorage: Cannot read file java.io.FileNotFoundException: /data/system/gatekeeper.pattern.key: open failed: ENOENT (No such file or directory)
01-01 03:00:11.498   420   420 E LockSettingsStorage: Cannot read file java.io.FileNotFoundException: /data/system/gatekeeper.gesture.key: open failed: ENOENT (No such file or directory)
01-01 03:00:11.499   420   420 E LockSettingsStorage: Cannot read file java.io.FileNotFoundException: /data/system/gesture.key: open failed: ENOENT (No such file or directory)
01-01 03:00:11.499   420   420 I SystemServiceManager: Starting phase 480
01-01 03:00:11.513   420   420 I DevicePolicyManagerService: Set ro.device_owner property to false
01-01 03:00:11.516   420   420 I SystemServiceManager: Starting phase 500
01-01 03:00:11.528   420   420 D ConnectivityService: listenForNetwork for uid/pid:1000/420 NetworkRequest [ LISTEN id=3, [] ]
01-01 03:00:11.533   420   420 I WifiService: WifiService starting up with Wi-Fi disabled
01-01 03:00:11.565   420   526 D ConnectivityService: Got NetworkFactory Messenger for Ethernet
01-01 03:00:11.566   420   526 D ConnectivityService: NetworkFactory connected
01-01 03:00:11.658   420   420 D ZenLog  : config: cleanUpZenRules,ZenModeConfig[user=0,allowCalls=true,allowRepeatCallers=false,allowMessages=false,allowCallsFrom=contacts,allowMessagesFrom=contacts,allowReminders=true,allowEvents=true,allowWhenScreenOff=true,allowWhenScreenOn=true,automaticRules={25a6dd96a24b4df6bd3088c7e3097477=ZenRule[enabled=false,snoozing=false,name=Weekend,zenMode=ZEN_MODE_ALARMS,conditionId=condition://android/schedule?days=6.7&start=23.30&end=10.0&exitAtAlarm=false,condition=Condition[id=condition://android/schedule?days=6.7&start=23.30&end=10.0&exitAtAlarm=false,summary=...,line1=...,line2=...,icon=0,state=STATE_FALSE,flags=2],component=ComponentInfo{android/com.android.server.notification.ScheduleConditionProvider},id=25a6dd96a24b4df6bd3088c7e3097477,creationTime=171343,enabler=null], a39688c18c6949eb93d2d819ff254056=ZenRule[enabled=false,snoozing=false,name=Weeknight,zenMode=ZEN_MODE_ALARMS,conditionId=condition://android/schedule?days=1.2.3.4.5&start=22.0&end=7.0&exitAtAlarm=false,condition=Condition[id=condition://android/schedule?days=1.2.3.4.5&start=22.0&end=7.0&exitAtAlarm=false,summary=...,line1=...,line2=...,icon=0,state=STATE_FALSE,flags=2],component=ComponentInfo{android/com.android.server.notification.ScheduleConditionProvider},id=a39688c18c6949eb93d2d819ff254056,creationTime=171343,enabler=null], 5d561a952c594803b5e4af64eefc6361=ZenRule[enabled=false,snoozing=false,name=Event,zenMode=ZEN_MODE_ALARMS,conditionId=condition://android/event?userId=-10000&calendar=&reply=1,condition=Condition[id=condition://android/event?userId=-10000&calendar=&reply=1,summary=...,line1=...,line2=...,icon=0,state=STATE_FALSE,flags=2],component=ComponentInfo{android/com.android.server.notification.EventConditionProvider},id=5d561a952c594803b5e4af64eefc6361,creationTime=171344,enabler=null]},manualRule=null],Diff[]
01-01 03:00:11.658   420   420 D ZenLog  : set_zen_mode: off,onSystemReady
01-01 03:00:11.661   420   420 W SoundTriggerHelper: listModules status=0, # of modules=0
01-01 03:00:11.694   420   420 V UserManagerService: Found /data/user_de/0 with serial number 0
01-01 03:00:11.694   420   487 W KeyguardServiceDelegate: onScreenTurningOn(): no keyguard service!
01-01 03:00:11.694   420   420 V UserManagerService: Found /data/user/0 with serial number 0
01-01 03:00:11.695   420   420 V UserManagerService: Found /data/system_de/0 with serial number 0
01-01 03:00:11.695   420   420 V UserManagerService: Found /data/system_ce/0 with serial number 0
01-01 03:00:11.730   420   420 D ActivityManager: OK, system ready!
01-01 03:00:11.731   420   420 I ActivityManager: System now ready
01-01 03:00:11.735   420   478 I SystemServer: Making services ready
01-01 03:00:11.735   420   478 I SystemServiceManager: Starting phase 550
01-01 03:00:11.738   420   478 W ActivityManager: Unable to start service Intent { act=com.android.ITelecomService cmp=com.android.server.telecom/.components.TelecomService } U=0: not found
01-01 03:00:11.738   420   420 W VoiceInteractionManagerService: no available voice interaction services found for user 0
01-01 03:00:11.739   420   420 W VoiceInteractionManagerService: no available voice recognition services found for user 0
01-01 03:00:11.753   420   420 I ActivityManager: Start proc 614:com.android.systemui/u0a19 for added application com.android.systemui
01-01 03:00:11.754   420   420 I ActivityManager: START u0 {act=android.intent.action.MAIN cat=[android.intent.category.HOME] flg=0x10000100 cmp=com.android.tv.settings/.system.FallbackHome} from uid 0 on display 0
01-01 03:00:11.768   420   420 I ActivityManager: Loaded persisted task ids for user 0
01-01 03:00:11.785   420   420 I ActivityManager: Start proc 628:com.android.tv.settings/1000 for activity com.android.tv.settings/.system.FallbackHome
01-01 03:00:11.788   420   420 I SystemServer: Enabled StrictMode for system server main thread.
01-01 03:00:11.795   420   420 D ConditionProviders.SCP: onConnected
01-01 03:00:11.796   420   420 D ZenLog  : set_zen_mode: off,readXml
01-01 03:00:11.796   420   420 D ConditionProviders: Subscribing to condition://android/schedule?days=6.7&start=23.30&end=10.0&exitAtAlarm=false with ComponentInfo{android/com.android.server.notification.ScheduleConditionProvider}
01-01 03:00:11.797   420   420 D ZenLog  : subscribe: condition://android/schedule?days=6.7&start=23.30&end=10.0&exitAtAlarm=false,ok
01-01 03:00:11.797   420   420 D ConditionProviders: Subscribing to condition://android/schedule?days=1.2.3.4.5&start=22.0&end=7.0&exitAtAlarm=false with ComponentInfo{android/com.android.server.notification.ScheduleConditionProvider}
01-01 03:00:11.797   420   420 D ZenLog  : subscribe: condition://android/schedule?days=1.2.3.4.5&start=22.0&end=7.0&exitAtAlarm=false,ok
01-01 03:00:11.797   420   420 D ConditionProviders: Subscribing to condition://android/event?userId=-10000&calendar=&reply=1 with ComponentInfo{android/com.android.server.notification.EventConditionProvider}
01-01 03:00:11.797   420   420 D ZenLog  : subscribe: condition://android/event?userId=-10000&calendar=&reply=1,ok
01-01 03:00:11.801   420   478 E InputMethodManagerService: Ignoring updateSystemUiLocked due to an invalid token. uid:1000 token:null
01-01 03:00:11.801   420   478 I InputMethodManagerService: All the enabled IMEs are gone. Reset default enabled IMEs.
01-01 03:00:11.801   420   478 W InputMethodUtils: Found no fallback locale. imis=[]
01-01 03:00:11.801   420   478 W InputMethodUtils: No software keyboard is found. imis=[] systemLocale=en_US fallbackLocale=null
01-01 03:00:11.801   420   509 D MountService: Thinking about init, mSystemReady=true, mDaemonConnected=true
01-01 03:00:11.802   420   509 D MountService: Setting up emulation state, initlocked=false
01-01 03:00:11.802   420   478 W TextServicesManagerService: no available spell checker services found
01-01 03:00:11.802   420   509 D CryptdConnector: SND -> {2 cryptfs unlock_user_key 0 0 ! !}
01-01 03:00:11.803   153   165 D vold    : e4crypt_unlock_user_key 0 serial=0 token_present=0
01-01 03:00:11.804   420   478 D UsbAlsaManager: Adding ALSA device AlsaDevice: [card: 2, device: 0, type: 1]
01-01 03:00:11.804   420   478 D UsbAlsaManager: Adding ALSA device AlsaDevice: [card: 0, device: 0, type: 1]
01-01 03:00:11.804   420   478 D UsbAlsaManager: Adding ALSA device AlsaDevice: [card: 1, device: 0, type: 1]
01-01 03:00:11.804   420   511 D CryptdConnector: RCV <- {200 2 Command succeeded}
01-01 03:00:11.805   420   509 D MountService: Thinking about reset, mSystemReady=true, mDaemonConnected=true
01-01 03:00:11.805   420   509 D VoldConnector: SND -> {3 volume reset}
01-01 03:00:11.806   420   478 I SystemServer: WebViewFactory preparation
01-01 03:00:11.807   153   164 V vold    : /system/bin/sgdisk
01-01 03:00:11.807   153   164 V vold    :     --android-dump
01-01 03:00:11.807   153   164 V vold    :     /dev/block/vold/disk:8,0
01-01 03:00:11.807   420   510 D VoldConnector: RCV <- {651 emulated 7}
01-01 03:00:11.808   420   510 D VoldConnector: RCV <- {659 emulated}
01-01 03:00:11.808   420   510 D VoldConnector: RCV <- {650 emulated 2 "" ""}
01-01 03:00:11.809   420   510 D VoldConnector: RCV <- {651 emulated 0}
01-01 03:00:11.809   420   510 D VoldConnector: RCV <- {651 public:8,1 7}
01-01 03:00:11.817   420   510 D VoldConnector: RCV <- {659 public:8,1}
01-01 03:00:11.817   420   510 D VoldConnector: RCV <- {649 disk:8,0}
01-01 03:00:11.818   420   510 D VoldConnector: RCV <- {640 disk:8,0 8}
01-01 03:00:11.818   420   510 D VoldConnector: RCV <- {641 disk:8,0 500867006464}
01-01 03:00:11.819   420   510 D VoldConnector: RCV <- {642 disk:8,0 Generic 
01-01 03:00:11.819   420   510 D VoldConnector: }
01-01 03:00:11.819   420   510 D VoldConnector: RCV <- {644 disk:8,0 /sys//devices/usb.25/ff600000.dwc3/xhci-hcd.0.auto/usb1/1-1/1-1:1.0/host0/target0:0:0/0:0:0:0/block/sda}
01-01 03:00:11.828   420   483 V MountService: Found primary storage at VolumeInfo{emulated}:
01-01 03:00:11.828   420   483 V MountService:     type=EMULATED diskId=null partGuid=null mountFlags=0 mountUserId=-1 
01-01 03:00:11.828   420   483 V MountService:     state=UNMOUNTED 
01-01 03:00:11.828   420   483 V MountService:     fsType=null fsUuid=null fsLabel=null 
01-01 03:00:11.828   420   483 V MountService:     path=null internalPath=null 
01-01 03:00:11.843   420   538 W HdmiCecController: Failed to send <Report Physical Address> src: 4, dst: 15, params: FF FF 04
01-01 03:00:11.843   153   164 V vold    : DISK mbr
01-01 03:00:11.844   153   164 V vold    : 
01-01 03:00:11.844   153   164 V vold    : PART 1 83
01-01 03:00:11.844   153   164 V vold    : 
01-01 03:00:11.844   153   164 I vold    : type =83
01-01 03:00:11.844   420   538 W HdmiCecController: Failed to send <Device Vendor Id> src: 4, dst: 15, params: 00 00 01
01-01 03:00:11.845   420   510 D VoldConnector: RCV <- {650 public:8,1 0 "disk:8,0" ""}
01-01 03:00:11.845   420   510 D VoldConnector: RCV <- {651 public:8,1 0}
01-01 03:00:11.846   420   510 D VoldConnector: RCV <- {643 disk:8,0}
01-01 03:00:11.846   420   510 D VoldConnector: RCV <- {200 3 Command succeeded}
01-01 03:00:11.847   420   509 D VoldConnector: SND -> {4 volume user_added 0 0}
01-01 03:00:11.847   420   510 D VoldConnector: RCV <- {200 4 Command succeeded}
01-01 03:00:11.849   420   509 D VoldConnector: SND -> {5 volume mount emulated 3 -1}
01-01 03:00:11.851   153   164 V vold    : Waiting for FUSE to spin up...
01-01 03:00:11.851   420   510 D VoldConnector: RCV <- {651 emulated 1}
01-01 03:00:11.852   420   510 D VoldConnector: RCV <- {656 emulated /data/media}
01-01 03:00:11.852   420   510 D VoldConnector: RCV <- {655 emulated /storage/emulated}
01-01 03:00:11.872   420   641 D UsbHostManager: Added device UsbDevice[mName=/dev/bus/usb/001/002,mVendorId=1507,mProductId=1846,mClass=0,mSubclass=0,mProtocol=0,mManufacturerName=Generic,mProductName=USB Storage,mVersion=2.0,mSerialNumber=000000000272,mConfigurations=[
01-01 03:00:11.872   420   641 D UsbHostManager: UsbConfiguration[mId=1,mName=null,mAttributes=128,mMaxPower=49,mInterfaces=[
01-01 03:00:11.872   420   641 D UsbHostManager: UsbInterface[mId=0,mAlternateSetting=0,mName=null,mClass=8,mSubclass=6,mProtocol=80,mEndpoints=[
01-01 03:00:11.872   420   641 D UsbHostManager: UsbEndpoint[mAddress=129,mAttributes=2,mMaxPacketSize=512,mInterval=0]
01-01 03:00:11.872   420   641 D UsbHostManager: UsbEndpoint[mAddress=2,mAttributes=2,mMaxPacketSize=512,mInterval=0]]]]
01-01 03:00:11.872   420   641 W ContextImpl: Calling a method in the system process without a qualified user: android.app.ContextImpl.sendBroadcast:877 com.android.server.usb.UsbSettingsManager.deviceAttached:739 com.android.server.usb.UsbHostManager.endUsbDeviceAdded:225 com.android.server.usb.UsbHostManager.monitorUsbHostBus:-2 com.android.server.usb.UsbHostManager.-wrap0:-1 
01-01 03:00:11.901   153   164 V vold    : Waiting for FUSE to spin up...
01-01 03:00:11.952   420   510 D VoldConnector: RCV <- {651 emulated 2}
01-01 03:00:11.952   420   510 D VoldConnector: RCV <- {200 5 Command succeeded}
01-01 03:00:11.953   420   509 D VoldConnector: SND -> {6 volume mount public:8,1 2 0}
01-01 03:00:11.954   153   164 V vold    : /system/bin/blkid
01-01 03:00:11.954   153   164 V vold    :     -c
01-01 03:00:11.954   153   164 V vold    :     /dev/null
01-01 03:00:11.954   153   164 V vold    :     -s
01-01 03:00:11.954   153   164 V vold    :     TYPE
01-01 03:00:11.954   153   164 V vold    :     -s
01-01 03:00:11.954   153   164 V vold    :     UUID
01-01 03:00:11.954   153   164 V vold    :     -s
01-01 03:00:11.954   153   164 V vold    :     LABEL
01-01 03:00:11.954   153   164 V vold    :     /dev/block/vold/public:8,1
01-01 03:00:11.954   420   510 D VoldConnector: RCV <- {651 public:8,1 1}
01-01 03:00:12.037   420   420 D ZenLog  : set_zen_mode: off,cleanUpZenRules
01-01 03:00:12.079   153   164 V vold    : /dev/block/vold/public:8,1: LABEL="512Gb ext4" UUID="e14e8b4a-c6c3-4546-b069-dfbdf64d0b66" TYPE="ext4" 
01-01 03:00:12.079   153   164 V vold    : 
01-01 03:00:12.081   420   510 D VoldConnector: RCV <- {652 public:8,1 ext4}
01-01 03:00:12.081   420   510 D VoldConnector: RCV <- {653 public:8,1 e14e8b4a-c6c3-4546-b069-dfbdf64d0b66}
01-01 03:00:12.082   420   510 D VoldConnector: RCV <- {654 public:8,1 512Gb ext4}
01-01 03:00:12.082   420   510 D VoldConnector: RCV <- {656 public:8,1 /mnt/media_rw/e14e8b4a-c6c3-4546-b069-dfbdf64d0b66}
01-01 03:00:12.083   420   510 D VoldConnector: RCV <- {655 public:8,1 /storage/e14e8b4a-c6c3-4546-b069-dfbdf64d0b66}
01-01 03:00:12.133   420   478 W ActivityManager: Slow operation: 86ms so far, now at startProcess: returned from zygote!
01-01 03:00:12.133   420   478 W ActivityManager: Slow operation: 86ms so far, now at startProcess: done updating battery stats
01-01 03:00:12.133   420   478 W ActivityManager: Slow operation: 86ms so far, now at startProcess: building log message
01-01 03:00:12.133   420   478 I ActivityManager: Start proc 689:WebViewLoader-armeabi-v7a/1037 [android.webkit.WebViewFactory$RelroFileCreator] for 
01-01 03:00:12.133   420   478 W ActivityManager: Slow operation: 86ms so far, now at startProcess: starting to update pids map
01-01 03:00:12.133   420   478 W ActivityManager: Slow operation: 86ms so far, now at startProcess: done updating pids map
01-01 03:00:12.133   420   478 W ActivityManager: Slow operation: 89ms so far, now at startProcess: done starting proc!
01-01 03:00:12.153   420   478 I ActivityManager: Start proc 713:WebViewLoader-arm64-v8a/1037 [android.webkit.WebViewFactory$RelroFileCreator] for 
01-01 03:00:12.162   420   478 D NetworkManagement: enabling bandwidth control
01-01 03:00:12.163   420   420 D ConditionProviders.SCP: onSubscribe condition://android/schedule?days=6.7&start=23.30&end=10.0&exitAtAlarm=false
01-01 03:00:12.164   420   420 D ConditionProviders.SCP: setRegistered true
01-01 03:00:12.167   420   420 D ConditionProviders.SCP: notifyCondition condition://android/schedule?days=6.7&start=23.30&end=10.0&exitAtAlarm=false STATE_FALSE reason=!meetsSchedule
01-01 03:00:12.183   614   614 D lvjinhua:  Failed while trying resolve alarm filter file, not exists
01-01 03:00:12.256   153   164 V vold    : /system/bin/e2fsck
01-01 03:00:12.256   153   164 V vold    :     -y
01-01 03:00:12.256   153   164 V vold    :     /dev/block/vold/public:8,1
01-01 03:00:12.257   614   614 V FingerprintManager: FingerprintManagerService was null
01-01 03:00:12.266   420   420 D ConditionProviders.SCP: Scheduling evaluate for Thu Jan 01 10:00:00 GMT+03:00 1970 (25200000), in +6h59m47s836ms, now=Thu Jan 01 03:00:12 GMT+03:00 1970 (12164)
01-01 03:00:12.266   420   420 D ConditionProviders.SCP: onSubscribe condition://android/schedule?days=1.2.3.4.5&start=22.0&end=7.0&exitAtAlarm=false
01-01 03:00:12.267   420   420 D ConditionProviders.SCP: notifyCondition condition://android/schedule?days=6.7&start=23.30&end=10.0&exitAtAlarm=false STATE_FALSE reason=!meetsSchedule
01-01 03:00:12.268   420   420 D ConditionProviders.SCP: notifyCondition condition://android/schedule?days=1.2.3.4.5&start=22.0&end=7.0&exitAtAlarm=false STATE_TRUE reason=meetsSchedule
01-01 03:00:12.269   420   420 D ConditionProviders.SCP: Scheduling evaluate for Thu Jan 01 07:00:00 GMT+03:00 1970 (14400000), in +3h59m47s733ms, now=Thu Jan 01 03:00:12 GMT+03:00 1970 (12267)
01-01 03:00:12.270   420   420 W ContextImpl: Calling a method in the system process without a qualified user: android.app.ContextImpl.startService:1357 com.android.server.content.SyncManager$13.run:658 android.os.Handler.handleCallback:755 android.os.Handler.dispatchMessage:95 android.os.Looper.loop:154 
01-01 03:00:12.280   420   420 D ZenLog  : config: conditionChanged,ZenModeConfig[user=0,allowCalls=true,allowRepeatCallers=false,allowMessages=false,allowCallsFrom=contacts,allowMessagesFrom=contacts,allowReminders=true,allowEvents=true,allowWhenScreenOff=true,allowWhenScreenOn=true,automaticRules={25a6dd96a24b4df6bd3088c7e3097477=ZenRule[enabled=false,snoozing=false,name=Weekend,zenMode=ZEN_MODE_ALARMS,conditionId=condition://android/schedule?days=6.7&start=23.30&end=10.0&exitAtAlarm=false,condition=Condition[id=condition://android/schedule?days=6.7&start=23.30&end=10.0&exitAtAlarm=false,summary=...,line1=...,line2=...,icon=0,state=STATE_FALSE,flags=2],component=ComponentInfo{android/com.android.server.notification.ScheduleConditionProvider},id=25a6dd96a24b4df6bd3088c7e3097477,creationTime=171343,enabler=null], a39688c18c6949eb93d2d819ff254056=ZenRule[enabled=false,snoozing=false,name=Weeknight,zenMode=ZEN_MODE_ALARMS,conditionId=condition://android/schedule?days=1.2.3.4.5&start=22.0&end=7.0&exitAtAlarm=false,condition=Condition[id=condition://android/schedule?days=1.2.3.4.5&start=22.0&end=7.0&exitAtAlarm=false,summary=...,line1=...,line2=...,icon=0,state=STATE_TRUE,flags=2],component=ComponentInfo{android/com.android.server.notification.ScheduleConditionProvider},id=a39688c18c6949eb93d2d819ff254056,creationTime=171343,enabler=null], 5d561a952c594803b5e4af64eefc6361=ZenRule[enabled=false,snoozing=false,name=Event,zenMode=ZEN_MODE_ALARMS,conditionId=condition://android/event?userId=-10000&calendar=&reply=1,condition=Condition[id=condition://android/event?userId=-10000&calendar=&reply=1,summary=...,line1=...,line2=...,icon=0,state=STATE_FALSE,flags=2],component=ComponentInfo{android/com.android.server.notification.EventConditionProvider},id=5d561a952c594803b5e4af64eefc6361,creationTime=171344,enabler=null]},manualRule=null],Diff[automaticRule[a39688c18c6949eb93d2d819ff254056].condition:Condition[id=condition://android/schedule?days=1.2.3.4.5&start=22.0&end=7.0&exitAtAlarm=false,summary=...,line1=...,line2=...,icon=0,state=STATE_FALSE,flags=2]->Condition[id=condition://android/schedule?days=1.2.3.4.5&start=22.0&end=7.0&exitAtAlarm=false,summary=...,line1=...,line2=...,icon=0,state=STATE_TRUE,flags=2]]
01-01 03:00:12.295   420   477 I SyncManager: Got SyncJobService instance.
01-01 03:00:12.553   420   420 D ZenLog  : set_zen_mode: off,conditionChanged
01-01 03:00:12.553   420   478 D NetworkPolicy: setRestrictBackgroundUL(): false
01-01 03:00:12.695   420   479 W WindowManager: Keyguard drawn timeout. Setting mKeyguardDrawComplete
01-01 03:00:12.741   420   478 I SystemServiceManager: Starting phase 600
01-01 03:00:12.755   420   478 D SensorNotificationService: Cannot obtain dynamic meta sensor, not supported.
01-01 03:00:12.765   420   478 W LocationProviderProxy-network: Odd, no component found for service com.android.location.service.v3.NetworkLocationProvider
01-01 03:00:12.772   420   478 W GeocoderProxy: Odd, no component found for service com.android.location.service.GeocodeProvider
01-01 03:00:12.778   420   478 D LocationManagerService: FLP HAL not supported
01-01 03:00:12.781   420   478 W GeofenceProxy: Odd, no component found for service com.android.location.service.GeofenceProvider
01-01 03:00:12.783   420   478 D LocationManagerService: Hardware Activity-Recognition not supported.
01-01 03:00:12.784   420   478 W ActivityRecognitionProxy: Odd, no component found for service com.android.location.service.ActivityRecognitionProvider
01-01 03:00:12.800   420   420 V WiredAccessoryManager: init()
01-01 03:00:12.807   420   478 I MmsServiceBroker: Delay connecting to MmsService until an API is called
--------- beginning of main
01-01 03:00:12.829   195   676 I OMXMaster: makeComponentInstance(OMX.google.hevc.decoder) in mediacodec process
01-01 03:00:12.832   420   478 I ActivityManager: Force stopping com.android.providers.media appid=10006 user=-1: vold reset
01-01 03:00:12.833   420   478 V KeyguardServiceDelegate: *** Keyguard: can't bind to ComponentInfo{com.android.systemui/com.android.systemui.keyguard.KeyguardService}
01-01 03:00:12.833   420   478 W KeyguardServiceDelegate: onScreenTurningOn(): no keyguard service!
01-01 03:00:12.835   420   532 E ActivityThread: Failed to find provider info for com.android.calendar
01-01 03:00:12.867   420   478 I SystemServiceManager: Starting phase 1000
01-01 03:00:12.869   420   532 E ActivityThread: Failed to find provider info for com.android.calendar
01-01 03:00:12.889   420   478 I ActivityManager: Start proc 835:com.google.android.ext.services/u0a9 for on-hold
01-01 03:00:12.899   420   478 D ActivityManager: Finishing user boot 0
01-01 03:00:12.909   420   478 D CryptdConnector: SND -> {3 cryptfs prepare_user_storage ! 0 0 2}
01-01 03:00:12.910   153   165 D vold    : e4crypt_prepare_user_storage for volume null, user 0, serial 0, flags 2
01-01 03:00:12.910   153   165 D vold    : Preparing: /data/system_ce/0
01-01 03:00:12.910   153   165 D vold    : Preparing: /data/misc_ce/0
01-01 03:00:12.910   153   165 D vold    : Preparing: /data/media/0
01-01 03:00:12.910   153   165 D vold    : Preparing: /data/data
01-01 03:00:12.910   420   511 D CryptdConnector: RCV <- {200 3 Command succeeded}
01-01 03:00:12.911   420   478 V UserManagerService: Found /data/user/0 with serial number 0
01-01 03:00:12.912   420   478 V UserManagerService: Found /data/system_ce/0 with serial number 0
01-01 03:00:12.912   420   478 V PackageManager: reconcileAppsData for null u0 0x2
01-01 03:00:12.927   848   848 I bootstat: Service started: /system/bin/bootstat --record_boot_complete 
01-01 03:00:12.928   848   848 I bootstat: Logging histogram: bootstat_mtime_matches_content 1
01-01 03:00:12.930   848   848 I bootstat: Logging histogram: bootstat_mtime_matches_content 1
01-01 03:00:12.930   848   848 E bootstat: Failed to read /data/misc/bootstat/post_decrypt_time_elapsed: No such file or directory
01-01 03:00:12.930   848   848 E bootstat: Failed to parse boot time record: /data/misc/bootstat/post_decrypt_time_elapsed
01-01 03:00:12.941   195   217 E OMXNodeInstance: getExtensionIndex(c30018:google.hevc.decoder, OMX.google.android.index.configureVideoTunnelMode) ERROR: UnsupportedIndex(0x8000101a)
01-01 03:00:12.941   195   195 W OMXNodeInstance: [c30018:google.hevc.decoder] component does not support metadata mode; using fallback
01-01 03:00:12.946   198   198 I MediaPlayerService: MediaPlayerService::getOMX
01-01 03:00:12.946   198   198 I OMXClient: MuxOMX ctor
01-01 03:00:12.947   195   676 I OMXMaster: makeComponentInstance(OMX.google.vp8.decoder) in mediacodec process
01-01 03:00:12.965   852   852 I bootstat: Service started: /system/bin/bootstat --record_boot_reason 
01-01 03:00:12.965   852   852 I bootstat: Unknown boot reason: 
01-01 03:00:12.994   856   856 I bootstat: Service started: /system/bin/bootstat --record_time_since_factory_reset 
01-01 03:00:12.994   856   856 I bootstat: Logging histogram: factory_reset_current_time 12
01-01 03:00:12.996   741   741 I e2fsck  : type=1400 audit(0.0:43): avc: denied { read } for name="public:8,1" dev="tmpfs" ino=10039 scontext=u:r:fsck:s0 tcontext=u:object_r:vold_device:s0 tclass=blk_file permissive=1
01-01 03:00:12.996   741   741 I e2fsck  : type=1400 audit(0.0:44): avc: denied { open } for path="/dev/block/vold/public:8,1" dev="tmpfs" ino=10039 scontext=u:r:fsck:s0 tcontext=u:object_r:vold_device:s0 tclass=blk_file permissive=1
01-01 03:00:12.996   741   741 I e2fsck  : type=1400 audit(0.0:45): avc: denied { ioctl } for path="/dev/block/vold/public:8,1" dev="tmpfs" ino=10039 ioctlcmd=1272 scontext=u:r:fsck:s0 tcontext=u:object_r:vold_device:s0 tclass=blk_file permissive=1
01-01 03:00:12.999   856   856 I bootstat: Logging histogram: bootstat_mtime_matches_content 1
01-01 03:00:12.999   856   856 I bootstat: Logging histogram: factory_reset_record_value 174
01-01 03:00:13.014   153   164 I e2fsck  : 512Gb_ext4: clean, 20/30572544 files, 1969480/122281728 blocks
01-01 03:00:13.025   153   164 D vold    : public:8,1 passed filesystem check
01-01 03:00:13.032   858   858 I bootstat: Service started: /system/bin/bootstat -l 
01-01 03:00:13.033   858   858 I bootstat: Logging histogram: bootstat_mtime_matches_content 1
01-01 03:00:13.034   858   858 I bootstat: Logging histogram: bootstat_mtime_matches_content 1
01-01 03:00:13.043   858   858 I bootstat: Logging histogram: bootstat_mtime_matches_content 1
01-01 03:00:13.043   858   858 I bootstat: Logging histogram: bootstat_mtime_matches_content 1
01-01 03:00:13.043   858   858 I bootstat: Logging histogram: bootstat_mtime_matches_content 1
01-01 03:00:13.044   858   858 I bootstat: Logging histogram: bootstat_mtime_matches_content 1
01-01 03:00:13.044   858   858 I bootstat: Logging histogram: bootstat_mtime_matches_content 1
01-01 03:00:13.044   858   858 I bootstat: Logging histogram: bootstat_mtime_matches_content 1
01-01 03:00:13.044   858   858 I bootstat: Logging histogram: bootstat_mtime_matches_content 1
01-01 03:00:13.044   858   858 I bootstat: Logging histogram: bootstat_mtime_matches_content 1
01-01 03:00:13.044   858   858 I bootstat: Logging histogram: bootstat_mtime_matches_content 1
01-01 03:00:13.044   858   858 I bootstat: Logging histogram: bootstat_mtime_matches_content 1
01-01 03:00:13.044   858   858 I bootstat: Logging histogram: last_boot_time_utc 12
01-01 03:00:13.044   858   858 I bootstat: Logging histogram: build_date 1507888948
01-01 03:00:13.044   858   858 I bootstat: Logging histogram: ota_boot_complete_no_encryption 173
01-01 03:00:13.044   858   858 I bootstat: Logging histogram: ota_boot_complete 173
01-01 03:00:13.044   858   858 I bootstat: Logging histogram: boot_reason 1
01-01 03:00:13.044   858   858 I bootstat: Logging histogram: factory_reset_current_time 12
01-01 03:00:13.044   858   858 I bootstat: Logging histogram: factory_reset 174
01-01 03:00:13.044   858   858 I bootstat: Logging histogram: time_since_last_boot -1
01-01 03:00:13.044   858   858 I bootstat: Logging histogram: boot_complete_no_encryption 12
01-01 03:00:13.044   858   858 I bootstat: Logging histogram: boot_complete 12
01-01 03:00:13.045   858   858 I bootstat: Logging histogram: factory_reset_record_value 174
01-01 03:00:13.045   858   858 I bootstat: Logging histogram: time_since_factory_reset -162
01-01 03:00:13.046   195   195 E OMXNodeInstance: getExtensionIndex(c30019:google.vp8.decoder, OMX.google.android.index.configureVideoTunnelMode) ERROR: UnsupportedIndex(0x8000101a)
01-01 03:00:13.046   195   217 W OMXNodeInstance: [c30019:google.vp8.decoder] component does not support metadata mode; using fallback
01-01 03:00:13.049   198   198 I MediaPlayerService: MediaPlayerService::getOMX
01-01 03:00:13.050   198   198 I OMXClient: MuxOMX ctor
01-01 03:00:13.051   195   676 I OMXMaster: makeComponentInstance(OMX.google.vp9.decoder) in mediacodec process
01-01 03:00:13.113   193   193 W cutils  : Expected path /data/data/com.google.android.gms with mode 700 but found 751
01-01 03:00:13.114   195   195 E OMXNodeInstance: getExtensionIndex(c3001a:google.vp9.decoder, OMX.google.android.index.configureVideoTunnelMode) ERROR: UnsupportedIndex(0x8000101a)
01-01 03:00:13.114   195   217 W OMXNodeInstance: [c3001a:google.vp9.decoder] component does not support metadata mode; using fallback
01-01 03:00:13.116   193   193 W cutils  : Expected path /data/data/com.google.android.gms with mode 700 but found 751
01-01 03:00:13.117   198   198 I MediaPlayerService: MediaPlayerService::getOMX
01-01 03:00:13.118   198   198 I OMXClient: MuxOMX ctor
01-01 03:00:13.118   195   676 I OMXMaster: makeComponentInstance(OMX.google.h263.encoder) in mediacodec process
01-01 03:00:13.126   153   164 V vold    : Waiting for FUSE to spin up...
01-01 03:00:13.136   190   190 I audioserver: type=1400 audit(0.0:46): avc: denied { read } for scontext=u:r:audioserver:s0 tcontext=u:r:audioserver:s0 tclass=netlink_kobject_uevent_socket permissive=1
01-01 03:00:13.137   865   865 W sdcard  : Device explicitly disabled sdcardfs
01-01 03:00:13.177   420   510 D VoldConnector: RCV <- {651 public:8,1 2}
01-01 03:00:13.177   420   510 D VoldConnector: RCV <- {200 6 Command succeeded}
01-01 03:00:13.178   420   509 E VoldConnector: NDC Command {6 volume mount public:8,1 2 0} took too long (1224ms)
01-01 03:00:13.181   195   676 I SoftMPEG4Encoder: Construct SoftMPEG4Encoder
01-01 03:00:13.184   198   198 W ACodec  : do not know color format 0x7f000789 = 2130708361
01-01 03:00:13.185   195   217 E OMXNodeInstance: getConfig(c3001b:google.h263.encoder, ConfigAndroidIntraRefresh(0x6f60000a)) ERROR: Undefined(0x80001001)
01-01 03:00:13.189   198   198 I MediaPlayerService: MediaPlayerService::getOMX
01-01 03:00:13.190   198   198 I OMXClient: MuxOMX ctor
01-01 03:00:13.190   195   217 I OMXMaster: makeComponentInstance(OMX.google.mpeg4.encoder) in mediacodec process
01-01 03:00:13.232   420   478 V PackageManager: reconcileAppsData finished 72 packages
01-01 03:00:13.232   420   459 W art     : Long monitor contention with owner ActivityManager (478) at void com.android.server.am.ActivityManagerService.finishBooting()(ActivityManagerService.java:7019) waiters=1 in void com.android.server.am.ActivityManagerService.attachApplication(android.app.IApplicationThread) for 325ms
01-01 03:00:13.235   420   420 W art     : Long monitor contention with owner ActivityManager (478) at void com.android.server.am.ActivityManagerService.finishBooting()(ActivityManagerService.java:7019) waiters=2 in android.content.pm.UserInfo com.android.server.am.UserController.getCurrentUser() for 320ms
01-01 03:00:13.239   420   460 W WindowManager: animateResizePinnedStack: stackId 4 not found.
01-01 03:00:13.244   420   478 D MountService: onUnlockUser 0
01-01 03:00:13.245   420   478 D VoldConnector: SND -> {7 volume user_started 0}
01-01 03:00:13.246   153   164 D vold    : Linking /storage/emulated/0 to /mnt/user/0/primary
01-01 03:00:13.246   420   510 D VoldConnector: RCV <- {200 7 Command succeeded}
01-01 03:00:13.252   420   509 D MountService: Volume emulated broadcasting mounted to UserHandle{0}
01-01 03:00:13.253   420   509 D MountService: Volume public:8,1 broadcasting mounted to UserHandle{0}
01-01 03:00:13.257   195   217 I SoftMPEG4Encoder: Construct SoftMPEG4Encoder
01-01 03:00:13.263   835   835 W System  : ClassLoader referenced unknown path: /system/priv-app/GoogleExtServices/lib/arm64
01-01 03:00:13.266   198   198 W ACodec  : do not know color format 0x7f000789 = 2130708361
01-01 03:00:13.267   195   676 E OMXNodeInstance: getConfig(c3001c:google.mpeg4.encoder, ConfigAndroidIntraRefresh(0x6f60000a)) ERROR: Undefined(0x80001001)
01-01 03:00:13.275   198   198 I MediaPlayerService: MediaPlayerService::getOMX
01-01 03:00:13.275   198   198 I OMXClient: MuxOMX ctor
01-01 03:00:13.276   195   676 I OMXMaster: makeComponentInstance(OMX.google.vp8.encoder) in mediacodec process
01-01 03:00:13.289   420   420 W BroadcastQueue: Unable to launch app com.google.android.gms/10008 for broadcast Intent { act=android.location.PROVIDERS_CHANGED flg=0x10 }: process is bad
01-01 03:00:13.336   420   478 V BackupManagerService: Starting with transport com.google.android.gms/.backup.BackupTransportService
01-01 03:00:13.336   420   478 V BackupManagerService: Found transports: 2
01-01 03:00:13.337   420   477 W Searchables: No global search activity found
01-01 03:00:13.349   420   478 I ActivityManager: Start proc 877:com.google.android.gms.persistent/u0a8 for service com.google.android.gms/.backup.BackupTransportService
01-01 03:00:13.350   420   478 I BackupManagerService: Backup enabled => true
01-01 03:00:13.354   614   614 I Choreographer: Skipped 34 frames!  The application may be doing too much work on its main thread.
01-01 03:00:13.375   198   198 W ACodec  : do not know color format 0x7f000789 = 2130708361
01-01 03:00:13.375   195   217 E OMXNodeInstance: getConfig(c3001d:google.vp8.encoder, ConfigAndroidIntraRefresh(0x6f60000a)) ERROR: Undefined(0x80001001)
01-01 03:00:13.380   198   198 I MediaPlayerService: MediaPlayerService::getOMX
01-01 03:00:13.382   198   198 I OMXClient: MuxOMX ctor
01-01 03:00:13.389   198   198 I MediaPlayerService: MediaPlayerService::getOMX
01-01 03:00:13.394   198   198 I OMXClient: MuxOMX ctor
01-01 03:00:13.395   198   198 W MediaCodecList: unable to open media codecs configuration xml file: /data/misc/media/media_codecs_profiling_results.xml
01-01 03:00:13.395   420   478 V KeyValueBackupJob: Scheduling k/v pass in 245 minutes
01-01 03:00:13.395   420   646 I StatusBarManagerService: registerStatusBar bar=com.android.internal.statusbar.IStatusBar$Stub$Proxy@965e615
01-01 03:00:13.396   198   722 I MediaPlayerService: MediaPlayerService::getOMX
01-01 03:00:13.403   198   722 I OMXClient: MuxOMX ctor
01-01 03:00:13.403   198   277 I MediaPlayerService: MediaPlayerService::getOMX
01-01 03:00:13.403   198   722 I ACodec  : onAllocateComponent:6703 mSoftCodecPref:0 componentName:
01-01 03:00:13.404   198   722 I ACodec  : onAllocateComponent:6734 mSoftCodecPref:0 componentName:OMX.google.vorbis.decoder
01-01 03:00:13.404   195   195 I OMXMaster: makeComponentInstance(OMX.google.vorbis.decoder) in mediacodec process
01-01 03:00:13.404   198   675 I MediaPlayerService: MediaPlayerService::getOMX
01-01 03:00:13.405   420   420 V BackupManagerService: Connected to transport ComponentInfo{android/com.android.internal.backup.LocalTransportService}
01-01 03:00:13.405   420   420 V BackupManagerService: Registering transport android/com.android.internal.backup.LocalTransportService::android/com.android.internal.backup.LocalTransport = android.app.backup.BackupTransport$TransportImpl@ddd51f6
01-01 03:00:13.407   614   748 I OMXClient: MuxOMX ctor
01-01 03:00:13.407   614   748 I ACodec  : onAllocateComponent:6703 mSoftCodecPref:0 componentName:
01-01 03:00:13.408   420   661 I OMXClient: MuxOMX ctor
01-01 03:00:13.408   420   661 I ACodec  : onAllocateComponent:6703 mSoftCodecPref:0 componentName:
01-01 03:00:13.408   614   748 I ACodec  : onAllocateComponent:6734 mSoftCodecPref:0 componentName:OMX.google.vorbis.decoder
01-01 03:00:13.410   420   661 I ACodec  : onAllocateComponent:6734 mSoftCodecPref:0 componentName:OMX.google.vorbis.decoder
01-01 03:00:13.425   614   614 D StorageNotification: Notifying about public volume: VolumeInfo{public:8,1}:
01-01 03:00:13.425   614   614 D StorageNotification:     type=PUBLIC diskId=disk:8,0 partGuid=null mountFlags=VISIBLE mountUserId=0 
01-01 03:00:13.425   614   614 D StorageNotification:     state=MOUNTED 
01-01 03:00:13.425   614   614 D StorageNotification:     fsType=ext4 fsUuid=e14e8b4a-c6c3-4546-b069-dfbdf64d0b66 fsLabel=512Gb ext4 
01-01 03:00:13.425   614   614 D StorageNotification:     path=/storage/e14e8b4a-c6c3-4546-b069-dfbdf64d0b66 
01-01 03:00:13.425   614   614 D StorageNotification:     internalPath=/mnt/media_rw/e14e8b4a-c6c3-4546-b069-dfbdf64d0b66 
01-01 03:00:13.427   420   478 W VoiceInteractionManagerService: no available voice interaction services found for user 0
01-01 03:00:13.427   420   478 W VoiceInteractionManagerService: no available voice recognition services found for user 0
01-01 03:00:13.429   420   478 I ActivityManager: Loading recents for user 0 into memory.
01-01 03:00:13.444   420   874 I BackupManagerService: Found stale backup journal, scheduling
01-01 03:00:13.470   420   478 I ActivityManager: Start proc 906:com.example.changeled/1000 for added application com.example.changeled
01-01 03:00:13.481   420   478 I ActivityManager: Start proc 913:com.android.inputmethod.latin/u0a35 for added application com.android.inputmethod.latin
01-01 03:00:13.483   195   217 I OMXMaster: makeComponentInstance(OMX.google.vorbis.decoder) in mediacodec process
01-01 03:00:13.484   195   676 I OMXMaster: makeComponentInstance(OMX.google.vorbis.decoder) in mediacodec process
01-01 03:00:13.485   195   904 E OMXNodeInstance: setConfig(c3001e:google.vorbis.decoder, ConfigPriority(0x6f800002)) ERROR: Undefined(0x80001001)
01-01 03:00:13.485   198   722 I ACodec  : codec does not support config priority (err -2147483648)
01-01 03:00:13.488   198   722 I MediaCodec: MediaCodec will operate in async mode
01-01 03:00:13.517   420   478 I ActivityManager: Start proc 938:com.cghs.stresstest/1000 for added application com.cghs.stresstest
01-01 03:00:13.519   420   478 D ActivityManager: Sending BOOT_COMPLETE user #0
01-01 03:00:13.523   198   720 D AudioTrack: Client defaulted notificationFrames to 11264 for frameCount 22528
01-01 03:00:13.554   614   762 I vol.Events: writeEvent level_changed STREAM_SYSTEM 7
01-01 03:00:13.554   614   762 I vol.Events: writeEvent level_changed STREAM_SYSTEM 2
01-01 03:00:13.575   628   628 D FallbackHome: User unlocked and real home found; let's go!
01-01 03:00:13.617   614   745 I MediaCodec: callingProcessName:com.android.systemui
01-01 03:00:13.617   420   460 I ActivityManager: START u0 {act=android.intent.action.MAIN cat=[android.intent.category.HOME] flg=0x10000100 cmp=org.cosinus.launchertv/.Launcher} from uid 0 on display 0
01-01 03:00:13.619   198   758 I MediaPlayerService: MediaPlayerService::getOMX
01-01 03:00:13.621   614   966 I OMXClient: MuxOMX ctor
01-01 03:00:13.621   614   966 I ACodec  : onAllocateComponent:6703 mSoftCodecPref:0 componentName:
01-01 03:00:13.621   420   655 I MediaCodec: callingProcessName:system_server
01-01 03:00:13.622   614   966 I ACodec  : onAllocateComponent:6734 mSoftCodecPref:0 componentName:OMX.google.vorbis.decoder
01-01 03:00:13.624   198   675 I MediaPlayerService: MediaPlayerService::getOMX
01-01 03:00:13.624   195   195 I OMXMaster: makeComponentInstance(OMX.google.vorbis.decoder) in mediacodec process
01-01 03:00:13.624   420   420 I AccountManagerService: User 0 is unlocked - opening CE database
01-01 03:00:13.625   420   967 I OMXClient: MuxOMX ctor
01-01 03:00:13.625   420   967 I ACodec  : onAllocateComponent:6703 mSoftCodecPref:0 componentName:
01-01 03:00:13.628   420   967 I ACodec  : onAllocateComponent:6734 mSoftCodecPref:0 componentName:OMX.google.vorbis.decoder
01-01 03:00:13.629   195   217 I OMXMaster: makeComponentInstance(OMX.google.vorbis.decoder) in mediacodec process
01-01 03:00:13.647   420   460 I ActivityManager: Start proc 972:org.cosinus.launchertv/u0a53 for activity org.cosinus.launchertv/.Launcher
01-01 03:00:13.688   190   240 D AudioHardwareTiny: out_set_parameters: kvpairs = routing=1024
01-01 03:00:13.690   190   190 I AudioOut_D: type=1400 audit(0.0:47): avc: denied { read } for name="audioinfo" dev="sysfs" ino=10339 scontext=u:r:audioserver:s0 tcontext=u:object_r:sysfs_hdmi:s0 tclass=file permissive=1
01-01 03:00:13.690   190   190 I AudioOut_D: type=1400 audit(0.0:48): avc: denied { open } for path="/sys/devices/virtual/display/HDMI/audioinfo" dev="sysfs" ino=10339 scontext=u:r:audioserver:s0 tcontext=u:object_r:sysfs_hdmi:s0 tclass=file permissive=1
01-01 03:00:13.690   190   190 I AudioOut_D: type=1400 audit(0.0:49): avc: denied { getattr } for path="/sys/devices/virtual/display/HDMI/audioinfo" dev="sysfs" ino=10339 scontext=u:r:audioserver:s0 tcontext=u:object_r:sysfs_hdmi:s0 tclass=file permissive=1
01-01 03:00:13.691   198   687 D NuPlayerDriver: notifyListener_l(0xe5e20a80), (6, 0, 0), loop setting(0, 0)
01-01 03:00:13.691   190   240 E AudioFlinger: no wake lock to update, but system ready!
01-01 03:00:13.691   190   240 D AudioHardwareTiny: start_output_stream
01-01 03:00:13.692   190   240 D AudioHardwareTiny: Device     : 0x402
01-01 03:00:13.692   190   240 D AudioHardwareTiny: SampleRate : 44100
01-01 03:00:13.692   190   240 D AudioHardwareTiny: Channels   : 2
01-01 03:00:13.692   190   240 D AudioHardwareTiny: Formate    : 0
01-01 03:00:13.692   190   240 D AudioHardwareTiny: PreiodSize : 512
01-01 03:00:13.692   190   240 D alsa_route: route_info->sound_card 0, route_info->devices 0  
01-01 03:00:13.692   190   240 D alsa_route: route_set_controls() set route 24
01-01 03:00:13.753   420   965 I ActivityManager: Start proc 987:com.android.keychain/1000 for service com.android.keychain/.KeyChainService
01-01 03:00:13.757   420   431 I art     : Background sticky concurrent mark sweep GC freed 15583(1359KB) AllocSpace objects, 31(620KB) LOS objects, 13% free, 8MB/10MB, paused 33.222ms total 161.668ms
01-01 03:00:13.798   972   972 I art     : Starting a blocking GC AddRemoveAppImageSpace
01-01 03:00:13.799   972   972 W System  : ClassLoader referenced unknown path: /data/app/org.cosinus.launchertv-1/lib/arm64
01-01 03:00:13.821   614   745 I MediaCodec: callingProcessName:com.android.systemui
01-01 03:00:13.824   198   675 I MediaPlayerService: MediaPlayerService::getOMX
01-01 03:00:13.826   614  1010 I OMXClient: MuxOMX ctor
01-01 03:00:13.826   614  1010 I ACodec  : onAllocateComponent:6703 mSoftCodecPref:0 componentName:
01-01 03:00:13.827   614  1010 I ACodec  : onAllocateComponent:6734 mSoftCodecPref:0 componentName:OMX.google.vorbis.decoder
01-01 03:00:13.829   195   904 I OMXMaster: makeComponentInstance(OMX.google.vorbis.decoder) in mediacodec process
01-01 03:00:13.832   906   906 I art     : Starting a blocking GC AddRemoveAppImageSpace
01-01 03:00:13.833   906   906 W System  : ClassLoader referenced unknown path: /system/priv-app/ChangeLedStatus/lib/arm64
01-01 03:00:13.833   420   479 W WindowManager: Keyguard drawn timeout. Setting mKeyguardDrawComplete
01-01 03:00:13.838   987   987 I art     : Starting a blocking GC AddRemoveAppImageSpace
01-01 03:00:13.839   987   987 W System  : ClassLoader referenced unknown path: /system/app/KeyChain/lib/arm64
01-01 03:00:13.842   420   655 I MediaCodec: callingProcessName:system_server
01-01 03:00:13.847   198   758 I MediaPlayerService: MediaPlayerService::getOMX
01-01 03:00:13.849   420   420 I FusedLocation: engine stopped (com.android.location.fused)
01-01 03:00:13.851   420  1015 I OMXClient: MuxOMX ctor
01-01 03:00:13.851   420  1015 I ACodec  : onAllocateComponent:6703 mSoftCodecPref:0 componentName:
01-01 03:00:13.853   420  1015 I ACodec  : onAllocateComponent:6734 mSoftCodecPref:0 componentName:OMX.google.vorbis.decoder
01-01 03:00:13.856   195   902 I OMXMaster: makeComponentInstance(OMX.google.vorbis.decoder) in mediacodec process
01-01 03:00:13.952   420   978 I ActivityManager: Killing 906:com.example.changeled/1000 (adj 906): empty #4
01-01 03:00:13.976   938   938 W System  : ClassLoader referenced unknown path: /system/priv-app/StressTest/lib/arm64
01-01 03:00:13.984   420   655 I MediaCodec: callingProcessName:system_server
01-01 03:00:13.985   420   899 D ActivityManager: cleanUpApplicationRecord -- 906
01-01 03:00:13.987   198   758 I MediaPlayerService: MediaPlayerService::getOMX
01-01 03:00:13.988   420  1027 I OMXClient: MuxOMX ctor
01-01 03:00:13.988   420  1027 I ACodec  : onAllocateComponent:6703 mSoftCodecPref:0 componentName:
01-01 03:00:13.989   420  1027 I ACodec  : onAllocateComponent:6734 mSoftCodecPref:0 componentName:OMX.google.vorbis.decoder
01-01 03:00:13.990   195   904 I OMXMaster: makeComponentInstance(OMX.google.vorbis.decoder) in mediacodec process
01-01 03:00:14.053   420   655 I MediaCodec: callingProcessName:system_server
01-01 03:00:14.054   198   758 I MediaPlayerService: MediaPlayerService::getOMX
01-01 03:00:14.055   420  1031 I OMXClient: MuxOMX ctor
01-01 03:00:14.055   420  1031 I ACodec  : onAllocateComponent:6703 mSoftCodecPref:0 componentName:
01-01 03:00:14.057   420  1031 I ACodec  : onAllocateComponent:6734 mSoftCodecPref:0 componentName:OMX.google.vorbis.decoder
01-01 03:00:14.058   195   932 I OMXMaster: makeComponentInstance(OMX.google.vorbis.decoder) in mediacodec process
01-01 03:00:14.071   972   972 I [Gralloc]:  ion device open success! fd = 45
01-01 03:00:14.097   972  1034 I mali_so : [File] : hardware/rockchip/driver/./src/base/arch/arch_011_udd/base_arch_main.c; [Line] : 565; [Func] : deal_with_version_affairs_rk_ext;
01-01 03:00:14.097   972  1034 I mali_so : arm_release_ver of this mali_so is 'r7p0-00rel1', rk_so_ver is '1@2' for 3328h_android_7.1, built at '15:47:51', on 'Jun 28 2017'.
01-01 03:00:14.097   972  1034 I mali_so : [File] : hardware/rockchip/driver/./src/base/arch/arch_011_udd/base_arch_main.c; [Line] : 578; [Func] : deal_with_version_affairs_rk_ext;
01-01 03:00:14.097   972  1034 I mali_so : mali_ver_property has been set to 'r7p0-00rel1-5-1@2', to return.
01-01 03:00:14.099   972  1034 I OpenGLRenderer: Initialized EGL, version 1.4
01-01 03:00:14.099   972  1034 D OpenGLRenderer: Swap behavior 1
01-01 03:00:14.112   420   646 V InputMethodManagerService: Adding window token: android.os.Binder@304ef31
01-01 03:00:14.154   913   913 I LatinIME: Hardware accelerated drawing: true
01-01 03:00:14.157   420   485 D xzj     : ----Launcher drawn done,box or vr not keygurad----
01-01 03:00:14.157   420   485 D xzj     : ----launcher drawn done,exit bootanim----
01-01 03:00:14.158   420   485 I ActivityManager: Displayed org.cosinus.launchertv/.Launcher: +532ms
01-01 03:00:14.185   420   655 I MediaCodec: callingProcessName:system_server
01-01 03:00:14.188   198   683 I MediaPlayerService: MediaPlayerService::getOMX
01-01 03:00:14.191   420  1042 I OMXClient: MuxOMX ctor
01-01 03:00:14.191   420  1042 I ACodec  : onAllocateComponent:6703 mSoftCodecPref:0 componentName:
01-01 03:00:14.196   420  1042 I ACodec  : onAllocateComponent:6734 mSoftCodecPref:0 componentName:OMX.google.vorbis.decoder
01-01 03:00:14.198   195   195 I OMXMaster: makeComponentInstance(OMX.google.vorbis.decoder) in mediacodec process
01-01 03:00:14.286   877   877 W art     : Verification of void rps.attachBaseContext(android.content.Context) took 181.715ms
01-01 03:00:14.383   190   240 D AudioHardwareTiny: out_set_parameters: kvpairs = routing=1024
01-01 03:00:14.406   190   240 D AudioHardwareTiny: out_set_parameters: kvpairs = routing=1024
01-01 03:00:14.407   190   535 D AudioHardwareTiny: adev_set_parameters: kvpairs = A2dpSuspended=false
01-01 03:00:14.429   190   240 D AudioHardwareTiny: out_set_parameters: kvpairs = routing=1024
01-01 03:00:14.452   190   240 D AudioHardwareTiny: out_set_parameters: kvpairs = routing=1024
01-01 03:00:14.514   877   877 W art     : Verification of void rps.onCreate() took 227.811ms
01-01 03:00:14.541   198   721 I NuPlayerDecoder: [audio] saw output EOS
01-01 03:00:14.568   190   240 D AudioHardwareTiny: out_set_parameters: kvpairs = routing=1024
01-01 03:00:14.582   913   913 W InputAttributes: No editor info for this field. Bug?
01-01 03:00:14.584   913   913 W Vibrator: Failed to vibrate; no vibrator service.
01-01 03:00:14.590   913   913 I ResourceUtils: Found default value: resource=keypress_vibration_durations build=[HARDWARE=rk30board MODEL=RockBox-Basic BRAND=PopcornHour MANUFACTURER=rockchip] default=-1
01-01 03:00:14.590   913   913 I ResourceUtils: Found default value: resource=keypress_volumes build=[HARDWARE=rk30board MODEL=RockBox-Basic BRAND=PopcornHour MANUFACTURER=rockchip] default=-1.0f
01-01 03:00:14.591   190   240 D AudioHardwareTiny: out_set_parameters: kvpairs = routing=1024
01-01 03:00:14.606   913  1046 I LatinIME:LogUtils: Dictionary info: dictionary = userunigram.en_US.dict ; version = ? ; date = ?
01-01 03:00:14.612   420   899 I ActivityManager: Start proc 1047:android.process.acore/u0a3 for content provider com.android.providers.userdictionary/.UserDictionaryProvider
01-01 03:00:14.657   420   611 D EthernetNetworkFactory: eth0 carrier = 1
01-01 03:00:14.657   420   611 D EthernetNetworkFactory: updateInterface: eth0 link up
01-01 03:00:14.658   420   546 D EthernetNetworkFactory: onRequestNetwork: eth0 carrier = 1
01-01 03:00:14.658   420   546 D EthernetNetworkFactory: sendEthernetStateChangedBroadcast: curState = CONNECTING
01-01 03:00:14.660   420  1062 D EthernetNetworkFactory: starting ipProvisioningThread(eth0): mNetworkInfo=[type: Ethernet[], state: UNKNOWN/IDLE, reason: (unspecified), extra: b2:db:08:28:f0:d0, failover: false, available: true, roaming: false, metered: false]
01-01 03:00:14.660   420  1062 D EthernetNetworkFactory: config DHCP
01-01 03:00:14.667   200   474 D CommandListener: Clearing all IP addresses on eth0
01-01 03:00:14.670   420  1063 D IpManager.eth0: newLp{{InterfaceName: eth0 LinkAddresses: []  Routes: [] DnsAddresses: [] Domains: null MTU: 0 TcpBufferSizes: 524288,1048576,3145728,524288,1048576,2097152}}
01-01 03:00:14.672   420  1063 D IpManager.eth0: CMD_UPDATE_TCP_BUFFER_SIZES eth0/2 0 0 524288,1048576,3145728,524288,1048576,2097152 [rcvd_in=StoppedState, proc_in=StoppedState]
01-01 03:00:14.673   420  1063 D IpManager.eth0: CMD_START eth0/2 0 0 ProvisioningConfiguration{mEnableIPv4: true, mEnableIPv6: true, mUsingIpReachabilityMonitor: true, mRequestedPreDhcpActionMs: 0, mStaticIpConfig: null, mApfCapabilities: null, mProvisioningTimeoutMs: 0} [rcvd_in=StoppedState, proc_in=StoppedState]
