06-26 20:00:07.562   416   416 I InputMethodManagerService: All the enabled IMEs are gone. Reset default enabled IMEs.
06-26 20:00:07.562   416   416 W InputMethodUtils: Found no fallback locale. imis=[]
06-26 20:00:07.563   416   416 W InputMethodUtils: No software keyboard is found. imis=[] fallbackLocale=null
06-26 20:00:07.564   416   509 I EventHub: New device: id=4, fd=93, path='/dev/input/event2', name='HL 0000 00 00 00 01 Smart Control', classes=0x80000403, configuration='', keyLayout='/system/usr/keylayout/Generic.kl', keyCharacterMap='/system/usr/keychars/Generic.kcm', builtinKeyboard=false, wakeMechanism=EPOLLWAKEUP, usingClockIoctl=true
06-26 20:00:07.565   416   509 D EventHub: No input device configuration file found for device 'ff1b0030.pwm'.
06-26 20:00:07.566   416   509 E KeyLayoutMap: /system/usr/keylayout/ff1b0030_pwm.kl:33: Expected key code label, got 'TV_MEDIA_PREVIOUS'.
06-26 20:00:07.567   416   478 E PinnerService: Could not pin file /system/framework/arm64/boot-framework.oat with error open failed: ENOENT (No such file or directory)
06-26 20:00:07.567   416   478 E PinnerService: Failed to pin file = /system/framework/arm64/boot-framework.oat
06-26 20:00:07.567   416   416 I SystemServer: StartAccessibilityManagerService
06-26 20:00:07.567   416   478 E PinnerService: Could not pin file /system/framework/oat/arm64/services.odex with error open failed: ENOENT (No such file or directory)
06-26 20:00:07.567   416   478 E PinnerService: Failed to pin file = /system/framework/oat/arm64/services.odex
06-26 20:00:07.567   416   478 E PinnerService: Could not pin file /system/framework/arm64/boot.oat with error open failed: ENOENT (No such file or directory)
06-26 20:00:07.567   416   478 E PinnerService: Failed to pin file = /system/framework/arm64/boot.oat
06-26 20:00:07.567   416   478 E PinnerService: Could not pin file /system/framework/arm64/boot-core-libart.oat with error open failed: ENOENT (No such file or directory)
06-26 20:00:07.568   416   478 E PinnerService: Failed to pin file = /system/framework/arm64/boot-core-libart.oat
06-26 20:00:07.599   416   509 W EventHub: Unable to disable kernel key repeat for /dev/input/event1: Function not implemented
06-26 20:00:07.599   416   509 I EventHub: New device: id=5, fd=94, path='/dev/input/event1', name='ff1b0030.pwm', classes=0x401, configuration='', keyLayout='/system/usr/keylayout/Generic.kl', keyCharacterMap='/system/usr/keychars/Generic.kcm', builtinKeyboard=false, wakeMechanism=EPOLLWAKEUP, usingClockIoctl=true
06-26 20:00:07.604   416   416 I ActivityManager: Config changes=1df8 {1.0 ?mcc?mnc [en_US] ldltr sw720dp w1280dp h720dp 160dpi xlrg long land ?uimode ?night -touch -keyb/v/h dpad/v s.2}
06-26 20:00:07.609   416   509 I InputReader: Device added: id=-1, name='Virtual', sources=0x00000301
06-26 20:00:07.609   416   509 I InputReader: Device added: id=5, name='ff1b0030.pwm', sources=0x00002103
06-26 20:00:07.609   416   509 I InputReader: Device added: id=4, name='HL 0000 00 00 00 01 Smart Control', sources=0x00002103
06-26 20:00:07.618   416   509 I InputReader: Device added: id=3, name='HL 0000 00 00 00 01 Smart Control', sources=0x00002002
06-26 20:00:07.618   416   509 I InputReader: Device added: id=2, name='HL 0000 00 00 00 01 Smart Control', sources=0x01002313
06-26 20:00:07.619   416   509 I InputReader: Device added: id=1, name='rk816_pwrkey', sources=0x00002103
06-26 20:00:07.632   416   416 I ActivityManager: Config changes=10 {1.0 ?mcc?mnc [en_US] ldltr sw720dp w1280dp h720dp 160dpi xlrg long land ?uimode ?night -touch qwerty/v/h dpad/v s.3}
06-26 20:00:07.640   416   416 I SystemServiceManager: Starting com.android.server.MountService$Lifecycle
06-26 20:00:07.645   416   509 I InputReader: Reconfiguring input devices.  changes=0x00000004
06-26 20:00:07.653   416   416 I SystemServer: start UiModeManagerService.
06-26 20:00:07.653   416   514 D MountService: Thinking about init, mSystemReady=false, mDaemonConnected=true
06-26 20:00:07.653   416   514 D MountService: Thinking about reset, mSystemReady=false, mDaemonConnected=true
06-26 20:00:07.654   416   514 D MountService: Thinking about init, mSystemReady=false, mDaemonConnected=true
06-26 20:00:07.654   416   514 D MountService: Thinking about reset, mSystemReady=false, mDaemonConnected=true
06-26 20:00:07.654   416   514 D CryptdConnector: SND -> {1 cryptfs getfield SystemLocale}
06-26 20:00:07.655   416   516 D CryptdConnector: RCV <- {200 1 -1}
06-26 20:00:07.656   416   416 I SystemServiceManager: Starting com.android.server.UiModeManagerService
06-26 20:00:07.659   416   416 I ActivityManager: Config changes=200 {1.0 ?mcc?mnc [en_US] ldltr sw720dp w1280dp h720dp 160dpi xlrg long land television -touch qwerty/v/h dpad/v s.4}
06-26 20:00:07.660   416   514 W MountService: No primary storage mounted!
06-26 20:00:07.660   416   514 D VoldConnector: SND -> {1 asec list}
06-26 20:00:07.662   416   515 D VoldConnector: RCV <- {200 1 asec operation succeeded}
06-26 20:00:07.663   416   514 I PackageManager: No secure containers found
06-26 20:00:07.663   416   514 W PackageManager: Unknown permission android.permission.ACCESS_ALL_EXTERNAL_STORAGE in package com.example.changeled
06-26 20:00:07.663   416   514 W PackageManager: Not granting permission com.google.android.googleapps.permission.GOOGLE_AUTH to package com.android.providers.calendar (protectionLevel=2 flags=0x30083e45)
06-26 20:00:07.663   416   514 W PackageManager: Not granting permission com.google.android.googleapps.permission.GOOGLE_AUTH.cl to package com.android.providers.calendar (protectionLevel=2 flags=0x30083e45)
06-26 20:00:07.664   416   514 W PackageManager: Not granting permission android.permission.READ_PRIVILEGED_PHONE_STATE to package com.android.vending (protectionLevel=18 flags=0x384abec5)
06-26 20:00:07.664   416   514 W PackageManager: Not granting permission android.permission.SEND_DOWNLOAD_COMPLETED_INTENTS to package com.android.vending (protectionLevel=2 flags=0x384abec5)
06-26 20:00:07.664   416   514 W PackageManager: Unknown permission android.permission.USE_BIOMETRIC in package com.android.vending
06-26 20:00:07.664   416   514 W PackageManager: Not granting permission android.permission.BACKUP to package com.android.vending (protectionLevel=18 flags=0x384abec5)
06-26 20:00:07.664   416   514 W PackageManager: Not granting permission android.permission.CONNECTIVITY_INTERNAL to package com.android.vending (protectionLevel=18 flags=0x384abec5)
06-26 20:00:07.664   416   514 W PackageManager: Not granting permission android.permission.DUMP to package com.android.vending (protectionLevel=50 flags=0x384abec5)
06-26 20:00:07.664   416   514 W PackageManager: Unknown permission android.permission.ALLOCATE_AGGRESSIVE in package com.android.vending
06-26 20:00:07.664   416   514 W PackageManager: Not granting permission android.permission.GET_APP_OPS_STATS to package com.android.vending (protectionLevel=50 flags=0x384abec5)
06-26 20:00:07.664   416   514 W PackageManager: Not granting permission android.permission.SET_PREFERRED_APPLICATIONS to package com.android.vending (protectionLevel=2 flags=0x384abec5)
06-26 20:00:07.664   416   514 W PackageManager: Unknown permission android.permission.ACCESS_INSTANT_APPS in package com.android.vending
06-26 20:00:07.664   416   514 W PackageManager: Not granting permission android.permission.UPDATE_DEVICE_STATS to package com.android.vending (protectionLevel=18 flags=0x384abec5)
06-26 20:00:07.664   416   514 W PackageManager: Unknown permission android.permission.MANAGE_APP_OPS_MODES in package com.android.vending
06-26 20:00:07.664   416   514 W PackageManager: Unknown permission android.permission.MANAGE_ROLLBACKS in package com.android.vending
06-26 20:00:07.664   416   514 W PackageManager: Unknown permission android.permission.SET_HARMFUL_APP_WARNINGS in package com.android.vending
06-26 20:00:07.664   416   514 W PackageManager: Unknown permission com.sec.android.provider.badge.permission.READ in package com.android.vending
06-26 20:00:07.664   416   514 W PackageManager: Unknown permission com.sec.android.provider.badge.permission.WRITE in package com.android.vending
06-26 20:00:07.664   416   514 W PackageManager: Unknown permission com.htc.launcher.permission.READ_SETTINGS in package com.android.vending
06-26 20:00:07.664   416   514 W PackageManager: Unknown permission com.htc.launcher.permission.UPDATE_SHORTCUT in package com.android.vending
06-26 20:00:07.664   416   514 W PackageManager: Unknown permission com.sonyericsson.home.permission.BROADCAST_BADGE in package com.android.vending
06-26 20:00:07.664   416   514 W PackageManager: Unknown permission com.sonymobile.home.permission.PROVIDER_INSERT_BADGE in package com.android.vending
06-26 20:00:07.664   416   514 W PackageManager: Unknown permission com.anddoes.launcher.permission.UPDATE_COUNT in package com.android.vending
06-26 20:00:07.664   416   514 W PackageManager: Unknown permission com.majeur.launcher.permission.UPDATE_BADGE in package com.android.vending
06-26 20:00:07.664   416   514 W PackageManager: Unknown permission com.huawei.android.launcher.permission.CHANGE_BADGE in package com.android.vending
06-26 20:00:07.664   416   514 W PackageManager: Unknown permission com.huawei.android.launcher.permission.READ_SETTINGS in package com.android.vending
06-26 20:00:07.664   416   514 W PackageManager: Unknown permission com.huawei.android.launcher.permission.WRITE_SETTINGS in package com.android.vending
06-26 20:00:07.664   416   514 W PackageManager: Unknown permission android.permission.READ_APP_BADGE in package com.android.vending
06-26 20:00:07.665   416   514 W PackageManager: Unknown permission com.oppo.launcher.permission.READ_SETTINGS in package com.android.vending
06-26 20:00:07.665   416   514 W PackageManager: Unknown permission com.oppo.launcher.permission.WRITE_SETTINGS in package com.android.vending
06-26 20:00:07.665   416   514 W PackageManager: Unknown permission org.chromium.arc.apkcacheprovider.permission.READ_CACHE in package com.android.vending
06-26 20:00:07.665   416   514 W PackageManager: Unknown permission org.chromium.arc.apkcacheprovider.permission.WRITE_CACHE in package com.android.vending
06-26 20:00:07.665   416   514 W PackageManager: Not granting permission android.permission.SUBSTITUTE_NOTIFICATION_APP_NAME to package com.android.vending (protectionLevel=18 flags=0x384abec5)
06-26 20:00:07.665   416   514 W PackageManager: Unknown permission android.permission.READ_RUNTIME_PROFILES in package com.android.vending
06-26 20:00:07.665   416   514 W PackageManager: Unknown permission android.permission.FOREGROUND_SERVICE in package com.android.vending
06-26 20:00:07.665   416   514 W PackageManager: Not granting permission android.permission.REBOOT to package com.android.vending (protectionLevel=18 flags=0x384abec5)
06-26 20:00:07.665   416   514 W PackageManager: Unknown permission android.permission.START_ACTIVITIES_FROM_BACKGROUND in package com.android.vending
06-26 20:00:07.665   416   514 W PackageManager: Unknown permission android.permission.CHANGE_OVERLAY_PACKAGES in package com.android.vending
06-26 20:00:07.665   416   514 W PackageManager: Unknown permission android.permission.SEND_DEVICE_CUSTOMIZATION_READY in package com.android.vending
06-26 20:00:07.665   416   514 W PackageManager: Unknown permission cyanogenmod.permission.PUBLISH_CUSTOM_TILE in package net.dinglisch.android.taskerm
06-26 20:00:07.665   416   514 W PackageManager: Unknown permission android.permission.REQUEST_COMPANION_RUN_IN_BACKGROUND in package net.dinglisch.android.taskerm
06-26 20:00:07.665   416   514 W PackageManager: Unknown permission android.permission.REQUEST_COMPANION_USE_DATA_IN_BACKGROUND in package net.dinglisch.android.taskerm
06-26 20:00:07.665   416   514 W PackageManager: Not granting permission android.permission.BODY_SENSORS to package net.dinglisch.android.taskerm because it was previously installed without
06-26 20:00:07.665   416   514 W PackageManager: Not granting permission android.permission.WRITE_CALL_LOG to package net.dinglisch.android.taskerm because it was previously installed without
06-26 20:00:07.665   416   514 W PackageManager: Not granting permission android.permission.READ_CALL_LOG to package net.dinglisch.android.taskerm because it was previously installed without
06-26 20:00:07.665   416   514 W PackageManager: Not granting permission android.permission.RECEIVE_SMS to package net.dinglisch.android.taskerm because it was previously installed without
06-26 20:00:07.665   416   514 W PackageManager: Unknown permission com.latedroid.juicedefender.permission.CONTROL_JUICEDEFENDER in package net.dinglisch.android.taskerm
06-26 20:00:07.665   416   514 W PackageManager: Unknown permission com.latedroid.juicedefender.permission.TOGGLE_MOBILE_DATA in package net.dinglisch.android.taskerm
06-26 20:00:07.665   416   514 W PackageManager: Not granting permission android.permission.MODIFY_PHONE_STATE to package net.dinglisch.android.taskerm (protectionLevel=18 flags=0x1809be44)
06-26 20:00:07.665   416   514 W PackageManager: Unknown permission com.android.phone.CHANGE_NETWORK_MODE in package net.dinglisch.android.taskerm
06-26 20:00:07.665   416   514 W PackageManager: Not granting permission android.permission.WRITE_EXTERNAL_STORAGE to package net.dinglisch.android.taskerm because it was previously installed without
06-26 20:00:07.665   416   514 W PackageManager: Not granting permission android.permission.RECORD_AUDIO to package net.dinglisch.android.taskerm because it was previously installed without
06-26 20:00:07.665   416   514 W PackageManager: Not granting permission android.permission.READ_PHONE_STATE to package net.dinglisch.android.taskerm because it was previously installed without
06-26 20:00:07.665   416   514 W PackageManager: Not granting permission android.permission.SEND_SMS to package net.dinglisch.android.taskerm because it was previously installed without
06-26 20:00:07.665   416   514 W PackageManager: Not granting permission android.permission.READ_SMS to package net.dinglisch.android.taskerm because it was previously installed without
06-26 20:00:07.665   416   514 W PackageManager: Not granting permission android.permission.ACCESS_FINE_LOCATION to package net.dinglisch.android.taskerm because it was previously installed without
06-26 20:00:07.665   416   514 W PackageManager: Not granting permission android.permission.ACCESS_COARSE_LOCATION to package net.dinglisch.android.taskerm because it was previously installed without
06-26 20:00:07.665   416   514 W PackageManager: Not granting permission android.permission.CAMERA to package net.dinglisch.android.taskerm because it was previously installed without
06-26 20:00:07.665   416   514 W PackageManager: Not granting permission android.permission.PROCESS_OUTGOING_CALLS to package net.dinglisch.android.taskerm because it was previously installed without
06-26 20:00:07.665   416   514 W PackageManager: Not granting permission android.permission.READ_CONTACTS to package net.dinglisch.android.taskerm because it was previously installed without
06-26 20:00:07.665   416   514 W PackageManager: Not granting permission android.permission.WRITE_CONTACTS to package net.dinglisch.android.taskerm because it was previously installed without
06-26 20:00:07.666   416   514 W PackageManager: Not granting permission android.permission.CALL_PHONE to package net.dinglisch.android.taskerm because it was previously installed without
06-26 20:00:07.666   416   514 W PackageManager: Not granting permission android.permission.READ_CALENDAR to package net.dinglisch.android.taskerm because it was previously installed without
06-26 20:00:07.666   416   514 W PackageManager: Not granting permission android.permission.WRITE_CALENDAR to package net.dinglisch.android.taskerm because it was previously installed without
06-26 20:00:07.666   416   514 W PackageManager: Not granting permission android.permission.WRITE_SECURE_SETTINGS to package net.dinglisch.android.taskerm (protectionLevel=50 flags=0x1809be44)
06-26 20:00:07.666   416   514 W PackageManager: Not granting permission android.permission.DUMP to package net.dinglisch.android.taskerm (protectionLevel=50 flags=0x1809be44)
06-26 20:00:07.666   416   514 W PackageManager: Not granting permission android.permission.CHANGE_CONFIGURATION to package net.dinglisch.android.taskerm (protectionLevel=50 flags=0x1809be44)
06-26 20:00:07.666   416   514 W PackageManager: Not granting permission android.permission.TETHER_PRIVILEGED to package net.dinglisch.android.taskerm (protectionLevel=18 flags=0x1809be44)
06-26 20:00:07.666   416   514 W PackageManager: Unknown permission android.permission.ANSWER_PHONE_CALLS in package net.dinglisch.android.taskerm
06-26 20:00:07.666   416   514 W PackageManager: Not granting permission android.permission.CAPTURE_AUDIO_OUTPUT to package net.dinglisch.android.taskerm (protectionLevel=18 flags=0x1809be44)
06-26 20:00:07.666   416   514 W PackageManager: Unknown permission android.permission.FOREGROUND_SERVICE in package net.dinglisch.android.taskerm
06-26 20:00:07.666   416   514 W PackageManager: Unknown permission android.permission.USE_BIOMETRIC in package net.dinglisch.android.taskerm
06-26 20:00:07.666   416   514 W PackageManager: Unknown permission android.permission.SET_MEDIA_KEY_LISTENER in package net.dinglisch.android.taskerm
06-26 20:00:07.666   416   514 W PackageManager: Unknown permission android.permission.READ_CLIPBOARD_IN_BACKGROUND in package net.dinglisch.android.taskerm
06-26 20:00:07.666   416   514 W PackageManager: Unknown permission android.permission.SET_VOLUME_KEY_LONG_PRESS_LISTENER in package net.dinglisch.android.taskerm
06-26 20:00:07.666   416   514 W PackageManager: Not granting permission android.permission.READ_EXTERNAL_STORAGE to package net.dinglisch.android.taskerm because it was previously installed without
06-26 20:00:07.666   416   514 W PackageManager: Unknown permission android.Manifest.permission.INJECT_EVENTS in package com.rockchip.devicetest
06-26 20:00:07.667   416   514 W PackageManager: Unknown permission com.rockchips.mediacenter.localscan.PROTECT in package com.rockchips.mediacenter
06-26 20:00:07.667   416   514 W PackageManager: Unknown permission com.rockchips.android.airsharing.PROTECT in package com.rockchips.mediacenter
06-26 20:00:07.667   416   514 W PackageManager: Unknown permission com.android.permission.airsharing_play_interface in package com.rockchips.mediacenter
06-26 20:00:07.667   416   514 W PackageManager: Unknown permission com.android.permission.airsharing_mediabrowser_interface in package com.rockchips.mediacenter
06-26 20:00:07.667   416   514 W PackageManager: Unknown permission com.rockchips.mediacenter.dlna_server in package com.rockchips.mediacenter
06-26 20:00:07.667   416   514 W PackageManager: Unknown permission com.rockchips.mediacenter.localscan_server in package com.rockchips.mediacenter
06-26 20:00:07.667   416   514 W PackageManager: Unknown permission com.android.rockchips.permission.MEDIACENTER_SEND_RECV in package com.rockchips.mediacenter
06-26 20:00:07.667   416   514 W PackageManager: Unknown permission android.permission.ACCESS_SUPERUSER in package com.rockchips.mediacenter
06-26 20:00:07.667   416   514 W PackageManager: Not granting permission android.permission.INTERACT_ACROSS_USERS to package com.google.android.syncadapters.contacts (protectionLevel=50 flags=0x38083e45)
06-26 20:00:07.667   416   514 W PackageManager: Unknown permission com.google.android.syncadapters.contacts.permission.GAL_SEARCH in package com.google.android.syncadapters.contacts
06-26 20:00:07.667   416   514 W PackageManager: Unknown permission android.permission.FOREGROUND_SERVICE in package com.android.chrome
06-26 20:00:07.667   416   514 W PackageManager: Unknown permission com.chrome.permission.DEVICE_EXTRAS in package com.android.chrome
06-26 20:00:07.667   416   514 W PackageManager: Unknown permission com.google.android.apps.now.CURRENT_ACCOUNT_ACCESS in package com.android.chrome
06-26 20:00:07.667   416   514 W PackageManager: Unknown permission com.sec.enterprise.knox.MDM_CONTENT_PROVIDER in package com.android.chrome
06-26 20:00:07.667   416   514 W PackageManager: Unknown permission com.google.android.permission.INSTALL_WEARABLE_PACKAGES in package com.google.android.packageinstaller
06-26 20:00:07.667   416   514 W PackageManager: Unknown permission android.permission.FOREGROUND_SERVICE in package com.google.android.gms
06-26 20:00:07.667   416   514 W PackageManager: Unknown permission android.permission.START_ACTIVITIES_FROM_BACKGROUND in package com.google.android.gms
06-26 20:00:07.668   416   514 W PackageManager: Unknown permission android.permission.REMOTE_DISPLAY_PROVIDER in package com.google.android.gms
06-26 20:00:07.668   416   514 W PackageManager: Not granting permission android.permission.DISPATCH_PROVISIONING_MESSAGE to package com.google.android.gms (protectionLevel=18 flags=0xb8483ec5)
06-26 20:00:07.668   416   514 W PackageManager: Unknown permission android.permission.RECOVER_KEYSTORE in package com.google.android.gms
06-26 20:00:07.668   416   514 W PackageManager: Unknown permission android.permission.PRE_FACTORY_RESET in package com.google.android.gms
06-26 20:00:07.668   416   514 W PackageManager: Unknown permission com.google.android.apps.enterprise.dmagent.permission.AutoSyncPermission in package com.google.android.gms
06-26 20:00:07.668   416   514 W PackageManager: Unknown permission android.permission.ALLOCATE_AGGRESSIVE in package com.google.android.gms
06-26 20:00:07.668   416   514 W PackageManager: Unknown permission android.car.permission.CAR_POWER in package com.google.android.gms
06-26 20:00:07.668   416   514 W PackageManager: Unknown permission com.google.android.wearable.WRITE_SETTINGS in package com.google.android.gms
06-26 20:00:07.668   416   514 W PackageManager: Unknown permission com.felicanetworks.mfc.permission.MFC_ACCESS in package com.google.android.gms
06-26 20:00:07.668   416   514 W PackageManager: Unknown permission com.felicanetworks.mfc.mfi.permission.MFI_ACCESS in package com.google.android.gms
06-26 20:00:07.668   416   514 W PackageManager: Unknown permission android.permission.ACCESS_BACKGROUND_LOCATION in package com.google.android.gms
06-26 20:00:07.668   416   514 W PackageManager: Unknown permission com.google.android.googlequicksearchbox.permission.PAUSE_HOTWORD in package com.google.android.gms
06-26 20:00:07.668   416   514 W PackageManager: Unknown permission android.permission.CONTROL_DISPLAY_SATURATION in package com.google.android.gms
06-26 20:00:07.668   416   514 W PackageManager: Unknown permission com.google.android.hangouts.START_HANGOUT in package com.google.android.gms
06-26 20:00:07.668   416   514 W PackageManager: Unknown permission android.car.permission.CAR_ENERGY in package com.google.android.gms
06-26 20:00:07.668   416   514 W PackageManager: Unknown permission android.car.permission.CAR_ENERGY_PORTS in package com.google.android.gms
06-26 20:00:07.668   416   514 W PackageManager: Unknown permission android.car.permission.CAR_EXTERIOR_LIGHTS in package com.google.android.gms
06-26 20:00:07.668   416   514 W PackageManager: Unknown permission android.car.permission.CAR_INFO in package com.google.android.gms
06-26 20:00:07.668   416   514 W PackageManager: Unknown permission android.car.permission.CAR_MILEAGE in package com.google.android.gms
06-26 20:00:07.668   416   514 W PackageManager: Unknown permission android.car.permission.CAR_TIRES in package com.google.android.gms
06-26 20:00:07.668   416   514 W PackageManager: Unknown permission android.car.permission.CONTROL_CAR_CLIMATE in package com.google.android.gms
06-26 20:00:07.668   416   514 W PackageManager: Unknown permission android.car.permission.CONTROL_CAR_DOORS in package com.google.android.gms
06-26 20:00:07.668   416   514 W PackageManager: Unknown permission android.car.permission.CONTROL_CAR_EXTERIOR_LIGHTS in package com.google.android.gms
06-26 20:00:07.668   416   514 W PackageManager: Unknown permission android.car.permission.CONTROL_CAR_MIRRORS in package com.google.android.gms
06-26 20:00:07.668   416   514 W PackageManager: Unknown permission android.car.permission.CONTROL_CAR_SEATS in package com.google.android.gms
06-26 20:00:07.668   416   514 W PackageManager: Unknown permission android.car.permission.CONTROL_CAR_WINDOWS in package com.google.android.gms
06-26 20:00:07.669   416   514 W PackageManager: Not granting permission android.permission.MODIFY_DAY_NIGHT_MODE to package com.google.android.gms (protectionLevel=18 flags=0xb8483ec5)
06-26 20:00:07.669   416   514 W PackageManager: Unknown permission com.google.android.permission.ACCESSIBILITY_SCAN_SERVICE in package com.google.android.gms
06-26 20:00:07.669   416   514 W PackageManager: Not granting permission android.permission.START_TASKS_FROM_RECENTS to package com.google.android.gms (protectionLevel=18 flags=0xb8483ec5)
06-26 20:00:07.669   416   514 W PackageManager: Not granting permission android.permission.MANAGE_ACTIVITY_STACKS to package com.google.android.gms (protectionLevel=18 flags=0xb8483ec5)
06-26 20:00:07.669   416   514 W PackageManager: Unknown permission android.permission.ACTIVITY_EMBEDDING in package com.google.android.gms
06-26 20:00:07.669   416   514 W PackageManager: Unknown permission android.permission.PROVIDE_RESOLVER_RANKER_SERVICE in package com.google.android.gms
06-26 20:00:07.669   416   514 W PackageManager: Unknown permission com.google.android.clockwork.settings.SHOW_FACTORY_RESET_CONFIRMATION in package com.google.android.gms
06-26 20:00:07.669   416   514 W PackageManager: Unknown permission com.google.android.wearable.READ_SETTINGS in package com.google.android.gms
06-26 20:00:07.669   416   514 W PackageManager: Unknown permission android.permission.READ_MEDIA_AUDIO in package com.google.android.gms
06-26 20:00:07.669   416   514 W PackageManager: Unknown permission android.permission.READ_MEDIA_IMAGES in package com.google.android.gms
06-26 20:00:07.669   416   514 W PackageManager: Unknown permission android.permission.READ_MEDIA_VIDEO in package com.google.android.gms
06-26 20:00:07.669   416   514 W PackageManager: Unknown permission android.permission.SUBSTITUTE_SHARE_TARGET_APP_NAME_AND_ICON in package com.google.android.gms
06-26 20:00:07.669   416   514 W PackageManager: Unknown permission android.permission.ACTIVITY_RECOGNITION in package com.google.android.gms
06-26 20:00:07.669   416   514 W PackageManager: Unknown permission android.permission.MANAGE_SUBSCRIPTION_PLANS in package com.google.android.gms
06-26 20:00:07.669   416   514 W PackageManager: Unknown permission android.permission.READ_DEVICE_CONFIG in package com.google.android.gms
06-26 20:00:07.669   416   514 W PackageManager: Unknown permission android.permission.WRITE_DEVICE_CONFIG in package com.google.android.gms
06-26 20:00:07.669   416   514 W PackageManager: Unknown permission com.google.android.apps.now.OPT_IN_WIZARD in package com.google.android.gms
06-26 20:00:07.669   416   514 W PackageManager: Unknown permission com.google.android.setupwizard.SETUP_COMPAT_SERVICE in package com.google.android.gms
06-26 20:00:07.669   416   514 W PackageManager: Unknown permission com.google.android.gms.game.notifications.permission.WRITE in package com.google.android.gms
06-26 20:00:07.669   416   514 W PackageManager: Unknown permission com.google.android.launcher.permission.RECEIVE_LAUNCH_BROADCASTS in package com.google.android.gms
06-26 20:00:07.669   416   514 W PackageManager: Unknown permission android.permission.RESET_PASSWORD in package com.google.android.gms
06-26 20:00:07.669   416   514 W PackageManager: Unknown permission android.permission.LOCK_DEVICE in package com.google.android.gms
06-26 20:00:07.669   416   514 W PackageManager: Unknown permission android.permission.CONTROL_KEYGUARD_SECURE_NOTIFICATIONS in package com.google.android.gms
06-26 20:00:07.669   416   514 W PackageManager: Unknown permission com.google.android.gm.permission.READ_GMAIL in package com.google.android.gms
06-26 20:00:07.670   416   514 W PackageManager: Unknown permission com.android.launcher.permission.PRELOAD_WORKSPACE in package com.google.android.partnersetup
06-26 20:00:07.670   416   514 W PackageManager: Not granting permission android.permission.DELETE_PACKAGES to package com.svox.pico (protectionLevel=18 flags=0x3808be45)
06-26 20:00:07.670   416   514 W PackageManager: Not granting permission android.permission.CONTROL_KEYGUARD to package com.google.android.gsf.login (protectionLevel=2 flags=0x3048be45)
06-26 20:00:07.671   416   514 W PackageManager: Unknown permission com.android.vending.billing.IBillingAccountService.BIND2 in package com.google.android.gsf.login
06-26 20:00:07.672   416   514 W PackageManager: Unknown permission com.android.launcher.permission.READ_SETTINGS in package com.android.settings
06-26 20:00:07.672   416   514 W PackageManager: Unknown permission com.android.launcher.permission.WRITE_SETTINGS in package com.android.settings
06-26 20:00:07.672   416   514 W PackageManager: Not granting permission android.permission.WRITE_EXTERNAL_STORAGE to package com.termux because it was previously installed without
06-26 20:00:07.672   416   514 W PackageManager: Unknown permission android.permission.FOREGROUND_SERVICE in package com.termux
06-26 20:00:07.672   416   514 W PackageManager: Not granting permission android.permission.READ_EXTERNAL_STORAGE to package com.termux because it was previously installed without
06-26 20:00:07.673   416   514 W PackageManager: Unknown permission com.android.launcher.permission.READ_SETTINGS in package com.DeviceTest
06-26 20:00:07.673   416   514 W PackageManager: Unknown permission com.google.android.gallery3d.permission.GALLERY_PROVIDER in package com.android.bluetooth
06-26 20:00:07.673   416   514 W PackageManager: Unknown permission com.android.gallery3d.permission.GALLERY_PROVIDER in package com.android.bluetooth
06-26 20:00:07.673   416   514 W PackageManager: Unknown permission android.permission.PROCESS_PHONE_ACCOUNT_REGISTRATION in package com.android.providers.contacts
06-26 20:00:07.678   416   478 I UsageStatsService: User[0] Rollover scheduled @ 2019-06-27 20:00:07(1561654807639)
06-26 20:00:07.768   416   416 W art     : Long monitor contention with owner MountService (514) at void com.android.server.pm.PackageManagerService.loadMediaPackages(android.util.ArrayMap, int[], boolean)(PackageManagerService.java:19500) waiters=0 in boolean com.android.server.pm.PackageManagerService.isProtectedBroadcast(java.lang.String) for 102ms
06-26 20:00:07.770   416   514 W MountService: No primary storage defined yet; hacking together a stub
06-26 20:00:07.771   416   514 W MountService: No primary storage defined yet; hacking together a stub
06-26 20:00:07.772   416   514 W MountService: No primary storage mounted!
06-26 20:00:07.772   416   416 W PackageManager: No disk maintenance in 1561568293772; running immediately
06-26 20:00:07.772   416   514 D VoldConnector: SND -> {2 asec list}
06-26 20:00:07.772   416   416 I SystemServer: StartLockSettingsService
06-26 20:00:07.773   416   416 I SystemServiceManager: Starting com.android.server.LockSettingsService$Lifecycle
06-26 20:00:07.773   416   515 D VoldConnector: RCV <- {200 2 asec operation succeeded}
06-26 20:00:07.774   416   514 I MountService: Running fstrim idle maintenance
06-26 20:00:07.774   416   514 D VoldConnector: SND -> {3 fstrim dotrim}
06-26 20:00:07.775   416   515 D VoldConnector: RCV <- {200 3 Command succeeded}
06-26 20:00:07.776   155   518 D vold    : Starting trim of /cache
06-26 20:00:07.785   416   416 I SystemServiceManager: Starting com.android.server.DeviceIdleController
06-26 20:00:07.807   155   518 I vold    : Trimmed 127565824 bytes on /cache in 30ms
06-26 20:00:07.807   155   518 D vold    : Starting trim of /metadata
06-26 20:00:07.807   416   515 D VoldConnector: RCV <- {662 /cache 127565824 30471003}
06-26 20:00:07.809   416   484 E VoldConnector: Error handling '662 /cache 127565824 30471003': java.lang.NullPointerException: Attempt to invoke virtual method 'void android.os.DropBoxManager.addText(java.lang.String, java.lang.String)' on a null object reference
06-26 20:00:07.810   416   416 I SystemServiceManager: Starting com.android.server.devicepolicy.DevicePolicyManagerService$Lifecycle
06-26 20:00:07.818   155   518 I vold    : Trimmed 12255232 bytes on /metadata in 10ms
06-26 20:00:07.818   155   518 D vold    : Starting trim of /data
06-26 20:00:07.818   416   515 D VoldConnector: RCV <- {662 /metadata 12255232 10691626}
06-26 20:00:07.818   416   416 I SystemServer: StartStatusBarManagerService
06-26 20:00:07.820   416   484 E VoldConnector: Error handling '662 /metadata 12255232 10691626': java.lang.NullPointerException: Attempt to invoke virtual method 'void android.os.DropBoxManager.addText(java.lang.String, java.lang.String)' on a null object reference
06-26 20:00:07.821   416   416 I SystemServer: StartClipboardService
06-26 20:00:07.824   416   416 I SystemServer: StartNetworkManagementService
06-26 20:00:07.828   416   519 I NetworkManagement: onDaemonConnected()
06-26 20:00:07.831   416   416 I SystemServiceManager: Starting com.android.server.TextServicesManagerService$Lifecycle
06-26 20:00:07.841   416   416 W TextServicesManagerService: no available spell checker services found
06-26 20:00:07.844   416   416 I SystemServer: StartNetworkScoreService
06-26 20:00:07.853   416   416 I SystemServer: StartNetworkStatsService
06-26 20:00:07.872   416   416 I SystemServer: StartNetworkPolicyManagerService
06-26 20:00:07.889   416   416 I SystemServer: No Wi-Fi NAN Service (NAN support Not Present)
06-26 20:00:07.892   416   416 I SystemServiceManager: Starting com.android.server.wifi.p2p.WifiP2pService
06-26 20:00:08.053   416   416 I WifiP2pService: Registering wifip2p
06-26 20:00:08.057   416   416 I SystemServiceManager: Starting com.android.server.wifi.WifiService
06-26 20:00:08.259   416   416 D HS20    : Passpoint is disabled
06-26 20:00:08.336   416   525 E IpManager.wlan0: Failed to disable IPv6java.lang.IllegalStateException: command '1 interface ipv6 wlan0 disable' failed with '400 1 Failed to change IPv6 state (No such file or directory)'
06-26 20:00:08.337   204   476 D CommandListener: Clearing all IP addresses on wlan0
06-26 20:00:08.340   416   525 D IpManager.wlan0: CMD_SET_MULTICAST_FILTER wlan0/-1 0 0 true [rcvd_in=StoppedState, proc_in=StoppedState]
06-26 20:00:08.350   416   524 D WifiApConfigStore: 2G band allowed channels are:1,6,11
06-26 20:00:08.352   416   416 E WifiLogger: no ring buffers found
06-26 20:00:08.353   416   416 E WifiLogger: Failed to start packet fate monitoring
06-26 20:00:08.390   416   416 D WifiController: isAirplaneModeOn = false, isWifiEnabled = false, isScanningAvailable = false
06-26 20:00:08.395   416   416 I WifiService: Registering wifi
06-26 20:00:08.398   416   416 I SystemServiceManager: Starting com.android.server.wifi.scanner.WifiScanningService
06-26 20:00:08.398   416   416 I WifiScanningService: Creating wifiscanner
06-26 20:00:08.411   416   416 I WifiScanningService: Publishing wifiscanner
06-26 20:00:08.413   416   416 I SystemServiceManager: Starting com.android.server.wifi.RttService
06-26 20:00:08.414   416   416 I RttService: Creating rttmanager
06-26 20:00:08.417   416   416 I RttService: Starting rttmanager
06-26 20:00:08.419   416   416 I SystemServer: StartEthernetService
06-26 20:00:08.420   416   416 I SystemServiceManager: Starting com.android.server.ethernet.EthernetService
06-26 20:00:08.422   416   416 I EthernetServiceImpl: Creating EthernetConfigStore
06-26 20:00:08.427   416   416 E IpConfigStore: Error parsing configuration: java.io.FileNotFoundException: /data/misc/ethernet/ipconfig.txt (No such file or directory)
06-26 20:00:08.427   416   416 W EthernetConfigStore: No Ethernet configuration found. Using default.
06-26 20:00:08.428   416   416 I EthernetServiceImpl: Read stored IP configuration: IP assignment: DHCP
06-26 20:00:08.428   416   416 I EthernetServiceImpl: Proxy settings: NONE
06-26 20:00:08.429   416   416 I EthernetService: Registering service ethernet
06-26 20:00:08.432   416   416 I SystemServer: StartPppoeService
06-26 20:00:08.436   416   416 I SystemServiceManager: Starting com.android.server.pppoe.PppoeService
06-26 20:00:08.446   416   416 D PppoeServiceImpl: PppoeServiceImpl() : Entered.
06-26 20:00:08.447   416   416 D PppoeServiceImpl: PppoeObserver() : to start observing, to catch uevent with 'SUBSYSTEM=net'.
06-26 20:00:08.448   416   416 D PppoeServiceImpl: mIface = eth0
06-26 20:00:08.449   416   416 I PppoeService: Registering service pppoe
06-26 20:00:08.452   416   416 I SystemServer: StartConnectivityService
06-26 20:00:08.480   416   416 D ConnectivityService: ConnectivityService starting up
06-26 20:00:08.489   416   416 D ConnectivityService: wifiOnly=true
06-26 20:00:08.490   416   416 D ConnectivityService: naString=wifi,1,1,2,-1,true config=android.net.NetworkConfig@811923a
06-26 20:00:08.491   416   416 D ConnectivityService: naString=mobile,0,0,0,-1,true config=android.net.NetworkConfig@ce51eeb
06-26 20:00:08.491   416   416 D ConnectivityService: networkAttributes - ignoring mobile as this dev is wifiOnly 0
06-26 20:00:08.491   416   416 D ConnectivityService: naString=mobile_mms,2,0,2,60000,true config=android.net.NetworkConfig@1bbf448
06-26 20:00:08.491   416   416 D ConnectivityService: networkAttributes - ignoring mobile as this dev is wifiOnly 2
06-26 20:00:08.492   416   416 D ConnectivityService: naString=mobile_supl,3,0,2,60000,true config=android.net.NetworkConfig@92522e1
06-26 20:00:08.492   416   416 D ConnectivityService: networkAttributes - ignoring mobile as this dev is wifiOnly 3
06-26 20:00:08.492   416   416 D ConnectivityService: naString=mobile_dun,4,0,2,60000,true config=android.net.NetworkConfig@769806
06-26 20:00:08.492   416   416 D ConnectivityService: networkAttributes - ignoring mobile as this dev is wifiOnly 4
06-26 20:00:08.492   416   416 D ConnectivityService: naString=mobile_hipri,5,0,3,60000,true config=android.net.NetworkConfig@f74bec7
06-26 20:00:08.492   416   416 D ConnectivityService: networkAttributes - ignoring mobile as this dev is wifiOnly 5
06-26 20:00:08.492   416   416 D ConnectivityService: naString=mobile_fota,10,0,2,60000,true config=android.net.NetworkConfig@bc00cf4
06-26 20:00:08.492   416   416 D ConnectivityService: networkAttributes - ignoring mobile as this dev is wifiOnly 10
06-26 20:00:08.492   416   416 D ConnectivityService: naString=mobile_ims,11,0,2,60000,true config=android.net.NetworkConfig@d700c1d
06-26 20:00:08.492   416   416 D ConnectivityService: networkAttributes - ignoring mobile as this dev is wifiOnly 11
06-26 20:00:08.493   416   416 D ConnectivityService: naString=mobile_cbs,12,0,2,60000,true config=android.net.NetworkConfig@7d42e92
06-26 20:00:08.493   416   416 D ConnectivityService: networkAttributes - ignoring mobile as this dev is wifiOnly 12
06-26 20:00:08.493   416   416 D ConnectivityService: naString=bluetooth,7,7,0,-1,true config=android.net.NetworkConfig@2748063
06-26 20:00:08.493   416   416 D ConnectivityService: naString=ethernet,9,9,9,-1,true config=android.net.NetworkConfig@a4b0460
06-26 20:00:08.493   416   416 D ConnectivityService: mNetworksDefined=4
06-26 20:00:08.494   416   416 E ConnectivityService: Ignoring protectedNetwork 10
06-26 20:00:08.494   416   416 E ConnectivityService: Ignoring protectedNetwork 11
06-26 20:00:08.494   416   416 E ConnectivityService: Ignoring protectedNetwork 12
06-26 20:00:08.494   416   416 E ConnectivityService: Ignoring protectedNetwork 14
06-26 20:00:08.494   416   416 E ConnectivityService: Ignoring protectedNetwork 15
06-26 20:00:08.535   416   416 I SystemServer: StartNsdService
06-26 20:00:08.547   416   416 I SystemServer: StartUpdateLockService
06-26 20:00:08.554   416   416 I SystemServiceManager: Starting com.android.server.RecoverySystemService
06-26 20:00:08.560   416   416 I SystemServiceManager: Starting com.android.server.notification.NotificationManagerService
06-26 20:00:08.617   416   416 D ConditionProviders.SCP: new ScheduleConditionProvider()
06-26 20:00:08.641   416   416 D ZenLog  : config: readXml,ZenModeConfig[user=0,allowCalls=true,allowRepeatCallers=false,allowMessages=false,allowCallsFrom=contacts,allowMessagesFrom=contacts,allowReminders=true,allowEvents=true,allowWhenScreenOff=true,allowWhenScreenOn=true,automaticRules={25a6dd96a24b4df6bd3088c7e3097477=ZenRule[enabled=false,snoozing=false,name=Weekend,zenMode=ZEN_MODE_ALARMS,conditionId=condition://android/schedule?days=6.7&start=23.30&end=10.0&exitAtAlarm=false,condition=Condition[id=condition://android/schedule?days=6.7&start=23.30&end=10.0&exitAtAlarm=false,summary=...,line1=...,line2=...,icon=0,state=STATE_FALSE,flags=2],component=ComponentInfo{android/com.android.server.notification.ScheduleConditionProvider},id=25a6dd96a24b4df6bd3088c7e3097477,creationTime=171343,enabler=null], a39688c18c6949eb93d2d819ff254056=ZenRule[enabled=false,snoozing=false,name=Weeknight,zenMode=ZEN_MODE_ALARMS,conditionId=condition://android/schedule?days=1.2.3.4.5&start=22.0&end=7.0&exitAtAlarm=false,condition=Condition[id=condition://android/schedule?days=1.2.3.4.5&start=22.0&end=7.0&exitAtAlarm=false,summary=...,line1=...,line2=...,icon=0,state=STATE_FALSE,flags=2],component=ComponentInfo{android/com.android.server.notification.ScheduleConditionProvider},id=a39688c18c6949eb93d2d819ff254056,creationTime=171343,enabler=null], 5d561a952c594803b5e4af64eefc6361=ZenRule[enabled=false,snoozing=false,name=Event,zenMode=ZEN_MODE_ALARMS,conditionId=condition://android/event?userId=-10000&calendar=&reply=1,condition=Condition[id=condition://android/event?userId=-10000&calendar=&reply=1,summary=...,line1=...,line2=...,icon=0,state=STATE_FALSE,flags=2],component=ComponentInfo{android/com.android.server.notification.EventConditionProvider},id=5d561a952c594803b5e4af64eefc6361,creationTime=171344,enabler=null]},manualRule=null],Diff[automaticRule[5528824e86924724a017c55207c0bce6]:delete,automaticRule[25a6dd96a24b4df6bd3088c7e3097477]:insert,automaticRule[4fd86a50a47b477d815630028a135542]:delete,automaticRule[5f6730553d094bc8bcdc3649820cce33]:delete,automaticRule[a39688c18c6949eb93d2d819ff254056]:insert,automaticRule[5d561a952c594803b5e4af64eefc6361]:insert]
06-26 20:00:08.660   416   416 D ZenLog  : set_zen_mode: off,init
06-26 20:00:08.664   416   416 I SystemServiceManager: Starting com.android.server.storage.DeviceStorageMonitorService
06-26 20:00:08.667   416   416 I SystemServer: StartLocationManagerService
06-26 20:00:08.670   416   416 I SystemServer: StartCountryDetectorService
06-26 20:00:08.672   416   416 I SystemServer: StartSearchManagerService
06-26 20:00:08.672   416   416 I SystemServiceManager: Starting com.android.server.search.SearchManagerService$Lifecycle
06-26 20:00:08.675   416   416 I SystemServiceManager: Starting com.android.server.DropBoxManagerService
06-26 20:00:08.678   416   416 I SystemServer: StartAudioService
06-26 20:00:08.679   416   416 I SystemServiceManager: Starting com.android.server.audio.AudioService$Lifecycle
06-26 20:00:08.681   155   518 I vold    : Trimmed 3462828032 bytes on /data in 863ms
06-26 20:00:08.681   155   518 D vold    : Starting trim of none
06-26 20:00:08.681   155   518 W vold    : Failed to open none: No such file or directory
06-26 20:00:08.682   416   515 D VoldConnector: RCV <- {662 /data 3462828032 863121670}
06-26 20:00:08.684   416   416 W Vibrator: Failed to vibrate; no vibrator service.
06-26 20:00:08.688   192   245 D PermissionCache: checking android.permission.MODIFY_AUDIO_SETTINGS for uid=1000 => granted (1091 us)
06-26 20:00:08.688   416   416 W TelecomManager: Telecom Service not found.
06-26 20:00:08.693   192   241 W AudioFlinger: no wake lock to update, system not ready yet
06-26 20:00:08.720   416   416 V AudioService: monitoring device orientation
06-26 20:00:08.720   192   541 D AudioHardwareTiny: adev_set_parameters: kvpairs = orientation=undefined
06-26 20:00:08.722   416   416 I SystemServer: StartWiredAccessoryManager
06-26 20:00:08.723   416   416 W WiredAccessoryManager: This kernel does not have wired headset support
06-26 20:00:08.724   416   416 W WiredAccessoryManager: This kernel does not have dp audio support
06-26 20:00:08.724   416   416 I SystemServiceManager: Starting com.android.server.usb.UsbService$Lifecycle
06-26 20:00:08.729   416   416 I UsbDeviceManager: Setting USB config to mtp
06-26 20:00:08.787   416   416 I SystemServer: StartSerialService
06-26 20:00:08.789   416   416 E HardwarePropertiesManagerService-JNI: Couldn't load thermal module (No such file or directory)
06-26 20:00:08.790   416   416 I SystemServiceManager: Starting com.android.server.twilight.TwilightService
06-26 20:00:08.791   416   416 I SystemServiceManager: Starting com.android.server.job.JobSchedulerService
06-26 20:00:08.795   416   416 D JobStore: Start tag: job-info
06-26 20:00:08.795   416   416 W JobStore: Periodic job for uid='1000' persisted run-time is too big [48:12:42, 49:24:42]. Clamping to [24:00:12,25:12:12]
06-26 20:00:08.797   416   416 W JobStore: Periodic job for uid='1000' persisted run-time is too big [72:12:42, 74:36:42]. Clamping to [48:00:12,50:24:12]
06-26 20:00:08.799   416   416 W JobStore: Periodic job for uid='1000' persisted run-time is too big [48:12:42, 49:24:42]. Clamping to [24:00:12,25:12:12]
06-26 20:00:08.799   416   416 W JobStore: Periodic job for uid='1000' persisted run-time is too big [48:12:42, 49:24:42]. Clamping to [24:00:12,25:12:12]
06-26 20:00:08.801   416   416 W JobStore: Periodic job for uid='1000' persisted run-time is too big [48:12:42, 49:24:42]. Clamping to [24:00:12,25:12:12]
06-26 20:00:08.801   416   416 W JobStore: Periodic job for uid='1000' persisted run-time is too big [48:12:42, 49:24:42]. Clamping to [24:00:12,25:12:12]
06-26 20:00:08.802   416   416 W JobStore: Periodic job for uid='1000' persisted run-time is too big [48:12:42, 49:24:42]. Clamping to [24:00:12,25:12:12]
06-26 20:00:08.804   416   416 W JobStore: Periodic job for uid='1000' persisted run-time is too big [48:12:42, 49:24:42]. Clamping to [24:00:12,25:12:12]
06-26 20:00:08.805   416   416 W JobStore: Periodic job for uid='1000' persisted run-time is too big [25:12:42, 25:17:42]. Clamping to [1:00:12,1:05:12]
06-26 20:00:08.805   416   416 W JobStore: Periodic job for uid='1000' persisted run-time is too big [48:12:42, 49:24:42]. Clamping to [24:00:12,25:12:12]
06-26 20:00:08.806   416   416 W JobStore: Periodic job for uid='1000' persisted run-time is too big [48:12:42, 49:24:42]. Clamping to [24:00:12,25:12:12]
06-26 20:00:08.807   416   416 W JobStore: Periodic job for uid='1000' persisted run-time is too big [181:12:42, 189:03:42]. Clamping to [157:00:12,164:51:12]
06-26 20:00:08.808   416   416 W JobStore: Periodic job for uid='1000' persisted run-time is too big [48:12:42, 49:24:42]. Clamping to [24:00:12,25:12:12]
06-26 20:00:08.809   416   416 W JobStore: Periodic job for uid='1000' persisted run-time is too big [48:12:42, 49:24:42]. Clamping to [24:00:12,25:12:12]
06-26 20:00:08.810   416   416 W JobStore: Periodic job for uid='1000' persisted run-time is too big [48:12:42, 49:24:42]. Clamping to [24:00:12,25:12:12]
06-26 20:00:08.822   416   416 I SystemServiceManager: Starting com.android.server.soundtrigger.SoundTriggerService
06-26 20:00:08.824   416   416 I SystemServiceManager: Starting com.android.server.backup.BackupManagerService$Lifecycle
06-26 20:00:08.827   416   416 I SystemServiceManager: Starting com.android.server.appwidget.AppWidgetService
06-26 20:00:08.833   416   416 I SystemServiceManager: Starting com.android.server.voiceinteraction.VoiceInteractionManagerService
06-26 20:00:08.836   416   416 I SystemServer: Gesture Launcher Service
06-26 20:00:08.836   416   416 I SystemServiceManager: Starting com.android.server.GestureLauncherService
06-26 20:00:08.836   416   416 I SystemServiceManager: Starting com.android.server.SensorNotificationService
06-26 20:00:08.837   416   416 I SystemServiceManager: Starting com.android.server.ContextHubSystemService
06-26 20:00:08.838   416   416 E ContextHubService: ** Could not load context_hub module : err No such file or directory
06-26 20:00:08.838   416   416 W ContextHubService: No Context Hub Module present
06-26 20:00:08.838   416   416 I SystemServer: StartDiskStatsService
06-26 20:00:08.841   416   416 I SystemServer: StartSamplingProfilerService
06-26 20:00:08.847   416   416 I SystemServer: StartNetworkTimeUpdateService
06-26 20:00:08.849   416   416 I SystemServer: StartCommonTimeManagementService
06-26 20:00:08.851   416   416 I SystemServer: CertBlacklister
06-26 20:00:08.852   416   416 I SystemServiceManager: Starting com.android.server.emergency.EmergencyAffordanceService
06-26 20:00:08.854   416   416 I SystemServiceManager: Starting com.android.server.dreams.DreamManagerService
06-26 20:00:08.858   416   416 I SystemServer: StartAssetAtlasService
06-26 20:00:08.861   416   542 D AssetAtlas: Loaded configuration: SliceMinArea (576x576) flags=0x2 count=98
06-26 20:00:08.862   416   416 I SystemServiceManager: Starting com.android.server.restrictions.RestrictionsManagerService
06-26 20:00:08.864   416   542 I [Gralloc]:  ion device open success! fd = 132
06-26 20:00:08.865   416   416 I SystemServiceManager: Starting com.android.server.media.MediaSessionService
06-26 20:00:08.868   416   542 D libEGL  : loaded /system/lib64/egl/libGLES_mali.so
06-26 20:00:08.870   416   416 I SystemServiceManager: Starting com.android.server.hdmi.HdmiControlService
