06-28 01:46:09.407  1172  1497 W awhk    : Empty context model while retrieving upload opt-in status!
06-28 01:46:09.547  1428  2246 W Conscrypt: Could not set socket write timeout: java.net.SocketException: Socket closed
06-28 01:46:09.547  1428  2246 W Conscrypt: 	at com.google.android.gms.org.conscrypt.Platform.setSocketWriteTimeout(:com.google.android.gms@17785019@17.7.85 (040400-253824076):2)
06-28 01:46:09.547  1428  2246 W Conscrypt: 	at com.google.android.gms.org.conscrypt.ConscryptFileDescriptorSocket.setSoWriteTimeout(:com.google.android.gms@17785019@17.7.85 (040400-253824076):2)
06-28 01:46:09.572   476  2054 D ActivityManager: cleanUpApplicationRecord -- 1661
06-28 01:46:09.658  1958  1958 I Finsky  : [1] kjm.a(4): Installer: Installer starting, recovering 0 running downloads
06-28 01:46:09.670  1958  2274 I Finsky  : [73] kjz.run(2): Installer: Installer starting, cleaning up sessions.
06-28 01:46:09.681  1172  1422 W awmy    : Empty context buffer. Thus might mean that the context is not synced down.
06-28 01:46:09.683  1172  1422 W awhk    : Empty context model while retrieving upload opt-in status!
06-28 01:46:09.693  1428  1888 I Icing   : Post-init done
06-28 01:46:09.818  1775  1790 W art     : Suspending all threads took: 22.092ms
06-28 01:46:09.825  1172  2027 W art     : Before Android 4.1, method double java.util.concurrent.ThreadLocalRandom.internalNextDouble(double, double) would have incorrectly overridden the package-private method in java.util.Random
06-28 01:46:09.825  1172  2027 W art     : Before Android 4.1, method int java.util.concurrent.ThreadLocalRandom.internalNextInt(int, int) would have incorrectly overridden the package-private method in java.util.Random
06-28 01:46:09.825  1172  2027 W art     : Before Android 4.1, method long java.util.concurrent.ThreadLocalRandom.internalNextLong(long, long) would have incorrectly overridden the package-private method in java.util.Random
06-28 01:46:09.954  1172  1496 W Conscrypt: Could not set socket write timeout: java.net.SocketException: Socket closed
06-28 01:46:09.955  1172  1496 W Conscrypt: 	at com.google.android.gms.org.conscrypt.Platform.setSocketWriteTimeout(:com.google.android.gms@17785019@17.7.85 (040400-253824076):2)
06-28 01:46:09.955  1172  1496 W Conscrypt: 	at com.google.android.gms.org.conscrypt.ConscryptFileDescriptorSocket.setSoWriteTimeout(:com.google.android.gms@17785019@17.7.85 (040400-253824076):2)
06-28 01:46:09.990   476   695 I InputReader: 1--1-----KeyCode=0, scanCode=232
06-28 01:46:09.990  1172  1496 W Conscrypt: Could not set socket write timeout: java.net.SocketException: Socket closed
06-28 01:46:09.990  1172  1496 W Conscrypt: 	at com.google.android.gms.org.conscrypt.Platform.setSocketWriteTimeout(:com.google.android.gms@17785019@17.7.85 (040400-253824076):2)
06-28 01:46:09.990  1172  1496 W Conscrypt: 	at com.google.android.gms.org.conscrypt.ConscryptFileDescriptorSocket.setSoWriteTimeout(:com.google.android.gms@17785019@17.7.85 (040400-253824076):2)
06-28 01:46:09.990   476   695 I InputReader: 1--22-----KeyCode=23, scanCode=232
06-28 01:46:09.990   476   695 I InputReader: KeyCode=23, scanCode=232
06-28 01:46:09.991   476   695 D WindowManager: interceptKeyTq keycode=23 interactive=true keyguardActive=false policyFlags=22000000
06-28 01:46:09.991   476   694 D WindowManager: interceptKeyTi keyCode=23 down=true repeatCount=0 keyguardOn=false mHomePressed=false canceled=false
06-28 01:46:10.151  1172  1990 I InstantApps: DomainFilterImpl: Domain filter response size: 221
06-28 01:46:10.158  1172  1990 I InstantApps: DomainFilterImpl: Account = home@romanr.info is ineligible from using Instant apps
06-28 01:46:10.176   476   695 I InputReader: 1--1-----KeyCode=0, scanCode=232
06-28 01:46:10.177   476   695 D WindowManager: interceptKeyTq keycode=23 interactive=true keyguardActive=false policyFlags=22000000
06-28 01:46:10.177   476   694 D WindowManager: interceptKeyTi keyCode=23 down=false repeatCount=0 keyguardOn=false mHomePressed=false canceled=false
06-28 01:46:10.241  1775  1775 D Device  : Say byebye on 192.168.1.200
06-28 01:46:10.439  1584  1642 D NetworkSecurityConfig: No Network Security Config specified, using platform default
06-28 01:46:10.538  1775  1775 D Device  : Say byebye on 192.168.1.200
06-28 01:46:10.701  1743  1755 W art     : Suspending all threads took: 6.665ms
06-28 01:46:10.930  1958  1958 I Finsky  : [1] qah.b(7): Jobs in database: 1-1337 24-77777777 26-1414141414 29-29 
06-28 01:46:10.953  1775  1790 W art     : Suspending all threads took: 40.563ms
06-28 01:46:11.078  1958  2274 W art     : Verification of void nqm.a(java.lang.String) took 128.744ms
06-28 01:46:11.117  1428  1888 W Conscrypt: Could not set socket write timeout: java.net.SocketException: Socket closed
06-28 01:46:11.118  1428  1888 W Conscrypt: 	at com.google.android.gms.org.conscrypt.Platform.setSocketWriteTimeout(:com.google.android.gms@17785019@17.7.85 (040400-253824076):2)
06-28 01:46:11.118  1428  1888 W Conscrypt: 	at com.google.android.gms.org.conscrypt.ConscryptFileDescriptorSocket.setSoWriteTimeout(:com.google.android.gms@17785019@17.7.85 (040400-253824076):2)
06-28 01:46:11.163  1958  1958 I Finsky  : [1] pxo.a(113): ConstraintMapping: 24-77777777,  -> L: 0ms, D: 69067349ms, C: false, I: true, N: 0
06-28 01:46:11.184  1958  1958 I Finsky  : [1] pxo.a(113): ConstraintMapping: 1-1337,  -> L: 13002362ms, D: 56202362ms, C: false, I: false, N: 1
06-28 01:46:11.186  1958  1958 I Finsky  : [1] pxo.a(113): ConstraintMapping: 29-29, 26-1414141414,  -> L: 23369ms, D: 53369ms, C: false, I: false, N: 0
06-28 01:46:11.193  1958  1958 I Finsky  : [1] com.google.android.finsky.scheduler.JobSchedulerEngine.a(4): Scheduling job Id: 9000, L: 0, D: 69067349, C: false, I: true, N: 0
06-28 01:46:11.199  1958  1958 I Finsky  : [1] com.google.android.finsky.scheduler.JobSchedulerEngine.a(4): Scheduling job Id: 9001, L: 13002362, D: 56202362, C: false, I: false, N: 1
06-28 01:46:11.209  1958  1958 I Finsky  : [1] com.google.android.finsky.scheduler.JobSchedulerEngine.a(4): Scheduling job Id: 9002, L: 23369, D: 53369, C: false, I: false, N: 0
06-28 01:46:11.236   476   695 I InputReader: 1--1-----KeyCode=4, scanCode=158
06-28 01:46:11.237   476   695 I InputReader: 1--22-----KeyCode=4, scanCode=158
06-28 01:46:11.237   476   695 I InputReader: KeyCode=4, scanCode=158
06-28 01:46:11.237   476   695 D WindowManager: interceptKeyTq keycode=4 interactive=true keyguardActive=false policyFlags=22000000
06-28 01:46:11.238   476   694 D WindowManager: interceptKeyTi keyCode=4 down=true repeatCount=0 keyguardOn=false mHomePressed=false canceled=false
06-28 01:46:11.330  1958  2191 W art     : Verification of qbo qbo.a(ajtp, long, int, int, int) took 393.016ms
06-28 01:46:11.413  1958  2274 I Finsky  : [73] kjz.run(10): Installer: Installer started.
06-28 01:46:11.423   476   695 I InputReader: 1--1-----KeyCode=4, scanCode=158
06-28 01:46:11.423   476   695 D WindowManager: interceptKeyTq keycode=4 interactive=true keyguardActive=false policyFlags=22000000
06-28 01:46:11.424   476   694 D WindowManager: interceptKeyTi keyCode=4 down=false repeatCount=0 keyguardOn=false mHomePressed=false canceled=false
06-28 01:46:11.519  1958  1958 W art     : Verification of fwe ihm.a() took 105.971ms
06-28 01:46:11.543  2039  2041 I art     : Do partial code cache collection, code=59KB, data=61KB
06-28 01:46:11.544  2039  2041 I art     : After code cache collection, code=45KB, data=50KB
06-28 01:46:11.544  2039  2041 I art     : Increasing code cache capacity to 256KB
06-28 01:46:11.618  1775  1775 D SystemDeviceService: [handleAutoRun] auto start mediaserver. 
06-28 01:46:11.644  1958  2310 W art     : Verification of int afqs.size() took 101.807ms
06-28 01:46:11.848  1958  1972 W art     : Suspending all threads took: 37.416ms
06-28 01:46:11.880  1743  1755 W art     : Suspending all threads took: 5.932ms
06-28 01:46:11.910  1958  2191 W art     : Verification of void qbo.a(cnj, clp) took 578.669ms
06-28 01:46:11.913  1958  2310 W art     : Verification of java.lang.Object afqp.a(int) took 268.251ms
06-28 01:46:11.931  1958  1958 I Finsky  : [1] rcz.a(35): Connecting InstallListener to SplitInstallService broadcaster...
06-28 01:46:12.003  1172  1421 W awmy    : Empty context buffer. Thus might mean that the context is not synced down.
06-28 01:46:12.004  1172  1421 W awhk    : Empty context model while retrieving upload opt-in status!
06-28 01:46:12.025   476   695 I InputReader: 1--1-----KeyCode=4, scanCode=158
06-28 01:46:12.025   476   695 I InputReader: 1--22-----KeyCode=4, scanCode=158
06-28 01:46:12.025   476   695 I InputReader: KeyCode=4, scanCode=158
06-28 01:46:12.026   476   695 D WindowManager: interceptKeyTq keycode=4 interactive=true keyguardActive=false policyFlags=22000000
06-28 01:46:12.026   476   694 D WindowManager: interceptKeyTi keyCode=4 down=true repeatCount=0 keyguardOn=false mHomePressed=false canceled=false
06-28 01:46:12.076  1958  1972 W art     : Suspending all threads took: 108.300ms
06-28 01:46:12.078  1958  1958 W art     : Verification of fmr pns.b(java.util.Collection) took 145.163ms
06-28 01:46:12.086  1958  1958 I Finsky  : [1] khj.a(267): Installer: found apps to install. apps=[]
06-28 01:46:12.213   476   695 I InputReader: 1--1-----KeyCode=4, scanCode=158
06-28 01:46:12.214   476   695 D WindowManager: interceptKeyTq keycode=4 interactive=true keyguardActive=false policyFlags=22000000
06-28 01:46:12.214   476   694 D WindowManager: interceptKeyTi keyCode=4 down=false repeatCount=0 keyguardOn=false mHomePressed=false canceled=false
06-28 01:46:12.401  1743  1855 I DeviceMonitorService: remoteDeviceAdded->device->descriptionURL:http://192.168.1.200:38389/deviceDescription/MediaServer
06-28 01:46:12.401  1743  1855 I DeviceMonitorService: remoteDeviceAdded->device->Udn:dcd0b32c-512e-ddb3-ffff-ffffb717f98f
06-28 01:46:12.548  1172  1990 I VacuumService: Vacuum at: now=1561675572548 tag=VacuumService
06-28 01:46:12.621   153   155 D PermissionCache: checking android.permission.READ_FRAME_BUFFER for uid=1000 => granted (257 us)
06-28 01:46:12.758  1584  1642 D RKUpdateService: request remote server error...
06-28 01:46:12.899  1942  1957 I mali_so : [File] : hardware/rockchip/driver/./src/base/arch/arch_011_udd/base_arch_main.c; [Line] : 565; [Func] : deal_with_version_affairs_rk_ext;
06-28 01:46:12.899  1942  1957 I mali_so : arm_release_ver of this mali_so is 'r7p0-00rel1', rk_so_ver is '1@2' for 3328h_android_7.1, built at '15:47:51', on 'Jun 28 2017'.
06-28 01:46:12.899  1942  1957 I mali_so : [File] : hardware/rockchip/driver/./src/base/arch/arch_011_udd/base_arch_main.c; [Line] : 578; [Func] : deal_with_version_affairs_rk_ext;
06-28 01:46:12.899  1942  1957 I mali_so : mali_ver_property has been set to 'r7p0-00rel1-5-1@2', to return.
06-28 01:46:12.951  1942  1957 I mali_so : [File] : hardware/rockchip/driver/./src/base/arch/arch_011_udd/base_arch_main.c; [Line] : 565; [Func] : deal_with_version_affairs_rk_ext;
06-28 01:46:12.951  1942  1957 I mali_so : arm_release_ver of this mali_so is 'r7p0-00rel1', rk_so_ver is '1@2' for 3328h_android_7.1, built at '15:47:51', on 'Jun 28 2017'.
06-28 01:46:12.951  1942  1957 I mali_so : [File] : hardware/rockchip/driver/./src/base/arch/arch_011_udd/base_arch_main.c; [Line] : 578; [Func] : deal_with_version_affairs_rk_ext;
06-28 01:46:12.951  1942  1957 I mali_so : mali_ver_property has been set to 'r7p0-00rel1-5-1@2', to return.
06-28 01:46:12.981  1428  1888 W Conscrypt: Could not set socket write timeout: java.net.SocketException: Socket closed
06-28 01:46:12.981  1428  1888 W Conscrypt: 	at com.google.android.gms.org.conscrypt.Platform.setSocketWriteTimeout(:com.google.android.gms@17785019@17.7.85 (040400-253824076):2)
06-28 01:46:12.981  1428  1888 W Conscrypt: 	at com.google.android.gms.org.conscrypt.ConscryptFileDescriptorSocket.setSoWriteTimeout(:com.google.android.gms@17785019@17.7.85 (040400-253824076):2)
06-28 01:46:13.172  1428  1930 I CheckinCompat: Done disabling old GoogleServicesFramework version
06-28 01:46:13.178  1743  1748 I art     : Do partial code cache collection, code=21KB, data=61KB
06-28 01:46:13.179  1743  1748 I art     : After code cache collection, code=21KB, data=61KB
06-28 01:46:13.179  1743  1748 I art     : Increasing code cache capacity to 256KB
06-28 01:46:13.530  1743  1755 W art     : Suspending all threads took: 34.171ms
06-28 01:46:13.694  1683  2300 W dex2oat : Verification of void acs.<init>(android.content.Context, java.lang.String, akz, alf, aat, aan) took 116.886ms
06-28 01:46:13.925  1683  2299 W dex2oat : Verification of java.lang.Object alz.createFromParcel(android.os.Parcel) took 132.365ms
06-28 01:46:13.926  1683  2300 W dex2oat : Verification of void akb.a(byte[]) took 153.551ms
06-28 01:46:14.132  1683  1683 W dex2oat : Verification of void anm.<init>(android.content.Context, anb) took 104.236ms
06-28 01:46:14.147  1683  2300 W dex2oat : Verification of void android.support.v7.widget.RecyclerView.a(android.content.Context, java.lang.String, android.util.AttributeSet, int) took 158.454ms
06-28 01:46:14.155  1743  1822 I FileScanThread: mTmpFileInfos->size:40
06-28 01:46:14.194  1743  1822 I FileScanThread: FileScanThread end time:1561675574194
06-28 01:46:14.194  1743  1822 I FileScanThread: FileScanThread total time:25s
06-28 01:46:14.210  1428  1919 W Conscrypt: Could not set socket write timeout: java.net.SocketException: Socket closed
06-28 01:46:14.210  1428  1919 W Conscrypt: 	at com.google.android.gms.org.conscrypt.Platform.setSocketWriteTimeout(:com.google.android.gms@17785019@17.7.85 (040400-253824076):2)
06-28 01:46:14.210  1428  1919 W Conscrypt: 	at com.google.android.gms.org.conscrypt.ConscryptFileDescriptorSocket.setSoWriteTimeout(:com.google.android.gms@17785019@17.7.85 (040400-253824076):2)
06-28 01:46:14.232  1172  1421 W awmy    : Empty context buffer. Thus might mean that the context is not synced down.
06-28 01:46:14.232  1172  1421 W awhk    : Empty context model while retrieving upload opt-in status!
06-28 01:46:14.255  1428  1919 W Conscrypt: Could not set socket write timeout: java.net.SocketException: Socket closed
06-28 01:46:14.255  1428  1919 W Conscrypt: 	at com.google.android.gms.org.conscrypt.Platform.setSocketWriteTimeout(:com.google.android.gms@17785019@17.7.85 (040400-253824076):2)
06-28 01:46:14.255  1428  1919 W Conscrypt: 	at com.google.android.gms.org.conscrypt.ConscryptFileDescriptorSocket.setSoWriteTimeout(:com.google.android.gms@17785019@17.7.85 (040400-253824076):2)
06-28 01:46:14.319   476  2074 I ActivityManager: Killing 1365:android.process.acore/u0a3 (adj 906): empty #4
06-28 01:46:14.328  1683  1683 W dex2oat : Verification of arn aqa.a() took 100.680ms
06-28 01:46:14.404   476   509 D ActivityManager: cleanUpApplicationRecord -- 1365
06-28 01:46:14.667  1958  2193 I Finsky  : [37] dhd.run(3): Initializing the instant apps module.
06-28 01:46:14.688  1958  2211 I ShortcutBadger: Checking if platform supports badge counters, attempt 1/3.
06-28 01:46:14.797  1958  2211 I ShortcutBadger: Checking if platform supports badge counters, attempt 2/3.
06-28 01:46:14.817  1958  2211 I ShortcutBadger: Checking if platform supports badge counters, attempt 3/3.
06-28 01:46:14.820  1958  2186 E Finsky  : [31] fxd.a(25): Unable to build selector: /storage/emulated/0/Download/marketenvs.csv (No such file or directory)
06-28 01:46:14.835  1958  2211 W ShortcutBadger: Badge counter seems not supported in this platform: unable to resolve intent: Intent { act=android.intent.action.BADGE_COUNT_UPDATE (has extras) }
06-28 01:46:14.855  1958  2194 I Finsky  : [38] oaa.b(1): Triggered update for experiment package com.google.android.finsky.regular.
06-28 01:46:15.532  1958  2193 I Finsky  : [37] vxb.a(11): Do not start WearSupportService due to Wear service optimization
06-28 01:46:15.532  1958  2186 I Finsky  : [31] dgs.run(7): Component class com.google.android.finsky.wear.WearSupportService disabled via PackageManager.
06-28 01:46:15.537  1958  2186 I Finsky  : [31] dgs.run(7): Component class com.google.android.finsky.wear.WearChangeListenerService disabled via PackageManager.
06-28 01:46:15.621  1958  2194 W art     : Verification of java.lang.Object adji.call() took 231.663ms
06-28 01:46:15.805  1683  2301 W dex2oat : Verification of void ou.a(pl) took 123.463ms
06-28 01:46:16.013  1465  1470 I art     : Compiler allocated 4MB to compile android.database.Cursor com.android.providers.media.MediaProvider.query(android.net.Uri, java.lang.String[], java.lang.String, java.lang.String[], java.lang.String)
06-28 01:46:16.050  1958  2209 I Finsky  : [48] vbv.f(3): Restoring notifications
06-28 01:46:16.144  1683  2300 W dex2oat : Compilation of ad[] ab.a(java.lang.String) took 104.104ms
06-28 01:46:16.155  1683  2301 W dex2oat : Compilation of java.lang.Object aae.createFromParcel(android.os.Parcel) took 165.029ms
06-28 01:46:16.194  1958  2194 I Finsky  : [38] oaa.b(6): Already at the latest configurations for experiment package com.google.android.finsky.regular.
06-28 01:46:16.212  1958  2274 W art     : Long monitor contention with owner AsyncTask #1 (2194) at abkw jqa.a(android.content.Context, crj, jqn)(SourceFile:1) waiters=0 in int oaa.b() for 1.333s
06-28 01:46:16.227  1958  2274 I Finsky  : [73] oaa.b(1): Triggered update for experiment package com.google.android.finsky.regular.
06-28 01:46:16.275  1958  2209 I Finsky  : [48] vbv.f(8): Done restoring notifications
06-28 01:46:16.286   476  1259 I ActivityManager: Killing 1563:com.android.providers.calendar/u0a1 (adj 906): empty #4
06-28 01:46:16.337   476   511 D ActivityManager: cleanUpApplicationRecord -- 1563
06-28 01:46:16.345  1683  2301 W dex2oat : Compilation of double ac.a(int) took 128.481ms
06-28 01:46:16.367  1683  2300 W dex2oat : Compilation of void abv.afterExecute(java.lang.Runnable, java.lang.Throwable) took 157.808ms
06-28 01:46:16.374  1683  1683 W dex2oat : Compilation of void ack.onReceive(android.content.Context, android.content.Intent) took 139.689ms
06-28 01:46:16.510  1683  2300 W dex2oat : Compilation of boolean acq.a(java.lang.String, android.net.Uri) took 124.393ms
06-28 01:46:16.516  1958  2274 I Finsky  : [73] oaa.b(6): Already at the latest configurations for experiment package com.google.android.finsky.regular.
06-28 01:46:16.517  1958  2278 W art     : Long monitor contention with owner AsyncTask #1 (2194) at abkw jqa.a(android.content.Context, crj, jqn)(SourceFile:1) waiters=1 in int oaa.b() for 1.614s
06-28 01:46:16.517  1958  2278 I Finsky  : [75] oaa.b(1): Triggered update for experiment package com.google.android.finsky.stable.
06-28 01:46:16.610  1958  2278 I Finsky  : [75] oaa.b(6): Already at the latest configurations for experiment package com.google.android.finsky.stable.
06-28 01:46:16.627  1683  2301 W dex2oat : Compilation of void ad.a(android.graphics.Path, float, float, float, float, float, float, float, boolean, boolean) took 118.206ms
06-28 01:46:16.748  1683  2301 W dex2oat : Compilation of void ad.a(ad[], android.graphics.Path) took 120.240ms
06-28 01:46:16.836  1743  1748 I art     : Compiler allocated 5MB to compile int org.eclipse.jetty.http.HttpParser.parseNext()
06-28 01:46:17.157  1683  1683 W dex2oat : Compilation of void acs.<init>(android.content.Context, java.lang.String, akz, alf, aat, aan) took 781.458ms
06-28 01:46:17.267  1683  2299 W dex2oat : Compilation of void aku.run() took 116.698ms
06-28 01:46:17.392  1683  1683 W dex2oat : Compilation of alj acs.b(java.util.Map) took 121.781ms
06-28 01:46:17.586  1683  2301 W dex2oat : Compilation of java.lang.Object amn.createFromParcel(android.os.Parcel) took 106.953ms
06-28 01:46:17.598  1683  2300 W dex2oat : Compilation of java.lang.Object amk.createFromParcel(android.os.Parcel) took 183.281ms
06-28 01:46:17.777  1683  1683 W dex2oat : Compilation of void acs.a(abs) took 311.933ms
06-28 01:46:17.803  1958  1966 I art     : Do partial code cache collection, code=15KB, data=22KB
06-28 01:46:17.803  1958  1966 I art     : After code cache collection, code=15KB, data=22KB
06-28 01:46:17.803  1958  1966 I art     : Increasing code cache capacity to 128KB
06-28 01:46:17.818  1683  2300 W dex2oat : Compilation of java.lang.String anc.a(avy, char, java.lang.String) took 158.757ms
06-28 01:46:17.843  1958  1966 I art     : Compiler allocated 7MB to compile java.lang.Object adji.call()
06-28 01:46:17.965  1683  2299 W dex2oat : Compilation of void android.support.v7.widget.RecyclerView.<init>(android.content.Context, android.util.AttributeSet, int) took 118.505ms
06-28 01:46:18.052  1683  1683 W dex2oat : Compilation of void android.support.v7.widget.Toolbar.<init>(android.content.Context, android.util.AttributeSet, int) took 171.467ms
06-28 01:46:18.081  1683  2300 W dex2oat : Compilation of java.lang.String anc.a(avy, java.lang.String) took 263.359ms
06-28 01:46:18.105  1743  1748 I art     : Do full code cache collection, code=113KB, data=124KB
06-28 01:46:18.105  1743  1748 I art     : Starting a blocking GC JitCodeCache
06-28 01:46:18.105  1743  1748 I art     : After code cache collection, code=86KB, data=82KB
06-28 01:46:18.228  1683  2299 W dex2oat : Compilation of void android.support.v7.widget.RecyclerView.a(android.content.Context, java.lang.String, android.util.AttributeSet, int) took 262.126ms
06-28 01:46:18.301  1683  2301 W dex2oat : Compilation of java.lang.Object aol.createFromParcel(android.os.Parcel) took 109.794ms
06-28 01:46:18.740  1683  1683 W dex2oat : Compilation of void aqh.a(java.lang.String) took 287.729ms
06-28 01:46:18.769  1683  2301 W dex2oat : Compilation of bd au.a(android.content.Context, av, int) took 106.283ms
06-28 01:46:18.889  1683  2300 W dex2oat : Compilation of void auv.run() took 157.042ms
06-28 01:46:19.023  1683  1683 W dex2oat : Compilation of void ayi.a(ayd, java.lang.StringBuilder, int) took 116.919ms
06-28 01:46:19.563  1683  2299 W dex2oat : Compilation of com.google.android.gms.dynamite.DynamiteModule com.google.android.gms.dynamite.DynamiteModule.a(android.content.Context, zd, java.lang.String) took 136.814ms
06-28 01:46:19.847  1584  1642 D RKUpdateService: request remote server error...
06-28 01:46:20.187  1683  2301 W dex2oat : Compilation of void hy.onMeasure(int, int) took 217.514ms
06-28 01:46:20.331  1683  2300 W dex2oat : Compilation of android.animation.Animator ln.a(android.content.Context, android.content.res.Resources, android.content.res.Resources$Theme, org.xmlpull.v1.XmlPullParser, android.util.AttributeSet, android.animation.AnimatorSet, int) took 154.284ms
06-28 01:46:20.480  1683  2301 W dex2oat : Compilation of void ni.run() took 102.117ms
06-28 01:46:20.515  1683  1683 W dex2oat : Compilation of void ob.run() took 106.397ms
06-28 01:46:20.955  1683  2301 W dex2oat : Compilation of android.graphics.Typeface v.a(android.content.Context, android.content.res.Resources, android.util.TypedValue, int, int, y) took 101.183ms
06-28 01:46:21.286  1683  2299 W dex2oat : Compilation of o z.a(android.content.res.TypedArray, org.xmlpull.v1.XmlPullParser, android.content.res.Resources$Theme, java.lang.String, int) took 132.900ms
06-28 01:46:21.486  1683  2299 W dex2oat : Compilation of void acn.a() took 117.628ms
06-28 01:46:21.508  1683  1683 W dex2oat : Compilation of void adi.a(java.util.List) took 161.067ms
06-28 01:46:21.698  1683  2299 W dex2oat : Compilation of aki akh.a(byte[]) took 106.170ms
06-28 01:46:21.786  1958  1958 I Finsky  : [1] qnw.run(4): Detected restoreservicev2://recovery not needed, will not run
06-28 01:46:22.354  1683  2301 W dex2oat : Compilation of ayh ayh.a(ayr, axp, azk, aws, aya) took 106.882ms
06-28 01:46:22.617  1683  2301 W dex2oat : Compilation of int ayh.a(java.lang.Object) took 154.954ms
06-28 01:46:22.859  1683  2301 W dex2oat : Compilation of void ayh.b(java.lang.Object, java.lang.Object) took 127.235ms
06-28 01:46:23.060  1683  2301 W dex2oat : Compilation of java.util.Map mo.b(mt) took 131.255ms
06-28 01:46:23.067  1683  2299 W dex2oat : Compilation of void lr.inflate(android.content.res.Resources, org.xmlpull.v1.XmlPullParser, android.util.AttributeSet, android.content.res.Resources$Theme) took 166.929ms
06-28 01:46:24.078  1683  2300 W dex2oat : Compilation of alj ajx.b(acy, alj[]) took 319.135ms
06-28 01:46:24.873  1683  2300 W dex2oat : Compilation of dr dr.a(android.content.Context, android.content.res.Resources, org.xmlpull.v1.XmlPullParser, android.util.AttributeSet, android.content.res.Resources$Theme) took 100.047ms
06-28 01:46:25.100  1683  1683 W dex2oat : Compilation of long nz.a(oj) took 160.300ms
06-28 01:46:25.741  1683  2301 W dex2oat : Compilation of void ou.a(pl) took 616.150ms
06-28 01:46:26.040  1683  1683 I dex2oat : dex2oat took 38.221s (threads: 4) arena alloc=6MB (6827920B) java alloc=2MB (2159824B) native alloc=6MB (6765040B) free=8MB (8439312B)
06-28 01:46:26.181  2348  2348 I dex2oat : /system/bin/dex2oat --dex-file=/data/user_de/0/com.google.android.gms/app_chimera/m/00000009/AdsDynamite.apk --oat-fd=38 --oat-location=/data/user_de/0/com.google.android.gms/app_chimera/m/00000009/oat/arm64/AdsDynamite.dex --compiler-filter=speed
06-28 01:46:27.515  2348  2352 W dex2oat : Before Android 4.1, method double java.util.concurrent.ThreadLocalRandom.internalNextDouble(double, double) would have incorrectly overridden the package-private method in java.util.Random
06-28 01:46:27.515  2348  2352 W dex2oat : Before Android 4.1, method int java.util.concurrent.ThreadLocalRandom.internalNextInt(int, int) would have incorrectly overridden the package-private method in java.util.Random
06-28 01:46:27.515  2348  2352 W dex2oat : Before Android 4.1, method long java.util.concurrent.ThreadLocalRandom.internalNextLong(long, long) would have incorrectly overridden the package-private method in java.util.Random
06-28 01:46:29.042  2348  2348 W dex2oat : Compilation of void ain.a(aii, java.lang.StringBuilder, int) took 119.927ms
06-28 01:46:29.744  2348  2351 W dex2oat : Compilation of void ce.a(bo, java.util.ArrayList, java.util.ArrayList, int, int, boolean) took 280.496ms
06-28 01:46:29.798  2348  2350 W dex2oat : Compilation of boolean com.google.android.gms.ads.exoplayer1.i.handleMessage(android.os.Message) took 192.472ms
06-28 01:46:30.012  2348  2351 W dex2oat : Compilation of com.google.android.gms.ads.exoplayer3.metadata.c com.google.android.gms.ads.exoplayer3.extractor.mp4.k.a(com.google.android.gms.ads.exoplayer3.util.i) took 162.284ms
06-28 01:46:30.260  2348  2352 W dex2oat : Compilation of com.google.android.gms.ads.exoplayer3.extractor.mp4.r com.google.android.gms.ads.exoplayer3.extractor.mp4.c.a(com.google.android.gms.ads.exoplayer3.extractor.mp4.a, com.google.android.gms.ads.exoplayer3.extractor.mp4.d, boolean) took 340.006ms
06-28 01:46:30.320  2348  2348 W dex2oat : Compilation of com.google.android.gms.ads.exoplayer3.trackselection.g[] com.google.android.gms.ads.exoplayer3.trackselection.h.a(com.google.android.gms.ads.exoplayer3.v[], com.google.android.gms.ads.exoplayer3.source.ac[], int[][][]) took 125.364ms
06-28 01:46:30.431  2348  2352 W dex2oat : Compilation of com.google.android.gms.ads.exoplayer3.extractor.mp4.s com.google.android.gms.ads.exoplayer3.extractor.mp4.c.a(com.google.android.gms.ads.exoplayer3.extractor.mp4.r, com.google.android.gms.ads.exoplayer3.extractor.mp4.a, com.google.android.gms.ads.exoplayer3.extractor.f) took 170.693ms
06-28 01:46:31.544  2348  2351 W dex2oat : Compilation of void com.google.android.gms.ads.internal.mediation.h.run() took 161.268ms
06-28 01:46:31.704  2348  2351 W dex2oat : Compilation of com.google.android.gms.ads.internal.state.a com.google.android.gms.ads.internal.renderer.nativeads.c.a() took 145.771ms
06-28 01:46:31.800  2348  2350 W dex2oat : Compilation of void com.google.android.gms.ads.internal.request.service.h.a(java.util.Map) took 101.229ms
06-28 01:46:31.825  2348  2348 W dex2oat : Compilation of com.google.android.gms.ads.internal.request.aa com.google.android.gms.ads.internal.request.service.i.a(android.content.Context, com.google.android.gms.ads.internal.request.w, java.lang.String) took 136.717ms
06-28 01:46:32.104  2348  2352 W dex2oat : Compilation of java.lang.Object com.google.android.gms.ads.internal.request.z.createFromParcel(android.os.Parcel) took 259.115ms
06-28 01:46:32.130  2348  2350 W dex2oat : Compilation of com.google.android.gms.ads.internal.request.w com.google.android.gms.ads.internal.request.y.a(android.os.Parcel) took 325.675ms
06-28 01:46:32.369  2348  2348 W dex2oat : Compilation of org.json.JSONObject com.google.android.gms.ads.internal.request.service.i.a(android.content.Context, com.google.android.gms.ads.internal.request.service.a) took 532.062ms
06-28 01:46:32.653  2348  2348 W dex2oat : Compilation of com.google.android.gms.dynamite.DynamiteModule com.google.android.gms.ads.internal.util.client.k.c(android.content.Context) took 139.373ms
06-28 01:46:33.662  2348  2350 W dex2oat : Compilation of void com.google.android.gms.ads.nonagon.transaction.b.<init>(android.util.JsonReader) took 215.370ms
06-28 01:46:34.624  2348  2352 W dex2oat : Compilation of boolean pf.handleMessage(android.os.Message) took 147.011ms
06-28 01:46:35.306  2348  2350 W dex2oat : Compilation of byte[] adz.a(byte[], byte[]) took 164.524ms
06-28 01:46:35.766  2348  2348 W dex2oat : Compilation of int aim.a(java.lang.Object, byte[], int, int, int, int, int, int, long, int, long, afk) took 254.183ms
06-28 01:46:36.020  2348  2348 W dex2oat : Compilation of aim aim.a(aiw, air, ahv, ajo, ago, aif) took 135.812ms
06-28 01:46:36.230  1958  1958 I Finsky  : [1] com.google.android.finsky.scheduler.JobSchedulerEngine$PhoneskyJobSchedulerJobService.onStartJob(3): onJobSchedulerWakeup with jobId 9002
06-28 01:46:36.231   476  2360 I PackageManager.DexOptimizer: Running dexopt (dex2oat) on: /system/priv-app/ChangeLedStatus/ChangeLedStatus.apk pkg=com.example.changeled isa=arm64 vmSafeMode=false debuggable=false target-filter=verify-profile oatDir = null sharedLibraries=null
06-28 01:46:36.242  1958  1958 I Finsky  : [1] pyj.a(5): Scheduling fallback in 43199990 (absolute: 43433238)
06-28 01:46:36.245  1958  1958 I Finsky  : [1] pyj.a(5): Scheduling fallback in 64799998 (absolute: 65033249)
06-28 01:46:36.300  2362  2362 I dex2oat : /system/bin/dex2oat --compiler-filter=verify-profile --profile-file-fd=7
06-28 01:46:36.328  2348  2348 W dex2oat : Compilation of int aim.b(java.lang.Object, byte[], int, int, afk) took 144.377ms
06-28 01:46:36.344  1958  1958 I Finsky  : [1] pyt.handleMessage(10): DeviceState: DeviceState{currentTime=1561675596339, isCharging=true, isIdle=false, netAny=true, netNotRoaming=true, netUnmetered=true}
06-28 01:46:36.378  2362  2362 I dex2oat : Explicit concurrent mark sweep GC freed 16(28KB) AllocSpace objects, 0(0B) LOS objects, 99% free, 936B/1024KB, paused 136us total 3.873ms
06-28 01:46:36.394  1958  2191 I Finsky  : [35] qah.b(7): Jobs in database: 1-1337 24-77777777 26-1414141414 29-29 
06-28 01:46:36.427  1958  1958 I Finsky  : [1] pym.a(22): Running job: 29-29
06-28 01:46:36.445  1958  1958 I Finsky  : [1] pyt.handleMessage(84): RunningQueue size: 1, PendingQueue size: 0
06-28 01:46:36.445  1958  1958 I Finsky  : [1] pyt.handleMessage(93): Running queue: 29-29 
06-28 01:46:36.451  1958  2367 I Finsky  : [93] urx.a(1): ProcessRecoveryLogsUtil: No files in recovery directory
06-28 01:46:36.453  1958  2367 I Finsky  : [93] qaa.a(9): jobFinished: 29-29. TimeElapsed: 24ms
06-28 01:46:36.455  1958  1958 I Finsky  : [1] pym.c(3): Job 29-29 finished
06-28 01:46:36.458  1958  1958 I Finsky  : [1] pyt.handleMessage(84): RunningQueue size: 0, PendingQueue size: 0
06-28 01:46:36.459  1958  1958 I Finsky  : [1] pyt.handleMessage(27): Executor finished
06-28 01:46:36.515  2348  2352 W dex2oat : Compilation of void bo.a(android.os.Parcelable) took 183.073ms
06-28 01:46:36.520  2362  2362 I dex2oat : dex2oat took 221.367ms (threads: 4) arena alloc=0B (0B) java alloc=8KB (8832B) native alloc=209KB (214696B) free=1326KB (1358168B)
06-28 01:46:36.534   476  2360 I PackageManager.DexOptimizer: Running dexopt (dex2oat) on: /system/priv-app/CalendarProvider/CalendarProvider.apk pkg=com.android.providers.calendar isa=arm64 vmSafeMode=false debuggable=false target-filter=verify-profile oatDir = null sharedLibraries=/system/framework/android.test.runner.jar
06-28 01:46:36.557  1958  1958 I Finsky  : [1] qah.b(7): Jobs in database: 1-1337 24-77777777 26-1414141414 
06-28 01:46:36.563  1958  1958 I Finsky  : [1] pxo.a(113): ConstraintMapping: 24-77777777,  -> L: 0ms, D: 69041902ms, C: false, I: true, N: 0
06-28 01:46:36.564  1958  1958 I Finsky  : [1] pxo.a(113): ConstraintMapping: 1-1337,  -> L: 12976738ms, D: 56176738ms, C: false, I: false, N: 1
06-28 01:46:36.565  1958  1958 I Finsky  : [1] pxo.a(113): ConstraintMapping: 26-1414141414,  -> L: 30342746ms, D: 31242746ms, C: false, I: false, N: 0
06-28 01:46:36.573  1958  1958 I Finsky  : [1] com.google.android.finsky.scheduler.JobSchedulerEngine.a(42): Cancelling existing job with id: 9000
06-28 01:46:36.576  1958  1958 I Finsky  : [1] com.google.android.finsky.scheduler.JobSchedulerEngine.a(42): Cancelling existing job with id: 9001
06-28 01:46:36.578  1958  1958 I Finsky  : [1] com.google.android.finsky.scheduler.JobSchedulerEngine.a(14): Throttling wakeup for job 9003 (expected to run in 0 ms) due to recent wakeup
06-28 01:46:36.580  1958  1958 I Finsky  : [1] com.google.android.finsky.scheduler.JobSchedulerEngine.a(4): Scheduling job Id: 9003, L: 30000, D: 69041902, C: false, I: true, N: 0
06-28 01:46:36.583  2368  2368 I dex2oat : /system/bin/dex2oat --compiler-filter=verify-profile --profile-file-fd=7
06-28 01:46:36.586  1958  1958 I Finsky  : [1] com.google.android.finsky.scheduler.JobSchedulerEngine.a(4): Scheduling job Id: 9004, L: 12976738, D: 56176738, C: false, I: false, N: 1
06-28 01:46:36.588  1958  1958 I Finsky  : [1] com.google.android.finsky.scheduler.JobSchedulerEngine.a(4): Scheduling job Id: 9005, L: 30342746, D: 31242746, C: false, I: false, N: 0
06-28 01:46:36.722  2348  2348 W dex2oat : Compilation of void aim.b(java.lang.Object, akj) took 361.789ms
06-28 01:46:36.754  2368  2368 I dex2oat : Explicit concurrent mark sweep GC freed 2228(478KB) AllocSpace objects, 0(0B) LOS objects, 99% free, 1176B/1025KB, paused 126us total 5.071ms
06-28 01:46:36.865  2348  2352 W dex2oat : Compilation of void bo.a(bc, int, boolean) took 344.708ms
06-28 01:46:36.908  2368  2368 I dex2oat : dex2oat took 327.142ms (threads: 4) arena alloc=1296B (1296B) java alloc=8KB (9040B) native alloc=614KB (629584B) free=1433KB (1467568B)
06-28 01:46:36.924   476  2360 I PackageManager.DexOptimizer: Running dexopt (dex2oat) on: /system/priv-app/ExternalStorageProvider/ExternalStorageProvider.apk pkg=com.android.externalstorage isa=arm64 vmSafeMode=false debuggable=false target-filter=verify-profile oatDir = null sharedLibraries=null
06-28 01:46:36.971  2373  2373 I dex2oat : /system/bin/dex2oat --compiler-filter=verify-profile --profile-file-fd=7
06-28 01:46:37.031  2348  2352 W dex2oat : Compilation of void bo.a(java.lang.String, java.io.FileDescriptor, java.io.PrintWriter, java.lang.String[]) took 101.230ms
06-28 01:46:37.052  2373  2373 I dex2oat : Explicit concurrent mark sweep GC freed 118(48KB) AllocSpace objects, 0(0B) LOS objects, 99% free, 968B/1024KB, paused 136us total 3.895ms
06-28 01:46:37.187  2373  2373 I dex2oat : dex2oat took 216.839ms (threads: 4) arena alloc=0B (0B) java alloc=8KB (8864B) native alloc=342KB (350560B) free=1193KB (1222304B)
06-28 01:46:37.195   476  2360 I PackageManager.DexOptimizer: Running dexopt (dex2oat) on: /system/app/HTMLViewer/HTMLViewer.apk pkg=com.android.htmlviewer isa=arm64 vmSafeMode=false debuggable=false target-filter=verify-profile oatDir = null sharedLibraries=null
06-28 01:46:37.240  2348  2352 W dex2oat : Compilation of android.os.Parcelable bo.f() took 105.312ms
06-28 01:46:37.242  2378  2378 I dex2oat : /system/bin/dex2oat --compiler-filter=verify-profile --profile-file-fd=7
06-28 01:46:37.284  2348  2351 W dex2oat : Compilation of int com.google.android.gms.ads.exoplayer1.extractor.mp4.e.a(com.google.android.gms.ads.exoplayer1.extractor.c, com.google.android.gms.ads.exoplayer1.extractor.j) took 576.778ms
06-28 01:46:37.318  2378  2378 I dex2oat : Explicit concurrent mark sweep GC freed 29(36KB) AllocSpace objects, 0(0B) LOS objects, 99% free, 920B/1024KB, paused 122us total 3.819ms
06-28 01:46:37.453  2378  2378 I dex2oat : dex2oat took 211.827ms (threads: 4) arena alloc=0B (0B) java alloc=8KB (8816B) native alloc=341KB (349632B) free=1194KB (1223232B)
06-28 01:46:37.465   476  2360 I PackageManager.DexOptimizer: Running dexopt (dex2oat) on: /system/priv-app/TvProvider/TvProvider.apk pkg=com.android.providers.tv isa=arm64 vmSafeMode=false debuggable=false target-filter=verify-profile oatDir = null sharedLibraries=null
06-28 01:46:37.475  2348  2348 W dex2oat : Compilation of int aim.e(java.lang.Object) took 711.367ms
06-28 01:46:37.516  2383  2383 I dex2oat : /system/bin/dex2oat --compiler-filter=verify-profile --profile-file-fd=7
06-28 01:46:37.598  2383  2383 I dex2oat : Explicit concurrent mark sweep GC freed 40(35KB) AllocSpace objects, 0(0B) LOS objects, 99% free, 920B/1024KB, paused 138us total 3.855ms
06-28 01:46:37.735  2383  2383 I dex2oat : dex2oat took 220.111ms (threads: 4) arena alloc=0B (0B) java alloc=8KB (8816B) native alloc=341KB (349760B) free=1194KB (1223104B)
06-28 01:46:37.742  2348  2351 W dex2oat : Compilation of void com.google.android.gms.ads.exoplayer3.extractor.mkv.h.c(int) took 213.390ms
06-28 01:46:37.754   476  2360 I PackageManager.DexOptimizer: Running dexopt (dex2oat) on: /system/priv-app/ConfigUpdater/ConfigUpdater.apk pkg=com.google.android.configupdater isa=arm64 vmSafeMode=false debuggable=false target-filter=verify-profile oatDir = null sharedLibraries=null
06-28 01:46:37.801  2388  2388 I dex2oat : /system/bin/dex2oat --compiler-filter=verify-profile --profile-file-fd=7
06-28 01:46:38.175  2348  2348 W dex2oat : Compilation of int aim.f(java.lang.Object) took 685.216ms
06-28 01:46:38.358  2348  2348 W dex2oat : Compilation of int aim.a(java.lang.Object) took 165.315ms
06-28 01:46:38.699  2388  2388 I dex2oat : Explicit concurrent mark sweep GC freed 16020(3MB) AllocSpace objects, 0(0B) LOS objects, 99% free, 936B/1024KB, paused 146us total 11.941ms
06-28 01:46:38.725  2348  2348 W dex2oat : Compilation of int aim.a(java.lang.Object, byte[], int, int, int, afk) took 367.427ms
06-28 01:46:38.895  2348  2352 W dex2oat : Compilation of void com.google.android.gms.ads.internal.gmsg.af.a(java.lang.Object, java.util.Map) took 258.289ms
06-28 01:46:38.962  2388  2388 I dex2oat : dex2oat took 1.161s (threads: 4) arena alloc=0B (0B) java alloc=8KB (8832B) native alloc=3MB (3919000B) free=2MB (2372456B)
06-28 01:46:38.973   476  2360 I PackageManager.DexOptimizer: Running dexopt (dex2oat) on: /system/app/PinyinIME/PinyinIME.apk pkg=com.android.inputmethod.pinyin isa=arm vmSafeMode=false debuggable=false target-filter=verify-profile oatDir = null sharedLibraries=null
06-28 01:46:39.027  2393  2393 I dex2oat : /system/bin/dex2oat --compiler-filter=verify-profile --profile-file-fd=7
06-28 01:46:39.210  2393  2393 I dex2oat : Explicit concurrent mark sweep GC freed 285(149KB) AllocSpace objects, 0(0B) LOS objects, 99% free, 920B/1024KB, paused 123us total 5.125ms
06-28 01:46:39.333  2348  2352 W dex2oat : Compilation of boolean com.google.android.gms.ads.internal.mediation.client.g.a(int, android.os.Parcel, android.os.Parcel) took 125.770ms
06-28 01:46:39.364  2393  2393 I dex2oat : dex2oat took 338.903ms (threads: 4) arena alloc=304B (304B) java alloc=8KB (8816B) native alloc=379KB (388760B) free=1156KB (1184104B)
06-28 01:46:39.459   476  2360 I PackageManager.DexOptimizer: Running dexopt (dex2oat) on: /data/app/com.android.vending-1/base.apk pkg=com.android.vending isa=arm vmSafeMode=false debuggable=false target-filter=verify-profile oatDir = /data/app/com.android.vending-1/oat sharedLibraries=null
06-28 01:46:39.515  2398  2398 I dex2oat : /system/bin/dex2oat --compiler-filter=verify-profile
06-28 01:46:39.768  2348  2348 W dex2oat : Compilation of void aim.a(java.lang.Object, aiz, agm) took 1.042s
06-28 01:46:40.097  2348  2348 W dex2oat : Compilation of void aim.a(java.lang.Object, akj) took 328.390ms
06-28 01:46:40.218  2348  2348 W dex2oat : Compilation of boolean aim.a(java.lang.Object, java.lang.Object) took 120.489ms
06-28 01:46:40.387  2348  2348 W dex2oat : Compilation of void aim.b(java.lang.Object, java.lang.Object) took 159.203ms
06-28 01:46:40.712  2348  2352 W dex2oat : Compilation of long com.google.android.gms.ads.internal.video.exoplayer3.m.a(com.google.android.gms.ads.exoplayer3.upstream.h) took 129.083ms
06-28 01:46:40.945  2348  2350 W dex2oat : Compilation of void com.google.android.gms.ads.internal.video.gmsg.d.a(java.lang.Object, java.util.Map) took 229.402ms
06-28 01:46:41.041  2348  2351 W dex2oat : Compilation of void com.google.android.gms.ads.internal.video.y.run() took 201.184ms
06-28 01:46:41.788  2348  2348 W dex2oat : Compilation of void com.google.android.gms.ads.nonagon.c.<init>(com.google.android.gms.ads.nonagon.b, com.google.android.gms.ads.nonagon.x) took 169.359ms
06-28 01:46:41.934  2348  2350 W dex2oat : Compilation of aaf com.google.android.gms.ads.nonagon.load.service.b.a(java.lang.Object) took 117.086ms
06-28 01:46:42.015  2348  2348 W dex2oat : Compilation of java.lang.Object com.google.android.gms.ads.nonagon.load.service.q.a(java.lang.Object) took 133.777ms
06-28 01:46:42.917  2348  2351 W dex2oat : Compilation of aaf com.google.android.gms.ads.safebrowsing.a.a(android.content.Context, java.util.Set) took 143.016ms
06-28 01:46:43.034  2348  2352 W dex2oat : Compilation of fw gt.a(fy) took 104.422ms
06-28 01:46:43.618  2348  2350 W dex2oat : Compilation of void oy.b() took 117.686ms
06-28 01:46:44.354  2398  2398 I dex2oat : Explicit concurrent mark sweep GC freed 144723(26MB) AllocSpace objects, 0(0B) LOS objects, 99% free, 1888B/1025KB, paused 381us total 55.270ms
06-28 01:46:45.116  2398  2398 I dex2oat : dex2oat took 5.601s (threads: 4) arena alloc=0B (0B) java alloc=9KB (9328B) native alloc=14MB (15466680B) free=4MB (4325192B)
06-28 01:46:45.137   476  2360 I PackageManager.DexOptimizer: Running dexopt (dex2oat) on: /system/app/PacProcessor/PacProcessor.apk pkg=com.android.pacprocessor isa=arm64 vmSafeMode=false debuggable=false target-filter=verify-profile oatDir = null sharedLibraries=null
06-28 01:46:45.152  2348  2348 W dex2oat : Compilation of boolean com.google.android.gms.ads.exoplayer3.k.handleMessage(android.os.Message) took 530.172ms
06-28 01:46:45.209  2404  2404 I dex2oat : /system/bin/dex2oat --compiler-filter=verify-profile --profile-file-fd=7
06-28 01:46:45.297  2404  2404 I dex2oat : Explicit concurrent mark sweep GC freed 29(29KB) AllocSpace objects, 0(0B) LOS objects, 99% free, 920B/1024KB, paused 130us total 4.531ms
06-28 01:46:45.315  2348  2350 W dex2oat : Compilation of void com.google.android.gms.ads.internal.formats.ai.a(tu) took 123.097ms
06-28 01:46:45.432  2404  2404 I dex2oat : dex2oat took 223.679ms (threads: 4) arena alloc=480B (480B) java alloc=8KB (8816B) native alloc=366KB (375448B) free=1681KB (1721704B)
06-28 01:46:45.444   476  2360 I PackageManager.DexOptimizer: Running dexopt (dex2oat) on: /system/app/CertInstaller/CertInstaller.apk pkg=com.android.certinstaller isa=arm64 vmSafeMode=false debuggable=false target-filter=verify-profile oatDir = null sharedLibraries=null
06-28 01:46:45.489  2410  2410 I dex2oat : /system/bin/dex2oat --compiler-filter=verify-profile --profile-file-fd=7
06-28 01:46:45.570  2410  2410 I dex2oat : Explicit concurrent mark sweep GC freed 162(85KB) AllocSpace objects, 0(0B) LOS objects, 99% free, 936B/1024KB, paused 143us total 4.089ms
06-28 01:46:45.666  2348  2348 W dex2oat : Compilation of com.google.ads.mediation.q com.google.android.gms.ads.internal.mediation.client.af.a(java.lang.String) took 115.649ms
06-28 01:46:45.704  2348  2352 W dex2oat : Compilation of boolean com.google.android.gms.ads.internal.interstitial.aj.b(com.google.android.gms.ads.internal.client.h) took 131.528ms
06-28 01:46:45.707  2410  2410 I dex2oat : dex2oat took 218.365ms (threads: 4) arena alloc=0B (0B) java alloc=8KB (8832B) native alloc=342KB (350592B) free=1193KB (1222272B)
06-28 01:46:45.724   476  2360 I PackageManager.DexOptimizer: Running dexopt (dex2oat) on: /system/priv-app/BackupRestoreConfirmation/BackupRestoreConfirmation.apk pkg=com.android.backupconfirm isa=arm64 vmSafeMode=false debuggable=false target-filter=verify-profile oatDir = null sharedLibraries=null
06-28 01:46:45.773  2415  2415 I dex2oat : /system/bin/dex2oat --compiler-filter=verify-profile --profile-file-fd=7
06-28 01:46:45.850  2415  2415 I dex2oat : Explicit concurrent mark sweep GC freed 52(38KB) AllocSpace objects, 0(0B) LOS objects, 99% free, 984B/1024KB, paused 126us total 4.965ms
06-28 01:46:45.902  2348  2352 W dex2oat : Compilation of void com.google.android.gms.ads.internal.overlay.AdOverlayInfoParcel.writeToParcel(android.os.Parcel, int) took 102.454ms
06-28 01:46:45.984  2415  2415 I dex2oat : dex2oat took 212.444ms (threads: 4) arena alloc=744B (744B) java alloc=8KB (8880B) native alloc=341KB (350056B) free=1194KB (1222808B)
06-28 01:46:45.993   476  2360 I PackageManager.DexOptimizer: Running dexopt (dex2oat) on: /system/priv-app/Provision/Provision.apk pkg=com.android.provision isa=arm64 vmSafeMode=false debuggable=false target-filter=verify-profile oatDir = null sharedLibraries=null
06-28 01:46:46.039  2420  2420 I dex2oat : /system/bin/dex2oat --compiler-filter=verify-profile --profile-file-fd=7
06-28 01:46:46.101  2348  2348 W dex2oat : Compilation of void com.google.android.gms.ads.internal.request.aa.writeToParcel(android.os.Parcel, int) took 162.295ms
06-28 01:46:46.113  2420  2420 I dex2oat : Explicit concurrent mark sweep GC freed 15(32KB) AllocSpace objects, 0(0B) LOS objects, 99% free, 920B/1024KB, paused 169us total 3.760ms
06-28 01:46:46.197  2348  2350 W dex2oat : Compilation of void com.google.android.gms.ads.internal.request.b.a(com.google.android.gms.ads.internal.request.aa) took 138.443ms
06-28 01:46:46.245  2348  2348 W dex2oat : Compilation of com.google.android.gms.ads.internal.request.aa com.google.android.gms.ads.internal.request.service.b.a(com.google.android.gms.ads.internal.request.w, android.content.Context, java.lang.String, java.lang.String, java.lang.String, java.lang.String, com.google.android.gms.ads.internal.request.service.j, com.google.android.gms.ads.internal.csi.k, com.google.android.gms.ads.internal.request.service.c) took 129.717ms
06-28 01:46:46.249  2420  2420 I dex2oat : dex2oat took 210.766ms (threads: 4) arena alloc=0B (0B) java alloc=8KB (8816B) native alloc=337KB (345336B) free=1198KB (1227528B)
06-28 01:46:46.259   476  2360 I PackageManager.DexOptimizer: Running dexopt (dex2oat) on: /system/priv-app/StatementService/StatementService.apk pkg=com.android.statementservice isa=arm64 vmSafeMode=false debuggable=false target-filter=verify-profile oatDir = null sharedLibraries=null
06-28 01:46:46.304  2425  2425 I dex2oat : /system/bin/dex2oat --compiler-filter=verify-profile --profile-file-fd=7
06-28 01:46:46.379  2348  2352 W dex2oat : Compilation of void com.google.android.gms.ads.internal.request.w.writeToParcel(android.os.Parcel, int) took 206.325ms
06-28 01:46:46.383  2425  2425 I dex2oat : Explicit concurrent mark sweep GC freed 172(51KB) AllocSpace objects, 0(0B) LOS objects, 99% free, 936B/1024KB, paused 122us total 4.105ms
06-28 01:46:46.410  2348  2348 W dex2oat : Compilation of com.google.android.gms.ads.internal.request.aa com.google.android.gms.ads.internal.request.service.b.a(com.google.android.gms.ads.internal.request.w) took 140.237ms
06-28 01:46:46.520  2425  2425 I dex2oat : dex2oat took 217.323ms (threads: 4) arena alloc=0B (0B) java alloc=8KB (8832B) native alloc=211KB (216600B) free=1324KB (1356264B)
06-28 01:46:46.538   476  2360 I PackageManager.DexOptimizer: Running dexopt (dex2oat) on: /system/priv-app/SharedStorageBackup/SharedStorageBackup.apk pkg=com.android.sharedstoragebackup isa=arm64 vmSafeMode=false debuggable=false target-filter=verify-profile oatDir = null sharedLibraries=null
06-28 01:46:46.583  2430  2430 I dex2oat : /system/bin/dex2oat --compiler-filter=verify-profile --profile-file-fd=7
06-28 01:46:46.659  2430  2430 I dex2oat : Explicit concurrent mark sweep GC freed 36(43KB) AllocSpace objects, 0(0B) LOS objects, 99% free, 952B/1024KB, paused 125us total 5.472ms
06-28 01:46:46.796  2430  2430 I dex2oat : dex2oat took 214.769ms (threads: 4) arena alloc=312B (312B) java alloc=8KB (8848B) native alloc=341KB (350016B) free=1194KB (1222848B)
06-28 01:46:46.806   476  2360 I PackageManager.DexOptimizer: Running dexopt (dex2oat) on: /system/app/RKDeviceTest/RKDeviceTest.apk pkg=com.rockchip.devicetest isa=arm64 vmSafeMode=false debuggable=false target-filter=verify-profile oatDir = null sharedLibraries=null
06-28 01:46:46.854  2435  2435 I dex2oat : /system/bin/dex2oat --compiler-filter=verify-profile --profile-file-fd=7
06-28 01:46:46.965  2435  2435 I dex2oat : Explicit concurrent mark sweep GC freed 821(376KB) AllocSpace objects, 0(0B) LOS objects, 99% free, 920B/1024KB, paused 126us total 4.327ms
06-28 01:46:47.094  2348  2351 W dex2oat : Compilation of boolean com.google.android.gms.ads.internal.video.gmsg.t.a(java.lang.String) took 368.152ms
06-28 01:46:47.106  2435  2435 I dex2oat : dex2oat took 252.673ms (threads: 4) arena alloc=0B (0B) java alloc=8KB (8816B) native alloc=476KB (487440B) free=1059KB (1085424B)
