06-27 00:37:08.642   384   384 E hdmicec : void hdmi_cec_clear_logical_address(const struct hdmi_cec_device *) open error!
06-27 00:37:08.642   384   384 I hdmicec : void hdmi_cec_clear_logical_address(const struct hdmi_cec_device *)
06-27 00:37:08.642   384   384 E hdmicec : void hdmi_cec_clear_logical_address(const struct hdmi_cec_device *) open error!
06-27 00:37:08.643   384   384 I HdmiControlService: Device does not support MHL-control.
06-27 00:37:08.643   384   384 I hdmicec : void hdmi_cec_get_port_info(const struct hdmi_cec_device *, struct hdmi_port_info **, int *)
06-27 00:37:08.643   384   384 E hdmicec : hdmi_cec_get_port_info open HDMI_DEV_PATH error
06-27 00:37:08.643   384   384 I hdmicec : void hdmi_cec_get_port_info(const struct hdmi_cec_device *, struct hdmi_port_info **, int *) end
06-27 00:37:08.646   384   543 I hdmicec : int hdmi_cec_send_message(const struct hdmi_cec_device *, const cec_message_t *)
06-27 00:37:08.646   384   543 I hdmicec : int hdmi_cec_send_message(const struct hdmi_cec_device *, const cec_message_t *)
06-27 00:37:08.646   384   543 I hdmicec : int hdmi_cec_send_message(const struct hdmi_cec_device *, const cec_message_t *)
06-27 00:37:08.649   384   384 I SystemServiceManager: Starting com.android.server.tv.TvInputManagerService
06-27 00:37:08.657   384   384 I SystemServiceManager: Starting com.android.server.media.MediaResourceMonitorService
06-27 00:37:08.658   384   384 I SystemServer: StartMediaRouterService
06-27 00:37:08.660   384   384 I SystemServiceManager: Starting com.android.server.trust.TrustManagerService
06-27 00:37:08.663   384   384 I SystemServer: DisplayDeviceManagementService Service
06-27 00:37:08.664   384   384 D DisplayDeviceManagementService: DisplayDeviceManagementService start
06-27 00:37:08.665   384   384 I SystemServer: StartBackgroundDexOptService
06-27 00:37:08.666   384   384 I SystemServiceManager: Starting com.android.server.pm.ShortcutService$Lifecycle
06-27 00:37:08.672   384   384 I SystemServiceManager: Starting com.android.server.pm.LauncherAppsService
06-27 00:37:08.674   384   384 I SystemServiceManager: Starting com.android.server.media.projection.MediaProjectionManagerService
06-27 00:37:08.678   384   384 V MediaRouter: Adding route: RouteInfo{ name=Phone, description=null, status=null, category=RouteCategory{ name=null types=ROUTE_TYPE_LIVE_AUDIO ROUTE_TYPE_LIVE_VIDEO  groupable=false }, supportedTypes=ROUTE_TYPE_LIVE_AUDIO ROUTE_TYPE_LIVE_VIDEO , presentationDisplay=null }
06-27 00:37:08.681   384   384 V MediaRouter: Updating audio routes: AudioRoutesInfo{ type=SPEAKER }
06-27 00:37:08.686   384   384 V MediaRouter: Selecting route: RouteInfo{ name=Phone, description=null, status=null, category=RouteCategory{ name=null types=ROUTE_TYPE_LIVE_AUDIO ROUTE_TYPE_LIVE_VIDEO  groupable=false }, supportedTypes=ROUTE_TYPE_LIVE_AUDIO ROUTE_TYPE_LIVE_VIDEO , presentationDisplay=null }
06-27 00:37:08.689   384   384 I SystemServiceManager: Starting com.android.server.MmsServiceBroker
06-27 00:37:08.689   384   542 I mali_so : [File] : hardware/rockchip/driver/./src/base/arch/arch_011_udd/base_arch_main.c; [Line] : 565; [Func] : deal_with_version_affairs_rk_ext;
06-27 00:37:08.689   384   542 I mali_so : arm_release_ver of this mali_so is 'r7p0-00rel1', rk_so_ver is '1@2' for 3328h_android_7.1, built at '15:47:51', on 'Jun 28 2017'.
06-27 00:37:08.689   384   542 I mali_so : [File] : hardware/rockchip/driver/./src/base/arch/arch_011_udd/base_arch_main.c; [Line] : 578; [Func] : deal_with_version_affairs_rk_ext;
06-27 00:37:08.689   384   542 I mali_so : mali_ver_property has been set to 'r7p0-00rel1-5-1@2', to return.
06-27 00:37:08.696   384   542 D AssetAtlas: Rendered atlas in 68.92ms (0.00+68.92ms)
06-27 00:37:08.721   384   384 E LockSettingsStorage: Cannot read file java.io.FileNotFoundException: /data/system/gatekeeper.password.key: open failed: ENOENT (No such file or directory)
06-27 00:37:08.721   384   384 E LockSettingsStorage: Cannot read file java.io.FileNotFoundException: /data/system/password.key: open failed: ENOENT (No such file or directory)
06-27 00:37:08.722   384   384 E LockSettingsStorage: Cannot read file java.io.FileNotFoundException: /data/system/gatekeeper.pattern.key: open failed: ENOENT (No such file or directory)
06-27 00:37:08.723   384   384 E LockSettingsStorage: Cannot read file java.io.FileNotFoundException: /data/system/gatekeeper.gesture.key: open failed: ENOENT (No such file or directory)
06-27 00:37:08.723   384   384 E LockSettingsStorage: Cannot read file java.io.FileNotFoundException: /data/system/gesture.key: open failed: ENOENT (No such file or directory)
06-27 00:37:08.723   384   384 I SystemServiceManager: Starting phase 480
06-27 00:37:08.737   384   384 I DevicePolicyManagerService: Set ro.device_owner property to false
06-27 00:37:08.740   384   384 I SystemServiceManager: Starting phase 500
06-27 00:37:08.748   384   384 D ConnectivityMetricsLoggerService: onBootPhase: PHASE_SYSTEM_SERVICES_READY
06-27 00:37:08.751   384   384 D ConnectivityService: listenForNetwork for uid/pid:1000/384 NetworkRequest [ LISTEN id=3, [] ]
06-27 00:37:08.756   384   384 I WifiService: WifiService starting up with Wi-Fi disabled
06-27 00:37:08.760   384   384 I WifiScanningService: Starting wifiscanner
06-27 00:37:08.779   384   384 I RttService: Registering rttmanager
06-27 00:37:08.784   384   384 I EthernetServiceImpl: Starting Ethernet service
06-27 00:37:08.787   384   384 D EthernetNetworkFactory: EthernetNetworkFactory start eth\d
06-27 00:37:08.787   384   384 D Ethernet: Registering NetworkFactory
06-27 00:37:08.788   384   531 D ConnectivityService: Got NetworkFactory Messenger for Ethernet
06-27 00:37:08.788   384   531 D ConnectivityService: NetworkFactory connected
06-27 00:37:08.788   384   551 D Ethernet: got request NetworkRequest [ REQUEST id=1, [ Capabilities: INTERNET&NOT_RESTRICTED&TRUSTED&NOT_VPN] ] with score 0
06-27 00:37:08.790   384   384 D EthernetNetworkFactory: Started tracking interface eth0
06-27 00:37:08.790   384   384 D EthernetNetworkFactory: setInterfaceUp: eth0
06-27 00:37:08.792   202   476 D CommandListener: Setting iface cfg
06-27 00:37:08.793   202   476 D CommandListener: Trying to bring up eth0
06-27 00:37:08.826   193   193 I audioserver: type=1400 audit(0.0:36): avc: denied { read } for scontext=u:r:audioserver:s0 tcontext=u:r:audioserver:s0 tclass=netlink_kobject_uevent_socket permissive=1
06-27 00:37:08.879   384   384 I PppoeServiceImpl: Starting Pppoe service
06-27 00:37:08.881   384   384 D ZenLog  : config: cleanUpZenRules,ZenModeConfig[user=0,allowCalls=true,allowRepeatCallers=false,allowMessages=false,allowCallsFrom=contacts,allowMessagesFrom=contacts,allowReminders=true,allowEvents=true,allowWhenScreenOff=true,allowWhenScreenOn=true,automaticRules={25a6dd96a24b4df6bd3088c7e3097477=ZenRule[enabled=false,snoozing=false,name=Weekend,zenMode=ZEN_MODE_ALARMS,conditionId=condition://android/schedule?days=6.7&start=23.30&end=10.0&exitAtAlarm=false,condition=Condition[id=condition://android/schedule?days=6.7&start=23.30&end=10.0&exitAtAlarm=false,summary=...,line1=...,line2=...,icon=0,state=STATE_FALSE,flags=2],component=ComponentInfo{android/com.android.server.notification.ScheduleConditionProvider},id=25a6dd96a24b4df6bd3088c7e3097477,creationTime=171343,enabler=null], a39688c18c6949eb93d2d819ff254056=ZenRule[enabled=false,snoozing=false,name=Weeknight,zenMode=ZEN_MODE_ALARMS,conditionId=condition://android/schedule?days=1.2.3.4.5&start=22.0&end=7.0&exitAtAlarm=false,condition=Condition[id=condition://android/schedule?days=1.2.3.4.5&start=22.0&end=7.0&exitAtAlarm=false,summary=...,line1=...,line2=...,icon=0,state=STATE_FALSE,flags=2],component=ComponentInfo{android/com.android.server.notification.ScheduleConditionProvider},id=a39688c18c6949eb93d2d819ff254056,creationTime=171343,enabler=null], 5d561a952c594803b5e4af64eefc6361=ZenRule[enabled=false,snoozing=false,name=Event,zenMode=ZEN_MODE_ALARMS,conditionId=condition://android/event?userId=-10000&calendar=&reply=1,condition=Condition[id=condition://android/event?userId=-10000&calendar=&reply=1,summary=...,line1=...,line2=...,icon=0,state=STATE_FALSE,flags=2],component=ComponentInfo{android/com.android.server.notification.EventConditionProvider},id=5d561a952c594803b5e4af64eefc6361,creationTime=171344,enabler=null]},manualRule=null],Diff[]
06-27 00:37:08.881   384   384 D ZenLog  : set_zen_mode: off,onSystemReady
06-27 00:37:08.884   193   540 D PermissionCache: checking android.permission.CAPTURE_AUDIO_HOTWORD for uid=1000 => granted (173 us)
06-27 00:37:08.884   384   384 W SoundTriggerHelper: listModules status=0, # of modules=0
06-27 00:37:08.884   384   384 D ContextHubSystemService: onBootPhase: PHASE_SYSTEM_SERVICES_READY
06-27 00:37:08.914   384   384 V UserManagerService: Found /data/user_de/0 with serial number 0
06-27 00:37:08.914   384   384 V UserManagerService: Found /data/user/0 with serial number 0
06-27 00:37:08.914   384   384 V UserManagerService: Found /data/system_de/0 with serial number 0
06-27 00:37:08.915   384   384 V UserManagerService: Found /data/system_ce/0 with serial number 0
06-27 00:37:08.915   384   489 W KeyguardServiceDelegate: onScreenTurningOn(): no keyguard service!
06-27 00:37:08.961   384   384 D ActivityManager: OK, system ready!
06-27 00:37:08.961   384   384 I ActivityManager: System now ready
06-27 00:37:08.966   384   480 I SystemServer: Making services ready
06-27 00:37:08.966   384   480 I SystemServiceManager: Starting phase 550
06-27 00:37:08.969   384   480 W ActivityManager: Unable to start service Intent { act=com.android.ITelecomService cmp=com.android.server.telecom/.components.TelecomService } U=0: not found
06-27 00:37:08.971   384   384 W VoiceInteractionManagerService: no available voice interaction services found for user 0
06-27 00:37:08.971   384   384 W VoiceInteractionManagerService: no available voice recognition services found for user 0
06-27 00:37:08.976   384   384 I Zygote  : Process: zygote socket opened, supported ABIS: arm64-v8a
06-27 00:37:08.985   384   384 I ActivityManager: Start proc 619:com.android.systemui/u0a19 for added application com.android.systemui
06-27 00:37:08.986   384   384 I ActivityManager: START u0 {act=android.intent.action.MAIN cat=[android.intent.category.HOME] flg=0x10000100 cmp=com.android.tv.settings/.system.FallbackHome} from uid 0 on display 0
06-27 00:37:08.988   384   384 W System  : ClassLoader referenced unknown path: 
06-27 00:37:08.990   384   384 D ApplicationLoaders: ignored Vulkan layer search path /system/priv-app/TvSettings/lib/arm64:/system/priv-app/TvSettings/TvSettings.apk!/lib/arm64-v8a:/system/lib64:/vendor/lib64 for namespace 0x7e16061160
06-27 00:37:08.999   384   384 I ActivityManager: Loaded persisted task ids for user 0
06-27 00:37:09.018   384   384 I ActivityManager: Start proc 633:com.android.tv.settings/1000 for activity com.android.tv.settings/.system.FallbackHome
06-27 00:37:09.022   384   384 I SystemServer: Enabled StrictMode for system server main thread.
06-27 00:37:09.031   384   384 D ConditionProviders.SCP: onConnected
06-27 00:37:09.032   384   384 D ZenLog  : set_zen_mode: off,readXml
06-27 00:37:09.032   384   480 E InputMethodManagerService: Ignoring updateSystemUiLocked due to an invalid token. uid:1000 token:null
06-27 00:37:09.032   384   384 D ConditionProviders: Subscribing to condition://android/schedule?days=6.7&start=23.30&end=10.0&exitAtAlarm=false with ComponentInfo{android/com.android.server.notification.ScheduleConditionProvider}
06-27 00:37:09.033   384   384 D ZenLog  : subscribe: condition://android/schedule?days=6.7&start=23.30&end=10.0&exitAtAlarm=false,ok
06-27 00:37:09.033   384   480 I InputMethodManagerService: All the enabled IMEs are gone. Reset default enabled IMEs.
06-27 00:37:09.033   384   480 W InputMethodUtils: Found no fallback locale. imis=[]
06-27 00:37:09.033   384   480 W InputMethodUtils: No software keyboard is found. imis=[] systemLocale=en_US fallbackLocale=null
06-27 00:37:09.033   384   384 D ConditionProviders: Subscribing to condition://android/schedule?days=1.2.3.4.5&start=22.0&end=7.0&exitAtAlarm=false with ComponentInfo{android/com.android.server.notification.ScheduleConditionProvider}
06-27 00:37:09.033   384   384 D ZenLog  : subscribe: condition://android/schedule?days=1.2.3.4.5&start=22.0&end=7.0&exitAtAlarm=false,ok
06-27 00:37:09.033   384   514 D MountService: Thinking about init, mSystemReady=true, mDaemonConnected=true
06-27 00:37:09.033   384   514 D MountService: Setting up emulation state, initlocked=false
06-27 00:37:09.033   384   480 W TextServicesManagerService: no available spell checker services found
06-27 00:37:09.033   384   514 D CryptdConnector: SND -> {2 cryptfs unlock_user_key 0 0 ! !}
06-27 00:37:09.034   193   193 D AudioHardwareTiny: adev_set_parameters: kvpairs = A2dpSuspended=false
06-27 00:37:09.034   384   384 D ConditionProviders: Subscribing to condition://android/event?userId=-10000&calendar=&reply=1 with ComponentInfo{android/com.android.server.notification.EventConditionProvider}
06-27 00:37:09.035   384   480 D UsbAlsaManager: Adding ALSA device AlsaDevice: [card: 2, device: 0, type: 1]
06-27 00:37:09.035   154   171 D vold    : e4crypt_unlock_user_key 0 serial=0 token_present=0
06-27 00:37:09.035   384   480 D UsbAlsaManager: Adding ALSA device AlsaDevice: [card: 0, device: 0, type: 1]
06-27 00:37:09.035   384   480 D UsbAlsaManager: Adding ALSA device AlsaDevice: [card: 1, device: 0, type: 1]
06-27 00:37:09.035   384   538 E BluetoothAdapter: Bluetooth binder is null
06-27 00:37:09.035   384   480 W MountService: No primary storage defined yet; hacking together a stub
06-27 00:37:09.035   384   516 D CryptdConnector: RCV <- {200 2 Command succeeded}
06-27 00:37:09.036   384   514 D MountService: Thinking about reset, mSystemReady=true, mDaemonConnected=true
06-27 00:37:09.037   384   384 D ZenLog  : subscribe: condition://android/event?userId=-10000&calendar=&reply=1,ok
06-27 00:37:09.037   384   538 E BluetoothAdapter: Bluetooth binder is null
06-27 00:37:09.038   384   514 D VoldConnector: SND -> {3 volume reset}
06-27 00:37:09.038   384   515 D VoldConnector: RCV <- {651 emulated 7}
06-27 00:37:09.039   384   515 D VoldConnector: RCV <- {659 emulated}
06-27 00:37:09.039   154   170 V vold    : /system/bin/sgdisk
06-27 00:37:09.039   154   170 V vold    :     --android-dump
06-27 00:37:09.039   154   170 V vold    :     /dev/block/vold/disk:8,0
06-27 00:37:09.039   384   515 D VoldConnector: RCV <- {650 emulated 2 "" ""}
06-27 00:37:09.040   384   515 D VoldConnector: RCV <- {651 emulated 0}
06-27 00:37:09.040   384   515 D VoldConnector: RCV <- {651 public:8,1 7}
06-27 00:37:09.040   193   541 I AudioFlinger: systemReady
06-27 00:37:09.041   384   515 D VoldConnector: RCV <- {659 public:8,1}
06-27 00:37:09.041   384   515 D VoldConnector: RCV <- {649 disk:8,0}
06-27 00:37:09.042   384   515 D VoldConnector: RCV <- {640 disk:8,0 8}
06-27 00:37:09.042   384   515 D VoldConnector: RCV <- {641 disk:8,0 500867006464}
06-27 00:37:09.043   384   515 D VoldConnector: RCV <- {642 disk:8,0 Generic 
06-27 00:37:09.043   384   515 D VoldConnector: }
06-27 00:37:09.043   384   515 D VoldConnector: RCV <- {644 disk:8,0 /sys//devices/usb.25/ff600000.dwc3/xhci-hcd.0.auto/usb1/1-1/1-1:1.0/host0/target0:0:0/0:0:0:0/block/sda}
06-27 00:37:09.045   384   485 V MountService: Found primary storage at VolumeInfo{emulated}:
06-27 00:37:09.045   384   485 V MountService:     type=EMULATED diskId=null partGuid=null mountFlags=0 mountUserId=-1 
06-27 00:37:09.045   384   485 V MountService:     state=UNMOUNTED 
06-27 00:37:09.045   384   485 V MountService:     fsType=null fsUuid=null fsLabel=null 
06-27 00:37:09.045   384   485 V MountService:     path=null internalPath=null 
06-27 00:37:09.045   384   480 I SystemServer: WebViewFactory preparation
06-27 00:37:09.051   384   647 D UsbHostManager: Added device UsbDevice[mName=/dev/bus/usb/001/002,mVendorId=1507,mProductId=1846,mClass=0,mSubclass=0,mProtocol=0,mManufacturerName=Generic,mProductName=USB Storage,mVersion=2.0,mSerialNumber=000000000272,mConfigurations=[
06-27 00:37:09.051   384   647 D UsbHostManager: UsbConfiguration[mId=1,mName=null,mAttributes=128,mMaxPower=49,mInterfaces=[
06-27 00:37:09.051   384   647 D UsbHostManager: UsbInterface[mId=0,mAlternateSetting=0,mName=null,mClass=8,mSubclass=6,mProtocol=80,mEndpoints=[
06-27 00:37:09.051   384   647 D UsbHostManager: UsbEndpoint[mAddress=129,mAttributes=2,mMaxPacketSize=512,mInterval=0]
06-27 00:37:09.051   384   647 D UsbHostManager: UsbEndpoint[mAddress=2,mAttributes=2,mMaxPacketSize=512,mInterval=0]]]]
06-27 00:37:09.053   384   647 W ContextImpl: Calling a method in the system process without a qualified user: android.app.ContextImpl.sendBroadcast:877 com.android.server.usb.UsbSettingsManager.deviceAttached:739 com.android.server.usb.UsbHostManager.endUsbDeviceAdded:225 com.android.server.usb.UsbHostManager.monitorUsbHostBus:-2 com.android.server.usb.UsbHostManager.-wrap0:-1 
06-27 00:37:09.059   384   480 D WebViewFactory: Setting new address space to 123264240
06-27 00:37:09.069   384   647 D UsbHostManager: Added device UsbDevice[mName=/dev/bus/usb/005/002,mVendorId=4951,mProductId=4096,mClass=0,mSubclass=0,mProtocol=0,mManufacturerName=HL 0000 00 00 00 01,mProductName=Smart Control,mVersion=1.16,mSerialNumber=null,mConfigurations=[
06-27 00:37:09.069   384   647 D UsbHostManager: UsbConfiguration[mId=1,mName=null,mAttributes=160,mMaxPower=100,mInterfaces=[
06-27 00:37:09.069   384   647 D UsbHostManager: UsbInterface[mId=0,mAlternateSetting=0,mName=null,mClass=3,mSubclass=0,mProtocol=1,mEndpoints=[
06-27 00:37:09.069   384   647 D UsbHostManager: UsbEndpoint[mAddress=129,mAttributes=3,mMaxPacketSize=32,mInterval=8]]
06-27 00:37:09.069   384   647 D UsbHostManager: UsbInterface[mId=1,mAlternateSetting=0,mName=null,mClass=3,mSubclass=0,mProtocol=2,mEndpoints=[
06-27 00:37:09.069   384   647 D UsbHostManager: UsbEndpoint[mAddress=130,mAttributes=3,mMaxPacketSize=32,mInterval=8]]
06-27 00:37:09.069   384   647 D UsbHostManager: UsbInterface[mId=2,mAlternateSetting=0,mName=null,mClass=3,mSubclass=0,mProtocol=0,mEndpoints=[
06-27 00:37:09.069   384   647 D UsbHostManager: UsbEndpoint[mAddress=131,mAttributes=3,mMaxPacketSize=32,mInterval=8]]]]
06-27 00:37:09.069   384   647 W ContextImpl: Calling a method in the system process without a qualified user: android.app.ContextImpl.sendBroadcast:877 com.android.server.usb.UsbSettingsManager.deviceAttached:739 com.android.server.usb.UsbHostManager.endUsbDeviceAdded:225 com.android.server.usb.UsbHostManager.monitorUsbHostBus:-2 com.android.server.usb.UsbHostManager.-wrap0:-1 
06-27 00:37:09.076   154   170 V vold    : DISK mbr
06-27 00:37:09.077   154   170 V vold    : 
06-27 00:37:09.077   154   170 V vold    : PART 1 83
06-27 00:37:09.077   154   170 V vold    : 
06-27 00:37:09.078   154   170 I vold    : type =83
06-27 00:37:09.079   384   515 D VoldConnector: RCV <- {650 public:8,1 0 "disk:8,0" ""}
06-27 00:37:09.079   384   515 D VoldConnector: RCV <- {651 public:8,1 0}
06-27 00:37:09.080   384   515 D VoldConnector: RCV <- {643 disk:8,0}
06-27 00:37:09.080   384   515 D VoldConnector: RCV <- {200 3 Command succeeded}
06-27 00:37:09.081   384   514 D VoldConnector: SND -> {4 volume user_added 0 0}
06-27 00:37:09.081   384   485 D xzj     : -----for all public volume is visible-----
06-27 00:37:09.082   384   515 D VoldConnector: RCV <- {200 4 Command succeeded}
06-27 00:37:09.083   384   514 D VoldConnector: SND -> {5 volume mount emulated 3 -1}
06-27 00:37:09.084   384   515 D VoldConnector: RCV <- {651 emulated 1}
06-27 00:37:09.085   384   515 D VoldConnector: RCV <- {656 emulated /data/media}
06-27 00:37:09.085   384   515 D VoldConnector: RCV <- {655 emulated /storage/emulated}
06-27 00:37:09.085   154   170 V vold    : Waiting for FUSE to spin up...
06-27 00:37:09.087   384   652 E WVMExtractor: Failed to open libwvm.so: dlopen failed: library "libwvm.so" not found
06-27 00:37:09.136   154   170 V vold    : Waiting for FUSE to spin up...
06-27 00:37:09.186   154   170 V vold    : Waiting for FUSE to spin up...
06-27 00:37:09.197   633   633 I art     : Starting a blocking GC AddRemoveAppImageSpace
06-27 00:37:09.214   654   654 W sdcard  : Device explicitly disabled sdcardfs
06-27 00:37:09.217   384   652 I MediaCodec: callingProcessName:system_server
06-27 00:37:09.222   201   201 I MediaPlayerService: MediaPlayerService::getOMX
06-27 00:37:09.225   384   384 I hdmicec : int hdmi_cec_get_physical_address(const struct hdmi_cec_device *, uint16_t *)
06-27 00:37:09.225   384   384 I hdmicec : int hdmi_cec_get_physical_address(const struct hdmi_cec_device *, uint16_t *)
06-27 00:37:09.225   384   384 I hdmicec : void hdmi_cec_get_vendor_id(const struct hdmi_cec_device *, uint32_t *)
06-27 00:37:09.226   384   384 I hdmicec : int hdmi_cec_add_logical_address(const struct hdmi_cec_device *, cec_logical_address_t)
06-27 00:37:09.226   384   384 I hdmicec : int hdmi_cec_get_physical_address(const struct hdmi_cec_device *, uint16_t *)
06-27 00:37:09.227   384   384 I hdmicec : void hdmi_cec_get_vendor_id(const struct hdmi_cec_device *, uint32_t *)
06-27 00:37:09.227   384   543 I hdmicec : int hdmi_cec_send_message(const struct hdmi_cec_device *, const cec_message_t *)
06-27 00:37:09.227   384   543 I hdmicec : int hdmi_cec_send_message(const struct hdmi_cec_device *, const cec_message_t *)
06-27 00:37:09.228   384   543 W HdmiCecController: Failed to send <Report Physical Address> src: 4, dst: 15, params: FF FF 04
06-27 00:37:09.228   384   543 I hdmicec : int hdmi_cec_send_message(const struct hdmi_cec_device *, const cec_message_t *)
06-27 00:37:09.228   384   543 I hdmicec : int hdmi_cec_send_message(const struct hdmi_cec_device *, const cec_message_t *)
06-27 00:37:09.229   384   543 W HdmiCecController: Failed to send <Device Vendor Id> src: 4, dst: 15, params: 00 00 01
06-27 00:37:09.231   384   480 I Zygote  : Process: zygote socket opened, supported ABIS: armeabi-v7a,armeabi
06-27 00:37:09.231   150   414 I art     : Starting a blocking GC HeapTrim
06-27 00:37:09.235   201   201 I libstagefrighthw: OMX IL core libOMX_Core.so: declares component OMX.rk.video_decoder.avc
06-27 00:37:09.235   201   201 I libstagefrighthw: OMX IL core libOMX_Core.so: declares component OMX.rk.video_decoder.m4v
06-27 00:37:09.235   150   150 I art     : Starting a blocking GC Background
06-27 00:37:09.235   201   201 I libstagefrighthw: OMX IL core libOMX_Core.so: declares component OMX.rk.video_decoder.h263
06-27 00:37:09.235   201   201 I libstagefrighthw: OMX IL core libOMX_Core.so: declares component OMX.rk.video_decoder.flv1
06-27 00:37:09.235   201   201 I libstagefrighthw: OMX IL core libOMX_Core.so: declares component OMX.rk.video_decoder.m2v
06-27 00:37:09.235   201   201 I libstagefrighthw: OMX IL core libOMX_Core.so: declares component OMX.rk.video_decoder.rv
06-27 00:37:09.235   201   201 I libstagefrighthw: OMX IL core libOMX_Core.so: declares component OMX.rk.video_decoder.vp8
06-27 00:37:09.235   201   201 I libstagefrighthw: OMX IL core libOMX_Core.so: declares component OMX.rk.video_decoder.vc1
06-27 00:37:09.235   201   201 I libstagefrighthw: OMX IL core libOMX_Core.so: declares component OMX.rk.video_decoder.wmv3
06-27 00:37:09.235   201   201 I libstagefrighthw: OMX IL core libOMX_Core.so: declares component OMX.rk.video_decoder.vp6
06-27 00:37:09.235   201   201 I libstagefrighthw: OMX IL core libOMX_Core.so: declares component OMX.rk.video_decoder.hevc
06-27 00:37:09.235   201   201 I libstagefrighthw: OMX IL core libOMX_Core.so: declares component OMX.rk.video_decoder.mjpeg
06-27 00:37:09.235   201   201 I libstagefrighthw: OMX IL core libOMX_Core.so: declares component OMX.rk.video_decoder.avc.secure
06-27 00:37:09.235   201   201 I libstagefrighthw: OMX IL core libOMX_Core.so: declares component OMX.rk.video_decoder.vp9
06-27 00:37:09.235   201   201 I libstagefrighthw: OMX IL core libOMX_Core.so: declares component OMX.rk.video_encoder.avc
06-27 00:37:09.235   201   201 I libstagefrighthw: OMX IL core libOMX_Core.so: declares component OMX.rk.video_encoder.vp8
06-27 00:37:09.235   201   201 I libstagefrighthw: OMX IL core libOMX_Core.so: declares component OMX.rk.video_encoder.hevc
06-27 00:37:09.235   201   201 I libstagefrighthw: OMX IL core libOMX_Core.so: contains 17 components
06-27 00:37:09.236   384   515 D VoldConnector: RCV <- {651 emulated 2}
06-27 00:37:09.237   384   515 D VoldConnector: RCV <- {200 5 Command succeeded}
06-27 00:37:09.237   384   514 D VoldConnector: SND -> {6 volume mount public:8,1 2 0}
06-27 00:37:09.238   154   170 V vold    : /system/bin/blkid
06-27 00:37:09.238   154   170 V vold    :     -c
06-27 00:37:09.238   154   170 V vold    :     /dev/null
06-27 00:37:09.238   154   170 V vold    :     -s
06-27 00:37:09.238   154   170 V vold    :     TYPE
06-27 00:37:09.238   154   170 V vold    :     -s
06-27 00:37:09.238   154   170 V vold    :     UUID
06-27 00:37:09.238   154   170 V vold    :     -s
06-27 00:37:09.238   154   170 V vold    :     LABEL
06-27 00:37:09.238   154   170 V vold    :     /dev/block/vold/public:8,1
06-27 00:37:09.239   384   515 D VoldConnector: RCV <- {651 public:8,1 1}
06-27 00:37:09.244   198   198 I vpu_api : dlopen vpu lib success
06-27 00:37:09.246   384   384 D RttService: SCAN_AVAILABLE : 1
06-27 00:37:09.246   384   529 I WifiScanningService: wifi driver unloaded
06-27 00:37:09.246   384   384 D ZenLog  : set_zen_mode: off,cleanUpZenRules
06-27 00:37:09.248   384   530 D RttService: DefaultState got{ when=-1ms what=160513 target=com.android.internal.util.StateMachine$SmHandler }
06-27 00:37:09.250   198   198 I libstagefrighthw: OMX IL core libOMX_Core.so: declares component OMX.rk.video_decoder.avc
06-27 00:37:09.250   198   198 I libstagefrighthw: OMX IL core libOMX_Core.so: declares component OMX.rk.video_decoder.m4v
06-27 00:37:09.250   198   198 I libstagefrighthw: OMX IL core libOMX_Core.so: declares component OMX.rk.video_decoder.h263
06-27 00:37:09.250   198   198 I libstagefrighthw: OMX IL core libOMX_Core.so: declares component OMX.rk.video_decoder.flv1
06-27 00:37:09.250   198   198 I libstagefrighthw: OMX IL core libOMX_Core.so: declares component OMX.rk.video_decoder.m2v
06-27 00:37:09.250   198   198 I libstagefrighthw: OMX IL core libOMX_Core.so: declares component OMX.rk.video_decoder.rv
06-27 00:37:09.250   198   198 I libstagefrighthw: OMX IL core libOMX_Core.so: declares component OMX.rk.video_decoder.vp8
06-27 00:37:09.250   198   198 I libstagefrighthw: OMX IL core libOMX_Core.so: declares component OMX.rk.video_decoder.vc1
06-27 00:37:09.250   198   198 I libstagefrighthw: OMX IL core libOMX_Core.so: declares component OMX.rk.video_decoder.wmv3
06-27 00:37:09.250   198   198 I libstagefrighthw: OMX IL core libOMX_Core.so: declares component OMX.rk.video_decoder.vp6
06-27 00:37:09.250   198   198 I libstagefrighthw: OMX IL core libOMX_Core.so: declares component OMX.rk.video_decoder.hevc
06-27 00:37:09.250   198   198 I libstagefrighthw: OMX IL core libOMX_Core.so: declares component OMX.rk.video_decoder.mjpeg
06-27 00:37:09.250   198   198 I libstagefrighthw: OMX IL core libOMX_Core.so: declares component OMX.rk.video_decoder.avc.secure
06-27 00:37:09.250   198   198 I libstagefrighthw: OMX IL core libOMX_Core.so: declares component OMX.rk.video_decoder.vp9
06-27 00:37:09.250   198   198 I libstagefrighthw: OMX IL core libOMX_Core.so: declares component OMX.rk.video_encoder.avc
06-27 00:37:09.250   198   198 I libstagefrighthw: OMX IL core libOMX_Core.so: declares component OMX.rk.video_encoder.vp8
06-27 00:37:09.250   198   198 I libstagefrighthw: OMX IL core libOMX_Core.so: declares component OMX.rk.video_encoder.hevc
06-27 00:37:09.250   198   198 I libstagefrighthw: OMX IL core libOMX_Core.so: contains 17 components
06-27 00:37:09.251   384   384 I hdmicec : int hdmi_cec_is_connected(const struct hdmi_cec_device *, int)
06-27 00:37:09.251   201   201 I OMXClient: MuxOMX ctor
06-27 00:37:09.254   201   201 I MediaPlayerService: MediaPlayerService::getOMX
06-27 00:37:09.255   201   201 I OMXClient: MuxOMX ctor
06-27 00:37:09.255   198   198 I OMXMaster: makeComponentInstance(OMX.google.mp3.decoder) in mediacodec process
06-27 00:37:09.267   384   384 I art     : Thread[1,tid=384,Native,Thread*=0x7e1203fa00,peer=0x75dad000,"main"] recursive attempt to load library "/system/lib64/libmedia_jni.so"
06-27 00:37:09.268   384   384 D MtpDeviceJNI: register_android_mtp_MtpDevice
06-27 00:37:09.269   384   384 I art     : Thread[1,tid=384,Native,Thread*=0x7e1203fa00,peer=0x75dad000,"main"] recursive attempt to load library "/system/lib64/libmedia_jni.so"
06-27 00:37:09.271   384   384 I art     : Thread[1,tid=384,Native,Thread*=0x7e1203fa00,peer=0x75dad000,"main"] recursive attempt to load library "/system/lib64/libmedia_jni.so"
06-27 00:37:09.280   201   201 I Binder:201_1: type=1400 audit(0.0:37): avc: denied { search } for name="384" dev="proc" ino=8903 scontext=u:r:mediaserver:s0 tcontext=u:r:system_server:s0 tclass=dir permissive=1
06-27 00:37:09.280   201   201 I Binder:201_1: type=1400 audit(0.0:38): avc: denied { read } for name="cmdline" dev="proc" ino=1900 scontext=u:r:mediaserver:s0 tcontext=u:r:system_server:s0 tclass=file permissive=1
06-27 00:37:09.280   201   201 I Binder:201_1: type=1400 audit(0.0:39): avc: denied { open } for path="/proc/384/cmdline" dev="proc" ino=1900 scontext=u:r:mediaserver:s0 tcontext=u:r:system_server:s0 tclass=file permissive=1
06-27 00:37:09.281   201   265 I MediaPlayerService: processName cmdline:/proc/384/cmdline
06-27 00:37:09.290   154   170 V vold    : /dev/block/vold/public:8,1: LABEL="512Gb ext4" UUID="e14e8b4a-c6c3-4546-b069-dfbdf64d0b66" TYPE="ext4" 
06-27 00:37:09.290   154   170 V vold    : 
06-27 00:37:09.290   384   515 D VoldConnector: RCV <- {652 public:8,1 ext4}
06-27 00:37:09.291   201   675 E WVMExtractor: Failed to open libwvm.so: dlopen failed: library "libwvm.so" not found
06-27 00:37:09.291   384   515 D VoldConnector: RCV <- {653 public:8,1 e14e8b4a-c6c3-4546-b069-dfbdf64d0b66}
06-27 00:37:09.292   384   515 D VoldConnector: RCV <- {654 public:8,1 512Gb ext4}
06-27 00:37:09.292   384   515 D VoldConnector: RCV <- {656 public:8,1 /mnt/media_rw/e14e8b4a-c6c3-4546-b069-dfbdf64d0b66}
06-27 00:37:09.293   384   515 D VoldConnector: RCV <- {655 public:8,1 /storage/e14e8b4a-c6c3-4546-b069-dfbdf64d0b66}
06-27 00:37:09.305   201   673 D NuPlayerDriver: notifyListener_l(0xf2d20a80), (1, 0, 0), loop setting(0, 0)
06-27 00:37:09.305   384   384 D MediaPlayer: setSubtitleAnchor in MediaPlayer
06-27 00:37:09.306   384   480 W ActivityManager: Slow operation: 87ms so far, now at startProcess: returned from zygote!
06-27 00:37:09.306   384   480 W ActivityManager: Slow operation: 87ms so far, now at startProcess: done updating battery stats
06-27 00:37:09.306   384   480 W ActivityManager: Slow operation: 87ms so far, now at startProcess: building log message
06-27 00:37:09.306   384   480 I ActivityManager: Start proc 676:WebViewLoader-armeabi-v7a/1037 [android.webkit.WebViewFactory$RelroFileCreator] for 
06-27 00:37:09.307   384   480 W ActivityManager: Slow operation: 87ms so far, now at startProcess: starting to update pids map
06-27 00:37:09.307   384   480 W ActivityManager: Slow operation: 87ms so far, now at startProcess: done updating pids map
06-27 00:37:09.307   384   480 W ActivityManager: Slow operation: 87ms so far, now at startProcess: done starting proc!
06-27 00:37:09.314   384   384 D Ringtone: Successfully created local player
06-27 00:37:09.315   201   672 D NuPlayerDriver: reset(0xf2d20a80) at state 4
06-27 00:37:09.315   201   672 D NuPlayerDriver: notifyListener_l(0xf2d20a80), (8, 0, 0), loop setting(0, 0)
06-27 00:37:09.316   201   673 D NuPlayerDriver: notifyResetComplete(0xf2d20a80)
06-27 00:37:09.316   201   671 D NuPlayerDriver: reset(0xf2d20a80) at state 0
06-27 00:37:09.323   201   671 I MediaPlayerService: processName cmdline:/proc/384/cmdline
06-27 00:37:09.325   676   676 V WebViewFactory: RelroFileCreator (64bit = false),  32-bit lib: /data/app/com.android.chrome-1/base.apk!/lib/armeabi-v7a/libmonochrome_base.so, 64-bit lib: /data/app/com.android.chrome-1/base.apk!/lib/arm64-v8a/libmonochrome_base.so
06-27 00:37:09.328   384   480 I ActivityManager: Start proc 684:WebViewLoader-arm64-v8a/1037 [android.webkit.WebViewFactory$RelroFileCreator] for 
06-27 00:37:09.331   384   480 D NetworkManagement: enabling bandwidth control
06-27 00:37:09.333   619   619 V SystemUIService: Starting SystemUI services for user 0.
06-27 00:37:09.357   684   684 V WebViewFactory: RelroFileCreator (64bit = true),  32-bit lib: /data/app/com.android.chrome-1/base.apk!/lib/armeabi-v7a/libmonochrome_base.so, 64-bit lib: /data/app/com.android.chrome-1/base.apk!/lib/arm64-v8a/libmonochrome_base.so
06-27 00:37:09.357   201   694 D NuPlayerDriver: notifyListener_l(0xf2d20a80), (1, 0, 0), loop setting(0, 0)
06-27 00:37:09.358   384   384 D MediaPlayer: setSubtitleAnchor in MediaPlayer
06-27 00:37:09.358   619   619 D lvjinhua:  Failed while trying resolve alarm filter file, not exists
06-27 00:37:09.365   201   201 I MediaPlayerService: MediaPlayerService::getOMX
06-27 00:37:09.365   384   384 D Ringtone: Successfully created local player
06-27 00:37:09.366   201   201 I OMXClient: MuxOMX ctor
06-27 00:37:09.366   201   671 D NuPlayerDriver: start(0xf2d20a80), state is 4, eos is 0
06-27 00:37:09.366   198   711 I OMXMaster: makeComponentInstance(OMX.google.amrnb.decoder) in mediacodec process
06-27 00:37:09.366   201   694 I GenericSource: start
06-27 00:37:09.376   201   201 I NPDecoder: type=1400 audit(0.0:40): avc: denied { search } for name="384" dev="proc" ino=8903 scontext=u:r:mediaserver:s0 tcontext=u:r:system_server:s0 tclass=dir permissive=1
06-27 00:37:09.376   201   201 I NPDecoder: type=1400 audit(0.0:41): avc: denied { read } for name="cmdline" dev="proc" ino=1900 scontext=u:r:mediaserver:s0 tcontext=u:r:system_server:s0 tclass=file permissive=1
06-27 00:37:09.376   201   201 I NPDecoder: type=1400 audit(0.0:42): avc: denied { open } for path="/proc/384/cmdline" dev="proc" ino=1900 scontext=u:r:mediaserver:s0 tcontext=u:r:system_server:s0 tclass=file permissive=1
06-27 00:37:09.376   384   384 W ContextImpl: Calling a method in the system process without a qualified user: android.app.ContextImpl.startService:1357 com.android.server.content.SyncManager$13.run:658 android.os.Handler.handleCallback:755 android.os.Handler.dispatchMessage:95 android.os.Looper.loop:154 
06-27 00:37:09.377   619   619 V MediaRouter: Adding route: RouteInfo{ name=Phone, description=null, status=null, category=RouteCategory{ name=null types=ROUTE_TYPE_LIVE_AUDIO ROUTE_TYPE_LIVE_VIDEO  groupable=false }, supportedTypes=ROUTE_TYPE_LIVE_AUDIO ROUTE_TYPE_LIVE_VIDEO , presentationDisplay=null }
06-27 00:37:09.377   384   384 D ConditionProviders.SCP: onSubscribe condition://android/schedule?days=6.7&start=23.30&end=10.0&exitAtAlarm=false
06-27 00:37:09.378   384   384 D ConditionProviders.SCP: setRegistered true
06-27 00:37:09.386   201   726 I MediaCodec: callingProcessName:system_server
06-27 00:37:09.386   384   384 D ConditionProviders.SCP: notifyCondition condition://android/schedule?days=6.7&start=23.30&end=10.0&exitAtAlarm=false STATE_FALSE reason=!meetsSchedule
06-27 00:37:09.388   201   201 I MediaPlayerService: MediaPlayerService::getOMX
06-27 00:37:09.389   201   201 I OMXClient: MuxOMX ctor
06-27 00:37:09.389   198   220 I OMXMaster: makeComponentInstance(OMX.google.amrwb.decoder) in mediacodec process
06-27 00:37:09.390   619   619 V MediaRouter: Updating audio routes: AudioRoutesInfo{ type=SPEAKER }
06-27 00:37:09.402   201   201 I MediaPlayerService: MediaPlayerService::getOMX
06-27 00:37:09.403   201   201 I OMXClient: MuxOMX ctor
06-27 00:37:09.403   198   198 I OMXMaster: makeComponentInstance(OMX.google.aac.decoder) in mediacodec process
06-27 00:37:09.404   619   619 V MediaRouter: Selecting route: RouteInfo{ name=Phone, description=null, status=null, category=RouteCategory{ name=null types=ROUTE_TYPE_LIVE_AUDIO ROUTE_TYPE_LIVE_VIDEO  groupable=false }, supportedTypes=ROUTE_TYPE_LIVE_AUDIO ROUTE_TYPE_LIVE_VIDEO , presentationDisplay=null }
06-27 00:37:09.425   154   170 D Vold    : Running /system/bin/e2fsck on /dev/block/vold/public:8,1
06-27 00:37:09.425   154   170 V vold    : /system/bin/e2fsck
06-27 00:37:09.425   154   170 V vold    :     -y
06-27 00:37:09.425   154   170 V vold    :     /dev/block/vold/public:8,1
06-27 00:37:09.428   201   201 I MediaPlayerService: MediaPlayerService::getOMX
06-27 00:37:09.429   201   201 I OMXClient: MuxOMX ctor
06-27 00:37:09.429   198   198 I OMXMaster: makeComponentInstance(OMX.google.g711.alaw.decoder) in mediacodec process
06-27 00:37:09.450   633   633 I [Gralloc]:  ion device open success! fd = 44
06-27 00:37:09.462   619   619 V FingerprintManager: FingerprintManagerService was null
06-27 00:37:09.469   384   384 I System  : Loaded time zone names for "" in 79ms (76ms in ICU)
06-27 00:37:09.470   735   735 I e2fsck  : type=1400 audit(0.0:43): avc: denied { getattr } for path="/dev/block/vold/public:8,1" dev="tmpfs" ino=12291 scontext=u:r:fsck:s0 tcontext=u:object_r:vold_device:s0 tclass=blk_file permissive=1
06-27 00:37:09.471   154   170 I e2fsck  : e2fsck 1.42.9 (28-Dec-2013)
06-27 00:37:09.472   619   619 W FingerprintManager: isFingerprintHardwareDetected(): Service not connected!
06-27 00:37:09.472   619   619 W FingerprintManager: addLockoutResetCallback(): Service not connected!
06-27 00:37:09.473   735   735 I e2fsck  : type=1400 audit(0.0:44): avc: denied { getattr } for path="/dev/block/zram0" dev="tmpfs" ino=5514 scontext=u:r:fsck:s0 tcontext=u:object_r:zram_device:s0 tclass=blk_file permissive=1
06-27 00:37:09.473   735   735 I e2fsck  : type=1400 audit(0.0:45): avc: denied { read } for name="public:8,1" dev="tmpfs" ino=12291 scontext=u:r:fsck:s0 tcontext=u:object_r:vold_device:s0 tclass=blk_file permissive=1
06-27 00:37:09.473   735   735 I e2fsck  : type=1400 audit(0.0:46): avc: denied { open } for path="/dev/block/vold/public:8,1" dev="tmpfs" ino=12291 scontext=u:r:fsck:s0 tcontext=u:object_r:vold_device:s0 tclass=blk_file permissive=1
06-27 00:37:09.476   735   735 I e2fsck  : type=1400 audit(0.0:47): avc: denied { write } for name="public:8,1" dev="tmpfs" ino=12291 scontext=u:r:fsck:s0 tcontext=u:object_r:vold_device:s0 tclass=blk_file permissive=1
06-27 00:37:09.476   735   735 I e2fsck  : type=1400 audit(0.0:48): avc: denied { ioctl } for path="/dev/block/vold/public:8,1" dev="tmpfs" ino=12291 ioctlcmd=127c scontext=u:r:fsck:s0 tcontext=u:object_r:vold_device:s0 tclass=blk_file permissive=1
06-27 00:37:09.491   633   736 I mali_so : [File] : hardware/rockchip/driver/./src/base/arch/arch_011_udd/base_arch_main.c; [Line] : 565; [Func] : deal_with_version_affairs_rk_ext;
06-27 00:37:09.491   633   736 I mali_so : arm_release_ver of this mali_so is 'r7p0-00rel1', rk_so_ver is '1@2' for 3328h_android_7.1, built at '15:47:51', on 'Jun 28 2017'.
06-27 00:37:09.491   633   736 I mali_so : [File] : hardware/rockchip/driver/./src/base/arch/arch_011_udd/base_arch_main.c; [Line] : 578; [Func] : deal_with_version_affairs_rk_ext;
06-27 00:37:09.491   633   736 I mali_so : mali_ver_property has been set to 'r7p0-00rel1-5-1@2', to return.
06-27 00:37:09.495   633   736 I OpenGLRenderer: Initialized EGL, version 1.4
06-27 00:37:09.495   633   736 D OpenGLRenderer: Swap behavior 1
06-27 00:37:09.519   384   384 I System  : Loaded time zone names for "en_US" in 49ms (45ms in ICU)
06-27 00:37:09.520   384   384 D ConditionProviders.SCP: Scheduling evaluate for Thu Jun 27 10:00:00 GMT+03:00 2019 (1561618800000), in +9h22m50s621ms, now=Thu Jun 27 00:37:09 GMT+03:00 2019 (1561585029379)
06-27 00:37:09.522   384   384 D ConditionProviders.SCP: onSubscribe condition://android/schedule?days=1.2.3.4.5&start=22.0&end=7.0&exitAtAlarm=false
06-27 00:37:09.526   384   384 D ConditionProviders.SCP: notifyCondition condition://android/schedule?days=6.7&start=23.30&end=10.0&exitAtAlarm=false STATE_FALSE reason=!meetsSchedule
06-27 00:37:09.526   384   384 D ConditionProviders.SCP: notifyCondition condition://android/schedule?days=1.2.3.4.5&start=22.0&end=7.0&exitAtAlarm=false STATE_TRUE reason=meetsSchedule
06-27 00:37:09.527   384   384 D ConditionProviders.SCP: Scheduling evaluate for Thu Jun 27 07:00:00 GMT+03:00 2019 (1561608000000), in +6h22m50s475ms, now=Thu Jun 27 00:37:09 GMT+03:00 2019 (1561585029525)
06-27 00:37:09.528   384   487 I ActivityManager: Displayed com.android.tv.settings/.system.FallbackHome: +523ms
06-27 00:37:09.532   619   746 E WVMExtractor: Failed to open libwvm.so: dlopen failed: library "libwvm.so" not found
06-27 00:37:09.546   384   384 D ZenLog  : config: conditionChanged,ZenModeConfig[user=0,allowCalls=true,allowRepeatCallers=false,allowMessages=false,allowCallsFrom=contacts,allowMessagesFrom=contacts,allowReminders=true,allowEvents=true,allowWhenScreenOff=true,allowWhenScreenOn=true,automaticRules={25a6dd96a24b4df6bd3088c7e3097477=ZenRule[enabled=false,snoozing=false,name=Weekend,zenMode=ZEN_MODE_ALARMS,conditionId=condition://android/schedule?days=6.7&start=23.30&end=10.0&exitAtAlarm=false,condition=Condition[id=condition://android/schedule?days=6.7&start=23.30&end=10.0&exitAtAlarm=false,summary=...,line1=...,line2=...,icon=0,state=STATE_FALSE,flags=2],component=ComponentInfo{android/com.android.server.notification.ScheduleConditionProvider},id=25a6dd96a24b4df6bd3088c7e3097477,creationTime=171343,enabler=null], a39688c18c6949eb93d2d819ff254056=ZenRule[enabled=false,snoozing=false,name=Weeknight,zenMode=ZEN_MODE_ALARMS,conditionId=condition://android/schedule?days=1.2.3.4.5&start=22.0&end=7.0&exitAtAlarm=false,condition=Condition[id=condition://android/schedule?days=1.2.3.4.5&start=22.0&end=7.0&exitAtAlarm=false,summary=...,line1=...,line2=...,icon=0,state=STATE_TRUE,flags=2],component=ComponentInfo{android/com.android.server.notification.ScheduleConditionProvider},id=a39688c18c6949eb93d2d819ff254056,creationTime=171343,enabler=null], 5d561a952c594803b5e4af64eefc6361=ZenRule[enabled=false,snoozing=false,name=Event,zenMode=ZEN_MODE_ALARMS,conditionId=condition://android/event?userId=-10000&calendar=&reply=1,condition=Condition[id=condition://android/event?userId=-10000&calendar=&reply=1,summary=...,line1=...,line2=...,icon=0,state=STATE_FALSE,flags=2],component=ComponentInfo{android/com.android.server.notification.EventConditionProvider},id=5d561a952c594803b5e4af64eefc6361,creationTime=171344,enabler=null]},manualRule=null],Diff[automaticRule[a39688c18c6949eb93d2d819ff254056].condition:Condition[id=condition://android/schedule?days=1.2.3.4.5&start=22.0&end=7.0&exitAtAlarm=false,summary=...,line1=...,line2=...,icon=0,state=STATE_FALSE,flags=2]->Condition[id=condition://android/schedule?days=1.2.3.4.5&start=22.0&end=7.0&exitAtAlarm=false,summary=...,line1=...,line2=...,icon=0,state=STATE_TRUE,flags=2]]
06-27 00:37:09.551   619   746 I MediaCodec: callingProcessName:com.android.systemui
06-27 00:37:09.601   201   201 I MediaPlayerService: MediaPlayerService::getOMX
06-27 00:37:09.602   201   201 I OMXClient: MuxOMX ctor
06-27 00:37:09.602   198   220 I OMXMaster: makeComponentInstance(OMX.google.g711.mlaw.decoder) in mediacodec process
06-27 00:37:09.605   384   479 I SyncManager: Got SyncJobService instance.
06-27 00:37:09.621   384   480 W NetworkManagement: setDataSaverMode(): already false
06-27 00:37:09.665   619   619 I vol.Events: writeEvent collection_started
06-27 00:37:09.672   201   201 I MediaPlayerService: MediaPlayerService::getOMX
06-27 00:37:09.673   619   619 W Vibrator: Failed to vibrate; no vibrator service.
06-27 00:37:09.673   201   201 I OMXClient: MuxOMX ctor
06-27 00:37:09.674   198   198 I OMXMaster: makeComponentInstance(OMX.google.vorbis.decoder) in mediacodec process
06-27 00:37:09.688   676   676 I art     : System.exit called, status: 0
06-27 00:37:09.688   676   676 I AndroidRuntime: VM exiting with result code 0, cleanup skipped.
06-27 00:37:09.748   684   684 I art     : System.exit called, status: 0
06-27 00:37:09.748   684   684 I AndroidRuntime: VM exiting with result code 0, cleanup skipped.
06-27 00:37:09.752   384   384 D ZenLog  : set_zen_mode: off,conditionChanged
06-27 00:37:09.760   201   201 I MediaPlayerService: MediaPlayerService::getOMX
06-27 00:37:09.761   201   201 I OMXClient: MuxOMX ctor
06-27 00:37:09.761   198   198 I OMXMaster: makeComponentInstance(OMX.google.opus.decoder) in mediacodec process
06-27 00:37:09.798   384   480 D NetworkPolicy: setRestrictBackgroundUL(): false
06-27 00:37:09.799   384   480 W NetworkManagement: setDataSaverMode(): already false
06-27 00:37:09.851   201   201 I MediaPlayerService: MediaPlayerService::getOMX
06-27 00:37:09.852   201   201 I OMXClient: MuxOMX ctor
06-27 00:37:09.852   198   198 I OMXMaster: makeComponentInstance(OMX.google.raw.decoder) in mediacodec process
06-27 00:37:09.858   201   201 I MediaPlayerService: MediaPlayerService::getOMX
06-27 00:37:09.859   201   201 I OMXClient: MuxOMX ctor
06-27 00:37:09.859   198   711 I OMXMaster: makeComponentInstance(OMX.google.aac.encoder) in mediacodec process
06-27 00:37:09.871   201   201 I MediaPlayerService: MediaPlayerService::getOMX
06-27 00:37:09.872   201   201 I OMXClient: MuxOMX ctor
06-27 00:37:09.872   198   711 I OMXMaster: makeComponentInstance(OMX.google.amrnb.encoder) in mediacodec process
06-27 00:37:09.879   201   201 I MediaPlayerService: MediaPlayerService::getOMX
06-27 00:37:09.880   201   201 I OMXClient: MuxOMX ctor
06-27 00:37:09.880   198   711 I OMXMaster: makeComponentInstance(OMX.google.amrwb.encoder) in mediacodec process
06-27 00:37:09.887   201   201 I MediaPlayerService: MediaPlayerService::getOMX
06-27 00:37:09.887   201   201 I OMXClient: MuxOMX ctor
06-27 00:37:09.888   198   711 I OMXMaster: makeComponentInstance(OMX.google.flac.encoder) in mediacodec process
06-27 00:37:09.891   619   757 I vol.Events: writeEvent level_changed STREAM_ALARM 6
06-27 00:37:09.895   619   757 I vol.Events: writeEvent level_changed STREAM_BLUETOOTH_SCO 7
06-27 00:37:09.899   619   757 I vol.Events: writeEvent level_changed STREAM_MUSIC 11
06-27 00:37:09.904   619   757 I vol.Events: writeEvent level_changed STREAM_RING 7
06-27 00:37:09.906   619   757 I vol.Events: writeEvent level_changed STREAM_SYSTEM 2
06-27 00:37:09.912   619   757 I vol.Events: writeEvent level_changed STREAM_VOICE_CALL 4
06-27 00:37:09.914   619   757 I vol.Events: writeEvent external_ringer_mode_changed normal
06-27 00:37:09.915   384   481 W WindowManager: Keyguard drawn timeout. Setting mKeyguardDrawComplete
06-27 00:37:09.944   619   619 I [Gralloc]:  ion device open success! fd = 53
06-27 00:37:09.959   201   201 I MediaPlayerService: MediaPlayerService::getOMX
06-27 00:37:09.960   201   201 I OMXClient: MuxOMX ctor
06-27 00:37:09.960   198   220 I OMXMaster: makeComponentInstance(OMX.rk.video_decoder.avc) in mediacodec process
06-27 00:37:09.961   198   220 E ROCKCHIP_RM: Rockchip_OMX_Check_Resource(282): pRockchipComponent->codecType 1, Line:282
06-27 00:37:09.966   384   480 I SystemServiceManager: Starting phase 600
06-27 00:37:09.972   619   619 D StorageNotification: Notifying about private volume: VolumeInfo{private}:
06-27 00:37:09.972   619   619 D StorageNotification:     type=PRIVATE diskId=null partGuid=null mountFlags=0 mountUserId=-1 
06-27 00:37:09.972   619   619 D StorageNotification:     state=MOUNTED 
06-27 00:37:09.972   619   619 D StorageNotification:     fsType=null fsUuid=null fsLabel=null 
06-27 00:37:09.972   619   619 D StorageNotification:     path=/data internalPath=null 
06-27 00:37:09.973   619   619 D StorageNotification: Notifying about public volume: VolumeInfo{public:8,1}:
06-27 00:37:09.973   619   619 D StorageNotification:     type=PUBLIC diskId=disk:8,0 partGuid=null mountFlags=VISIBLE mountUserId=0 
06-27 00:37:09.973   619   619 D StorageNotification:     state=CHECKING 
06-27 00:37:09.973   619   619 D StorageNotification:     fsType=ext4 fsUuid=e14e8b4a-c6c3-4546-b069-dfbdf64d0b66 fsLabel=512Gb ext4 
06-27 00:37:09.973   619   619 D StorageNotification:     path=/storage/e14e8b4a-c6c3-4546-b069-dfbdf64d0b66 
06-27 00:37:09.973   619   619 D StorageNotification:     internalPath=/mnt/media_rw/e14e8b4a-c6c3-4546-b069-dfbdf64d0b66 
06-27 00:37:09.980   201   201 W ACodec  : [OMX.rk.video_decoder.avc] stopping checking profiles after 32: 8/1
06-27 00:37:09.981   198   711 E ROCKCHIP_VIDEO_DECCONTROL: Rkvpu_OMX_GetExtensionIndex(1959): OMX_IndexParamdescribeColorFormat get 
06-27 00:37:09.981   384   480 D SensorNotificationService: Cannot obtain dynamic meta sensor, not supported.
06-27 00:37:09.983   198   711 E ROCKCHIP_VIDEO_DECCONTROL: Rkvpu_OMX_GetExtensionIndex(1959): OMX_IndexParamdescribeColorFormat get 
06-27 00:37:09.984   198   711 E OMXNodeInstance: getExtensionIndex(c6000e:rk._decoder.avc, OMX.google.android.index.configureVideoTunnelMode) ERROR: BadParameter(0x80001005)
06-27 00:37:09.985   198   198 W OMXNodeInstance: [c6000e:rk._decoder.avc] component does not support metadata mode; using fallback
06-27 00:37:09.988   201   201 I MediaPlayerService: MediaPlayerService::getOMX
06-27 00:37:09.989   201   201 I OMXClient: MuxOMX ctor
06-27 00:37:09.989   198   220 I OMXMaster: makeComponentInstance(OMX.rk.video_decoder.m2v) in mediacodec process
06-27 00:37:09.990   198   220 E ROCKCHIP_RM: Rockchip_OMX_Check_Resource(282): pRockchipComponent->codecType 1, Line:282
06-27 00:37:09.992   198   711 E ROCKCHIP_VIDEO_DECCONTROL: Rkvpu_OMX_GetExtensionIndex(1959): OMX_IndexParamdescribeColorFormat get 
