06-27 19:47:59.882  1607  1743 I mali_so : [File] : hardware/rockchip/driver/./src/base/arch/arch_011_udd/base_arch_main.c; [Line] : 578; [Func] : deal_with_version_affairs_rk_ext;
06-27 19:47:59.882  1607  1743 I mali_so : mali_ver_property has been set to 'r7p0-00rel1-5-1@2', to return.
06-27 19:47:59.904  1162  1658 V DownloadManager: Deleting /storage/emulated/0/Android/data/com.android.vending/files/1561654022400 via provider delete
06-27 19:48:00.024  1130  1561 W Conscrypt: Could not set socket write timeout: java.net.SocketException: Socket closed
06-27 19:48:00.025  1130  1561 W Conscrypt: 	at com.google.android.gms.org.conscrypt.Platform.setSocketWriteTimeout(:com.google.android.gms@17785019@17.7.85 (040400-253824076):2)
06-27 19:48:00.025  1130  1561 W Conscrypt: 	at com.google.android.gms.org.conscrypt.ConscryptFileDescriptorSocket.setSoWriteTimeout(:com.google.android.gms@17785019@17.7.85 (040400-253824076):2)
06-27 19:48:00.102  1130  1561 W Conscrypt: Could not set socket write timeout: java.net.SocketException: Socket closed
06-27 19:48:00.102  1130  1561 W Conscrypt: 	at com.google.android.gms.org.conscrypt.Platform.setSocketWriteTimeout(:com.google.android.gms@17785019@17.7.85 (040400-253824076):2)
06-27 19:48:00.103  1130  1561 W Conscrypt: 	at com.google.android.gms.org.conscrypt.ConscryptFileDescriptorSocket.setSoWriteTimeout(:com.google.android.gms@17785019@17.7.85 (040400-253824076):2)
06-27 19:48:00.126   877  1802 W Conscrypt: Could not set socket write timeout: java.net.SocketException: Socket closed
06-27 19:48:00.129   877  1802 W Conscrypt: 	at com.google.android.gms.org.conscrypt.Platform.setSocketWriteTimeout(:com.google.android.gms@17785019@17.7.85 (040400-253824076):2)
06-27 19:48:00.129   877  1802 W Conscrypt: 	at com.google.android.gms.org.conscrypt.ConscryptFileDescriptorSocket.setSoWriteTimeout(:com.google.android.gms@17785019@17.7.85 (040400-253824076):2)
06-27 19:48:00.165   877  1802 W Conscrypt: Could not set socket write timeout: java.net.SocketException: Socket closed
06-27 19:48:00.166   877  1802 W Conscrypt: 	at com.google.android.gms.org.conscrypt.Platform.setSocketWriteTimeout(:com.google.android.gms@17785019@17.7.85 (040400-253824076):2)
06-27 19:48:00.166   877  1802 W Conscrypt: 	at com.google.android.gms.org.conscrypt.ConscryptFileDescriptorSocket.setSoWriteTimeout(:com.google.android.gms@17785019@17.7.85 (040400-253824076):2)
06-27 19:48:00.189  1130  1567 W Conscrypt: Could not set socket write timeout: java.net.SocketException: Socket closed
06-27 19:48:00.205  1130  1567 W Conscrypt: 	at com.google.android.gms.org.conscrypt.Platform.setSocketWriteTimeout(:com.google.android.gms@17785019@17.7.85 (040400-253824076):2)
06-27 19:48:00.205  1130  1567 W Conscrypt: 	at com.google.android.gms.org.conscrypt.ConscryptFileDescriptorSocket.setSoWriteTimeout(:com.google.android.gms@17785019@17.7.85 (040400-253824076):2)
06-27 19:48:00.241  1130  1567 W Conscrypt: Could not set socket write timeout: java.net.SocketException: Socket closed
06-27 19:48:00.242  1130  1567 W Conscrypt: 	at com.google.android.gms.org.conscrypt.Platform.setSocketWriteTimeout(:com.google.android.gms@17785019@17.7.85 (040400-253824076):2)
06-27 19:48:00.242  1130  1567 W Conscrypt: 	at com.google.android.gms.org.conscrypt.ConscryptFileDescriptorSocket.setSoWriteTimeout(:com.google.android.gms@17785019@17.7.85 (040400-253824076):2)
06-27 19:48:00.245  1593  1628 W art     : Suspending all threads took: 119.962ms
06-27 19:48:00.447  1440  1440 D SystemDeviceService: [handleAutoRun] auto start mediaserver. 
06-27 19:48:00.449  1593  1628 W art     : Suspending all threads took: 162.847ms
06-27 19:48:00.468  1593  1763 I Finsky  : [39] kjz.run(10): Installer: Installer started.
06-27 19:48:00.473  1593  1593 I Finsky  : [1] khj.a(267): Installer: found apps to install. apps=[]
06-27 19:48:00.590  1593  1593 I Finsky  : [1] rcz.a(35): Connecting InstallListener to SplitInstallService broadcaster...
06-27 19:48:00.616  1440  1451 W art     : Suspending all threads took: 69.691ms
06-27 19:48:00.650   420   478 I ActivityManager: Waited long enough for: ServiceRecord{832567 u0 android.rockchip.update.service/.RKUpdateService}
06-27 19:48:00.704  1415  1514 I DeviceMonitorService: remoteDeviceAdded->device->descriptionURL:http://192.168.1.200:38389/deviceDescription/MediaServer
06-27 19:48:00.704  1415  1514 I DeviceMonitorService: remoteDeviceAdded->device->Udn:dcd0b32c-512e-ddb3-ffff-ffffb717f98f
06-27 19:48:00.723   420   460 I ActivityManager: Killing 1358:com.google.android.configupdater/u0a2 (adj 906): empty #4
06-27 19:48:00.766   420   899 D ActivityManager: cleanUpApplicationRecord -- 1358
06-27 19:48:00.820  1162  1658 D MediaProvider: object removed 2263
06-27 19:48:00.926   420   478 I ActivityManager: Waited long enough for: ServiceRecord{2367880 u0 com.example.changeled/.ScreenService}
06-27 19:48:01.521   877  1202 W awmy    : Empty context buffer. Thus might mean that the context is not synced down.
06-27 19:48:01.522   877  1202 W awhk    : Empty context model while retrieving upload opt-in status!
06-27 19:48:01.813   420   478 I ActivityManager: Waited long enough for: ServiceRecord{c267b6b u0 com.rockchips.mediacenter/.service.DeviceMonitorService}
06-27 19:48:01.978  1440  1440 I System.out: MediaStorePolicy, update media folder size. 
06-27 19:48:01.986  1162  1176 I art     : Waiting for a blocking GC DisableMovingGc
06-27 19:48:01.987  1162  1187 I art     : Waiting for a blocking GC DisableMovingGc
06-27 19:48:01.991   420   478 I ActivityManager: Waited long enough for: ServiceRecord{b987d12 u0 com.rockchips.mediacenter/com.rockchip.mediacenter.SystemDeviceService}
06-27 19:48:01.994  1162  1176 I art     : WaitForGcToComplete blocked for 8.083ms for cause DisableMovingGc
06-27 19:48:01.994  1162  1176 I art     : Starting a blocking GC DisableMovingGc
06-27 19:48:01.995  1162  1187 I art     : WaitForGcToComplete blocked for 8.110ms for cause DisableMovingGc
06-27 19:48:01.995  1162  1187 I art     : Starting a blocking GC DisableMovingGc
06-27 19:48:02.397  1415  1467 I FileScanThread: mTmpFileInfos->size:40
06-27 19:48:02.414  1415  1467 I FileScanThread: FileScanThread end time:1561654082414
06-27 19:48:02.414  1415  1467 I FileScanThread: FileScanThread total time:14s
06-27 19:48:02.874   420   508 I InputReader: 1--1-----KeyCode=22, scanCode=106
06-27 19:48:02.875   420   508 I InputReader: 1--22-----KeyCode=22, scanCode=106
06-27 19:48:02.875   420   508 I InputReader: KeyCode=22, scanCode=106
06-27 19:48:02.911   420   508 D WindowManager: interceptKeyTq keycode=22 interactive=true keyguardActive=false policyFlags=22000000
06-27 19:48:02.919   420   507 D WindowManager: interceptKeyTi keyCode=22 down=true repeatCount=0 keyguardOn=false mHomePressed=false canceled=false
06-27 19:48:03.062   420   508 I InputReader: 1--1-----KeyCode=22, scanCode=106
06-27 19:48:03.063   420   508 D WindowManager: interceptKeyTq keycode=22 interactive=true keyguardActive=false policyFlags=22000000
06-27 19:48:03.063   420   507 D WindowManager: interceptKeyTi keyCode=22 down=false repeatCount=0 keyguardOn=false mHomePressed=false canceled=false
06-27 19:48:03.123   877   893 I art     : Background sticky concurrent mark sweep GC freed 18390(1230KB) AllocSpace objects, 0(0B) LOS objects, 9% free, 12MB/13MB, paused 9.414ms total 64.479ms
06-27 19:48:03.275   877  1952 I aofg    : updateFromConfigurations using legacy put method [CONTEXT service_id=204 ]
06-27 19:48:03.329   877  1802 I aohg    : Scheduling adaptive one off task with window [14400, 604800] in seconds [CONTEXT service_id=51 ]
06-27 19:48:03.366   877  1952 I aofg    : updateFromConfigurations using legacy put method [CONTEXT service_id=204 ]
06-27 19:48:03.390  1130  1547 W ModuleInitIntentOp: Dropping unexpected action com.google.android.gms.phenotype.COMMITTED
06-27 19:48:03.406   877  1771 I PTCommittedOperation: Receive new configuration for com.google.android.gms.family
06-27 19:48:03.613   877   877 D lvjinhua:  Failed while trying resolve alarm filter file, not exists
06-27 19:48:03.683   420   508 I InputReader: Reconfiguring input devices.  changes=0x00000010
06-27 19:48:03.718   877  1171 W awmy    : Empty context buffer. Thus might mean that the context is not synced down.
06-27 19:48:03.719   877  1171 W awhk    : Empty context model while retrieving upload opt-in status!
06-27 19:48:03.731   420   477 W Searchables: No global search activity found
06-27 19:48:03.832  1130  1955 W ModuleInitIntentOp: Dropping unexpected action com.google.android.gms.phenotype.COMMITTED
06-27 19:48:03.848   877  1953 I PTCommittedOperation: Receive new configuration for com.google.android.gms.nearby
06-27 19:48:03.927   420   431 I art     : Background partial concurrent mark sweep GC freed 47246(2MB) AllocSpace objects, 6(548KB) LOS objects, 33% free, 7MB/11MB, paused 1.672ms total 106.640ms
06-27 19:48:03.937   877  1771 I PTCommittedOperation: Receive new configuration for com.google.android.gms.people
06-27 19:48:04.019  1130  1963 W ModuleInitIntentOp: Dropping unexpected action com.google.android.gms.phenotype.COMMITTED
06-27 19:48:04.019   877   877 E BluetoothAdapter: Bluetooth binder is null
06-27 19:48:04.020   877   877 E BluetoothAdapter: Bluetooth binder is null
06-27 19:48:04.022   877   877 E BluetoothAdapter: Bluetooth binder is null
06-27 19:48:04.022   877   877 E BluetoothAdapter: Bluetooth binder is null
06-27 19:48:04.023   877   877 E BluetoothAdapter: Bluetooth binder is null
06-27 19:48:04.024   877   877 E BluetoothAdapter: Bluetooth binder is null
06-27 19:48:04.025   877   877 E BluetoothAdapter: Bluetooth binder is null
06-27 19:48:04.025   877   877 E BluetoothAdapter: Bluetooth binder is null
06-27 19:48:04.027   877   877 E BluetoothAdapter: Bluetooth binder is null
06-27 19:48:04.027   877   877 E BluetoothAdapter: Bluetooth binder is null
06-27 19:48:04.029   877   877 E BluetoothAdapter: Bluetooth binder is null
06-27 19:48:04.030   877   877 E BluetoothAdapter: Bluetooth binder is null
06-27 19:48:04.102  1130  1964 W ModuleInitIntentOp: Dropping unexpected action com.google.android.gms.phenotype.COMMITTED
06-27 19:48:04.106   877  1951 I PTCommittedOperation: Receive new configuration for com.google.android.gms.people.ui
06-27 19:48:04.171  1130  1963 W ModuleInitIntentOp: Dropping unexpected action com.google.android.gms.phenotype.COMMITTED
06-27 19:48:04.219   877  1772 I PTCommittedOperation: Receive new configuration for com.google.android.gms.signin
06-27 19:48:04.287  1130  1968 W ModuleInitIntentOp: Dropping unexpected action com.google.android.gms.phenotype.COMMITTED
06-27 19:48:04.295  1130  1547 I MobileDataHub: Scheduling periodic tasks
06-27 19:48:04.317   877  1950 I PTCommittedOperation: Receive new configuration for com.google.android.gms.icing.mdh
06-27 19:48:04.466  1130  1963 W ModuleInitIntentOp: Dropping unexpected action com.google.android.gms.phenotype.COMMITTED
06-27 19:48:04.467   877  1771 I PTCommittedOperation: Receive new configuration for com.google.android.gms.gcm
06-27 19:48:04.539   420   508 I InputReader: 1--1-----KeyCode=22, scanCode=106
06-27 19:48:04.539   420   508 I InputReader: 1--22-----KeyCode=22, scanCode=106
06-27 19:48:04.540   420   508 I InputReader: KeyCode=22, scanCode=106
06-27 19:48:04.540   420   508 D WindowManager: interceptKeyTq keycode=22 interactive=true keyguardActive=false policyFlags=22000000
06-27 19:48:04.541   420   507 D WindowManager: interceptKeyTi keyCode=22 down=true repeatCount=0 keyguardOn=false mHomePressed=false canceled=false
06-27 19:48:04.560  1130  1494 W ModuleInitIntentOp: Dropping unexpected action com.google.android.gms.phenotype.COMMITTED
06-27 19:48:04.573   877  1771 I PTCommittedOperation: Receive new configuration for com.google.android.gms.udc
06-27 19:48:04.628   420   508 I InputReader: 1--1-----KeyCode=22, scanCode=106
06-27 19:48:04.629   420   508 D WindowManager: interceptKeyTq keycode=22 interactive=true keyguardActive=false policyFlags=22000000
06-27 19:48:04.630   420   507 D WindowManager: interceptKeyTi keyCode=22 down=false repeatCount=0 keyguardOn=false mHomePressed=false canceled=false
06-27 19:48:04.633  1130  1955 I UdcContextInitChimeraSe: Scheduling UDC periodic settings cache sync.
06-27 19:48:04.676   877  1953 I PTCommittedOperation: Receive new configuration for com.google.android.gms.matchstick
06-27 19:48:04.769  1130  1494 W ModuleInitIntentOp: Dropping unexpected action com.google.android.gms.phenotype.COMMITTED
06-27 19:48:04.829   877  1969 I PTCommittedOperation: Receive new configuration for com.google.android.gms.fitness
06-27 19:48:04.932  1130  1955 W ModuleInitIntentOp: Dropping unexpected action com.google.android.gms.phenotype.COMMITTED
06-27 19:48:04.945  1593  1724 I Finsky  : [31] dhd.run(3): Initializing the instant apps module.
06-27 19:48:04.951  1593  1783 I ShortcutBadger: Checking if platform supports badge counters, attempt 1/3.
06-27 19:48:04.979   877  1953 I PTCommittedOperation: Receive new configuration for com.google.android.gms.autofill
06-27 19:48:04.986  1130  1962 W ModuleInitIntentOp: Dropping unexpected action com.google.android.gms.phenotype.COMMITTED
06-27 19:48:05.028  1593  1783 I ShortcutBadger: Checking if platform supports badge counters, attempt 2/3.
06-27 19:48:05.035  1593  1783 I ShortcutBadger: Checking if platform supports badge counters, attempt 3/3.
06-27 19:48:05.055  1593  1783 W ShortcutBadger: Badge counter seems not supported in this platform: unable to resolve intent: Intent { act=android.intent.action.BADGE_COUNT_UPDATE (has extras) }
06-27 19:48:05.105  1593  1762 E Finsky  : [38] fxd.a(25): Unable to build selector: /storage/emulated/0/Download/marketenvs.csv (No such file or directory)
06-27 19:48:05.121  1130  1547 W ModuleInitIntentOp: Dropping unexpected action com.google.android.gms.phenotype.COMMITTED
06-27 19:48:05.123   877  1952 I PTCommittedOperation: Receive new configuration for com.google.android.gms.icing
06-27 19:48:05.164  1593  1845 I Finsky  : [73] oaa.b(1): Triggered update for experiment package com.google.android.finsky.stable.
06-27 19:48:05.191  1130  1494 I MobileDataHub: Scheduling periodic tasks
06-27 19:48:05.326   877  1950 I PTCommittedOperation: Receive new configuration for com.google.android.gms.auth_account
06-27 19:48:05.330  1130  1962 W ModuleInitIntentOp: Dropping unexpected action com.google.android.gms.phenotype.COMMITTED
06-27 19:48:05.381   420   508 I InputReader: 1--1-----KeyCode=20, scanCode=108
06-27 19:48:05.382   420   508 I InputReader: 1--22-----KeyCode=20, scanCode=108
06-27 19:48:05.382   420   508 I InputReader: KeyCode=20, scanCode=108
06-27 19:48:05.382   420   508 D WindowManager: interceptKeyTq keycode=20 interactive=true keyguardActive=false policyFlags=22000000
06-27 19:48:05.385   420   507 D WindowManager: interceptKeyTi keyCode=20 down=true repeatCount=0 keyguardOn=false mHomePressed=false canceled=false
06-27 19:48:05.425  1130  1968 W ModuleInitIntentOp: Dropping unexpected action com.google.android.gms.phenotype.COMMITTED
06-27 19:48:05.431   877  1953 I PTCommittedOperation: Receive new configuration for com.google.android.gms.update
06-27 19:48:05.438  1130  1494 I SystemUpdate: [Installation,ReceiverIntentOperation] Received intent: Intent { act=com.google.android.gms.phenotype.COMMITTED flg=0x10 pkg=com.google.android.gms cmp=com.google.android.gms/.chimera.GmsIntentOperationService (has extras) }.
06-27 19:48:05.472   420   508 I InputReader: 1--1-----KeyCode=20, scanCode=108
06-27 19:48:05.473   420   508 D WindowManager: interceptKeyTq keycode=20 interactive=true keyguardActive=false policyFlags=22000000
06-27 19:48:05.473   420   507 D WindowManager: interceptKeyTi keyCode=20 down=false repeatCount=0 keyguardOn=false mHomePressed=false canceled=false
06-27 19:48:05.570  1130  1494 W ChimeraUtils: Non Chimera context
06-27 19:48:05.571  1130  1494 W ChimeraUtils: Non Chimera context
06-27 19:48:05.573  1130  1547 I SystemUpdate: [Execution,InstallationEventIntentOperation] Handling event of type 2.
06-27 19:48:05.578  1130  1955 I SystemUpdate: [Execution,InstallationIntentOperation] Received intent: Intent { act=com.google.android.gms.update.INSTALL_UPDATE cat=[targeted_intent_op_prefix:.update.execution.InstallationIntentOperation] cmp=com.google.android.gms/.chimera.GmsIntentOperationService }.
06-27 19:48:05.581  1593  1762 I Finsky  : [38] vxb.a(11): Do not start WearSupportService due to Wear service optimization
06-27 19:48:05.597  1593  1783 I Finsky  : [46] dgs.run(7): Component class com.google.android.finsky.wear.WearSupportService disabled via PackageManager.
06-27 19:48:05.612  1130  1955 I SystemUpdate: [Execution,ExecutionManager] Action finished-execution executed for 0.03 seconds.
06-27 19:48:05.623   877  1952 I PTCommittedOperation: Receive new configuration for com.google.android.gms.wallet
06-27 19:48:05.626  1130  1963 W ModuleInitIntentOp: Dropping unexpected action com.google.android.gms.phenotype.COMMITTED
06-27 19:48:05.635  1593  1783 I Finsky  : [46] dgs.run(7): Component class com.google.android.finsky.wear.WearChangeListenerService disabled via PackageManager.
06-27 19:48:05.683   877  1202 W awmy    : Empty context buffer. Thus might mean that the context is not synced down.
06-27 19:48:05.684   877  1202 W awhk    : Empty context model while retrieving upload opt-in status!
06-27 19:48:05.726  1593  1628 W art     : Suspending all threads took: 5.307ms
06-27 19:48:05.760   877  1771 I PTCommittedOperation: Receive new configuration for com.google.android.gms.icing.mdd
06-27 19:48:05.763   420   508 I InputReader: 1--1-----KeyCode=0, scanCode=232
06-27 19:48:05.764  1130  1547 W ModuleInitIntentOp: Dropping unexpected action com.google.android.gms.phenotype.COMMITTED
06-27 19:48:05.764   420   508 I InputReader: 1--22-----KeyCode=23, scanCode=232
06-27 19:48:05.765   420   508 I InputReader: KeyCode=23, scanCode=232
06-27 19:48:05.765   420   508 D WindowManager: interceptKeyTq keycode=23 interactive=true keyguardActive=false policyFlags=22000000
06-27 19:48:05.765   420   507 D WindowManager: interceptKeyTi keyCode=23 down=true repeatCount=0 keyguardOn=false mHomePressed=false canceled=false
06-27 19:48:05.797  1294  1340 D RKUpdateService: WorkHandler::handleMessage() : To perform 'COMMAND_CHECK_LOCAL_UPDATING'.
06-27 19:48:05.798  1294  1340 D RKUpdateService: getValidFirmwareImageFile() : Target image file path : /data/media/0/update.zip
06-27 19:48:05.798  1294  1340 D RKUpdateService: getValidFirmwareImageFile() : Target image file path : /storage/emulated/0/update.zip
06-27 19:48:05.803  1294  1340 E RKUpdateService: jkand.huang --- volume.internalPath = /mnt/media_rw/e14e8b4a-c6c3-4546-b069-dfbdf64d0b66
06-27 19:48:05.827  1593  1791 I Finsky  : [47] vbv.f(3): Restoring notifications
06-27 19:48:05.855   420   508 I InputReader: 1--1-----KeyCode=0, scanCode=232
06-27 19:48:05.856   420   508 D WindowManager: interceptKeyTq keycode=23 interactive=true keyguardActive=false policyFlags=22000000
06-27 19:48:05.856   420   507 D WindowManager: interceptKeyTi keyCode=23 down=false repeatCount=0 keyguardOn=false mHomePressed=false canceled=false
06-27 19:48:05.864   877  1951 I PTCommittedOperation: Receive new configuration for com.google.android.gms.car
06-27 19:48:05.874   420   978 I ActivityManager: START u0 {act=android.intent.action.MAIN cat=[android.intent.category.LAUNCHER] flg=0x10000000 pkg=com.android.tv.settings cmp=com.android.tv.settings/.MainSettings} from uid 10053 on display 0
06-27 19:48:05.924   420  1707 I ActivityManager: Start proc 1979:com.android.tv.settings/1000 for activity com.android.tv.settings/.MainSettings
06-27 19:48:06.007  1979  1979 I art     : Starting a blocking GC AddRemoveAppImageSpace
06-27 19:48:06.043   877  1970 I PTCommittedOperation: Receive new configuration for com.google.android.gms.ocr
06-27 19:48:06.121   420   478 I ActivityManager: Killing 1322:com.google.android.play.games.ui/u0a8 (adj 906): empty #5
06-27 19:48:06.143   877  1771 I PTCommittedOperation: Receive new configuration for com.google.android.gms.setupservices
06-27 19:48:06.176  1979  1979 I [Gralloc]:  ion device open success! fd = 44
06-27 19:48:06.203  1593  1845 I Finsky  : [73] oaa.b(6): Already at the latest configurations for experiment package com.google.android.finsky.stable.
06-27 19:48:06.204  1593  1843 W art     : Long monitor contention with owner AsyncTask #3 (1845) at java.lang.Object jqk.a()(SourceFile:1) waiters=0 in int oaa.b() for 1.029s
06-27 19:48:06.209  1979  1996 I mali_so : [File] : hardware/rockchip/driver/./src/base/arch/arch_011_udd/base_arch_main.c; [Line] : 565; [Func] : deal_with_version_affairs_rk_ext;
06-27 19:48:06.209  1979  1996 I mali_so : arm_release_ver of this mali_so is 'r7p0-00rel1', rk_so_ver is '1@2' for 3328h_android_7.1, built at '15:47:51', on 'Jun 28 2017'.
06-27 19:48:06.209  1979  1996 I mali_so : [File] : hardware/rockchip/driver/./src/base/arch/arch_011_udd/base_arch_main.c; [Line] : 578; [Func] : deal_with_version_affairs_rk_ext;
06-27 19:48:06.209  1979  1996 I mali_so : mali_ver_property has been set to 'r7p0-00rel1-5-1@2', to return.
06-27 19:48:06.212  1979  1996 I OpenGLRenderer: Initialized EGL, version 1.4
06-27 19:48:06.212  1979  1996 D OpenGLRenderer: Swap behavior 1
06-27 19:48:06.213  1593  1843 I Finsky  : [71] oaa.b(1): Triggered update for experiment package com.google.android.finsky.regular.
06-27 19:48:06.238  1979  1979 E BluetoothAdapter: Bluetooth binder is null
06-27 19:48:06.290   877  1953 I PTCommittedOperation: Receive new configuration for com.google.android.gms.auth_cryptauth
06-27 19:48:06.295  1979  1979 W System  : ClassLoader referenced unknown path: 
06-27 19:48:06.296  1979  1979 D ApplicationLoaders: ignored Vulkan layer search path /data/app/com.google.android.gms-2/lib/arm64:/data/app/com.google.android.gms-2/base.apk!/lib/arm64-v8a for namespace 0x74932420f0
06-27 19:48:06.350   420   459 D ActivityManager: cleanUpApplicationRecord -- 1322
06-27 19:48:06.351  1593  1791 I Finsky  : [47] vbv.f(8): Done restoring notifications
06-27 19:48:06.424   877  1951 I PTCommittedOperation: Receive new configuration for com.google.android.gms.auth_managed
06-27 19:48:06.548  1979  1979 W InputMethodManager: Ignoring onBind: cur seq=6, given seq=5
06-27 19:48:06.559   420   485 I ActivityManager: Displayed com.android.tv.settings/.MainSettings: +647ms
06-27 19:48:06.633   877  1771 I PTCommittedOperation: Receive new configuration for com.google.android.gms.measurement
06-27 19:48:06.701  1593  1843 I Finsky  : [71] oaa.b(6): Already at the latest configurations for experiment package com.google.android.finsky.regular.
06-27 19:48:06.702  1593  1763 W art     : Long monitor contention with owner AsyncTask #3 (1845) at java.lang.Object jqk.a()(SourceFile:1) waiters=1 in int oaa.b() for 1.515s
06-27 19:48:06.703  1593  1763 I Finsky  : [39] oaa.b(1): Triggered update for experiment package com.google.android.finsky.regular.
06-27 19:48:06.832  1130  1955 W ModuleInitIntentOp: Dropping unexpected action com.google.android.gms.phenotype.COMMITTED
06-27 19:48:06.836  1130  1965 D CAR.SETUP: Received Car Phenotype committed intent.
06-27 19:48:06.875   877  1951 I PTCommittedOperation: Receive new configuration for com.google.android.gms.fido
06-27 19:48:06.901  1130  1965 I CAR.SETUP: update Car DrivingMode components to false
06-27 19:48:06.909   877   877 I Fido    : [CableAuthenticatorChimeraService] Unregistering receiver.
06-27 19:48:06.912   877  2010 I FA-SVC  : App measurement is starting up, version: 17785
06-27 19:48:06.913   877   877 I Fido    : [CableAuthenticatorChimeraService] Registering broadcast receiver.
06-27 19:48:06.995   877  1970 I PTCommittedOperation: Receive new configuration for com.google.android.gms.contactinteractions
06-27 19:48:07.028  1130  2014 W ModuleInitIntentOp: Dropping unexpected action com.google.android.gms.phenotype.COMMITTED
06-27 19:48:07.073  1130  1141 W art     : Suspending all threads took: 13.657ms
06-27 19:48:07.173   877  1950 I PTCommittedOperation: Receive new configuration for com.google.android.gms.reachability
06-27 19:48:07.250   877  1951 I PTCommittedOperation: Receive new configuration for com.google.android.gms.admob
06-27 19:48:07.335   877  1772 I PTCommittedOperation: Receive new configuration for com.google.android.gms.droidguard
06-27 19:48:07.383  1593  1763 I Finsky  : [39] oaa.b(6): Already at the latest configurations for experiment package com.google.android.finsky.regular.
06-27 19:48:07.417   877  1771 I PTCommittedOperation: Receive new configuration for com.google.android.gms.smartdevice
06-27 19:48:07.529   191   494 E CameraService: No camera be found ! check again...
06-27 19:48:07.529   191   494 I CameraService: CameraService process starting
06-27 19:48:07.533   191   494 D CameraHal: createInstance(1011): This machine have not dvp/mipi camera!!
06-27 19:48:07.533   191   494 E CameraHal: camera_get_number_of_cameras(772): board profiles cam num 0
06-27 19:48:07.533   191   494 E CameraHal: camera_get_number_of_cameras(837): Open /dev/video0 failed! strr: No such file or directory
06-27 19:48:07.534   191   494 D CameraHal: camera_get_number_of_cameras(1224): camera_get_number_of_cameras(1224): Current board have 0 cameras attached.
06-27 19:48:07.534   191   494 D CameraHal: camera_get_number_of_cameras(1227): meida_profiles_xml_control time (2165)us
06-27 19:48:07.534   191   494 I CameraService: Loaded "RK29_ICS_CameraHal_Module" camera module
06-27 19:48:07.536   191   494 D CameraHal: createInstance(1011): This machine have not dvp/mipi camera!!
06-27 19:48:07.536   191   494 E CameraHal: camera_get_number_of_cameras(772): board profiles cam num 0
06-27 19:48:07.536   191   494 E CameraHal: camera_get_number_of_cameras(837): Open /dev/video0 failed! strr: No such file or directory
06-27 19:48:07.536   191   494 D CameraHal: camera_get_number_of_cameras(1224): camera_get_number_of_cameras(1224): Current board have 0 cameras attached.
06-27 19:48:07.536   191   494 D CameraHal: camera_get_number_of_cameras(1227): meida_profiles_xml_control time (2892)us
06-27 19:48:07.539   191   494 D CameraHal: createInstance(1011): This machine have not dvp/mipi camera!!
06-27 19:48:07.539   191   494 E CameraHal: camera_get_number_of_cameras(772): board profiles cam num 0
06-27 19:48:07.539   191   494 E CameraHal: camera_get_number_of_cameras(837): Open /dev/video0 failed! strr: No such file or directory
06-27 19:48:07.539   191   494 D CameraHal: camera_get_number_of_cameras(1224): camera_get_number_of_cameras(1224): Current board have 0 cameras attached.
06-27 19:48:07.539   191   494 D CameraHal: camera_get_number_of_cameras(1227): meida_profiles_xml_control time (2490)us
06-27 19:48:07.546  1130  1966 W PrereqChecker: No rear-facing camera detected.
06-27 19:48:07.546  1130  1966 I OcrModelUpStIntentOp: Updating ocr activity enabled=false (phenotypeFlag=true, lowRamDevice=false, prereqCheck=false)
06-27 19:48:07.546   191   191 W CameraService: doUserSwitch: Received notification of user switch with no updated user IDs.
06-27 19:48:07.729   877  1771 I PTCommittedOperation: Receive new configuration for com.google.android.gms
06-27 19:48:07.729   877  1771 I PTCommittedOperation: Running Fixer Framework for com.google.android.gms
06-27 19:48:07.787  1130  1966 I OcrModelUpStIntentOp: Downloading text recognizer
06-27 19:48:07.802  1130  1962 W ModuleInitIntentOp: Dropping unexpected action com.google.android.gms.phenotype.COMMITTED
06-27 19:48:07.811   877  1771 I DeviceDrDatabaseHelper: Upgrade database: oldVersion=17455 newVersion=17785
06-27 19:48:07.880   420   420 W WindowManager: Attempted to remove non-existing token: android.os.Binder@c5f29ab
06-27 19:48:07.887  1130  1955 W ModuleInitIntentOp: Dropping unexpected action com.google.android.gms.phenotype.COMMITTED
06-27 19:48:07.894   420   508 I InputReader: 1--1-----KeyCode=20, scanCode=108
06-27 19:48:07.895   420   508 I InputReader: 1--22-----KeyCode=20, scanCode=108
06-27 19:48:07.895   420   508 I InputReader: KeyCode=20, scanCode=108
06-27 19:48:07.895   420   508 D WindowManager: interceptKeyTq keycode=20 interactive=true keyguardActive=false policyFlags=22000000
06-27 19:48:07.895   420   507 D WindowManager: interceptKeyTi keyCode=20 down=true repeatCount=0 keyguardOn=false mHomePressed=false canceled=false
06-27 19:48:07.926   877  1847 D lvjinhua:  Failed while trying resolve alarm filter file, not exists
06-27 19:48:07.947  1130  1962 I Vision  : Details: ocr_arm64_v8a.zip, eef0f328b471a7ddd7197ba013d6462194ac8566
06-27 19:48:07.949  1130  1966 W ModuleInitIntentOp: Dropping unexpected action com.google.android.gms.phenotype.COMMITTED
06-27 19:48:07.965  1130  1962 I Vision  : Engine already satisfied by existing download for ocr
06-27 19:48:08.028  1130  1963 W ModuleInitIntentOp: Dropping unexpected action com.google.android.gms.phenotype.COMMITTED
06-27 19:48:08.071  1130  2014 W ModuleInitIntentOp: Dropping unexpected action com.google.android.gms.phenotype.COMMITTED
06-27 19:48:08.082   420   508 I InputReader: 1--1-----KeyCode=20, scanCode=108
06-27 19:48:08.083   420   508 D WindowManager: interceptKeyTq keycode=20 interactive=true keyguardActive=false policyFlags=22000000
06-27 19:48:08.084   420   507 D WindowManager: interceptKeyTi keyCode=20 down=false repeatCount=0 keyguardOn=false mHomePressed=false canceled=false
06-27 19:48:08.133  1130  2014 W ModuleInitIntentOp: Dropping unexpected action com.google.android.gms.phenotype.COMMITTED
06-27 19:48:08.200  1130  2016 W ModuleInitIntentOp: Dropping unexpected action com.google.android.gms.phenotype.COMMITTED
06-27 19:48:08.243  1130  1547 W ModuleInitIntentOp: Dropping unexpected action com.google.android.gms.phenotype.COMMITTED
06-27 19:48:08.296  1130  2013 W ModuleInitIntentOp: Dropping unexpected action com.google.android.gms.phenotype.COMMITTED
06-27 19:48:08.354  1130  2013 W ModuleInitIntentOp: Dropping unexpected action com.google.android.gms.phenotype.COMMITTED
06-27 19:48:08.369   420   508 I InputReader: 1--1-----KeyCode=20, scanCode=108
06-27 19:48:08.370   420   508 I InputReader: 1--22-----KeyCode=20, scanCode=108
06-27 19:48:08.371   420   508 I InputReader: KeyCode=20, scanCode=108
06-27 19:48:08.371   420   508 D WindowManager: interceptKeyTq keycode=20 interactive=true keyguardActive=false policyFlags=22000000
06-27 19:48:08.371   420   507 D WindowManager: interceptKeyTi keyCode=20 down=true repeatCount=0 keyguardOn=false mHomePressed=false canceled=false
06-27 19:48:08.426  1130  2016 W ModuleInitIntentOp: Dropping unexpected action com.google.android.gms.phenotype.COMMITTED
06-27 19:48:08.555   420   508 I InputReader: 1--1-----KeyCode=20, scanCode=108
06-27 19:48:08.556   420   508 D WindowManager: interceptKeyTq keycode=20 interactive=true keyguardActive=false policyFlags=22000000
06-27 19:48:08.557   420   507 D WindowManager: interceptKeyTi keyCode=20 down=false repeatCount=0 keyguardOn=false mHomePressed=false canceled=false
06-27 19:48:08.630   420   508 I InputReader: 1--1-----KeyCode=20, scanCode=108
06-27 19:48:08.631   420   508 I InputReader: 1--22-----KeyCode=20, scanCode=108
06-27 19:48:08.631   420   508 I InputReader: KeyCode=20, scanCode=108
06-27 19:48:08.632   420   508 D WindowManager: interceptKeyTq keycode=20 interactive=true keyguardActive=false policyFlags=22000000
06-27 19:48:08.632   420   507 D WindowManager: interceptKeyTi keyCode=20 down=true repeatCount=0 keyguardOn=false mHomePressed=false canceled=false
06-27 19:48:08.667  1593  1615 I art     : Do partial code cache collection, code=21KB, data=27KB
06-27 19:48:08.671  1593  1615 I art     : After code cache collection, code=19KB, data=26KB
06-27 19:48:08.671  1593  1615 I art     : Increasing code cache capacity to 128KB
06-27 19:48:08.681  1593  1615 I art     : Compiler allocated 7MB to compile java.lang.Object adji.call()
06-27 19:48:08.722   420   508 I InputReader: 1--1-----KeyCode=20, scanCode=108
06-27 19:48:08.723   420   508 D WindowManager: interceptKeyTq keycode=20 interactive=true keyguardActive=false policyFlags=22000000
06-27 19:48:08.724   420   507 D WindowManager: interceptKeyTi keyCode=20 down=false repeatCount=0 keyguardOn=false mHomePressed=false canceled=false
06-27 19:48:08.898   420   508 I InputReader: 1--1-----KeyCode=20, scanCode=108
06-27 19:48:08.898   420   508 I InputReader: 1--22-----KeyCode=20, scanCode=108
06-27 19:48:08.898   420   508 I InputReader: KeyCode=20, scanCode=108
06-27 19:48:08.899   420   508 D WindowManager: interceptKeyTq keycode=20 interactive=true keyguardActive=false policyFlags=22000000
06-27 19:48:08.899   420   507 D WindowManager: interceptKeyTi keyCode=20 down=true repeatCount=0 keyguardOn=false mHomePressed=false canceled=false
06-27 19:48:09.302   420   508 I InputReader: 1--1-----KeyCode=20, scanCode=108
06-27 19:48:09.302   420   508 D WindowManager: interceptKeyTq keycode=20 interactive=true keyguardActive=false policyFlags=22000000
06-27 19:48:09.303   420   507 D WindowManager: interceptKeyTi keyCode=20 down=false repeatCount=0 keyguardOn=false mHomePressed=false canceled=false
06-27 19:48:09.376   420   508 I InputReader: 1--1-----KeyCode=20, scanCode=108
06-27 19:48:09.376   420   508 I InputReader: 1--22-----KeyCode=20, scanCode=108
06-27 19:48:09.377   420   508 I InputReader: KeyCode=20, scanCode=108
06-27 19:48:09.377   420   508 D WindowManager: interceptKeyTq keycode=20 interactive=true keyguardActive=false policyFlags=22000000
06-27 19:48:09.377   420   507 D WindowManager: interceptKeyTi keyCode=20 down=true repeatCount=0 keyguardOn=false mHomePressed=false canceled=false
06-27 19:48:09.562   420   508 I InputReader: 1--1-----KeyCode=20, scanCode=108
06-27 19:48:09.562   420   508 D WindowManager: interceptKeyTq keycode=20 interactive=true keyguardActive=false policyFlags=22000000
06-27 19:48:09.563   420   507 D WindowManager: interceptKeyTi keyCode=20 down=false repeatCount=0 keyguardOn=false mHomePressed=false canceled=false
06-27 19:48:10.004   420   508 I InputReader: 1--1-----KeyCode=20, scanCode=108
06-27 19:48:10.005   420   508 I InputReader: 1--22-----KeyCode=20, scanCode=108
06-27 19:48:10.005   420   508 I InputReader: KeyCode=20, scanCode=108
06-27 19:48:10.005   420   508 D WindowManager: interceptKeyTq keycode=20 interactive=true keyguardActive=false policyFlags=22000000
06-27 19:48:10.005   420   507 D WindowManager: interceptKeyTi keyCode=20 down=true repeatCount=0 keyguardOn=false mHomePressed=false canceled=false
06-27 19:48:10.192   420   508 I InputReader: 1--1-----KeyCode=20, scanCode=108
06-27 19:48:10.193   420   508 D WindowManager: interceptKeyTq keycode=20 interactive=true keyguardActive=false policyFlags=22000000
06-27 19:48:10.193   420   507 D WindowManager: interceptKeyTi keyCode=20 down=false repeatCount=0 keyguardOn=false mHomePressed=false canceled=false
06-27 19:48:10.438   877  1123 W awmy    : Empty context buffer. Thus might mean that the context is not synced down.
06-27 19:48:10.438   877  1123 W awhk    : Empty context model while retrieving upload opt-in status!
06-27 19:48:10.640  1593  2018 I Finsky  : [87] ksi.c(30): Creating job 4, for (NETWORK=UNMETERED, PROVISIONING_STATE=PROVISIONED)
06-27 19:48:10.662  1593  1593 I Finsky  : [1] qnw.run(4): Detected restoreservicev2://recovery not needed, will not run
06-27 19:48:10.760  1593  1593 I Finsky  : [1] com.google.android.finsky.scheduler.JobSchedulerEngine.a(42): Cancelling existing job with id: 9002
06-27 19:48:10.762  1593  1593 I Finsky  : [1] com.google.android.finsky.scheduler.JobSchedulerEngine.a(42): Cancelling existing job with id: 9000
06-27 19:48:10.765  1593  1593 I Finsky  : [1] com.google.android.finsky.scheduler.JobSchedulerEngine.a(42): Cancelling existing job with id: 9001
06-27 19:48:10.767  1593  1593 I Finsky  : [1] com.google.android.finsky.scheduler.JobSchedulerEngine.a(57): Scheduling immediate wakeup job with id: 9000
06-27 19:48:10.783  1593  1593 I Finsky  : [1] com.google.android.finsky.scheduler.JobSchedulerEngine$PhoneskyJobSchedulerJobService.onStartJob(3): onJobSchedulerWakeup with jobId 9000
06-27 19:48:10.791  1593  1593 I Finsky  : [1] pyj.a(5): Scheduling fallback in 43199997 (absolute: 43246025)
06-27 19:48:10.793  1593  1593 I Finsky  : [1] pyj.a(5): Scheduling fallback in 64799998 (absolute: 64846029)
06-27 19:48:10.809  1294  1340 D NetworkSecurityConfig: No Network Security Config specified, using platform default
06-27 19:48:10.838  1593  1593 I Finsky  : [1] pyt.handleMessage(10): DeviceState: DeviceState{currentTime=1561654090832, isCharging=true, isIdle=false, netAny=true, netNotRoaming=true, netUnmetered=true}
06-27 19:48:10.884  1593  1731 I Finsky  : [35] qah.b(7): Jobs in database: 1-1337 3-4 24-77777777 26-1414141414 29-29 
06-27 19:48:10.971  1593  1593 I Finsky  : [1] pym.a(22): Running job: 3-4
06-27 19:48:10.974  1593  1593 I Finsky  : [1] com.google.android.finsky.installqueue.impl.InstallQueuePhoneskyJob.b(9): Start job 4
06-27 19:48:10.986  1593  1593 I Finsky  : [1] pyt.handleMessage(84): RunningQueue size: 1, PendingQueue size: 0
06-27 19:48:10.986  1593  1593 I Finsky  : [1] pyt.handleMessage(93): Running queue: 3-4 
06-27 19:48:10.987  1593  1593 I Finsky  : [1] pym.c(3): Job 3-4 finished
06-27 19:48:10.989  1593  1593 I Finsky  : [1] pyt.handleMessage(84): RunningQueue size: 0, PendingQueue size: 0
06-27 19:48:10.989  1593  1593 I Finsky  : [1] pyt.handleMessage(27): Executor finished
06-27 19:48:11.005  1593  2018 W Finsky  : [87] kss.test(8): Pruning package com.android.chrome as it's not tracked in InstallerDataStore
06-27 19:48:11.040  1593  1593 I Finsky  : [1] qah.b(7): Jobs in database: 1-1337 24-77777777 26-1414141414 29-29 
06-27 19:48:11.045  1593  1593 I Finsky  : [1] pxo.a(113): ConstraintMapping: 24-77777777,  -> L: 0ms, D: 81251853ms, C: false, I: true, N: 0
06-27 19:48:11.046  1593  1593 I Finsky  : [1] pxo.a(113): ConstraintMapping: 1-1337,  -> L: 29272851ms, D: 72472851ms, C: false, I: false, N: 1
06-27 19:48:11.047  1593  1593 I Finsky  : [1] pxo.a(113): ConstraintMapping: 29-29, 26-1414141414,  -> L: 13288ms, D: 43288ms, C: false, I: false, N: 0
06-27 19:48:11.050  1593  1593 I Finsky  : [1] com.google.android.finsky.scheduler.JobSchedulerEngine.a(14): Throttling wakeup for job 9001 (expected to run in 0 ms) due to recent wakeup
06-27 19:48:11.054  1593  1593 I Finsky  : [1] com.google.android.finsky.scheduler.JobSchedulerEngine.a(4): Scheduling job Id: 9001, L: 30000, D: 81251853, C: false, I: true, N: 0
06-27 19:48:11.056  1593  1593 I Finsky  : [1] com.google.android.finsky.scheduler.JobSchedulerEngine.a(4): Scheduling job Id: 9002, L: 29272851, D: 72472851, C: false, I: false, N: 1
06-27 19:48:11.059  1593  1593 I Finsky  : [1] com.google.android.finsky.scheduler.JobSchedulerEngine.a(14): Throttling wakeup for job 9003 (expected to run in 13288 ms) due to recent wakeup
06-27 19:48:11.059  1593  1593 I Finsky  : [1] com.google.android.finsky.scheduler.JobSchedulerEngine.a(4): Scheduling job Id: 9003, L: 30000, D: 43288, C: false, I: false, N: 0
06-27 19:48:11.069  1593  2018 I Finsky  : [87] ksi.b(38): 1 scheduled requests found
06-27 19:48:11.104  1130  1555 I CheckinCompat: Done disabling old GoogleServicesFramework version
06-27 19:48:11.134  1593  1593 I Finsky  : [1] kul.a(2): Requesting install request=package_name=com.android.chrome, version=377010137, priority=3, reason=auto_update, account_name=[rGICDVw8vLQT9a_kAVxbdua02fY], type=0, constraints=((NETWORK=UNMETERED, PROVISIONING_STATE=PROVISIONED),)
06-27 19:48:11.144  1593  1593 I Finsky  : [1] khj.a(149): Request install of com.android.chrome v=377010137 pri=3 mods=[] for auto_update
06-27 19:48:11.213  1593  1593 I Finsky  : [1] khj.a(196): Installer: kick starting installation. package=
06-27 19:48:11.215  1593  1593 I Finsky  : [1] khj.a(267): Installer: found apps to install. apps=[com.android.chrome]
06-27 19:48:11.246  1593  1593 I Finsky  : [1] khj.a(288): Installer kick - starting com.android.chrome, activeTasks={}
06-27 19:48:11.255  1593  1593 I Finsky  : [1] kle.a(154): isInstantAppSplitOnlyInstall false
06-27 19:48:11.261  1593  1845 I Finsky  : [73] kgl.doInBackground(4): File-by-File compatibility check result: true
06-27 19:48:11.304  1593  1615 I art     : Do partial code cache collection, code=52KB, data=62KB
06-27 19:48:11.312  1593  1615 I art     : After code cache collection, code=52KB, data=62KB
06-27 19:48:11.312  1593  1615 I art     : Increasing code cache capacity to 256KB
06-27 19:48:11.338   877   877 W ChimeraUtils: Non Chimera context
06-27 19:48:11.492   420   508 I InputReader: 1--1-----KeyCode=20, scanCode=108
06-27 19:48:11.493   420   508 I InputReader: 1--22-----KeyCode=20, scanCode=108
06-27 19:48:11.493   420   508 I InputReader: KeyCode=20, scanCode=108
06-27 19:48:11.493   420   508 D WindowManager: interceptKeyTq keycode=20 interactive=true keyguardActive=false policyFlags=22000000
06-27 19:48:11.494   420   507 D WindowManager: interceptKeyTi keyCode=20 down=true repeatCount=0 keyguardOn=false mHomePressed=false canceled=false
06-27 19:48:11.495   877  1123 W awmy    : Empty context buffer. Thus might mean that the context is not synced down.
06-27 19:48:11.496   877  1123 W awhk    : Empty context model while retrieving upload opt-in status!
06-27 19:48:11.678   420   508 I InputReader: 1--1-----KeyCode=20, scanCode=108
06-27 19:48:11.680   420   508 D WindowManager: interceptKeyTq keycode=20 interactive=true keyguardActive=false policyFlags=22000000
06-27 19:48:11.680   420   507 D WindowManager: interceptKeyTi keyCode=20 down=false repeatCount=0 keyguardOn=false mHomePressed=false canceled=false
06-27 19:48:12.092  1593  1593 I Finsky  : [1] kle.a(386): Required downloads: [com.android.chrome, ..split.config.en]
06-27 19:48:12.095  1593  1858 I Finsky  : [75] nrh.run(2): Session for com.android.chrome already exists, skipping creation
06-27 19:48:12.161  1593  1593 I Finsky  : [1] kmh.a(24): Downloading compressed for com.android.chrome (adid: com.android.chrome , isid: 4zYn9Rv_SXqRTDSPV3uV5w)
06-27 19:48:12.180  1593  1593 I Finsky  : [1] hss.a(3): Duplicate state set for 'com.android.chrome' (0). Already in that state
06-27 19:48:12.180  1593  1593 I Finsky  : [1] htd.a(38): Download com.android.chrome added to DownloadQueue
06-27 19:48:12.194  1593  1593 I Finsky  : [1] hss.a(5): com.android.chrome from 0 to 1.
06-27 19:48:12.197   193   193 I         : free_cache(54596829) avail 3673956352
06-27 19:48:12.221  1593  1593 I Finsky  : [1] htk.a(16): Download com.android.chrome starting
06-27 19:48:12.377  1593  1593 I Finsky  : [1] hti.onPostExecute(3): Enqueued com.android.chrome as content://downloads/my_downloads/51
06-27 19:48:12.378  1593  1593 I Finsky  : [1] hss.a(5): com.android.chrome from 1 to 2.
06-27 19:48:12.379  1593  1593 I Finsky  : [1] htd.g(-1): com.android.chrome: onStart
06-27 19:48:12.399  1593  1593 I Finsky  : [1] htd.a(59): com.android.chrome: onProgress 0/-1 Status: 190 URI: content://downloads/my_downloads/51.
06-27 19:48:12.437  1162  2034 D DownloadManager: [51] Starting
06-27 19:48:12.507  1162  2034 W System  : ClassLoader referenced unknown path: 
06-27 19:48:12.508  1162  2034 D ApplicationLoaders: ignored Vulkan layer search path /data/app/com.android.vending-1/lib/arm:/data/app/com.android.vending-1/base.apk!/lib/armeabi-v7a for namespace 0x7493243160
06-27 19:48:12.511  1593  1593 I Finsky  : [1] htd.a(59): com.android.chrome: onProgress 0/-1 Status: 192 URI: content://downloads/my_downloads/51.
06-27 19:48:12.588   420   531 D NotificationSQLiteLog: Pruned event entries: 2
06-27 19:48:12.592  1162  2034 D NetworkSecurityConfig: No Network Security Config specified, using platform default
06-27 19:48:12.607  1162  2034 D NetworkSecurityConfig: No Network Security Config specified, using platform default
06-27 19:48:13.023  1294  1340 D RKUpdateService: request remote server error...
06-27 19:48:13.169  1593  1615 I art     : Compiler allocated 4MB to compile int ahbs.e(java.lang.Object)
06-27 19:48:13.184   420  1256 I ActivityManager: Killing 1047:android.process.acore/u0a3 (adj 906): empty #4
06-27 19:48:13.185   420  1256 I ActivityManager: Killing 1235:com.android.providers.calendar/u0a1 (adj 906): empty #5
06-27 19:48:13.222   420  1850 D ActivityManager: cleanUpApplicationRecord -- 1235
06-27 19:48:13.268  1162  2034 W DownloadManager: fallocate() not supported; falling back to ftruncate()
06-27 19:48:13.303   420  1850 D ActivityManager: cleanUpApplicationRecord -- 1047
06-27 19:48:13.400  1593  1615 I art     : Do full code cache collection, code=105KB, data=120KB
06-27 19:48:13.401  1593  1615 I art     : Starting a blocking GC JitCodeCache
06-27 19:48:13.401  1593  1615 I art     : After code cache collection, code=65KB, data=62KB
06-27 19:48:14.068   420   508 I InputReader: Reconfiguring input devices.  changes=0x00000010
06-27 19:48:14.079   420   477 W Searchables: No global search activity found
06-27 19:48:15.412   420   508 I InputReader: 1--1-----KeyCode=19, scanCode=103
06-27 19:48:15.413   420   508 I InputReader: 1--22-----KeyCode=19, scanCode=103
06-27 19:48:15.413   420   508 I InputReader: KeyCode=19, scanCode=103
06-27 19:48:15.413   420   508 D WindowManager: interceptKeyTq keycode=19 interactive=true keyguardActive=false policyFlags=22000000
06-27 19:48:15.414   420   507 D WindowManager: interceptKeyTi keyCode=19 down=true repeatCount=0 keyguardOn=false mHomePressed=false canceled=false
06-27 19:48:15.502   420   508 I InputReader: 1--1-----KeyCode=19, scanCode=103
06-27 19:48:15.503   420   508 D WindowManager: interceptKeyTq keycode=19 interactive=true keyguardActive=false policyFlags=22000000
06-27 19:48:15.503   420   507 D WindowManager: interceptKeyTi keyCode=19 down=false repeatCount=0 keyguardOn=false mHomePressed=false canceled=false
06-27 19:48:15.863   420   508 I InputReader: 1--1-----KeyCode=19, scanCode=103
06-27 19:48:15.864   420   508 I InputReader: 1--22-----KeyCode=19, scanCode=103
06-27 19:48:15.864   420   508 I InputReader: KeyCode=19, scanCode=103
06-27 19:48:15.864   420   508 D WindowManager: interceptKeyTq keycode=19 interactive=true keyguardActive=false policyFlags=22000000
06-27 19:48:15.865   420   507 D WindowManager: interceptKeyTi keyCode=19 down=true repeatCount=0 keyguardOn=false mHomePressed=false canceled=false
06-27 19:48:15.955   420   508 I InputReader: 1--1-----KeyCode=19, scanCode=103
06-27 19:48:15.957   420   508 D WindowManager: interceptKeyTq keycode=19 interactive=true keyguardActive=false policyFlags=22000000
06-27 19:48:15.957   420   507 D WindowManager: interceptKeyTi keyCode=19 down=false repeatCount=0 keyguardOn=false mHomePressed=false canceled=false
06-27 19:48:16.268   877  1123 W awmy    : Empty context buffer. Thus might mean that the context is not synced down.
06-27 19:48:16.269   877  1123 W awhk    : Empty context model while retrieving upload opt-in status!
06-27 19:48:20.106  1294  1340 D RKUpdateService: request remote server error...
06-27 19:48:22.873  1162  2034 D DownloadManager: [51] Finished with status SUCCESS
06-27 19:48:22.920   420   420 W TelecomManager: Telecom Service not found.
06-27 19:48:22.932  1593  1593 I Finsky  : [1] htd.a(59): com.android.chrome: onProgress 54596829/54596829 Status: 200 URI: content://downloads/my_downloads/51.
06-27 19:48:23.024  1593  1593 I Finsky  : [1] com.google.android.finsky.download.DownloadBroadcastReceiver.b(1): Intent received at DownloadBroadcastReceiver
06-27 19:48:23.037   420  1707 I ActivityManager: Start proc 2039:com.android.vending:instant_app_installer/u0a14 for broadcast com.android.vending/com.google.android.finsky.instantapps.dna.ArchiveDownloadBroadcastReceiver
06-27 19:48:23.078  1593  1593 I Finsky  : [1] hss.a(5): com.android.chrome from 2 to 3.
06-27 19:48:23.079  1593  1593 I Finsky  : [1] htd.e(-1): com.android.chrome: onComplete
06-27 19:48:23.080  1593  1593 I Finsky  : [1] htd.i(1): Download com.android.chrome removed from DownloadQueue
06-27 19:48:23.081   193   193 I         : free_cache(0) avail 3619356672
06-27 19:48:23.117  1593  1593 I Finsky  : [1] kle.a(100): Prepare to copy com.android.chrome (adid: com.android.chrome , isid: 4zYn9Rv_SXqRTDSPV3uV5w) from content://downloads/my_downloads/51 (expect 128016162 bytes, isCompressed: true)
06-27 19:48:23.118  1593  1593 I Finsky  : [1] czs.a(1): APK integrity will be verified using [SHA-256] method
06-27 19:48:23.192  1593  1628 W art     : Suspending all threads took: 8.532ms
06-27 19:48:23.319  1593  1845 I Finsky  : [73] czw.doInBackground(6): Decompressing com.android.chrome (com.android.chrome) format 1
06-27 19:48:23.407   193   193 I         : free_cache(128016162) avail 3619356672
06-27 19:48:23.513  2039  2039 W Isotope : UID: [10014]  PID: [2039] DownloadDataStoreImpl : No matching entry found, returning null.
06-27 19:48:23.514  2039  2039 I Isotope : UID: [10014]  PID: [2039] DownloadDataStoreImpl : no data for downloadId 51
06-27 19:48:23.514  2039  2039 I Finsky:instant_app_inst: [1] com.google.android.finsky.instantapps.dna.ArchiveDownloadBroadcastReceiver.onReceive(5): Skipping download id 51, not a prefetch
06-27 19:48:25.077   865   866 E sdcard  : opendir /mnt/media_rw/e14e8b4a-c6c3-4546-b069-dfbdf64d0b66/lost+found failed: Permission denied
06-27 19:48:25.079   865   866 E sdcard  : opendir /mnt/media_rw/e14e8b4a-c6c3-4546-b069-dfbdf64d0b66/lost+found failed: Permission denied
06-27 19:48:25.079  1162  1187 W MediaScanner: Error opening directory '/storage/e14e8b4a-c6c3-4546-b069-dfbdf64d0b66/lost+found/', skipping: Permission denied.
