01-01 03:00:08.719   372   372 W PackageManager: Permission com.google.android.googleapps.permission.GOOGLE_AUTH.knol from package com.google.android.gsf in an unknown group android.permission-group.ACCOUNTS
01-01 03:00:08.720   372   372 W PackageManager: Permission com.google.android.googleapps.permission.GOOGLE_AUTH.news from package com.google.android.gsf in an unknown group android.permission-group.ACCOUNTS
01-01 03:00:08.720   372   372 W PackageManager: Permission com.google.android.googleapps.permission.GOOGLE_AUTH.orkut from package com.google.android.gsf in an unknown group android.permission-group.ACCOUNTS
01-01 03:00:08.720   372   372 W PackageManager: Permission com.google.android.googleapps.permission.GOOGLE_AUTH.print from package com.google.android.gsf in an unknown group android.permission-group.ACCOUNTS
01-01 03:00:08.720   372   372 W PackageManager: Permission com.google.android.googleapps.permission.GOOGLE_AUTH.sitemaps from package com.google.android.gsf in an unknown group android.permission-group.ACCOUNTS
01-01 03:00:08.720   372   372 W PackageManager: Permission com.google.android.googleapps.permission.GOOGLE_AUTH.wifi from package com.google.android.gsf in an unknown group android.permission-group.ACCOUNTS
01-01 03:00:08.720   372   372 W PackageManager: Permission com.google.android.googleapps.permission.GOOGLE_AUTH.finance from package com.google.android.gsf in an unknown group android.permission-group.ACCOUNTS
01-01 03:00:08.720   372   372 W PackageManager: Permission com.google.android.googleapps.permission.GOOGLE_AUTH.local from package com.google.android.gsf in an unknown group android.permission-group.ACCOUNTS
01-01 03:00:08.720   372   372 W PackageManager: Permission com.google.android.googleapps.permission.GOOGLE_AUTH.ah from package com.google.android.gsf in an unknown group android.permission-group.ACCOUNTS
01-01 03:00:08.720   372   372 W PackageManager: Permission com.google.android.googleapps.permission.GOOGLE_AUTH.notebook from package com.google.android.gsf in an unknown group android.permission-group.ACCOUNTS
01-01 03:00:08.720   372   372 W PackageManager: Permission com.google.android.googleapps.permission.GOOGLE_AUTH.writely from package com.google.android.gsf in an unknown group android.permission-group.ACCOUNTS
01-01 03:00:08.720   372   372 W PackageManager: Permission com.google.android.googleapps.permission.GOOGLE_AUTH.wise from package com.google.android.gsf in an unknown group android.permission-group.ACCOUNTS
01-01 03:00:08.720   372   372 W PackageManager: Permission com.google.android.googleapps.permission.GOOGLE_AUTH.grandcentral from package com.google.android.gsf in an unknown group android.permission-group.ACCOUNTS
01-01 03:00:08.720   372   372 W PackageManager: Permission com.google.android.googleapps.permission.GOOGLE_AUTH.speechpersonalization from package com.google.android.gsf in an unknown group android.permission-group.ACCOUNTS
01-01 03:00:08.720   372   372 W PackageManager: Permission com.google.android.googleapps.permission.GOOGLE_AUTH.speech from package com.google.android.gsf in an unknown group android.permission-group.ACCOUNTS
01-01 03:00:08.720   372   372 W PackageManager: Permission com.google.android.providers.talk.permission.READ_ONLY from package com.google.android.gsf in an unknown group android.permission-group.MESSAGES
01-01 03:00:08.720   372   372 W PackageManager: Permission com.google.android.providers.talk.permission.WRITE_ONLY from package com.google.android.gsf in an unknown group android.permission-group.MESSAGES
01-01 03:00:08.720   372   372 W PackageManager: Permission com.google.android.gtalkservice.permission.GTALK_SERVICE from package com.google.android.gsf in an unknown group android.permission-group.MESSAGES
01-01 03:00:08.720   372   372 W PackageManager: Permission com.google.android.gtalkservice.permission.SEND_HEARTBEAT from package com.google.android.gsf in an unknown group android.permission-group.NETWORK
01-01 03:00:08.720   372   372 W PackageManager: Permission com.google.android.permission.BROADCAST_DATA_MESSAGE from package com.google.android.gsf in an unknown group android.permission-group.NETWORK
01-01 03:00:08.720   372   372 W PackageManager: Permission com.google.android.c2dm.permission.SEND from package com.google.android.gsf in an unknown group android.permission-group.NETWORK
01-01 03:00:08.720   372   372 W PackageManager: Permission com.google.android.c2dm.permission.RECEIVE from package com.google.android.gsf in an unknown group android.permission-group.NETWORK
01-01 03:00:08.720   372   372 W PackageManager: Permission com.google.android.xmpp.permission.BROADCAST from package com.google.android.gsf in an unknown group android.permission-group.NETWORK
01-01 03:00:08.720   372   372 W PackageManager: Permission com.google.android.xmpp.permission.SEND_RECEIVE from package com.google.android.gsf in an unknown group android.permission-group.NETWORK
01-01 03:00:08.720   372   372 W PackageManager: Permission com.google.android.xmpp.permission.XMPP_ENDPOINT_BROADCAST from package com.google.android.gsf in an unknown group android.permission-group.NETWORK
01-01 03:00:08.720   372   372 W PackageManager: Permission com.google.android.xmpp.permission.USE_XMPP_ENDPOINT from package com.google.android.gsf in an unknown group android.permission-group.NETWORK
01-01 03:00:08.720   372   372 W PackageManager: Permission com.google.android.providers.gsf.permission.READ_GSERVICES from package com.google.android.gsf in an unknown group android.permission-group.ACCOUNTS
01-01 03:00:08.733   372   372 W PackageParser: Unknown element under <manifest>: meta-data at /system/priv-app/HdrBenchMark/HdrBenchMark.apk Binary XML file line #11
01-01 03:00:08.881   372   372 W PackageManager: Failed to parse /system/priv-app/Phonesky: Package com.android.vending at /system/priv-app/Phonesky ignored: updated version 81531400 better than this 80741200
01-01 03:00:08.990   372   372 W PackageParser: Ignoring duplicate uses-permissions/uses-permissions-sdk-m: android.permission.USE_CREDENTIALS in package: com.android.settings at: Binary XML file line #56
01-01 03:00:08.990   372   372 W PackageParser: Ignoring duplicate uses-permissions/uses-permissions-sdk-m: android.permission.READ_SYNC_SETTINGS in package: com.android.settings at: Binary XML file line #61
01-01 03:00:08.990   372   372 W PackageParser: Ignoring duplicate uses-permissions/uses-permissions-sdk-m: android.permission.WRITE_SYNC_SETTINGS in package: com.android.settings at: Binary XML file line #62
01-01 03:00:09.067   372   372 W PackageParser: Ignoring duplicate uses-permissions/uses-permissions-sdk-m: android.permission.INSTALL_GRANT_RUNTIME_PERMISSIONS in package: com.android.shell at: Binary XML file line #102
01-01 03:00:09.145   372   372 W PackageParser: Ignoring duplicate uses-permissions/uses-permissions-sdk-m: android.permission.CONFIGURE_WIFI_DISPLAY in package: com.android.systemui at: Binary XML file line #123
01-01 03:00:09.181   372   372 W PackageParser: Unknown element under <manifest>: meta-data at /system/priv-app/TVLauncher/TVLauncher.apk Binary XML file line #21
01-01 03:00:09.244   372   372 W PackageParser: No actions in intent filter at /system/priv-app/TvSettings/TvSettings.apk Binary XML file line #87
01-01 03:00:09.248   372   372 W PackageParser: No actions in intent filter at /system/priv-app/TvSettings/TvSettings.apk Binary XML file line #631
01-01 03:00:09.248   372   372 W PackageParser: No actions in intent filter at /system/priv-app/TvSettings/TvSettings.apk Binary XML file line #639
01-01 03:00:09.270   372   372 W ResourceType: Failure getting entry for 0x7f02000b (t=1 e=11) (error -75)
01-01 03:00:09.298   372   372 W PackageParser: Ignoring duplicate uses-permissions/uses-permissions-sdk-m: android.permission.READ_CONTACTS in package: com.android.bluetooth at: Binary XML file line #61
01-01 03:00:09.301   372   372 W PackageParser: No actions in intent filter at /system/app/Bluetooth/Bluetooth.apk Binary XML file line #223
01-01 03:00:09.313   372   372 W PackageManager: Failed to parse /system/app/Camera2: Missing base APK in /system/app/Camera2
01-01 03:00:09.402   372   372 W PackageManager: Permission com.android.chrome.permission.DEBUG from package com.android.chrome in an unknown group android.permission-group.DEVELOPMENT_TOOLS
01-01 03:00:09.409   372   372 W PackageManager: Non-privileged app; cap priority to 0; package: com.android.cts.ctsshim activity: com.android.cts.ctsshim.InstallPriority origPrio: 100
01-01 03:00:09.409   372   372 W PackageManager: Non-privileged app; cap priority to 0; package: com.android.cts.ctsshim activity: com.android.cts.ctsshim.InstallPriority origPrio: 100
01-01 03:00:09.409   372   372 W PackageManager: Non-privileged app; cap priority to 0; package: com.android.cts.ctsshim activity: com.android.cts.ctsshim.InstallPriority origPrio: 100
01-01 03:00:09.409   372   372 W PackageManager: Non-privileged app; cap priority to 0; package: com.android.cts.ctsshim activity: com.android.cts.ctsshim.InstallPriority origPrio: 100
01-01 03:00:09.409   372   372 W PackageManager: Non-privileged app; cap priority to 0; package: com.android.cts.ctsshim activity: com.android.cts.ctsshim.InstallPriority origPrio: 100
01-01 03:00:09.581   372   372 W PackageParser: Ignoring duplicate uses-permissions/uses-permissions-sdk-m: android.permission.WRITE_SETTINGS in package: com.rockchip.devicetest at: Binary XML file line #23
01-01 03:00:09.582   372   372 W PackageParser: Ignoring duplicate uses-permissions/uses-permissions-sdk-m: android.permission.ACCESS_FINE_LOCATION in package: com.rockchip.devicetest at: Binary XML file line #24
01-01 03:00:09.582   372   372 W PackageParser: Ignoring duplicate uses-permissions/uses-permissions-sdk-m: android.permission.WRITE_SETTINGS in package: com.rockchip.devicetest at: Binary XML file line #30
01-01 03:00:09.607   372   372 W ResourceType: Failure getting entry for 0x7f02001c (t=1 e=28) (error -75)
01-01 03:00:09.698   372   372 D PackageManager: No files in app dir /system/vendor/app
01-01 03:00:09.699   372   372 D PackageManager: No files in app dir /oem/app
01-01 03:00:09.699   372   372 D PackageManager: No files in app dir /system/vendor/bundled_uninstall_gone-app
01-01 03:00:09.699   372   372 D PackageManager: No files in app dir /system/vendor/bundled_uninstall_back-app
01-01 03:00:09.888   372   372 W PackageManager: Package com.google.android.gms desires unavailable shared library com.google.android.ble; ignoring!
01-01 03:00:09.888   372   372 W PackageManager: Package com.google.android.gms desires unavailable shared library com.google.android.wearable; ignoring!
01-01 03:00:09.896   372   372 I SELinux : SELinux: Loaded file_contexts contexts from /file_contexts.bin.
01-01 03:00:10.057   372   372 W PackageManager: Permission com.google.android.gms.permission.ACTIVITY_RECOGNITION from package com.google.android.gms in an unknown group android.permission-group.PERSONAL_INFO
01-01 03:00:10.211   372   372 W PackageManager: Permission com.android.vending.appdiscoveryservice.permission.ACCESS_APP_DISCOVERY_SERVICE from package com.android.vending in an unknown group android.permission-group.NETWORK
01-01 03:00:10.212   372   372 W PackageManager: Permission com.android.vending.CHECK_LICENSE from package com.android.vending in an unknown group android.permission-group.NETWORK
01-01 03:00:10.212   372   372 W PackageManager: Permission com.android.vending.BILLING from package com.android.vending in an unknown group android.permission-group.NETWORK
01-01 03:00:10.212   372   372 W PackageManager: Permission com.android.vending.p2p.APP_INSTALL_API from package com.android.vending in an unknown group android.permission-group.NETWORK
01-01 03:00:10.219   372   372 D PackageManager: No files in app dir /data/app-private
01-01 03:00:10.220   372   372 D PackageManager: No files in app dir /data/app-ephemeral
01-01 03:00:10.222   372   372 W PackageManager: Protected action; cap priority to 0; package: com.android.cts.priv.ctsshim activity: com.android.cts.priv.ctsshim.InstallPriority origPrio: 100
01-01 03:00:10.222   372   372 W PackageManager: Protected action; cap priority to 0; package: com.android.cts.priv.ctsshim activity: com.android.cts.priv.ctsshim.InstallPriority origPrio: 100
01-01 03:00:10.222   372   372 W PackageManager: Protected action; cap priority to 0; package: com.android.cts.priv.ctsshim activity: com.android.cts.priv.ctsshim.InstallPriority origPrio: 100
01-01 03:00:10.222   372   372 W PackageManager: Protected action; cap priority to 0; package: com.android.cts.priv.ctsshim activity: com.android.cts.priv.ctsshim.InstallPriority origPrio: 100
01-01 03:00:10.222   372   372 W PackageManager: Protected action; cap priority to 0; package: com.google.android.packageinstaller activity: com.android.packageinstaller.PackageInstallerActivity origPrio: 1
01-01 03:00:10.222   372   372 W PackageManager: Package com.google.android.gms desires unavailable shared library com.google.android.ble; ignoring!
01-01 03:00:10.222   372   372 W PackageManager: Package com.google.android.gms desires unavailable shared library com.google.android.wearable; ignoring!
01-01 03:00:10.222   372   372 I PackageManager: Adjusting ABI for com.google.android.backuptransport to arm64-v8a (requirer=com.google.android.gms, scannedPackage=null)
01-01 03:00:10.223   372   372 I PackageManager: Adjusting ABI for com.google.android.gsf to arm64-v8a (requirer=com.google.android.gms, scannedPackage=null)
01-01 03:00:10.224   372   372 I PackageManager: Adjusting ABI for com.google.android.gsf.login to arm64-v8a (requirer=com.google.android.gms, scannedPackage=null)
01-01 03:00:10.225   372   372 I PackageManager: Adjusting ABI for com.android.location.fused to arm64-v8a (requirer=com.rockchips.mediacenter, scannedPackage=null)
01-01 03:00:10.225   372   372 I PackageManager: Adjusting ABI for com.android.settings to arm64-v8a (requirer=com.rockchips.mediacenter, scannedPackage=null)
01-01 03:00:10.226   372   372 I PackageManager: Adjusting ABI for com.DeviceTest to arm64-v8a (requirer=com.rockchips.mediacenter, scannedPackage=null)
01-01 03:00:10.226   372   372 I PackageManager: Adjusting ABI for com.rockchip.wfd to arm64-v8a (requirer=com.rockchips.mediacenter, scannedPackage=null)
01-01 03:00:10.227   372   372 I PackageManager: Adjusting ABI for com.cghs.stresstest to arm64-v8a (requirer=com.rockchips.mediacenter, scannedPackage=null)
01-01 03:00:10.228   372   372 I PackageManager: Adjusting ABI for com.android.inputdevices to arm64-v8a (requirer=com.rockchips.mediacenter, scannedPackage=null)
01-01 03:00:10.229   372   372 I PackageManager: Adjusting ABI for com.android.rockchip to arm64-v8a (requirer=com.rockchips.mediacenter, scannedPackage=null)
01-01 03:00:10.229   372   372 I PackageManager: Adjusting ABI for com.android.providers.settings to arm64-v8a (requirer=com.rockchips.mediacenter, scannedPackage=null)
01-01 03:00:10.230   372   372 I PackageManager: Adjusting ABI for com.android.keychain to arm64-v8a (requirer=com.rockchips.mediacenter, scannedPackage=null)
01-01 03:00:10.230   372   372 I PackageManager: Adjusting ABI for com.example.changeled to arm64-v8a (requirer=com.rockchips.mediacenter, scannedPackage=null)
01-01 03:00:10.231   372   372 I PackageManager: Adjusting ABI for com.android.wallpaperbackup to arm64-v8a (requirer=com.rockchips.mediacenter, scannedPackage=null)
01-01 03:00:10.232   372   372 I PackageManager: Adjusting ABI for com.termux.boot to arm64-v8a (requirer=com.termux, scannedPackage=null)
01-01 03:00:10.237   372   372 I PackageManager: Time to scan packages: 2.142 seconds
01-01 03:00:10.238   372   372 W PackageManager: Unknown permission android.permission.ACCESS_ALL_EXTERNAL_STORAGE in package com.example.changeled
01-01 03:00:10.238   372   372 W PackageManager: Not granting permission com.google.android.googleapps.permission.GOOGLE_AUTH to package com.android.providers.calendar (protectionLevel=2 flags=0x30083e45)
01-01 03:00:10.238   372   372 W PackageManager: Not granting permission com.google.android.googleapps.permission.GOOGLE_AUTH.cl to package com.android.providers.calendar (protectionLevel=2 flags=0x30083e45)
01-01 03:00:10.239   372   372 W PackageManager: Not granting permission android.permission.READ_PRIVILEGED_PHONE_STATE to package com.android.vending (protectionLevel=18 flags=0x384abec5)
01-01 03:00:10.239   372   372 W PackageManager: Not granting permission android.permission.SEND_DOWNLOAD_COMPLETED_INTENTS to package com.android.vending (protectionLevel=2 flags=0x384abec5)
01-01 03:00:10.239   372   372 W PackageManager: Unknown permission android.permission.USE_BIOMETRIC in package com.android.vending
01-01 03:00:10.239   372   372 I PackageManager: Un-granting permission android.permission.INSTALL_GRANT_RUNTIME_PERMISSIONS from package com.android.vending (protectionLevel=770 flags=0x384abec5)
01-01 03:00:10.239   372   372 I PackageManager: Un-granting permission android.permission.GRANT_RUNTIME_PERMISSIONS from package com.android.vending (protectionLevel=770 flags=0x384abec5)
01-01 03:00:10.239   372   372 I PackageManager: Un-granting permission android.permission.REVOKE_RUNTIME_PERMISSIONS from package com.android.vending (protectionLevel=770 flags=0x384abec5)
01-01 03:00:10.239   372   372 W PackageManager: Not granting permission android.permission.BACKUP to package com.android.vending (protectionLevel=18 flags=0x384abec5)
01-01 03:00:10.239   372   372 W PackageManager: Not granting permission android.permission.CONNECTIVITY_INTERNAL to package com.android.vending (protectionLevel=18 flags=0x384abec5)
01-01 03:00:10.239   372   372 W PackageManager: Not granting permission android.permission.DUMP to package com.android.vending (protectionLevel=50 flags=0x384abec5)
01-01 03:00:10.239   372   372 W PackageManager: Unknown permission android.permission.ALLOCATE_AGGRESSIVE in package com.android.vending
01-01 03:00:10.239   372   372 W PackageManager: Not granting permission android.permission.GET_APP_OPS_STATS to package com.android.vending (protectionLevel=50 flags=0x384abec5)
01-01 03:00:10.239   372   372 W PackageManager: Not granting permission android.permission.SET_PREFERRED_APPLICATIONS to package com.android.vending (protectionLevel=2 flags=0x384abec5)
01-01 03:00:10.239   372   372 W PackageManager: Unknown permission android.permission.ACCESS_INSTANT_APPS in package com.android.vending
01-01 03:00:10.239   372   372 W PackageManager: Not granting permission android.permission.UPDATE_DEVICE_STATS to package com.android.vending (protectionLevel=18 flags=0x384abec5)
01-01 03:00:10.239   372   372 W PackageManager: Unknown permission android.permission.MANAGE_APP_OPS_MODES in package com.android.vending
01-01 03:00:10.239   372   372 W PackageManager: Unknown permission android.permission.MANAGE_ROLLBACKS in package com.android.vending
01-01 03:00:10.239   372   372 W PackageManager: Unknown permission android.permission.SET_HARMFUL_APP_WARNINGS in package com.android.vending
01-01 03:00:10.239   372   372 W PackageManager: Unknown permission com.sec.android.provider.badge.permission.READ in package com.android.vending
01-01 03:00:10.239   372   372 W PackageManager: Unknown permission com.sec.android.provider.badge.permission.WRITE in package com.android.vending
01-01 03:00:10.239   372   372 W PackageManager: Unknown permission com.htc.launcher.permission.READ_SETTINGS in package com.android.vending
01-01 03:00:10.239   372   372 W PackageManager: Unknown permission com.htc.launcher.permission.UPDATE_SHORTCUT in package com.android.vending
01-01 03:00:10.239   372   372 W PackageManager: Unknown permission com.sonyericsson.home.permission.BROADCAST_BADGE in package com.android.vending
01-01 03:00:10.239   372   372 W PackageManager: Unknown permission com.sonymobile.home.permission.PROVIDER_INSERT_BADGE in package com.android.vending
01-01 03:00:10.239   372   372 W PackageManager: Unknown permission com.anddoes.launcher.permission.UPDATE_COUNT in package com.android.vending
01-01 03:00:10.239   372   372 W PackageManager: Unknown permission com.majeur.launcher.permission.UPDATE_BADGE in package com.android.vending
01-01 03:00:10.239   372   372 W PackageManager: Unknown permission com.huawei.android.launcher.permission.CHANGE_BADGE in package com.android.vending
01-01 03:00:10.239   372   372 W PackageManager: Unknown permission com.huawei.android.launcher.permission.READ_SETTINGS in package com.android.vending
01-01 03:00:10.239   372   372 W PackageManager: Unknown permission com.huawei.android.launcher.permission.WRITE_SETTINGS in package com.android.vending
01-01 03:00:10.239   372   372 W PackageManager: Unknown permission android.permission.READ_APP_BADGE in package com.android.vending
01-01 03:00:10.239   372   372 W PackageManager: Unknown permission com.oppo.launcher.permission.READ_SETTINGS in package com.android.vending
01-01 03:00:10.239   372   372 W PackageManager: Unknown permission com.oppo.launcher.permission.WRITE_SETTINGS in package com.android.vending
01-01 03:00:10.239   372   372 W PackageManager: Unknown permission org.chromium.arc.apkcacheprovider.permission.READ_CACHE in package com.android.vending
01-01 03:00:10.239   372   372 W PackageManager: Unknown permission org.chromium.arc.apkcacheprovider.permission.WRITE_CACHE in package com.android.vending
01-01 03:00:10.239   372   372 W PackageManager: Not granting permission android.permission.SUBSTITUTE_NOTIFICATION_APP_NAME to package com.android.vending (protectionLevel=18 flags=0x384abec5)
01-01 03:00:10.240   372   372 W PackageManager: Unknown permission android.permission.READ_RUNTIME_PROFILES in package com.android.vending
01-01 03:00:10.240   372   372 W PackageManager: Unknown permission android.permission.FOREGROUND_SERVICE in package com.android.vending
01-01 03:00:10.240   372   372 W PackageManager: Not granting permission android.permission.REBOOT to package com.android.vending (protectionLevel=18 flags=0x384abec5)
01-01 03:00:10.240   372   372 W PackageManager: Unknown permission android.permission.START_ACTIVITIES_FROM_BACKGROUND in package com.android.vending
01-01 03:00:10.240   372   372 W PackageManager: Unknown permission com.android.chrome.permission.SHOW_COMPLIANCE_SCREEN in package com.android.vending
01-01 03:00:10.240   372   372 W PackageManager: Unknown permission android.permission.CHANGE_OVERLAY_PACKAGES in package com.android.vending
01-01 03:00:10.240   372   372 W PackageManager: Unknown permission android.permission.SEND_DEVICE_CUSTOMIZATION_READY in package com.android.vending
01-01 03:00:10.241   372   372 W PackageManager: Unknown permission android.Manifest.permission.INJECT_EVENTS in package com.rockchip.devicetest
01-01 03:00:10.241   372   372 W PackageManager: Unknown permission com.rockchips.mediacenter.localscan.PROTECT in package com.rockchips.mediacenter
01-01 03:00:10.241   372   372 W PackageManager: Unknown permission com.rockchips.android.airsharing.PROTECT in package com.rockchips.mediacenter
01-01 03:00:10.241   372   372 W PackageManager: Unknown permission com.android.permission.airsharing_play_interface in package com.rockchips.mediacenter
01-01 03:00:10.241   372   372 W PackageManager: Unknown permission com.android.permission.airsharing_mediabrowser_interface in package com.rockchips.mediacenter
01-01 03:00:10.241   372   372 W PackageManager: Unknown permission com.rockchips.mediacenter.dlna_server in package com.rockchips.mediacenter
01-01 03:00:10.241   372   372 W PackageManager: Unknown permission com.rockchips.mediacenter.localscan_server in package com.rockchips.mediacenter
01-01 03:00:10.241   372   372 W PackageManager: Unknown permission com.android.rockchips.permission.MEDIACENTER_SEND_RECV in package com.rockchips.mediacenter
01-01 03:00:10.241   372   372 W PackageManager: Unknown permission android.permission.ACCESS_SUPERUSER in package com.rockchips.mediacenter
01-01 03:00:10.241   372   372 W PackageManager: Not granting permission android.permission.INTERACT_ACROSS_USERS to package com.google.android.syncadapters.contacts (protectionLevel=50 flags=0x38083e45)
01-01 03:00:10.241   372   372 W PackageManager: Unknown permission com.google.android.syncadapters.contacts.permission.GAL_SEARCH in package com.google.android.syncadapters.contacts
01-01 03:00:10.241   372   372 W PackageManager: Unknown permission com.chrome.permission.DEVICE_EXTRAS in package com.android.chrome
01-01 03:00:10.241   372   372 W PackageManager: Unknown permission com.sec.enterprise.knox.MDM_CONTENT_PROVIDER in package com.android.chrome
01-01 03:00:10.241   372   372 I PackageManager: Un-granting permission android.permission.CLEAR_APP_USER_DATA from package com.google.android.packageinstaller (protectionLevel=258 flags=0x38483e45)
01-01 03:00:10.241   372   372 I PackageManager: Un-granting permission android.permission.GRANT_RUNTIME_PERMISSIONS from package com.google.android.packageinstaller (protectionLevel=770 flags=0x38483e45)
01-01 03:00:10.241   372   372 I PackageManager: Un-granting permission android.permission.REVOKE_RUNTIME_PERMISSIONS from package com.google.android.packageinstaller (protectionLevel=770 flags=0x38483e45)
01-01 03:00:10.242   372   372 I PackageManager: Un-granting permission android.permission.INSTALL_GRANT_RUNTIME_PERMISSIONS from package com.google.android.packageinstaller (protectionLevel=770 flags=0x38483e45)
01-01 03:00:10.242   372   372 I PackageManager: Un-granting permission android.permission.INTERACT_ACROSS_USERS_FULL from package com.google.android.packageinstaller (protectionLevel=258 flags=0x38483e45)
01-01 03:00:10.242   372   372 I PackageManager: Un-granting permission android.permission.KILL_UID from package com.google.android.packageinstaller (protectionLevel=258 flags=0x38483e45)
01-01 03:00:10.242   372   372 I PackageManager: Un-granting permission android.permission.MANAGE_APP_OPS_RESTRICTIONS from package com.google.android.packageinstaller (protectionLevel=258 flags=0x38483e45)
01-01 03:00:10.242   372   372 W PackageManager: Unknown permission com.google.android.permission.INSTALL_WEARABLE_PACKAGES in package com.google.android.packageinstaller
01-01 03:00:10.242   372   372 W PackageManager: Unknown permission android.permission.FOREGROUND_SERVICE in package com.google.android.gms
01-01 03:00:10.242   372   372 W PackageManager: Unknown permission android.permission.START_ACTIVITIES_FROM_BACKGROUND in package com.google.android.gms
01-01 03:00:10.242   372   372 W PackageManager: Unknown permission android.permission.REMOTE_DISPLAY_PROVIDER in package com.google.android.gms
01-01 03:00:10.242   372   372 W PackageManager: Not granting permission android.permission.DISPATCH_PROVISIONING_MESSAGE to package com.google.android.gms (protectionLevel=18 flags=0xb8483ec5)
01-01 03:00:10.242   372   372 W PackageManager: Unknown permission android.permission.RECOVER_KEYSTORE in package com.google.android.gms
01-01 03:00:10.242   372   372 W PackageManager: Unknown permission android.permission.PRE_FACTORY_RESET in package com.google.android.gms
01-01 03:00:10.242   372   372 W PackageManager: Unknown permission com.google.android.apps.enterprise.dmagent.permission.AutoSyncPermission in package com.google.android.gms
01-01 03:00:10.242   372   372 W PackageManager: Unknown permission android.permission.ALLOCATE_AGGRESSIVE in package com.google.android.gms
01-01 03:00:10.242   372   372 W PackageManager: Unknown permission android.car.permission.CAR_POWER in package com.google.android.gms
01-01 03:00:10.242   372   372 W PackageManager: Unknown permission com.google.android.wearable.WRITE_SETTINGS in package com.google.android.gms
01-01 03:00:10.242   372   372 W PackageManager: Unknown permission com.felicanetworks.mfc.permission.MFC_ACCESS in package com.google.android.gms
01-01 03:00:10.242   372   372 W PackageManager: Unknown permission com.felicanetworks.mfc.mfi.permission.MFI_ACCESS in package com.google.android.gms
01-01 03:00:10.242   372   372 W PackageManager: Unknown permission android.permission.ACCESS_BACKGROUND_LOCATION in package com.google.android.gms
01-01 03:00:10.242   372   372 W PackageManager: Unknown permission com.google.android.googlequicksearchbox.permission.PAUSE_HOTWORD in package com.google.android.gms
01-01 03:00:10.242   372   372 W PackageManager: Unknown permission android.permission.CONTROL_DISPLAY_SATURATION in package com.google.android.gms
01-01 03:00:10.242   372   372 W PackageManager: Unknown permission com.google.android.hangouts.START_HANGOUT in package com.google.android.gms
01-01 03:00:10.242   372   372 W PackageManager: Unknown permission android.car.permission.CAR_ENERGY in package com.google.android.gms
01-01 03:00:10.242   372   372 W PackageManager: Unknown permission android.car.permission.CAR_ENERGY_PORTS in package com.google.android.gms
01-01 03:00:10.242   372   372 W PackageManager: Unknown permission android.car.permission.CAR_EXTERIOR_LIGHTS in package com.google.android.gms
01-01 03:00:10.242   372   372 W PackageManager: Unknown permission android.car.permission.CAR_INFO in package com.google.android.gms
01-01 03:00:10.242   372   372 W PackageManager: Unknown permission android.car.permission.CAR_MILEAGE in package com.google.android.gms
01-01 03:00:10.243   372   372 W PackageManager: Unknown permission android.car.permission.CAR_TIRES in package com.google.android.gms
01-01 03:00:10.243   372   372 W PackageManager: Unknown permission android.car.permission.CONTROL_CAR_CLIMATE in package com.google.android.gms
01-01 03:00:10.243   372   372 W PackageManager: Unknown permission android.car.permission.CONTROL_CAR_DOORS in package com.google.android.gms
01-01 03:00:10.243   372   372 W PackageManager: Unknown permission android.car.permission.CONTROL_CAR_EXTERIOR_LIGHTS in package com.google.android.gms
01-01 03:00:10.243   372   372 W PackageManager: Unknown permission android.car.permission.CONTROL_CAR_MIRRORS in package com.google.android.gms
01-01 03:00:10.243   372   372 W PackageManager: Unknown permission android.car.permission.CONTROL_CAR_SEATS in package com.google.android.gms
01-01 03:00:10.243   372   372 W PackageManager: Unknown permission android.car.permission.CONTROL_CAR_WINDOWS in package com.google.android.gms
01-01 03:00:10.243   372   372 W PackageManager: Not granting permission android.permission.MODIFY_DAY_NIGHT_MODE to package com.google.android.gms (protectionLevel=18 flags=0xb8483ec5)
01-01 03:00:10.243   372   372 W PackageManager: Unknown permission com.google.android.permission.ACCESSIBILITY_SCAN_SERVICE in package com.google.android.gms
01-01 03:00:10.243   372   372 W PackageManager: Not granting permission android.permission.START_TASKS_FROM_RECENTS to package com.google.android.gms (protectionLevel=18 flags=0xb8483ec5)
01-01 03:00:10.243   372   372 W PackageManager: Not granting permission android.permission.MANAGE_ACTIVITY_STACKS to package com.google.android.gms (protectionLevel=18 flags=0xb8483ec5)
01-01 03:00:10.243   372   372 W PackageManager: Unknown permission android.permission.ACTIVITY_EMBEDDING in package com.google.android.gms
01-01 03:00:10.243   372   372 W PackageManager: Unknown permission android.permission.PROVIDE_RESOLVER_RANKER_SERVICE in package com.google.android.gms
01-01 03:00:10.243   372   372 W PackageManager: Unknown permission com.google.android.clockwork.settings.SHOW_FACTORY_RESET_CONFIRMATION in package com.google.android.gms
01-01 03:00:10.243   372   372 W PackageManager: Unknown permission com.google.android.wearable.READ_SETTINGS in package com.google.android.gms
01-01 03:00:10.243   372   372 W PackageManager: Unknown permission android.permission.READ_MEDIA_AUDIO in package com.google.android.gms
01-01 03:00:10.243   372   372 W PackageManager: Unknown permission android.permission.READ_MEDIA_IMAGES in package com.google.android.gms
01-01 03:00:10.243   372   372 W PackageManager: Unknown permission android.permission.READ_MEDIA_VIDEO in package com.google.android.gms
01-01 03:00:10.243   372   372 W PackageManager: Unknown permission android.permission.SUBSTITUTE_SHARE_TARGET_APP_NAME_AND_ICON in package com.google.android.gms
01-01 03:00:10.243   372   372 W PackageManager: Unknown permission android.permission.ACTIVITY_RECOGNITION in package com.google.android.gms
01-01 03:00:10.243   372   372 W PackageManager: Unknown permission android.permission.MANAGE_SUBSCRIPTION_PLANS in package com.google.android.gms
01-01 03:00:10.243   372   372 W PackageManager: Unknown permission android.permission.READ_DEVICE_CONFIG in package com.google.android.gms
01-01 03:00:10.243   372   372 W PackageManager: Unknown permission android.permission.WRITE_DEVICE_CONFIG in package com.google.android.gms
01-01 03:00:10.244   372   372 W PackageManager: Unknown permission com.google.android.apps.now.OPT_IN_WIZARD in package com.google.android.gms
01-01 03:00:10.244   372   372 W PackageManager: Unknown permission com.google.android.setupwizard.SETUP_COMPAT_SERVICE in package com.google.android.gms
01-01 03:00:10.244   372   372 W PackageManager: Unknown permission com.google.android.gms.game.notifications.permission.WRITE in package com.google.android.gms
01-01 03:00:10.244   372   372 W PackageManager: Unknown permission com.google.android.launcher.permission.RECEIVE_LAUNCH_BROADCASTS in package com.google.android.gms
01-01 03:00:10.244   372   372 W PackageManager: Unknown permission android.permission.RESET_PASSWORD in package com.google.android.gms
01-01 03:00:10.244   372   372 W PackageManager: Unknown permission android.permission.LOCK_DEVICE in package com.google.android.gms
01-01 03:00:10.244   372   372 W PackageManager: Unknown permission android.permission.CONTROL_KEYGUARD_SECURE_NOTIFICATIONS in package com.google.android.gms
01-01 03:00:10.244   372   372 W PackageManager: Unknown permission com.google.android.gm.permission.READ_GMAIL in package com.google.android.gms
01-01 03:00:10.244   372   372 W PackageManager: Unknown permission com.android.launcher.permission.PRELOAD_WORKSPACE in package com.google.android.partnersetup
01-01 03:00:10.244   372   372 W PackageManager: Not granting permission android.permission.DELETE_PACKAGES to package com.svox.pico (protectionLevel=18 flags=0x3808be45)
01-01 03:00:10.244   372   372 W PackageManager: Not granting permission android.permission.CONTROL_KEYGUARD to package com.google.android.gsf.login (protectionLevel=2 flags=0x3048be45)
01-01 03:00:10.244   372   372 W PackageManager: Unknown permission com.android.vending.billing.IBillingAccountService.BIND2 in package com.google.android.gsf.login
01-01 03:00:10.245   372   372 W PackageManager: Unknown permission com.android.launcher.permission.READ_SETTINGS in package com.android.settings
01-01 03:00:10.245   372   372 W PackageManager: Unknown permission com.android.launcher.permission.WRITE_SETTINGS in package com.android.settings
01-01 03:00:10.246   372   372 W PackageManager: Not granting permission android.permission.WRITE_EXTERNAL_STORAGE to package com.termux because it was previously installed without
01-01 03:00:10.246   372   372 W PackageManager: Unknown permission android.permission.FOREGROUND_SERVICE in package com.termux
01-01 03:00:10.246   372   372 W PackageManager: Not granting permission android.permission.READ_EXTERNAL_STORAGE to package com.termux because it was previously installed without
01-01 03:00:10.247   372   372 W PackageManager: Unknown permission com.android.launcher.permission.READ_SETTINGS in package com.DeviceTest
01-01 03:00:10.247   372   372 W PackageManager: Unknown permission com.google.android.gallery3d.permission.GALLERY_PROVIDER in package com.android.bluetooth
01-01 03:00:10.247   372   372 W PackageManager: Unknown permission com.android.gallery3d.permission.GALLERY_PROVIDER in package com.android.bluetooth
01-01 03:00:10.247   372   372 W PackageManager: Unknown permission android.permission.PROCESS_PHONE_ACCOUNT_REGISTRATION in package com.android.providers.contacts
01-01 03:00:10.248   372   372 V PackageManager: reconcileAppsData for null u0 0x3
01-01 03:00:10.255   195   195 I SELinux : SELinux: Loaded file_contexts contexts from /file_contexts.bin.
01-01 03:00:10.456   195   195 W cutils  : Expected path /data/data/com.google.android.gms with mode 700 but found 751
01-01 03:00:10.458   195   195 W cutils  : Expected path /data/user_de/0/com.google.android.gms with mode 700 but found 751
01-01 03:00:10.459   195   195 W cutils  : Expected path /data/data/com.google.android.gms with mode 700 but found 751
01-01 03:00:10.460   195   195 W cutils  : Expected path /data/user_de/0/com.google.android.gms with mode 700 but found 751
01-01 03:00:10.621   372   372 V PackageManager: reconcileAppsData finished 71 packages
01-01 03:00:10.732   372   372 D PackageManager: Ephemeral resolver NOT found; no matching intent filters
01-01 03:00:10.732   372   372 I PackageManager: Ephemeral deactivated; missing resolver and installer
01-01 03:00:10.732   372   372 I art     : Starting a blocking GC Explicit
01-01 03:00:10.768   372   372 I art     : Explicit concurrent mark sweep GC freed 4973(622KB) AllocSpace objects, 5(100KB) LOS objects, 33% free, 3MB/5MB, paused 436us total 35.144ms
01-01 03:00:10.769   372   372 I SystemServer: StartOtaDexOptService
01-01 03:00:10.774   372   372 I SystemServer: StartUserManagerService
01-01 03:00:10.774   372   372 I SystemServiceManager: Starting com.android.server.pm.UserManagerService$LifeCycle
01-01 03:00:10.784   151   151 I lowmemorykiller: ActivityManager connected
01-01 03:00:10.785   372   372 I SystemServiceManager: Starting com.android.server.BatteryService
01-01 03:00:10.785   372   497 D SensorService: nuSensorService starting...
01-01 03:00:10.785   372   497 D SensorService: ----box product do not have sensor,skip----
01-01 03:00:10.789   372   446 E Lights Hal: write_int failed to open sys/class/leds/battery_led/brightness
01-01 03:00:10.790   372   372 I SystemServiceManager: Starting com.android.server.usage.UsageStatsService
01-01 03:00:10.800   372   372 I SystemServiceManager: Starting com.android.server.webkit.WebViewUpdateService
01-01 03:00:10.804   372   372 I SystemServer: isBox stop some start....
01-01 03:00:10.805   372   372 I SystemServer: Reading configuration...
01-01 03:00:10.805   372   372 I SystemServer: StartSchedulingPolicyService
01-01 03:00:10.806   372   372 I SystemServiceManager: Starting com.android.server.telecom.TelecomLoaderService
01-01 03:00:10.807   372   372 I SystemServer: StartTelephonyRegistry
01-01 03:00:10.811   372   372 I SystemServer: StartEntropyMixer
01-01 03:00:10.814   372   372 I EntropyMixer: Writing entropy...
01-01 03:00:10.825   372   372 I SystemServer: Camera Service
01-01 03:00:10.825   372   372 I SystemServiceManager: Starting com.android.server.camera.CameraService
01-01 03:00:10.827   372   498 I ServiceThread: Enabled StrictMode logging for CameraService_proxy looper.
01-01 03:00:10.828   372   372 I SystemServer: StartAccountManagerService
01-01 03:00:10.828   372   372 I SystemServiceManager: Starting com.android.server.accounts.AccountManagerService$Lifecycle
01-01 03:00:10.836   372   372 I SystemServer: StartContentService
01-01 03:00:10.837   372   372 I SystemServiceManager: Starting com.android.server.content.ContentService$Lifecycle
01-01 03:00:10.840   372   372 I SystemServer: InstallSystemProviders
01-01 03:00:10.848   372   372 W System  : ClassLoader referenced unknown path: /system/priv-app/SettingsProvider/lib/arm64
01-01 03:00:10.871   372   372 I SystemServer: StartConsumerIrService
01-01 03:00:10.871   372   372 E ConsumerIrService: Can't open consumer IR HW Module, error: -2
01-01 03:00:10.872   372   372 I SystemServer: StartAlarmManagerService
01-01 03:00:10.872   372   372 I SystemServiceManager: Starting com.android.server.AlarmManagerService
01-01 03:00:10.875   372   372 D AlarmManagerService: Kernel timezone updated to -180 minutes west of GMT
01-01 03:00:10.881   372   372 I SystemServer: InitWatchdog
01-01 03:00:10.882   372   372 I SystemServer: StartInputManagerService
01-01 03:00:10.882   372   372 I InputManager: Initializing input manager, mUseDevInputEventForAudioJack=false
01-01 03:00:10.884   372   372 I SystemServer: StartWindowManagerService
01-01 03:00:10.899   372   487 I WindowManager: No existing display settings /data/system/display_settings.xml; starting empty
01-01 03:00:10.932   372   372 I SystemServer: StartVrManagerService
01-01 03:00:10.932   372   372 I SystemServiceManager: Starting com.android.server.vr.VrManagerService
01-01 03:00:10.933   372   372 W VrManagerService: init_native: Could not open VR hardware module, error No such file or directory (-2).
01-01 03:00:10.937   372   372 I InputManager: Starting input manager
01-01 03:00:10.939   372   509 D EventHub: No input device configuration file found for device 'HL 0000 00 00 00 01 Smart Control'.
01-01 03:00:10.939   372   509 I EventHub: New device: id=1, fd=89, path='/dev/input/event3', name='HL 0000 00 00 00 01 Smart Control', classes=0x80000008, configuration='', keyLayout='', keyCharacterMap='', builtinKeyboard=false, wakeMechanism=EPOLLWAKEUP, usingClockIoctl=true
01-01 03:00:10.939   372   509 D EventHub: No input device configuration file found for device 'HL 0000 00 00 00 01 Smart Control'.
01-01 03:00:10.940   372   372 I SystemServer: No Bluetooth Service (Bluetooth Hardware Not Present)
01-01 03:00:10.940   372   372 I SystemServer: ConnectivityMetricsLoggerService
01-01 03:00:10.940   372   372 I SystemServiceManager: Starting com.android.server.connectivity.MetricsLoggerService
01-01 03:00:10.941   372   372 I SystemServer: IpConnectivityMetrics
01-01 03:00:10.942   372   372 I SystemServiceManager: Starting com.android.server.connectivity.IpConnectivityMetrics
01-01 03:00:10.943   372   372 I SystemServer: PinnerService
01-01 03:00:10.943   372   372 I SystemServiceManager: Starting com.android.server.PinnerService
01-01 03:00:10.945   372   372 I SystemServiceManager: Starting com.android.server.InputMethodManagerService$Lifecycle
01-01 03:00:10.946   372   509 I EventHub: New device: id=2, fd=90, path='/dev/input/event2', name='HL 0000 00 00 00 01 Smart Control', classes=0x80000403, configuration='', keyLayout='/system/usr/keylayout/Generic.kl', keyCharacterMap='/system/usr/keychars/Generic.kcm', builtinKeyboard=false, wakeMechanism=EPOLLWAKEUP, usingClockIoctl=true
01-01 03:00:10.947   372   509 D EventHub: No input device configuration file found for device 'rk816_pwrkey'.
01-01 03:00:10.951   372   509 W EventHub: Unable to disable kernel key repeat for /dev/input/event0: Function not implemented
01-01 03:00:10.951   372   509 I EventHub: New device: id=3, fd=91, path='/dev/input/event0', name='rk816_pwrkey', classes=0x401, configuration='', keyLayout='/system/usr/keylayout/Generic.kl', keyCharacterMap='/system/usr/keychars/Generic.kcm', builtinKeyboard=false, wakeMechanism=EPOLLWAKEUP, usingClockIoctl=true
01-01 03:00:10.952   372   509 D EventHub: No input device configuration file found for device 'HL 0000 00 00 00 01 Smart Control'.
01-01 03:00:10.953   372   372 I InputMethodManagerService: All the enabled IMEs are gone. Reset default enabled IMEs.
01-01 03:00:10.954   372   372 W InputMethodUtils: Found no fallback locale. imis=[]
01-01 03:00:10.954   372   372 W InputMethodUtils: No software keyboard is found. imis=[] fallbackLocale=null
01-01 03:00:10.956   372   509 W EventHub: Unable to disable kernel key repeat for /dev/input/event4: Function not implemented
01-01 03:00:10.956   372   509 I EventHub: New device: id=4, fd=93, path='/dev/input/event4', name='HL 0000 00 00 00 01 Smart Control', classes=0x80000521, configuration='', keyLayout='/system/usr/keylayout/Generic.kl', keyCharacterMap='/system/usr/keychars/Generic.kcm', builtinKeyboard=false, wakeMechanism=EPOLLWAKEUP, usingClockIoctl=true
01-01 03:00:10.957   372   509 D EventHub: No input device configuration file found for device 'ff1b0030.pwm'.
01-01 03:00:10.957   372   372 I SystemServer: StartAccessibilityManagerService
01-01 03:00:10.958   372   509 E KeyLayoutMap: /system/usr/keylayout/ff1b0030_pwm.kl:33: Expected key code label, got 'TV_MEDIA_PREVIOUS'.
01-01 03:00:10.962   372   509 W EventHub: Unable to disable kernel key repeat for /dev/input/event1: Function not implemented
01-01 03:00:10.962   372   509 I EventHub: New device: id=5, fd=92, path='/dev/input/event1', name='ff1b0030.pwm', classes=0x401, configuration='', keyLayout='/system/usr/keylayout/Generic.kl', keyCharacterMap='/system/usr/keychars/Generic.kcm', builtinKeyboard=false, wakeMechanism=EPOLLWAKEUP, usingClockIoctl=true
01-01 03:00:10.965   372   372 I ActivityManager: Config changes=1df8 {1.0 ?mcc?mnc [en_US] ldltr sw720dp w1280dp h720dp 160dpi xlrg long land ?uimode ?night -touch -keyb/v/h dpad/v s.2}
01-01 03:00:10.967   372   509 I InputReader: Device added: id=-1, name='Virtual', sources=0x00000301
01-01 03:00:10.967   372   509 I InputReader: Device added: id=5, name='ff1b0030.pwm', sources=0x00002103
01-01 03:00:10.967   372   509 I InputReader: Device added: id=4, name='HL 0000 00 00 00 01 Smart Control', sources=0x01002313
01-01 03:00:10.967   372   509 I InputReader: Device added: id=3, name='rk816_pwrkey', sources=0x00002103
01-01 03:00:10.968   372   509 I InputReader: Device added: id=2, name='HL 0000 00 00 00 01 Smart Control', sources=0x00002103
01-01 03:00:10.974   372   478 E PinnerService: Could not pin file /system/framework/arm64/boot-framework.oat with error open failed: ENOENT (No such file or directory)
01-01 03:00:10.975   372   478 E PinnerService: Failed to pin file = /system/framework/arm64/boot-framework.oat
01-01 03:00:10.975   372   478 E PinnerService: Could not pin file /system/framework/oat/arm64/services.odex with error open failed: ENOENT (No such file or directory)
01-01 03:00:10.975   372   478 E PinnerService: Failed to pin file = /system/framework/oat/arm64/services.odex
01-01 03:00:10.975   372   478 E PinnerService: Could not pin file /system/framework/arm64/boot.oat with error open failed: ENOENT (No such file or directory)
01-01 03:00:10.975   372   478 E PinnerService: Failed to pin file = /system/framework/arm64/boot.oat
01-01 03:00:10.975   372   478 E PinnerService: Could not pin file /system/framework/arm64/boot-core-libart.oat with error open failed: ENOENT (No such file or directory)
01-01 03:00:10.975   372   478 E PinnerService: Failed to pin file = /system/framework/arm64/boot-core-libart.oat
01-01 03:00:10.977   372   509 I InputReader: Device added: id=1, name='HL 0000 00 00 00 01 Smart Control', sources=0x00002002
01-01 03:00:11.009   372   372 I ActivityManager: Config changes=10 {1.0 ?mcc?mnc [en_US] ldltr sw720dp w1280dp h720dp 160dpi xlrg long land ?uimode ?night -touch qwerty/v/h dpad/v s.3}
01-01 03:00:11.015   372   372 I SystemServiceManager: Starting com.android.server.MountService$Lifecycle
01-01 03:00:11.018   372   509 I InputReader: Reconfiguring input devices.  changes=0x00000004
01-01 03:00:11.041   372   372 I SystemServer: start UiModeManagerService.
01-01 03:00:11.041   372   512 D MountService: Thinking about init, mSystemReady=false, mDaemonConnected=true
01-01 03:00:11.042   372   512 D MountService: Thinking about reset, mSystemReady=false, mDaemonConnected=true
01-01 03:00:11.042   372   372 I SystemServiceManager: Starting com.android.server.UiModeManagerService
01-01 03:00:11.043   372   512 D MountService: Thinking about init, mSystemReady=false, mDaemonConnected=true
01-01 03:00:11.043   372   512 D MountService: Thinking about reset, mSystemReady=false, mDaemonConnected=true
01-01 03:00:11.045   372   512 D CryptdConnector: SND -> {1 cryptfs getfield SystemLocale}
01-01 03:00:11.047   372   372 I ActivityManager: Config changes=200 {1.0 ?mcc?mnc [en_US] ldltr sw720dp w1280dp h720dp 160dpi xlrg long land television -touch qwerty/v/h dpad/v s.4}
01-01 03:00:11.047   372   514 D CryptdConnector: RCV <- {200 1 -1}
01-01 03:00:11.049   372   512 W MountService: No primary storage mounted!
01-01 03:00:11.049   372   512 D VoldConnector: SND -> {1 asec list}
01-01 03:00:11.051   372   513 D VoldConnector: RCV <- {200 1 asec operation succeeded}
01-01 03:00:11.051   372   512 I PackageManager: No secure containers found
01-01 03:00:11.052   372   512 W PackageManager: Unknown permission android.permission.ACCESS_ALL_EXTERNAL_STORAGE in package com.example.changeled
01-01 03:00:11.052   372   512 W PackageManager: Not granting permission com.google.android.googleapps.permission.GOOGLE_AUTH to package com.android.providers.calendar (protectionLevel=2 flags=0x30083e45)
01-01 03:00:11.052   372   512 W PackageManager: Not granting permission com.google.android.googleapps.permission.GOOGLE_AUTH.cl to package com.android.providers.calendar (protectionLevel=2 flags=0x30083e45)
01-01 03:00:11.052   372   512 W PackageManager: Not granting permission android.permission.READ_PRIVILEGED_PHONE_STATE to package com.android.vending (protectionLevel=18 flags=0x384abec5)
01-01 03:00:11.052   372   512 W PackageManager: Not granting permission android.permission.SEND_DOWNLOAD_COMPLETED_INTENTS to package com.android.vending (protectionLevel=2 flags=0x384abec5)
01-01 03:00:11.052   372   512 W PackageManager: Unknown permission android.permission.USE_BIOMETRIC in package com.android.vending
01-01 03:00:11.053   372   512 W PackageManager: Not granting permission android.permission.BACKUP to package com.android.vending (protectionLevel=18 flags=0x384abec5)
01-01 03:00:11.053   372   512 W PackageManager: Not granting permission android.permission.CONNECTIVITY_INTERNAL to package com.android.vending (protectionLevel=18 flags=0x384abec5)
