--------- beginning of system
01-01 03:00:03.737     0   191 E DrmService: get prop_board_platform,prop_board_platform = rk3328 , diff=-1
01-01 03:00:03.738     0   191 E DrmService: rknand_sys_storage open fail
01-01 03:00:03.738     0   191 E DrmService: Get HID data:
01-01 03:00:03.806     0   191 E DrmService: ----------serianno =LHAM2TCBPK
01-01 03:00:03.807     0   191 E DrmService: auto generate serialno,serialno = LHAM2TCBPK
01-01 03:00:06.492   412   412 I InstallerConnection: connecting...
01-01 03:00:06.652   412   412 I InstallerConnection: disconnecting...
01-01 03:00:06.937   412   412 W SystemServer: System clock is before 1970; setting to 1970.
01-01 03:00:06.958   412   412 I SystemServer: Entered the Android system server!
01-01 03:00:07.314   412   412 I SystemServiceManager: Starting com.android.server.pm.Installer
01-01 03:00:07.333   412   412 I Installer: Waiting for installd to be ready.
01-01 03:00:07.333   412   412 I InstallerConnection: connecting...
01-01 03:00:07.334   412   412 I SystemServiceManager: Starting com.android.server.am.ActivityManagerService$Lifecycle
01-01 03:00:07.345   412   412 I ActivityManager: Memory class: 192
01-01 03:00:07.347   412   479 I ServiceThread: Enabled StrictMode logging for ActivityManager looper.
01-01 03:00:07.348   412   480 I ServiceThread: Enabled StrictMode logging for android.ui looper.
01-01 03:00:07.513   412   412 D BatteryStatsImpl: Reading daily items from /data/system/batterystats-daily.xml
01-01 03:00:07.682   412   412 I IntentFirewall: Read new rules (A:0 B:0 S:0)
01-01 03:00:07.690   412   486 I ServiceThread: Enabled StrictMode logging for android.display looper.
01-01 03:00:07.711   412   412 D AppOps  : AppOpsService published
01-01 03:00:07.712   412   412 I SystemServiceManager: Starting com.android.server.power.PowerManagerService
01-01 03:00:07.723   412   488 I ServiceThread: Enabled StrictMode logging for PowerManagerService looper.
01-01 03:00:07.724   412   412 E PowerManagerService:  Failed while trying resolve ddr config file, not exists
01-01 03:00:07.727   412   412 D lvjinhua:  Failed while trying resolve alarm filter file, not exists
01-01 03:00:07.728   412   412 I SystemServiceManager: Starting com.android.server.lights.LightsService
01-01 03:00:07.750   412   412 I SystemServiceManager: Starting com.android.server.display.DisplayManagerService
01-01 03:00:07.759   412   412 I SystemServiceManager: Starting phase 100
01-01 03:00:07.765   412   486 I DisplayManagerService: Display device added: DisplayDeviceInfo{"Built-in Screen": uniqueId="local:0", 1280 x 720, modeId 1, defaultModeId 1, supportedModes [{id=1, width=1280, height=720, fps=60.000004}], colorMode 0, supportedColorModes [0], HdrCapabilities android.view.Display$HdrCapabilities@a69d6308, density 160, 2147483.8 x 2147483.8 dpi, appVsyncOff 1000000, presDeadline 16666666, touch INTERNAL, rotation 0, type BUILT_IN, state UNKNOWN, FLAG_DEFAULT_DISPLAY, FLAG_ROTATES_WITH_CONTENT, FLAG_SECURE, FLAG_SUPPORTS_PROTECTED_BUFFERS}
01-01 03:00:07.767   412   412 I SystemServer: StartPackageManagerService
01-01 03:00:07.767   412   486 I DisplayManagerService: Display device changed state: "Built-in Screen", ON
01-01 03:00:07.853   412   412 D SELinuxMMAC: Using policy file /system/etc/security/mac_permissions.xml
01-01 03:00:08.142   412   412 W PackageManager: Library not found: /system/framework/org.apache.http.legacy.jar
01-01 03:00:08.179   412   412 W PackageManager: Library not found: /system/framework/org.apache.http.legacy.jar
01-01 03:00:08.327   412   412 W PackageParser: Ignoring duplicate uses-permissions/uses-permissions-sdk-m: android.permission.ACCESS_FINE_LOCATION in package: com.DeviceTest at: Binary XML file line #22
01-01 03:00:08.327   412   412 W PackageParser: Ignoring duplicate uses-permissions/uses-permissions-sdk-m: android.permission.WRITE_SETTINGS in package: com.DeviceTest at: Binary XML file line #31
01-01 03:00:08.327   412   412 W PackageParser: Ignoring duplicate uses-permissions/uses-permissions-sdk-m: android.permission.INTERNET in package: com.DeviceTest at: Binary XML file line #39
01-01 03:00:08.327   412   412 W PackageParser: Ignoring duplicate uses-permissions/uses-permissions-sdk-m: android.permission.DEVICE_POWER in package: com.DeviceTest at: Binary XML file line #43
01-01 03:00:08.349   412   412 W PackageManager: Permission android.permission.DOWNLOAD_WITHOUT_NOTIFICATION from package com.android.providers.downloads in an unknown group android.permission-group.NETWORK
01-01 03:00:08.556   412   412 W PackageManager: Failed to parse /system/priv-app/GmsCore: Package com.google.android.gms at /system/priv-app/GmsCore ignored: updated version 17785019 better than this 10298440
01-01 03:00:08.710   412   412 W PackageParser: Ignoring duplicate uses-permissions/uses-permissions-sdk-m: com.google.android.providers.gsf.permission.READ_GSERVICES in package: com.google.android.partnersetup at: Binary XML file line #32
01-01 03:00:08.760   412   412 W PackageManager: Permission com.google.android.googleapps.permission.GOOGLE_AUTH from package com.google.android.gsf in an unknown group android.permission-group.ACCOUNTS
01-01 03:00:08.760   412   412 W PackageManager: Permission com.google.android.googleapps.permission.GOOGLE_AUTH.ALL_SERVICES from package com.google.android.gsf in an unknown group android.permission-group.ACCOUNTS
01-01 03:00:08.760   412   412 W PackageManager: Permission com.google.android.googleapps.permission.GOOGLE_AUTH.OTHER_SERVICES from package com.google.android.gsf in an unknown group android.permission-group.ACCOUNTS
01-01 03:00:08.760   412   412 W PackageManager: Permission com.google.android.googleapps.permission.GOOGLE_AUTH.mail from package com.google.android.gsf in an unknown group android.permission-group.ACCOUNTS
01-01 03:00:08.760   412   412 W PackageManager: Permission com.google.android.googleapps.permission.GOOGLE_AUTH.cl from package com.google.android.gsf in an unknown group android.permission-group.ACCOUNTS
01-01 03:00:08.761   412   412 W PackageManager: Permission com.google.android.googleapps.permission.GOOGLE_AUTH.android from package com.google.android.gsf in an unknown group android.permission-group.ACCOUNTS
01-01 03:00:08.761   412   412 W PackageManager: Permission com.google.android.googleapps.permission.GOOGLE_AUTH.androidsecure from package com.google.android.gsf in an unknown group android.permission-group.ACCOUNTS
01-01 03:00:08.761   412   412 W PackageManager: Permission com.google.android.googleapps.permission.GOOGLE_AUTH.sierra from package com.google.android.gsf in an unknown group android.permission-group.ACCOUNTS
01-01 03:00:08.761   412   412 W PackageManager: Permission com.google.android.googleapps.permission.GOOGLE_AUTH.sierraqa from package com.google.android.gsf in an unknown group android.permission-group.ACCOUNTS
01-01 03:00:08.761   412   412 W PackageManager: Permission com.google.android.googleapps.permission.GOOGLE_AUTH.sierrasandbox from package com.google.android.gsf in an unknown group android.permission-group.ACCOUNTS
01-01 03:00:08.761   412   412 W PackageManager: Permission com.google.android.googleapps.permission.GOOGLE_AUTH.youtube from package com.google.android.gsf in an unknown group android.permission-group.ACCOUNTS
01-01 03:00:08.761   412   412 W PackageManager: Permission com.google.android.googleapps.permission.GOOGLE_AUTH.YouTubeUser from package com.google.android.gsf in an unknown group android.permission-group.ACCOUNTS
01-01 03:00:08.761   412   412 W PackageManager: Permission com.google.android.googleapps.permission.GOOGLE_AUTH.talk from package com.google.android.gsf in an unknown group android.permission-group.ACCOUNTS
01-01 03:00:08.761   412   412 W PackageManager: Permission com.google.android.googleapps.permission.GOOGLE_AUTH.ig from package com.google.android.gsf in an unknown group android.permission-group.ACCOUNTS
01-01 03:00:08.761   412   412 W PackageManager: Permission com.google.android.googleapps.permission.GOOGLE_AUTH.lh2 from package com.google.android.gsf in an unknown group android.permission-group.ACCOUNTS
01-01 03:00:08.761   412   412 W PackageManager: Permission com.google.android.googleapps.permission.GOOGLE_AUTH.mobile from package com.google.android.gsf in an unknown group android.permission-group.ACCOUNTS
01-01 03:00:08.761   412   412 W PackageManager: Permission com.google.android.googleapps.permission.GOOGLE_AUTH.cp from package com.google.android.gsf in an unknown group android.permission-group.ACCOUNTS
01-01 03:00:08.761   412   412 W PackageManager: Permission com.google.android.googleapps.permission.GOOGLE_AUTH.adsense from package com.google.android.gsf in an unknown group android.permission-group.ACCOUNTS
01-01 03:00:08.761   412   412 W PackageManager: Permission com.google.android.googleapps.permission.GOOGLE_AUTH.adwords from package com.google.android.gsf in an unknown group android.permission-group.ACCOUNTS
01-01 03:00:08.761   412   412 W PackageManager: Permission com.google.android.googleapps.permission.GOOGLE_AUTH.blogger from package com.google.android.gsf in an unknown group android.permission-group.ACCOUNTS
01-01 03:00:08.761   412   412 W PackageManager: Permission com.google.android.googleapps.permission.GOOGLE_AUTH.dodgeball from package com.google.android.gsf in an unknown group android.permission-group.ACCOUNTS
01-01 03:00:08.761   412   412 W PackageManager: Permission com.google.android.googleapps.permission.GOOGLE_AUTH.gbase from package com.google.android.gsf in an unknown group android.permission-group.ACCOUNTS
01-01 03:00:08.761   412   412 W PackageManager: Permission com.google.android.googleapps.permission.GOOGLE_AUTH.groups2 from package com.google.android.gsf in an unknown group android.permission-group.ACCOUNTS
01-01 03:00:08.761   412   412 W PackageManager: Permission com.google.android.googleapps.permission.GOOGLE_AUTH.health from package com.google.android.gsf in an unknown group android.permission-group.ACCOUNTS
01-01 03:00:08.761   412   412 W PackageManager: Permission com.google.android.googleapps.permission.GOOGLE_AUTH.jotspot from package com.google.android.gsf in an unknown group android.permission-group.ACCOUNTS
01-01 03:00:08.761   412   412 W PackageManager: Permission com.google.android.googleapps.permission.GOOGLE_AUTH.knol from package com.google.android.gsf in an unknown group android.permission-group.ACCOUNTS
01-01 03:00:08.761   412   412 W PackageManager: Permission com.google.android.googleapps.permission.GOOGLE_AUTH.news from package com.google.android.gsf in an unknown group android.permission-group.ACCOUNTS
01-01 03:00:08.761   412   412 W PackageManager: Permission com.google.android.googleapps.permission.GOOGLE_AUTH.orkut from package com.google.android.gsf in an unknown group android.permission-group.ACCOUNTS
01-01 03:00:08.761   412   412 W PackageManager: Permission com.google.android.googleapps.permission.GOOGLE_AUTH.print from package com.google.android.gsf in an unknown group android.permission-group.ACCOUNTS
01-01 03:00:08.761   412   412 W PackageManager: Permission com.google.android.googleapps.permission.GOOGLE_AUTH.sitemaps from package com.google.android.gsf in an unknown group android.permission-group.ACCOUNTS
01-01 03:00:08.761   412   412 W PackageManager: Permission com.google.android.googleapps.permission.GOOGLE_AUTH.wifi from package com.google.android.gsf in an unknown group android.permission-group.ACCOUNTS
01-01 03:00:08.761   412   412 W PackageManager: Permission com.google.android.googleapps.permission.GOOGLE_AUTH.finance from package com.google.android.gsf in an unknown group android.permission-group.ACCOUNTS
01-01 03:00:08.761   412   412 W PackageManager: Permission com.google.android.googleapps.permission.GOOGLE_AUTH.local from package com.google.android.gsf in an unknown group android.permission-group.ACCOUNTS
01-01 03:00:08.761   412   412 W PackageManager: Permission com.google.android.googleapps.permission.GOOGLE_AUTH.ah from package com.google.android.gsf in an unknown group android.permission-group.ACCOUNTS
01-01 03:00:08.761   412   412 W PackageManager: Permission com.google.android.googleapps.permission.GOOGLE_AUTH.notebook from package com.google.android.gsf in an unknown group android.permission-group.ACCOUNTS
01-01 03:00:08.761   412   412 W PackageManager: Permission com.google.android.googleapps.permission.GOOGLE_AUTH.writely from package com.google.android.gsf in an unknown group android.permission-group.ACCOUNTS
01-01 03:00:08.761   412   412 W PackageManager: Permission com.google.android.googleapps.permission.GOOGLE_AUTH.wise from package com.google.android.gsf in an unknown group android.permission-group.ACCOUNTS
01-01 03:00:08.761   412   412 W PackageManager: Permission com.google.android.googleapps.permission.GOOGLE_AUTH.grandcentral from package com.google.android.gsf in an unknown group android.permission-group.ACCOUNTS
01-01 03:00:08.761   412   412 W PackageManager: Permission com.google.android.googleapps.permission.GOOGLE_AUTH.speechpersonalization from package com.google.android.gsf in an unknown group android.permission-group.ACCOUNTS
01-01 03:00:08.761   412   412 W PackageManager: Permission com.google.android.googleapps.permission.GOOGLE_AUTH.speech from package com.google.android.gsf in an unknown group android.permission-group.ACCOUNTS
01-01 03:00:08.761   412   412 W PackageManager: Permission com.google.android.providers.talk.permission.READ_ONLY from package com.google.android.gsf in an unknown group android.permission-group.MESSAGES
01-01 03:00:08.761   412   412 W PackageManager: Permission com.google.android.providers.talk.permission.WRITE_ONLY from package com.google.android.gsf in an unknown group android.permission-group.MESSAGES
01-01 03:00:08.761   412   412 W PackageManager: Permission com.google.android.gtalkservice.permission.GTALK_SERVICE from package com.google.android.gsf in an unknown group android.permission-group.MESSAGES
01-01 03:00:08.761   412   412 W PackageManager: Permission com.google.android.gtalkservice.permission.SEND_HEARTBEAT from package com.google.android.gsf in an unknown group android.permission-group.NETWORK
01-01 03:00:08.761   412   412 W PackageManager: Permission com.google.android.permission.BROADCAST_DATA_MESSAGE from package com.google.android.gsf in an unknown group android.permission-group.NETWORK
01-01 03:00:08.762   412   412 W PackageManager: Permission com.google.android.c2dm.permission.SEND from package com.google.android.gsf in an unknown group android.permission-group.NETWORK
01-01 03:00:08.762   412   412 W PackageManager: Permission com.google.android.c2dm.permission.RECEIVE from package com.google.android.gsf in an unknown group android.permission-group.NETWORK
01-01 03:00:08.762   412   412 W PackageManager: Permission com.google.android.xmpp.permission.BROADCAST from package com.google.android.gsf in an unknown group android.permission-group.NETWORK
01-01 03:00:08.762   412   412 W PackageManager: Permission com.google.android.xmpp.permission.SEND_RECEIVE from package com.google.android.gsf in an unknown group android.permission-group.NETWORK
01-01 03:00:08.762   412   412 W PackageManager: Permission com.google.android.xmpp.permission.XMPP_ENDPOINT_BROADCAST from package com.google.android.gsf in an unknown group android.permission-group.NETWORK
01-01 03:00:08.762   412   412 W PackageManager: Permission com.google.android.xmpp.permission.USE_XMPP_ENDPOINT from package com.google.android.gsf in an unknown group android.permission-group.NETWORK
01-01 03:00:08.762   412   412 W PackageManager: Permission com.google.android.providers.gsf.permission.READ_GSERVICES from package com.google.android.gsf in an unknown group android.permission-group.ACCOUNTS
01-01 03:00:08.776   412   412 W PackageParser: Unknown element under <manifest>: meta-data at /system/priv-app/HdrBenchMark/HdrBenchMark.apk Binary XML file line #11
01-01 03:00:08.928   412   412 W PackageManager: Failed to parse /system/priv-app/Phonesky: Package com.android.vending at /system/priv-app/Phonesky ignored: updated version 81531400 better than this 80741200
01-01 03:00:09.037   412   412 W PackageParser: Ignoring duplicate uses-permissions/uses-permissions-sdk-m: android.permission.USE_CREDENTIALS in package: com.android.settings at: Binary XML file line #56
01-01 03:00:09.037   412   412 W PackageParser: Ignoring duplicate uses-permissions/uses-permissions-sdk-m: android.permission.READ_SYNC_SETTINGS in package: com.android.settings at: Binary XML file line #61
01-01 03:00:09.037   412   412 W PackageParser: Ignoring duplicate uses-permissions/uses-permissions-sdk-m: android.permission.WRITE_SYNC_SETTINGS in package: com.android.settings at: Binary XML file line #62
01-01 03:00:09.114   412   412 W PackageParser: Ignoring duplicate uses-permissions/uses-permissions-sdk-m: android.permission.INSTALL_GRANT_RUNTIME_PERMISSIONS in package: com.android.shell at: Binary XML file line #102
01-01 03:00:09.193   412   412 W PackageParser: Ignoring duplicate uses-permissions/uses-permissions-sdk-m: android.permission.CONFIGURE_WIFI_DISPLAY in package: com.android.systemui at: Binary XML file line #123
01-01 03:00:09.228   412   412 W PackageParser: Unknown element under <manifest>: meta-data at /system/priv-app/TVLauncher/TVLauncher.apk Binary XML file line #21
01-01 03:00:09.292   412   412 W PackageParser: No actions in intent filter at /system/priv-app/TvSettings/TvSettings.apk Binary XML file line #87
01-01 03:00:09.296   412   412 W PackageParser: No actions in intent filter at /system/priv-app/TvSettings/TvSettings.apk Binary XML file line #631
01-01 03:00:09.297   412   412 W PackageParser: No actions in intent filter at /system/priv-app/TvSettings/TvSettings.apk Binary XML file line #639
01-01 03:00:09.346   412   412 W PackageParser: Ignoring duplicate uses-permissions/uses-permissions-sdk-m: android.permission.READ_CONTACTS in package: com.android.bluetooth at: Binary XML file line #61
01-01 03:00:09.349   412   412 W PackageParser: No actions in intent filter at /system/app/Bluetooth/Bluetooth.apk Binary XML file line #223
01-01 03:00:09.362   412   412 W PackageManager: Failed to parse /system/app/Camera2: Missing base APK in /system/app/Camera2
01-01 03:00:09.446   412   412 W PackageManager: Failed to parse /system/app/Chrome: Package com.android.chrome at /system/app/Chrome ignored: updated version 377010137 better than this 288309152
01-01 03:00:09.455   412   412 W PackageManager: Non-privileged app; cap priority to 0; package: com.android.cts.ctsshim activity: com.android.cts.ctsshim.InstallPriority origPrio: 100
01-01 03:00:09.455   412   412 W PackageManager: Non-privileged app; cap priority to 0; package: com.android.cts.ctsshim activity: com.android.cts.ctsshim.InstallPriority origPrio: 100
01-01 03:00:09.455   412   412 W PackageManager: Non-privileged app; cap priority to 0; package: com.android.cts.ctsshim activity: com.android.cts.ctsshim.InstallPriority origPrio: 100
01-01 03:00:09.455   412   412 W PackageManager: Non-privileged app; cap priority to 0; package: com.android.cts.ctsshim activity: com.android.cts.ctsshim.InstallPriority origPrio: 100
01-01 03:00:09.455   412   412 W PackageManager: Non-privileged app; cap priority to 0; package: com.android.cts.ctsshim activity: com.android.cts.ctsshim.InstallPriority origPrio: 100
01-01 03:00:09.629   412   412 W PackageParser: Ignoring duplicate uses-permissions/uses-permissions-sdk-m: android.permission.WRITE_SETTINGS in package: com.rockchip.devicetest at: Binary XML file line #23
01-01 03:00:09.629   412   412 W PackageParser: Ignoring duplicate uses-permissions/uses-permissions-sdk-m: android.permission.ACCESS_FINE_LOCATION in package: com.rockchip.devicetest at: Binary XML file line #24
01-01 03:00:09.629   412   412 W PackageParser: Ignoring duplicate uses-permissions/uses-permissions-sdk-m: android.permission.WRITE_SETTINGS in package: com.rockchip.devicetest at: Binary XML file line #30
01-01 03:00:09.756   412   412 I PackageManager: /system/app/com.termux.boot changed; collecting certs
01-01 03:00:09.869   412   412 W PackageManager: Permission com.android.chrome.permission.DEBUG from package com.android.chrome in an unknown group android.permission-group.DEVELOPMENT_TOOLS
01-01 03:00:10.021   412   412 W PackageManager: Package com.google.android.gms desires unavailable shared library com.google.android.ble; ignoring!
01-01 03:00:10.021   412   412 W PackageManager: Package com.google.android.gms desires unavailable shared library com.google.android.wearable; ignoring!
01-01 03:00:10.188   412   412 W PackageManager: Permission com.google.android.gms.permission.ACTIVITY_RECOGNITION from package com.google.android.gms in an unknown group android.permission-group.PERSONAL_INFO
01-01 03:00:10.343   412   412 W PackageManager: Permission com.android.vending.appdiscoveryservice.permission.ACCESS_APP_DISCOVERY_SERVICE from package com.android.vending in an unknown group android.permission-group.NETWORK
01-01 03:00:10.343   412   412 W PackageManager: Permission com.android.vending.CHECK_LICENSE from package com.android.vending in an unknown group android.permission-group.NETWORK
01-01 03:00:10.343   412   412 W PackageManager: Permission com.android.vending.BILLING from package com.android.vending in an unknown group android.permission-group.NETWORK
01-01 03:00:10.343   412   412 W PackageManager: Permission com.android.vending.p2p.APP_INSTALL_API from package com.android.vending in an unknown group android.permission-group.NETWORK
01-01 03:00:10.345   412   412 W PackageManager: Protected action; cap priority to 0; package: com.android.cts.priv.ctsshim activity: com.android.cts.priv.ctsshim.InstallPriority origPrio: 100
01-01 03:00:10.346   412   412 W PackageManager: Protected action; cap priority to 0; package: com.android.cts.priv.ctsshim activity: com.android.cts.priv.ctsshim.InstallPriority origPrio: 100
01-01 03:00:10.346   412   412 W PackageManager: Protected action; cap priority to 0; package: com.android.cts.priv.ctsshim activity: com.android.cts.priv.ctsshim.InstallPriority origPrio: 100
01-01 03:00:10.346   412   412 W PackageManager: Protected action; cap priority to 0; package: com.android.cts.priv.ctsshim activity: com.android.cts.priv.ctsshim.InstallPriority origPrio: 100
01-01 03:00:10.346   412   412 W PackageManager: Protected action; cap priority to 0; package: com.google.android.packageinstaller activity: com.android.packageinstaller.PackageInstallerActivity origPrio: 1
01-01 03:00:10.346   412   412 W PackageManager: Package com.google.android.gms desires unavailable shared library com.google.android.ble; ignoring!
01-01 03:00:10.346   412   412 W PackageManager: Package com.google.android.gms desires unavailable shared library com.google.android.wearable; ignoring!
01-01 03:00:10.346   412   412 I PackageManager: Adjusting ABI for com.google.android.backuptransport to arm64-v8a (requirer=com.google.android.gms, scannedPackage=null)
01-01 03:00:10.347   412   412 I PackageManager: Adjusting ABI for com.google.android.gsf to arm64-v8a (requirer=com.google.android.gms, scannedPackage=null)
01-01 03:00:10.348   412   412 I PackageManager: Adjusting ABI for com.google.android.gsf.login to arm64-v8a (requirer=com.google.android.gms, scannedPackage=null)
01-01 03:00:10.348   412   412 I PackageManager: Adjusting ABI for com.android.inputdevices to arm64-v8a (requirer=com.rockchip.devicetest, scannedPackage=null)
01-01 03:00:10.349   412   412 I PackageManager: Adjusting ABI for com.android.keychain to arm64-v8a (requirer=com.rockchip.devicetest, scannedPackage=null)
01-01 03:00:10.350   412   412 I PackageManager: Adjusting ABI for com.DeviceTest to arm64-v8a (requirer=com.rockchip.devicetest, scannedPackage=null)
01-01 03:00:10.350   412   412 I PackageManager: Adjusting ABI for com.example.changeled to arm64-v8a (requirer=com.rockchip.devicetest, scannedPackage=null)
01-01 03:00:10.351   412   412 I PackageManager: Adjusting ABI for com.android.providers.settings to arm64-v8a (requirer=com.rockchip.devicetest, scannedPackage=null)
01-01 03:00:10.352   412   412 I PackageManager: Adjusting ABI for com.android.settings to arm64-v8a (requirer=com.rockchip.devicetest, scannedPackage=null)
01-01 03:00:10.352   412   412 I PackageManager: Adjusting ABI for com.android.rockchip to arm64-v8a (requirer=com.rockchip.devicetest, scannedPackage=null)
01-01 03:00:10.353   412   412 I PackageManager: Adjusting ABI for com.android.location.fused to arm64-v8a (requirer=com.rockchip.devicetest, scannedPackage=null)
01-01 03:00:10.354   412   412 I PackageManager: Adjusting ABI for com.rockchip.wfd to arm64-v8a (requirer=com.rockchip.devicetest, scannedPackage=null)
01-01 03:00:10.354   412   412 I PackageManager: Adjusting ABI for com.android.wallpaperbackup to arm64-v8a (requirer=com.rockchip.devicetest, scannedPackage=null)
01-01 03:00:10.355   412   412 I PackageManager: Adjusting ABI for com.cghs.stresstest to arm64-v8a (requirer=com.rockchip.devicetest, scannedPackage=null)
01-01 03:00:10.355   412   412 I PackageManager: Adjusting ABI for com.termux.boot to arm64-v8a (requirer=com.termux, scannedPackage=null)
01-01 03:00:10.364   412   412 I PackageManager: Time to scan packages: 2.254 seconds
01-01 03:00:10.364   412   412 W PackageManager: Unknown permission android.permission.ACCESS_ALL_EXTERNAL_STORAGE in package com.example.changeled
01-01 03:00:10.365   412   412 W PackageManager: Not granting permission com.google.android.googleapps.permission.GOOGLE_AUTH to package com.android.providers.calendar (protectionLevel=2 flags=0x30083e45)
01-01 03:00:10.365   412   412 W PackageManager: Not granting permission com.google.android.googleapps.permission.GOOGLE_AUTH.cl to package com.android.providers.calendar (protectionLevel=2 flags=0x30083e45)
01-01 03:00:10.365   412   412 W PackageManager: Not granting permission android.permission.READ_PRIVILEGED_PHONE_STATE to package com.android.vending (protectionLevel=18 flags=0x384abec5)
01-01 03:00:10.365   412   412 W PackageManager: Not granting permission android.permission.SEND_DOWNLOAD_COMPLETED_INTENTS to package com.android.vending (protectionLevel=2 flags=0x384abec5)
01-01 03:00:10.366   412   412 W PackageManager: Unknown permission android.permission.USE_BIOMETRIC in package com.android.vending
01-01 03:00:10.366   412   412 I PackageManager: Un-granting permission android.permission.INSTALL_GRANT_RUNTIME_PERMISSIONS from package com.android.vending (protectionLevel=770 flags=0x384abec5)
01-01 03:00:10.366   412   412 I PackageManager: Un-granting permission android.permission.GRANT_RUNTIME_PERMISSIONS from package com.android.vending (protectionLevel=770 flags=0x384abec5)
01-01 03:00:10.366   412   412 I PackageManager: Un-granting permission android.permission.REVOKE_RUNTIME_PERMISSIONS from package com.android.vending (protectionLevel=770 flags=0x384abec5)
01-01 03:00:10.366   412   412 W PackageManager: Not granting permission android.permission.BACKUP to package com.android.vending (protectionLevel=18 flags=0x384abec5)
01-01 03:00:10.366   412   412 W PackageManager: Not granting permission android.permission.CONNECTIVITY_INTERNAL to package com.android.vending (protectionLevel=18 flags=0x384abec5)
01-01 03:00:10.366   412   412 W PackageManager: Not granting permission android.permission.DUMP to package com.android.vending (protectionLevel=50 flags=0x384abec5)
01-01 03:00:10.366   412   412 W PackageManager: Unknown permission android.permission.ALLOCATE_AGGRESSIVE in package com.android.vending
01-01 03:00:10.366   412   412 W PackageManager: Not granting permission android.permission.GET_APP_OPS_STATS to package com.android.vending (protectionLevel=50 flags=0x384abec5)
01-01 03:00:10.366   412   412 W PackageManager: Not granting permission android.permission.SET_PREFERRED_APPLICATIONS to package com.android.vending (protectionLevel=2 flags=0x384abec5)
01-01 03:00:10.366   412   412 W PackageManager: Unknown permission android.permission.ACCESS_INSTANT_APPS in package com.android.vending
01-01 03:00:10.366   412   412 W PackageManager: Not granting permission android.permission.UPDATE_DEVICE_STATS to package com.android.vending (protectionLevel=18 flags=0x384abec5)
01-01 03:00:10.366   412   412 W PackageManager: Unknown permission android.permission.MANAGE_APP_OPS_MODES in package com.android.vending
01-01 03:00:10.366   412   412 W PackageManager: Unknown permission android.permission.MANAGE_ROLLBACKS in package com.android.vending
01-01 03:00:10.366   412   412 W PackageManager: Unknown permission android.permission.SET_HARMFUL_APP_WARNINGS in package com.android.vending
01-01 03:00:10.366   412   412 W PackageManager: Unknown permission com.sec.android.provider.badge.permission.READ in package com.android.vending
01-01 03:00:10.366   412   412 W PackageManager: Unknown permission com.sec.android.provider.badge.permission.WRITE in package com.android.vending
01-01 03:00:10.366   412   412 W PackageManager: Unknown permission com.htc.launcher.permission.READ_SETTINGS in package com.android.vending
01-01 03:00:10.366   412   412 W PackageManager: Unknown permission com.htc.launcher.permission.UPDATE_SHORTCUT in package com.android.vending
01-01 03:00:10.366   412   412 W PackageManager: Unknown permission com.sonyericsson.home.permission.BROADCAST_BADGE in package com.android.vending
01-01 03:00:10.366   412   412 W PackageManager: Unknown permission com.sonymobile.home.permission.PROVIDER_INSERT_BADGE in package com.android.vending
01-01 03:00:10.366   412   412 W PackageManager: Unknown permission com.anddoes.launcher.permission.UPDATE_COUNT in package com.android.vending
01-01 03:00:10.366   412   412 W PackageManager: Unknown permission com.majeur.launcher.permission.UPDATE_BADGE in package com.android.vending
01-01 03:00:10.366   412   412 W PackageManager: Unknown permission com.huawei.android.launcher.permission.CHANGE_BADGE in package com.android.vending
01-01 03:00:10.366   412   412 W PackageManager: Unknown permission com.huawei.android.launcher.permission.READ_SETTINGS in package com.android.vending
01-01 03:00:10.366   412   412 W PackageManager: Unknown permission com.huawei.android.launcher.permission.WRITE_SETTINGS in package com.android.vending
01-01 03:00:10.366   412   412 W PackageManager: Unknown permission android.permission.READ_APP_BADGE in package com.android.vending
01-01 03:00:10.366   412   412 W PackageManager: Unknown permission com.oppo.launcher.permission.READ_SETTINGS in package com.android.vending
01-01 03:00:10.366   412   412 W PackageManager: Unknown permission com.oppo.launcher.permission.WRITE_SETTINGS in package com.android.vending
01-01 03:00:10.366   412   412 W PackageManager: Unknown permission org.chromium.arc.apkcacheprovider.permission.READ_CACHE in package com.android.vending
01-01 03:00:10.366   412   412 W PackageManager: Unknown permission org.chromium.arc.apkcacheprovider.permission.WRITE_CACHE in package com.android.vending
01-01 03:00:10.366   412   412 W PackageManager: Not granting permission android.permission.SUBSTITUTE_NOTIFICATION_APP_NAME to package com.android.vending (protectionLevel=18 flags=0x384abec5)
01-01 03:00:10.367   412   412 W PackageManager: Unknown permission android.permission.READ_RUNTIME_PROFILES in package com.android.vending
01-01 03:00:10.367   412   412 W PackageManager: Unknown permission android.permission.FOREGROUND_SERVICE in package com.android.vending
01-01 03:00:10.367   412   412 W PackageManager: Not granting permission android.permission.REBOOT to package com.android.vending (protectionLevel=18 flags=0x384abec5)
01-01 03:00:10.367   412   412 W PackageManager: Unknown permission android.permission.START_ACTIVITIES_FROM_BACKGROUND in package com.android.vending
01-01 03:00:10.367   412   412 W PackageManager: Unknown permission android.permission.CHANGE_OVERLAY_PACKAGES in package com.android.vending
01-01 03:00:10.367   412   412 W PackageManager: Unknown permission android.permission.SEND_DEVICE_CUSTOMIZATION_READY in package com.android.vending
01-01 03:00:10.367   412   412 W PackageManager: Unknown permission android.Manifest.permission.INJECT_EVENTS in package com.rockchip.devicetest
01-01 03:00:10.367   412   412 W PackageManager: Unknown permission com.rockchips.mediacenter.localscan.PROTECT in package com.rockchips.mediacenter
01-01 03:00:10.367   412   412 W PackageManager: Unknown permission com.rockchips.android.airsharing.PROTECT in package com.rockchips.mediacenter
01-01 03:00:10.367   412   412 W PackageManager: Unknown permission com.android.permission.airsharing_play_interface in package com.rockchips.mediacenter
01-01 03:00:10.367   412   412 W PackageManager: Unknown permission com.android.permission.airsharing_mediabrowser_interface in package com.rockchips.mediacenter
01-01 03:00:10.367   412   412 W PackageManager: Unknown permission com.rockchips.mediacenter.dlna_server in package com.rockchips.mediacenter
01-01 03:00:10.367   412   412 W PackageManager: Unknown permission com.rockchips.mediacenter.localscan_server in package com.rockchips.mediacenter
01-01 03:00:10.367   412   412 W PackageManager: Unknown permission com.android.rockchips.permission.MEDIACENTER_SEND_RECV in package com.rockchips.mediacenter
01-01 03:00:10.367   412   412 W PackageManager: Unknown permission android.permission.ACCESS_SUPERUSER in package com.rockchips.mediacenter
01-01 03:00:10.368   412   412 W PackageManager: Not granting permission android.permission.INTERACT_ACROSS_USERS to package com.google.android.syncadapters.contacts (protectionLevel=50 flags=0x38083e45)
01-01 03:00:10.368   412   412 W PackageManager: Unknown permission com.google.android.syncadapters.contacts.permission.GAL_SEARCH in package com.google.android.syncadapters.contacts
01-01 03:00:10.368   412   412 W PackageManager: Unknown permission android.permission.FOREGROUND_SERVICE in package com.android.chrome
01-01 03:00:10.368   412   412 W PackageManager: Unknown permission com.chrome.permission.DEVICE_EXTRAS in package com.android.chrome
01-01 03:00:10.368   412   412 W PackageManager: Unknown permission com.google.android.apps.now.CURRENT_ACCOUNT_ACCESS in package com.android.chrome
01-01 03:00:10.368   412   412 W PackageManager: Unknown permission com.sec.enterprise.knox.MDM_CONTENT_PROVIDER in package com.android.chrome
01-01 03:00:10.368   412   412 I PackageManager: Un-granting permission android.permission.CLEAR_APP_USER_DATA from package com.google.android.packageinstaller (protectionLevel=258 flags=0x38483e45)
01-01 03:00:10.368   412   412 I PackageManager: Un-granting permission android.permission.GRANT_RUNTIME_PERMISSIONS from package com.google.android.packageinstaller (protectionLevel=770 flags=0x38483e45)
01-01 03:00:10.368   412   412 I PackageManager: Un-granting permission android.permission.REVOKE_RUNTIME_PERMISSIONS from package com.google.android.packageinstaller (protectionLevel=770 flags=0x38483e45)
01-01 03:00:10.368   412   412 I PackageManager: Un-granting permission android.permission.INSTALL_GRANT_RUNTIME_PERMISSIONS from package com.google.android.packageinstaller (protectionLevel=770 flags=0x38483e45)
01-01 03:00:10.368   412   412 I PackageManager: Un-granting permission android.permission.INTERACT_ACROSS_USERS_FULL from package com.google.android.packageinstaller (protectionLevel=258 flags=0x38483e45)
01-01 03:00:10.368   412   412 I PackageManager: Un-granting permission android.permission.KILL_UID from package com.google.android.packageinstaller (protectionLevel=258 flags=0x38483e45)
01-01 03:00:10.368   412   412 I PackageManager: Un-granting permission android.permission.MANAGE_APP_OPS_RESTRICTIONS from package com.google.android.packageinstaller (protectionLevel=258 flags=0x38483e45)
01-01 03:00:10.368   412   412 W PackageManager: Unknown permission com.google.android.permission.INSTALL_WEARABLE_PACKAGES in package com.google.android.packageinstaller
01-01 03:00:10.368   412   412 W PackageManager: Unknown permission android.permission.FOREGROUND_SERVICE in package com.google.android.gms
01-01 03:00:10.368   412   412 W PackageManager: Unknown permission android.permission.START_ACTIVITIES_FROM_BACKGROUND in package com.google.android.gms
01-01 03:00:10.369   412   412 W PackageManager: Unknown permission android.permission.REMOTE_DISPLAY_PROVIDER in package com.google.android.gms
01-01 03:00:10.369   412   412 W PackageManager: Not granting permission android.permission.DISPATCH_PROVISIONING_MESSAGE to package com.google.android.gms (protectionLevel=18 flags=0xb8483ec5)
01-01 03:00:10.369   412   412 W PackageManager: Unknown permission android.permission.RECOVER_KEYSTORE in package com.google.android.gms
01-01 03:00:10.369   412   412 W PackageManager: Unknown permission android.permission.PRE_FACTORY_RESET in package com.google.android.gms
01-01 03:00:10.369   412   412 W PackageManager: Unknown permission com.google.android.apps.enterprise.dmagent.permission.AutoSyncPermission in package com.google.android.gms
01-01 03:00:10.369   412   412 W PackageManager: Unknown permission android.permission.ALLOCATE_AGGRESSIVE in package com.google.android.gms
01-01 03:00:10.369   412   412 W PackageManager: Unknown permission android.car.permission.CAR_POWER in package com.google.android.gms
01-01 03:00:10.369   412   412 W PackageManager: Unknown permission com.google.android.wearable.WRITE_SETTINGS in package com.google.android.gms
01-01 03:00:10.369   412   412 W PackageManager: Unknown permission com.felicanetworks.mfc.permission.MFC_ACCESS in package com.google.android.gms
01-01 03:00:10.369   412   412 W PackageManager: Unknown permission com.felicanetworks.mfc.mfi.permission.MFI_ACCESS in package com.google.android.gms
01-01 03:00:10.369   412   412 W PackageManager: Unknown permission android.permission.ACCESS_BACKGROUND_LOCATION in package com.google.android.gms
01-01 03:00:10.369   412   412 W PackageManager: Unknown permission com.google.android.googlequicksearchbox.permission.PAUSE_HOTWORD in package com.google.android.gms
01-01 03:00:10.369   412   412 W PackageManager: Unknown permission android.permission.CONTROL_DISPLAY_SATURATION in package com.google.android.gms
01-01 03:00:10.369   412   412 W PackageManager: Unknown permission com.google.android.hangouts.START_HANGOUT in package com.google.android.gms
01-01 03:00:10.369   412   412 W PackageManager: Unknown permission android.car.permission.CAR_ENERGY in package com.google.android.gms
01-01 03:00:10.369   412   412 W PackageManager: Unknown permission android.car.permission.CAR_ENERGY_PORTS in package com.google.android.gms
01-01 03:00:10.369   412   412 W PackageManager: Unknown permission android.car.permission.CAR_EXTERIOR_LIGHTS in package com.google.android.gms
01-01 03:00:10.369   412   412 W PackageManager: Unknown permission android.car.permission.CAR_INFO in package com.google.android.gms
01-01 03:00:10.369   412   412 W PackageManager: Unknown permission android.car.permission.CAR_MILEAGE in package com.google.android.gms
01-01 03:00:10.369   412   412 W PackageManager: Unknown permission android.car.permission.CAR_TIRES in package com.google.android.gms
01-01 03:00:10.369   412   412 W PackageManager: Unknown permission android.car.permission.CONTROL_CAR_CLIMATE in package com.google.android.gms
01-01 03:00:10.369   412   412 W PackageManager: Unknown permission android.car.permission.CONTROL_CAR_DOORS in package com.google.android.gms
01-01 03:00:10.369   412   412 W PackageManager: Unknown permission android.car.permission.CONTROL_CAR_EXTERIOR_LIGHTS in package com.google.android.gms
01-01 03:00:10.369   412   412 W PackageManager: Unknown permission android.car.permission.CONTROL_CAR_MIRRORS in package com.google.android.gms
01-01 03:00:10.369   412   412 W PackageManager: Unknown permission android.car.permission.CONTROL_CAR_SEATS in package com.google.android.gms
01-01 03:00:10.369   412   412 W PackageManager: Unknown permission android.car.permission.CONTROL_CAR_WINDOWS in package com.google.android.gms
01-01 03:00:10.369   412   412 W PackageManager: Not granting permission android.permission.MODIFY_DAY_NIGHT_MODE to package com.google.android.gms (protectionLevel=18 flags=0xb8483ec5)
01-01 03:00:10.369   412   412 W PackageManager: Unknown permission com.google.android.permission.ACCESSIBILITY_SCAN_SERVICE in package com.google.android.gms
01-01 03:00:10.370   412   412 W PackageManager: Not granting permission android.permission.START_TASKS_FROM_RECENTS to package com.google.android.gms (protectionLevel=18 flags=0xb8483ec5)
01-01 03:00:10.370   412   412 W PackageManager: Not granting permission android.permission.MANAGE_ACTIVITY_STACKS to package com.google.android.gms (protectionLevel=18 flags=0xb8483ec5)
01-01 03:00:10.370   412   412 W PackageManager: Unknown permission android.permission.ACTIVITY_EMBEDDING in package com.google.android.gms
01-01 03:00:10.370   412   412 W PackageManager: Unknown permission android.permission.PROVIDE_RESOLVER_RANKER_SERVICE in package com.google.android.gms
01-01 03:00:10.370   412   412 W PackageManager: Unknown permission com.google.android.clockwork.settings.SHOW_FACTORY_RESET_CONFIRMATION in package com.google.android.gms
01-01 03:00:10.370   412   412 W PackageManager: Unknown permission com.google.android.wearable.READ_SETTINGS in package com.google.android.gms
01-01 03:00:10.370   412   412 W PackageManager: Unknown permission android.permission.READ_MEDIA_AUDIO in package com.google.android.gms
01-01 03:00:10.370   412   412 W PackageManager: Unknown permission android.permission.READ_MEDIA_IMAGES in package com.google.android.gms
01-01 03:00:10.370   412   412 W PackageManager: Unknown permission android.permission.READ_MEDIA_VIDEO in package com.google.android.gms
01-01 03:00:10.370   412   412 W PackageManager: Unknown permission android.permission.SUBSTITUTE_SHARE_TARGET_APP_NAME_AND_ICON in package com.google.android.gms
01-01 03:00:10.370   412   412 W PackageManager: Unknown permission android.permission.ACTIVITY_RECOGNITION in package com.google.android.gms
01-01 03:00:10.370   412   412 W PackageManager: Unknown permission android.permission.MANAGE_SUBSCRIPTION_PLANS in package com.google.android.gms
01-01 03:00:10.370   412   412 W PackageManager: Unknown permission android.permission.READ_DEVICE_CONFIG in package com.google.android.gms
01-01 03:00:10.370   412   412 W PackageManager: Unknown permission android.permission.WRITE_DEVICE_CONFIG in package com.google.android.gms
01-01 03:00:10.370   412   412 W PackageManager: Unknown permission com.google.android.apps.now.OPT_IN_WIZARD in package com.google.android.gms
01-01 03:00:10.370   412   412 W PackageManager: Unknown permission com.google.android.setupwizard.SETUP_COMPAT_SERVICE in package com.google.android.gms
01-01 03:00:10.370   412   412 W PackageManager: Unknown permission com.google.android.gms.game.notifications.permission.WRITE in package com.google.android.gms
01-01 03:00:10.370   412   412 W PackageManager: Unknown permission com.google.android.launcher.permission.RECEIVE_LAUNCH_BROADCASTS in package com.google.android.gms
01-01 03:00:10.370   412   412 W PackageManager: Unknown permission android.permission.RESET_PASSWORD in package com.google.android.gms
01-01 03:00:10.370   412   412 W PackageManager: Unknown permission android.permission.LOCK_DEVICE in package com.google.android.gms
01-01 03:00:10.370   412   412 W PackageManager: Unknown permission android.permission.CONTROL_KEYGUARD_SECURE_NOTIFICATIONS in package com.google.android.gms
01-01 03:00:10.370   412   412 W PackageManager: Unknown permission com.google.android.gm.permission.READ_GMAIL in package com.google.android.gms
01-01 03:00:10.371   412   412 W PackageManager: Unknown permission com.android.launcher.permission.PRELOAD_WORKSPACE in package com.google.android.partnersetup
01-01 03:00:10.371   412   412 W PackageManager: Not granting permission android.permission.DELETE_PACKAGES to package com.svox.pico (protectionLevel=18 flags=0x3808be45)
01-01 03:00:10.371   412   412 W PackageManager: Not granting permission android.permission.CONTROL_KEYGUARD to package com.google.android.gsf.login (protectionLevel=2 flags=0x3048be45)
01-01 03:00:10.371   412   412 W PackageManager: Unknown permission com.android.vending.billing.IBillingAccountService.BIND2 in package com.google.android.gsf.login
01-01 03:00:10.371   412   412 W PackageManager: Unknown permission com.android.launcher.permission.READ_SETTINGS in package com.android.settings
01-01 03:00:10.372   412   412 W PackageManager: Unknown permission com.android.launcher.permission.WRITE_SETTINGS in package com.android.settings
01-01 03:00:10.372   412   412 W PackageManager: Not granting permission android.permission.WRITE_EXTERNAL_STORAGE to package com.termux because it was previously installed without
01-01 03:00:10.372   412   412 W PackageManager: Unknown permission android.permission.FOREGROUND_SERVICE in package com.termux
01-01 03:00:10.372   412   412 W PackageManager: Not granting permission android.permission.READ_EXTERNAL_STORAGE to package com.termux because it was previously installed without
01-01 03:00:10.373   412   412 W PackageManager: Unknown permission com.android.launcher.permission.READ_SETTINGS in package com.DeviceTest
01-01 03:00:10.373   412   412 W PackageManager: Unknown permission com.google.android.gallery3d.permission.GALLERY_PROVIDER in package com.android.bluetooth
01-01 03:00:10.373   412   412 W PackageManager: Unknown permission com.android.gallery3d.permission.GALLERY_PROVIDER in package com.android.bluetooth
01-01 03:00:10.373   412   412 W PackageManager: Unknown permission android.permission.PROCESS_PHONE_ACCOUNT_REGISTRATION in package com.android.providers.contacts
01-01 03:00:10.374   412   412 V PackageManager: reconcileAppsData for null u0 0x3
01-01 03:00:10.749   412   412 V PackageManager: reconcileAppsData finished 71 packages
01-01 03:00:10.862   412   412 D PackageManager: Ephemeral resolver NOT found; no matching intent filters
01-01 03:00:10.862   412   412 I PackageManager: Ephemeral deactivated; missing resolver and installer
01-01 03:00:10.900   412   412 I SystemServer: StartOtaDexOptService
01-01 03:00:10.904   412   412 I SystemServer: StartUserManagerService
01-01 03:00:10.904   412   412 I SystemServiceManager: Starting com.android.server.pm.UserManagerService$LifeCycle
01-01 03:00:10.917   412   412 I SystemServiceManager: Starting com.android.server.BatteryService
01-01 03:00:10.923   412   412 I SystemServiceManager: Starting com.android.server.usage.UsageStatsService
01-01 03:00:10.934   412   412 I SystemServiceManager: Starting com.android.server.webkit.WebViewUpdateService
01-01 03:00:10.938   412   412 I SystemServer: isBox stop some start....
01-01 03:00:10.938   412   412 I SystemServer: Reading configuration...
01-01 03:00:10.938   412   412 I SystemServer: StartSchedulingPolicyService
01-01 03:00:10.940   412   412 I SystemServiceManager: Starting com.android.server.telecom.TelecomLoaderService
01-01 03:00:10.940   412   412 I SystemServer: StartTelephonyRegistry
01-01 03:00:10.945   412   412 I SystemServer: StartEntropyMixer
01-01 03:00:10.948   412   412 I EntropyMixer: Writing entropy...
01-01 03:00:10.958   412   412 I SystemServer: Camera Service
01-01 03:00:10.959   412   412 I SystemServiceManager: Starting com.android.server.camera.CameraService
01-01 03:00:10.960   412   499 I ServiceThread: Enabled StrictMode logging for CameraService_proxy looper.
01-01 03:00:10.962   412   412 I SystemServer: StartAccountManagerService
01-01 03:00:10.962   412   412 I SystemServiceManager: Starting com.android.server.accounts.AccountManagerService$Lifecycle
01-01 03:00:10.970   412   412 I SystemServer: StartContentService
01-01 03:00:10.970   412   412 I SystemServiceManager: Starting com.android.server.content.ContentService$Lifecycle
01-01 03:00:10.973   412   412 I SystemServer: InstallSystemProviders
01-01 03:00:11.004   412   412 I SystemServer: StartConsumerIrService
01-01 03:00:11.005   412   412 I SystemServer: StartAlarmManagerService
01-01 03:00:11.005   412   412 I SystemServiceManager: Starting com.android.server.AlarmManagerService
01-01 03:00:11.016   412   412 I SystemServer: InitWatchdog
01-01 03:00:11.016   412   412 I SystemServer: StartInputManagerService
01-01 03:00:11.017   412   412 I InputManager: Initializing input manager, mUseDevInputEventForAudioJack=false
01-01 03:00:11.018   412   412 I SystemServer: StartWindowManagerService
01-01 03:00:11.034   412   486 I WindowManager: No existing display settings /data/system/display_settings.xml; starting empty
01-01 03:00:11.065   412   412 I SystemServer: StartVrManagerService
01-01 03:00:11.066   412   412 I SystemServiceManager: Starting com.android.server.vr.VrManagerService
01-01 03:00:11.070   412   412 I InputManager: Starting input manager
01-01 03:00:11.074   412   412 I SystemServer: No Bluetooth Service (Bluetooth Hardware Not Present)
01-01 03:00:11.074   412   412 I SystemServer: ConnectivityMetricsLoggerService
01-01 03:00:11.074   412   412 I SystemServiceManager: Starting com.android.server.connectivity.MetricsLoggerService
01-01 03:00:11.075   412   412 I SystemServer: IpConnectivityMetrics
01-01 03:00:11.075   412   412 I SystemServiceManager: Starting com.android.server.connectivity.IpConnectivityMetrics
01-01 03:00:11.077   412   412 I SystemServer: PinnerService
01-01 03:00:11.077   412   412 I SystemServiceManager: Starting com.android.server.PinnerService
01-01 03:00:11.078   412   412 I SystemServiceManager: Starting com.android.server.InputMethodManagerService$Lifecycle
