06-27 20:12:59.004  1768  1768 W ProviderHelper: Unknown dynamite feature providerinstaller
06-27 20:12:59.013  1768  1768 I DynamiteModule: Considering local module providerinstaller:0 and remote module providerinstaller:0
06-27 20:12:59.014  1768  1768 W ProviderInstaller: Failed to load providerinstaller module: No acceptable module found. Local version is 0 and remote version is 0.
06-27 20:12:59.036  1768  1768 V NativeCrypto: Registering com/google/android/gms/org/conscrypt/NativeCrypto's 284 native methods...
06-27 20:12:59.079  1768  1768 D NetworkSecurityConfig: Using Network Security Config from resource network_security_config debugBuild: false
06-27 20:12:59.083  1151  1783 I Ads     : Successfully received play store parental controls the result.
06-27 20:12:59.089  1768  1768 I ProviderInstaller: Installed default security provider GmsCore_OpenSSL
06-27 20:12:59.090   405   509 I InputReader: 1--1-----KeyCode=20, scanCode=108
06-27 20:12:59.092   405   509 I InputReader: 1--22-----KeyCode=20, scanCode=108
06-27 20:12:59.092   405   509 I InputReader: KeyCode=20, scanCode=108
06-27 20:12:59.092   405   509 D WindowManager: interceptKeyTq keycode=20 interactive=true keyguardActive=false policyFlags=22000000
06-27 20:12:59.093   405   508 D WindowManager: interceptKeyTi keyCode=20 down=true repeatCount=0 keyguardOn=false mHomePressed=false canceled=false
06-27 20:12:59.115  1600  1636 I Finsky  : [19] bgc.a(1): Received content filters request from sharedUserId=com.google.uid.shared:10008
06-27 20:12:59.190  1768  1768 W Primes  : Primes not initialized, returning default (no-op) Primes instance which will ignore all calls. Please call Primes.initialize(...) before using any Primes API.
06-27 20:12:59.277   405   509 I InputReader: 1--1-----KeyCode=20, scanCode=108
06-27 20:12:59.278   405   509 D WindowManager: interceptKeyTq keycode=20 interactive=true keyguardActive=false policyFlags=22000000
06-27 20:12:59.279   405   508 D WindowManager: interceptKeyTi keyCode=20 down=false repeatCount=0 keyguardOn=false mHomePressed=false canceled=false
06-27 20:12:59.289   892  1816 I NetRec  : [157] ClearDatabaseService.onHandleIntent: Clearing score cache
06-27 20:12:59.352  1151  1162 I art     : Background partial concurrent mark sweep GC freed 29261(2MB) AllocSpace objects, 16(312KB) LOS objects, 39% free, 7MB/13MB, paused 4.398ms total 267.972ms
06-27 20:12:59.367  1151  1215 I Vision  : Supported ABIS: [arm64-v8a, armeabi-v7a, armeabi]
06-27 20:12:59.488  1600  1729 W art     : Verification of agbn ntq.a(java.lang.String, java.util.concurrent.TimeUnit) took 112.792ms
06-27 20:12:59.491  1429  1429 D Device  : Say byebye on 192.168.1.200
06-27 20:12:59.498  1406  1445 W art     : Long monitor contention with owner cling-15 (1496) at void org.fourthline.cling.registry.RegistryImpl.addDevice(org.fourthline.cling.model.meta.RemoteDevice)(RegistryImpl.java:-1) waiters=1 in void org.fourthline.cling.registry.RegistryImpl.maintain() for 225ms
06-27 20:12:59.520  1600  1600 I Finsky  : [1] qah.b(7): Jobs in database: 1-1337 24-77777777 26-1414141414 29-29 
06-27 20:12:59.537  1600  1600 I Finsky  : [1] pxo.a(113): ConstraintMapping: 24-77777777,  -> L: 0ms, D: 79763368ms, C: false, I: true, N: 0
06-27 20:12:59.537   892   906 W art     : Suspending all threads took: 99.434ms
06-27 20:12:59.539  1600  1600 I Finsky  : [1] pxo.a(113): ConstraintMapping: 1-1337,  -> L: 27784370ms, D: 70984370ms, C: false, I: false, N: 1
06-27 20:12:59.541  1600  1600 I Finsky  : [1] pxo.a(113): ConstraintMapping: 29-29, 26-1414141414,  -> L: 28379ms, D: 58379ms, C: false, I: false, N: 0
06-27 20:12:59.543  1600  1600 I Finsky  : [1] com.google.android.finsky.scheduler.JobSchedulerEngine.a(14): Throttling wakeup for job 9000 (expected to run in 0 ms) due to recent wakeup
06-27 20:12:59.555  1600  1600 I Finsky  : [1] com.google.android.finsky.scheduler.JobSchedulerEngine.a(4): Scheduling job Id: 9000, L: 30000, D: 79763368, C: false, I: true, N: 0
06-27 20:12:59.569  1600  1600 I Finsky  : [1] com.google.android.finsky.scheduler.JobSchedulerEngine.a(4): Scheduling job Id: 9001, L: 27784370, D: 70984370, C: false, I: false, N: 1
06-27 20:12:59.578  1406  1534 W iceDescriptorBinderImpl: Regular parsing failed: Can't parse device type string (namespace/type/version): urn:dial-multiscreen-org:service:dial:1
06-27 20:12:59.579  1605  1618 I mali_so : [File] : hardware/rockchip/driver/./src/base/arch/arch_011_udd/base_arch_main.c; [Line] : 565; [Func] : deal_with_version_affairs_rk_ext;
06-27 20:12:59.579  1605  1618 I mali_so : arm_release_ver of this mali_so is 'r7p0-00rel1', rk_so_ver is '1@2' for 3328h_android_7.1, built at '15:47:51', on 'Jun 28 2017'.
06-27 20:12:59.579  1605  1618 I mali_so : [File] : hardware/rockchip/driver/./src/base/arch/arch_011_udd/base_arch_main.c; [Line] : 578; [Func] : deal_with_version_affairs_rk_ext;
06-27 20:12:59.579  1605  1618 I mali_so : mali_ver_property has been set to 'r7p0-00rel1-5-1@2', to return.
06-27 20:12:59.580  1406  1701 W art     : Long monitor contention with owner cling-15 (1496) at void org.fourthline.cling.registry.RegistryImpl.addDevice(org.fourthline.cling.model.meta.RemoteDevice)(RegistryImpl.java:-1) waiters=2 in boolean org.fourthline.cling.registry.RegistryImpl.update(org.fourthline.cling.model.meta.RemoteDeviceIdentity) for 210ms
06-27 20:12:59.585  1600  1600 I Finsky  : [1] com.google.android.finsky.scheduler.JobSchedulerEngine.a(14): Throttling wakeup for job 9002 (expected to run in 28379 ms) due to recent wakeup
06-27 20:12:59.586  1600  1600 I Finsky  : [1] com.google.android.finsky.scheduler.JobSchedulerEngine.a(4): Scheduling job Id: 9002, L: 30000, D: 58379, C: false, I: false, N: 0
06-27 20:12:59.591  1600  1729 W art     : Verification of void ntq.a(long, nti) took 102.468ms
06-27 20:12:59.594  1406  1675 W art     : Long monitor contention with owner cling-15 (1496) at void org.fourthline.cling.registry.RegistryImpl.addDevice(org.fourthline.cling.model.meta.RemoteDevice)(RegistryImpl.java:-1) waiters=5 in boolean org.fourthline.cling.registry.RegistryImpl.update(org.fourthline.cling.model.meta.RemoteDeviceIdentity) for 182ms
06-27 20:12:59.641  1605  1618 I mali_so : [File] : hardware/rockchip/driver/./src/base/arch/arch_011_udd/base_arch_main.c; [Line] : 565; [Func] : deal_with_version_affairs_rk_ext;
06-27 20:12:59.641  1605  1618 I mali_so : arm_release_ver of this mali_so is 'r7p0-00rel1', rk_so_ver is '1@2' for 3328h_android_7.1, built at '15:47:51', on 'Jun 28 2017'.
06-27 20:12:59.641  1605  1618 I mali_so : [File] : hardware/rockchip/driver/./src/base/arch/arch_011_udd/base_arch_main.c; [Line] : 578; [Func] : deal_with_version_affairs_rk_ext;
06-27 20:12:59.641  1605  1618 I mali_so : mali_ver_property has been set to 'r7p0-00rel1-5-1@2', to return.
06-27 20:12:59.642   892   906 I art     : Background partial concurrent mark sweep GC freed 44296(3MB) AllocSpace objects, 11(384KB) LOS objects, 40% free, 8MB/13MB, paused 105.471ms total 428.414ms
06-27 20:12:59.681  1605  1605 I Binder:1605_1: type=1400 audit(0.0:56): avc: denied { read } for name="/" dev="tmpfs" ino=1188 scontext=u:r:priv_app:s0:c512,c768 tcontext=u:object_r:device:s0 tclass=dir permissive=1
06-27 20:12:59.681  1605  1605 I Binder:1605_1: type=1400 audit(0.0:57): avc: denied { open } for path="/dev" dev="tmpfs" ino=1188 scontext=u:r:priv_app:s0:c512,c768 tcontext=u:object_r:device:s0 tclass=dir permissive=1
06-27 20:12:59.727   405   509 I InputReader: 1--1-----KeyCode=20, scanCode=108
06-27 20:12:59.728   405   509 I InputReader: 1--22-----KeyCode=20, scanCode=108
06-27 20:12:59.728   405   509 I InputReader: KeyCode=20, scanCode=108
06-27 20:12:59.729   405   509 D WindowManager: interceptKeyTq keycode=20 interactive=true keyguardActive=false policyFlags=22000000
06-27 20:12:59.729   405   508 D WindowManager: interceptKeyTi keyCode=20 down=true repeatCount=0 keyguardOn=false mHomePressed=false canceled=false
06-27 20:12:59.767  1605  1618 D lvjinhua:  Failed while trying resolve alarm filter file, not exists
06-27 20:12:59.805  1151  1516 I Wear_Controller: Wear requires a companion app to be installed.
06-27 20:12:59.805  1151  1516 I Wear_Controller: onStartup - Wear is not available on this device.
06-27 20:12:59.818   892  1143 W awmy    : Empty context buffer. Thus might mean that the context is not synced down.
06-27 20:12:59.820   892  1143 W awhk    : Empty context model while retrieving upload opt-in status!
06-27 20:12:59.821  1406  1534 W iceDescriptorBinderImpl: Removing leading garbage didn't work: Can't parse device type string (namespace/type/version): urn:dial-multiscreen-org:service:dial:1
06-27 20:12:59.821  1406  1534 W trieveRemoteDescriptors: Could not hydrate device or its services from descriptor: (RemoteDevice) Identity: (RemoteDeviceIdentity) UDN: uuid:b3ba70e0-c7c4-4f76-abd6-aedd12d4df47, Descriptor: http://192.168.1.10:1962/, Root: true
06-27 20:12:59.827  1151  1550 I Icing   : updateResources: need to parse acsi{com.google.android.gms}
06-27 20:12:59.859  1406  1534 W trieveRemoteDescriptors: Cause was: org.fourthline.cling.model.types.InvalidValueException: Can't parse device type string (namespace/type/version): urn:dial-multiscreen-org:service:dial:1
06-27 20:12:59.898   405   479 I ActivityManager: Waited long enough for: ServiceRecord{3e61536 u0 com.android.providers.media/.MediaScannerService}
06-27 20:12:59.914   405   509 I InputReader: 1--1-----KeyCode=20, scanCode=108
06-27 20:12:59.915   405   509 D WindowManager: interceptKeyTq keycode=20 interactive=true keyguardActive=false policyFlags=22000000
06-27 20:12:59.916   405   508 D WindowManager: interceptKeyTi keyCode=20 down=false repeatCount=0 keyguardOn=false mHomePressed=false canceled=false
06-27 20:12:59.936   892  1816 I GCoreUlr: Starting service, intent=Intent { act=com.google.android.location.reporting.ACTION_UPDATE_WORLD cmp=com.google.android.gms/com.google.android.location.reporting.service.DispatchingService (has extras) }, extras=Bundle[{receiverAction=init, is_boot=true}]
06-27 20:12:59.999   892  1218 W awmy    : Empty context buffer. Thus might mean that the context is not synced down.
06-27 20:12:59.999   892  1218 W awhk    : Empty context model while retrieving upload opt-in status!
06-27 20:13:00.040  1605  1654 I mali_so : [File] : hardware/rockchip/driver/./src/base/arch/arch_011_udd/base_arch_main.c; [Line] : 565; [Func] : deal_with_version_affairs_rk_ext;
06-27 20:13:00.040  1605  1654 I mali_so : arm_release_ver of this mali_so is 'r7p0-00rel1', rk_so_ver is '1@2' for 3328h_android_7.1, built at '15:47:51', on 'Jun 28 2017'.
06-27 20:13:00.040  1605  1654 I mali_so : [File] : hardware/rockchip/driver/./src/base/arch/arch_011_udd/base_arch_main.c; [Line] : 578; [Func] : deal_with_version_affairs_rk_ext;
06-27 20:13:00.040  1605  1654 I mali_so : mali_ver_property has been set to 'r7p0-00rel1-5-1@2', to return.
06-27 20:13:00.066  1605  1654 I mali_so : [File] : hardware/rockchip/driver/./src/base/arch/arch_011_udd/base_arch_main.c; [Line] : 565; [Func] : deal_with_version_affairs_rk_ext;
06-27 20:13:00.066  1605  1654 I mali_so : arm_release_ver of this mali_so is 'r7p0-00rel1', rk_so_ver is '1@2' for 3328h_android_7.1, built at '15:47:51', on 'Jun 28 2017'.
06-27 20:13:00.066  1605  1654 I mali_so : [File] : hardware/rockchip/driver/./src/base/arch/arch_011_udd/base_arch_main.c; [Line] : 578; [Func] : deal_with_version_affairs_rk_ext;
06-27 20:13:00.066  1605  1654 I mali_so : mali_ver_property has been set to 'r7p0-00rel1-5-1@2', to return.
06-27 20:13:00.077   892  1218 W awmy    : Empty context buffer. Thus might mean that the context is not synced down.
06-27 20:13:00.077   892  1218 W awhk    : Empty context model while retrieving upload opt-in status!
06-27 20:13:00.109   892  1241 E WorkSourceUtil: Could not find package: com.google.android.gms.stats.eastworld
06-27 20:13:00.157  1151  1458 I CheckinUtil: Classify the device as TV.
06-27 20:13:00.173   405   509 I InputReader: 1--1-----KeyCode=19, scanCode=103
06-27 20:13:00.174   405   509 I InputReader: 1--22-----KeyCode=19, scanCode=103
06-27 20:13:00.174   405   509 I InputReader: KeyCode=19, scanCode=103
06-27 20:13:00.174   405   509 D WindowManager: interceptKeyTq keycode=19 interactive=true keyguardActive=false policyFlags=22000000
06-27 20:13:00.175   405   508 D WindowManager: interceptKeyTi keyCode=19 down=true repeatCount=0 keyguardOn=false mHomePressed=false canceled=false
06-27 20:13:00.178  1151  1458 I CheckinConnFactory: Get token from PseudonymousIdApi: 186=PJXLvLOwHHjPjSYnR5r2TyIhaSt-8dkagmbQSzwJwhwJE1Ckc0MG8KXQ3e11KRwgscxD_p4JPVAWy0s68ndayVVXMDaXgT5iuna4DmaG277yzWKodyZYopE8WjbJGyCJS7mMnpDg5JCWxzxE2ERH3SPqMwlT8ad1O7l0pmm8bf0
06-27 20:13:00.255  1406  1696 W iceDescriptorBinderImpl: Regular parsing failed: Can't parse device type string (namespace/type/version): urn:dial-multiscreen-org:service:dial:1
06-27 20:13:00.264   405   509 I InputReader: 1--1-----KeyCode=19, scanCode=103
06-27 20:13:00.266   405   509 D WindowManager: interceptKeyTq keycode=19 interactive=true keyguardActive=false policyFlags=22000000
06-27 20:13:00.267   405   508 D WindowManager: interceptKeyTi keyCode=19 down=false repeatCount=0 keyguardOn=false mHomePressed=false canceled=false
06-27 20:13:00.268   892  1809 I UdcContextInitChimeraSe: Scheduling UDC settings cache sync.
06-27 20:13:00.279   892  1721 I MagicTether: [HostValidator] InvalidHost. MobileData: false, Tethering: true, whitelist: false, ble: false
06-27 20:13:00.283   892   892 E BluetoothAdapter: Bluetooth binder is null
06-27 20:13:00.287   892   892 D lvjinhua:  Failed while trying resolve alarm filter file, not exists
06-27 20:13:00.300   892  1809 I UdcContextInitChimeraSe: Scheduling UDC periodic settings cache sync.
06-27 20:13:00.316  1151  1458 I CheckinRequestProcessor: set cookie as: NID=186=PJXLvLOwHHjPjSYnR5r2TyIhaSt-8dkagmbQSzwJwhwJE1Ckc0MG8KXQ3e11KRwgscxD_p4JPVAWy0s68ndayVVXMDaXgT5iuna4DmaG277yzWKodyZYopE8WjbJGyCJS7mMnpDg5JCWxzxE2ERH3SPqMwlT8ad1O7l0pmm8bf0
06-27 20:13:00.329  1151  1727 W Conscrypt: Could not set socket write timeout: java.net.SocketException: Socket closed
06-27 20:13:00.329  1151  1727 W Conscrypt: 	at com.google.android.gms.org.conscrypt.Platform.setSocketWriteTimeout(:com.google.android.gms@17785019@17.7.85 (040400-253824076):2)
06-27 20:13:00.330  1151  1727 W Conscrypt: 	at com.google.android.gms.org.conscrypt.ConscryptFileDescriptorSocket.setSoWriteTimeout(:com.google.android.gms@17785019@17.7.85 (040400-253824076):2)
06-27 20:13:00.352   892  1719 I GCoreUlr: WorldUpdater received intent Intent { act=com.google.android.location.reporting.ACTION_UPDATE_WORLD cmp=com.google.android.gms/com.google.android.location.reporting.service.DispatchingService (has extras) } with receiverAction init
06-27 20:13:00.365  1151  1727 W Conscrypt: Could not set socket write timeout: java.net.SocketException: Socket closed
06-27 20:13:00.365  1151  1727 W Conscrypt: 	at com.google.android.gms.org.conscrypt.Platform.setSocketWriteTimeout(:com.google.android.gms@17785019@17.7.85 (040400-253824076):2)
06-27 20:13:00.365  1151  1727 W Conscrypt: 	at com.google.android.gms.org.conscrypt.ConscryptFileDescriptorSocket.setSoWriteTimeout(:com.google.android.gms@17785019@17.7.85 (040400-253824076):2)
06-27 20:13:00.391  1151  1458 W Conscrypt: Could not set socket write timeout: java.net.SocketException: Socket closed
06-27 20:13:00.391  1151  1458 W Conscrypt: 	at com.google.android.gms.org.conscrypt.Platform.setSocketWriteTimeout(:com.google.android.gms@17785019@17.7.85 (040400-253824076):2)
06-27 20:13:00.391  1151  1458 W Conscrypt: 	at com.google.android.gms.org.conscrypt.ConscryptFileDescriptorSocket.setSoWriteTimeout(:com.google.android.gms@17785019@17.7.85 (040400-253824076):2)
06-27 20:13:00.409  1406  1696 W iceDescriptorBinderImpl: Removing leading garbage didn't work: Can't parse device type string (namespace/type/version): urn:dial-multiscreen-org:service:dial:1
06-27 20:13:00.410  1406  1696 W trieveRemoteDescriptors: Could not hydrate device or its services from descriptor: (RemoteDevice) Identity: (RemoteDeviceIdentity) UDN: uuid:b3ba70e0-c7c4-4f76-abd6-aedd12d4df47, Descriptor: http://192.168.1.10:1962/, Root: true
06-27 20:13:00.410  1406  1696 W trieveRemoteDescriptors: Cause was: org.fourthline.cling.model.types.InvalidValueException: Can't parse device type string (namespace/type/version): urn:dial-multiscreen-org:service:dial:1
06-27 20:13:00.439  1151  1458 W Conscrypt: Could not set socket write timeout: java.net.SocketException: Socket closed
06-27 20:13:00.440  1151  1458 W Conscrypt: 	at com.google.android.gms.org.conscrypt.Platform.setSocketWriteTimeout(:com.google.android.gms@17785019@17.7.85 (040400-253824076):2)
06-27 20:13:00.440  1151  1458 W Conscrypt: 	at com.google.android.gms.org.conscrypt.ConscryptFileDescriptorSocket.setSoWriteTimeout(:com.google.android.gms@17785019@17.7.85 (040400-253824076):2)
06-27 20:13:00.454   892   910 D lvjinhua:  Failed while trying resolve alarm filter file, not exists
06-27 20:13:00.467   892   892 I art     : Rejecting re-init on previously-failed class java.lang.Class<agat>: java.lang.NoClassDefFoundError: Failed resolution of: Landroid/net/ConnectivityManager$OnTetheringEntitlementResultListener;
06-27 20:13:00.467   892   892 I art     :   at com.google.android.gms.magictether.host.HotspotEnabler afzm.a(android.content.Context) (:com.google.android.gms@17785019@17.7.85 (040400-253824076):1)
06-27 20:13:00.467   892   892 I art     :   at void afyy.<init>(android.content.Context) (:com.google.android.gms@17785019@17.7.85 (040400-253824076):-1)
06-27 20:13:00.467   892   892 I art     :   at afyy afyy.a(android.content.Context) (:com.google.android.gms@17785019@17.7.85 (040400-253824076):5)
06-27 20:13:00.467   892   892 I art     :   at void com.google.android.gms.magictether.host.TetherListenerChimeraService.a(android.content.Context, boolean) (:com.google.android.gms@17785019@17.7.85 (040400-253824076):5)
06-27 20:13:00.467   892   892 I art     :   at void com.google.android.gms.magictether.host.TetherListenerChimeraService.onDestroy() (:com.google.android.gms@17785019@17.7.85 (040400-253824076):2)
06-27 20:13:00.467   892   892 I art     :   at void qmj.onDestroy() (:com.google.android.gms@17785019@17.7.85 (040400-253824076):2)
06-27 20:13:00.467   892   892 I art     :   at void android.app.ActivityThread.handleStopService(android.os.IBinder) (ActivityThread.java:3357)
06-27 20:13:00.468   892   892 I art     :   at void android.app.ActivityThread.-wrap27(android.app.ActivityThread, android.os.IBinder) (ActivityThread.java:-1)
06-27 20:13:00.468   892   892 I art     :   at void android.app.ActivityThread$H.handleMessage(android.os.Message) (ActivityThread.java:1588)
06-27 20:13:00.468   892   892 I art     :   at void android.os.Handler.dispatchMessage(android.os.Message) (Handler.java:102)
06-27 20:13:00.468   892   892 I art     :   at void android.os.Looper.loop() (Looper.java:154)
06-27 20:13:00.468   892   892 I art     :   at void android.app.ActivityThread.main(java.lang.String[]) (ActivityThread.java:6121)
06-27 20:13:00.468   892   892 I art     :   at java.lang.Object java.lang.reflect.Method.invoke!(java.lang.Object, java.lang.Object[]) (Method.java:-2)
06-27 20:13:00.468   892   892 I art     :   at void com.android.internal.os.ZygoteInit$MethodAndArgsCaller.run() (ZygoteInit.java:905)
06-27 20:13:00.468   892   892 I art     :   at void com.android.internal.os.ZygoteInit.main(java.lang.String[]) (ZygoteInit.java:795)
06-27 20:13:00.468   892   892 I art     : Caused by: java.lang.ClassNotFoundException: Didn't find class "android.net.ConnectivityManager$OnTetheringEntitlementResultListener" on path: DexPathList[[zip file "/system/framework/com.android.location.provider.jar", zip file "/system/framework/com.android.media.remotedisplay.jar", zip file "/data/app/com.google.android.gms-2/base.apk"],nativeLibraryDirectories=[/data/app/com.google.android.gms-2/lib/arm64, /data/app/com.google.android.gms-2/base.apk!/lib/arm64-v8a, /system/lib64, /vendor/lib64]]
06-27 20:13:00.468   892   892 I art     :   at java.lang.Class dalvik.system.BaseDexClassLoader.findClass(java.lang.String) (BaseDexClassLoader.java:56)
06-27 20:13:00.468   892   892 I art     :   at java.lang.Class java.lang.ClassLoader.loadClass(java.lang.String, boolean) (ClassLoader.java:380)
06-27 20:13:00.468   892   892 I art     :   at java.lang.Class java.lang.ClassLoader.loadClass(java.lang.String) (ClassLoader.java:312)
06-27 20:13:00.468   892   892 I art     :   at com.google.android.gms.magictether.host.HotspotEnabler afzm.a(android.content.Context) (:com.google.android.gms@17785019@17.7.85 (040400-253824076):1)
06-27 20:13:00.468   892   892 I art     :   at void afyy.<init>(android.content.Context) (:com.google.android.gms@17785019@17.7.85 (040400-253824076):-1)
06-27 20:13:00.468   892   892 I art     :   at afyy afyy.a(android.content.Context) (:com.google.android.gms@17785019@17.7.85 (040400-253824076):5)
06-27 20:13:00.468   892   892 I art     :   at void com.google.android.gms.magictether.host.TetherListenerChimeraService.a(android.content.Context, boolean) (:com.google.android.gms@17785019@17.7.85 (040400-253824076):5)
06-27 20:13:00.468   892   892 I art     :   at void com.google.android.gms.magictether.host.TetherListenerChimeraService.onDestroy() (:com.google.android.gms@17785019@17.7.85 (040400-253824076):2)
06-27 20:13:00.468   892   892 I art     :   at void qmj.onDestroy() (:com.google.android.gms@17785019@17.7.85 (040400-253824076):2)
06-27 20:13:00.468   892   892 I art     :   at void android.app.ActivityThread.handleStopService(android.os.IBinder) (ActivityThread.java:3357)
06-27 20:13:00.468   892   892 I art     :   at void android.app.ActivityThread.-wrap27(android.app.ActivityThread, android.os.IBinder) (ActivityThread.java:-1)
06-27 20:13:00.468   892   892 I art     :   at void android.app.ActivityThread$H.handleMessage(android.os.Message) (ActivityThread.java:1588)
06-27 20:13:00.468   892   892 I art     :   at void android.os.Handler.dispatchMessage(android.os.Message) (Handler.java:102)
06-27 20:13:00.468   892   892 I art     :   at void android.os.Looper.loop() (Looper.java:154)
06-27 20:13:00.468   892   892 I art     :   at void android.app.ActivityThread.main(java.lang.String[]) (ActivityThread.java:6121)
06-27 20:13:00.468   892   892 I art     :   at java.lang.Object java.lang.reflect.Method.invoke!(java.lang.Object, java.lang.Object[]) (Method.java:-2)
06-27 20:13:00.468   892   892 I art     :   at void com.android.internal.os.ZygoteInit$MethodAndArgsCaller.run() (ZygoteInit.java:905)
06-27 20:13:00.468   892   892 I art     :   at void com.android.internal.os.ZygoteInit.main(java.lang.String[]) (ZygoteInit.java:795)
06-27 20:13:00.468   892   892 I art     : 
06-27 20:13:00.483  1151  1494 I Vision  : Details: ocr_arm64_v8a.zip, eef0f328b471a7ddd7197ba013d6462194ac8566
06-27 20:13:00.507  1151  1494 I Vision  : Engine already satisfied by existing download for ocr
06-27 20:13:00.516   892   892 W ChimeraUtils: Non Chimera context
06-27 20:13:00.587  1406  1688 W iceDescriptorBinderImpl: Regular parsing failed: Can't parse device type string (namespace/type/version): urn:dial-multiscreen-org:service:dial:1
06-27 20:13:00.591   892  1719 I GCoreUlr: WorldUpdater:init: Ensuring that reporting is stopped because of reasons: {account#2#=[InactiveReason{mIdentifier=6, mName='ReportingNotEnabled'}, InactiveReason{mIdentifier=14, mName='HistoryNotEnabled'}]}
06-27 20:13:00.603   405   509 I InputReader: 1--1-----KeyCode=22, scanCode=106
06-27 20:13:00.604   405   509 I InputReader: 1--22-----KeyCode=22, scanCode=106
06-27 20:13:00.604   405   509 I InputReader: KeyCode=22, scanCode=106
06-27 20:13:00.605   405   509 D WindowManager: interceptKeyTq keycode=22 interactive=true keyguardActive=false policyFlags=22000000
06-27 20:13:00.605   405   508 D WindowManager: interceptKeyTi keyCode=22 down=true repeatCount=0 keyguardOn=false mHomePressed=false canceled=false
06-27 20:13:00.637   892  1721 I VacuumService: Vacuum at: now=1561655580637 tag=VacuumService
06-27 20:13:00.670   892   906 I art     : Background sticky concurrent mark sweep GC freed 42489(3MB) AllocSpace objects, 20(460KB) LOS objects, 37% free, 8MB/13MB, paused 6.462ms total 109.337ms
06-27 20:13:00.694   405   509 I InputReader: 1--1-----KeyCode=22, scanCode=106
06-27 20:13:00.695   405   509 D WindowManager: interceptKeyTq keycode=22 interactive=true keyguardActive=false policyFlags=22000000
06-27 20:13:00.695   405   508 D WindowManager: interceptKeyTi keyCode=22 down=false repeatCount=0 keyguardOn=false mHomePressed=false canceled=false
06-27 20:13:00.722  1151  1458 I CheckinRequestProcessor: updateCheckinIdTokenFileFromResponse, Reading existing AID
06-27 20:13:00.778   892  1218 W awmy    : Empty context buffer. Thus might mean that the context is not synced down.
06-27 20:13:00.778   892  1218 W awhk    : Empty context model while retrieving upload opt-in status!
06-27 20:13:00.784  1151  1458 I CheckinRequestProcessor: CheckinNowTaskTag : Checkin Succeeded: https://android.googleapis.com/checkin (fragment #1): 
06-27 20:13:00.792   892  1719 I GCoreUlr: Unbound from all signal providers.
06-27 20:13:00.797   892  1567 I GCoreUlr: Successfully accounts update
06-27 20:13:00.848   892   892 I GCoreUlr: Unbound from all signal providers.
06-27 20:13:00.848   892  1719 I GCoreUlr: Successfully accounts update
06-27 20:13:00.857   892   892 I GCoreUlr: Stopping handler for UlrDispSvcFast
06-27 20:13:00.919  1406  1688 W iceDescriptorBinderImpl: Removing leading garbage didn't work: Can't parse device type string (namespace/type/version): urn:dial-multiscreen-org:service:dial:1
06-27 20:13:00.920  1406  1688 W trieveRemoteDescriptors: Could not hydrate device or its services from descriptor: (RemoteDevice) Identity: (RemoteDeviceIdentity) UDN: uuid:b3ba70e0-c7c4-4f76-abd6-aedd12d4df47, Descriptor: http://192.168.1.10:1962/, Root: true
06-27 20:13:00.920  1406  1688 W trieveRemoteDescriptors: Cause was: org.fourthline.cling.model.types.InvalidValueException: Can't parse device type string (namespace/type/version): urn:dial-multiscreen-org:service:dial:1
06-27 20:13:00.952   892  1218 W awmy    : Empty context buffer. Thus might mean that the context is not synced down.
06-27 20:13:00.953   892  1218 W awhk    : Empty context model while retrieving upload opt-in status!
06-27 20:13:00.970   405   509 I InputReader: 1--1-----KeyCode=20, scanCode=108
06-27 20:13:00.970   405   509 I InputReader: 1--22-----KeyCode=20, scanCode=108
06-27 20:13:00.971   405   509 I InputReader: KeyCode=20, scanCode=108
06-27 20:13:00.971   405   509 D WindowManager: interceptKeyTq keycode=20 interactive=true keyguardActive=false policyFlags=22000000
06-27 20:13:00.971   405   508 D WindowManager: interceptKeyTi keyCode=20 down=true repeatCount=0 keyguardOn=false mHomePressed=false canceled=false
06-27 20:13:00.994   892   892 D lvjinhua:  Failed while trying resolve alarm filter file, not exists
06-27 20:13:01.047   405   705 W BroadcastQueue: Permission Denial: broadcasting Intent { act=com.google.android.checkin.CHECKIN_COMPLETE flg=0x10 (has extras) } from com.google.android.gms (pid=1151, uid=10008) is not exported from uid 10014 due to receiver com.android.vending/com.google.android.finsky.checkin.CheckinReceiver
06-27 20:13:01.049   892  1834 W awmy    : Empty context buffer. Thus might mean that the context is not synced down.
06-27 20:13:01.049   892  1834 W awhk    : Empty context model while retrieving upload opt-in status!
06-27 20:13:01.106   892  1218 W awmy    : Empty context buffer. Thus might mean that the context is not synced down.
06-27 20:13:01.106   892  1218 W awhk    : Empty context model while retrieving upload opt-in status!
06-27 20:13:01.116   892  1539 I Auth    : [ReflectiveChannelBinder] Successfully bound channel!
06-27 20:13:01.157   405   509 I InputReader: 1--1-----KeyCode=20, scanCode=108
06-27 20:13:01.158   405   509 D WindowManager: interceptKeyTq keycode=20 interactive=true keyguardActive=false policyFlags=22000000
06-27 20:13:01.158   405   508 D WindowManager: interceptKeyTi keyCode=20 down=false repeatCount=0 keyguardOn=false mHomePressed=false canceled=false
06-27 20:13:01.170   892  1539 W Conscrypt: Could not set socket write timeout: java.net.SocketException: Socket closed
06-27 20:13:01.172   892  1834 W awmy    : Empty context buffer. Thus might mean that the context is not synced down.
06-27 20:13:01.173   892  1834 W awhk    : Empty context model while retrieving upload opt-in status!
06-27 20:13:01.177   892  1539 W Conscrypt: 	at com.google.android.gms.org.conscrypt.Platform.setSocketWriteTimeout(:com.google.android.gms@17785019@17.7.85 (040400-253824076):2)
06-27 20:13:01.177   892  1539 W Conscrypt: 	at com.google.android.gms.org.conscrypt.ConscryptFileDescriptorSocket.setSoWriteTimeout(:com.google.android.gms@17785019@17.7.85 (040400-253824076):2)
06-27 20:13:01.197  1406  1696 W iceDescriptorBinderImpl: Regular parsing failed: Can't parse device type string (namespace/type/version): urn:dial-multiscreen-org:service:dial:1
06-27 20:13:01.220   892  1539 W Conscrypt: Could not set socket write timeout: java.net.SocketException: Socket closed
06-27 20:13:01.220   892  1539 W Conscrypt: 	at com.google.android.gms.org.conscrypt.Platform.setSocketWriteTimeout(:com.google.android.gms@17785019@17.7.85 (040400-253824076):2)
06-27 20:13:01.220   892  1539 W Conscrypt: 	at com.google.android.gms.org.conscrypt.ConscryptFileDescriptorSocket.setSoWriteTimeout(:com.google.android.gms@17785019@17.7.85 (040400-253824076):2)
06-27 20:13:01.228   892  1834 W awmy    : Empty context buffer. Thus might mean that the context is not synced down.
06-27 20:13:01.229   892  1834 W awhk    : Empty context model while retrieving upload opt-in status!
06-27 20:13:01.302   892  1218 W awmy    : Empty context buffer. Thus might mean that the context is not synced down.
06-27 20:13:01.302   892  1218 W awhk    : Empty context model while retrieving upload opt-in status!
06-27 20:13:01.324  1406  1510 W iceDescriptorBinderImpl: Regular parsing failed: Can't parse device type string (namespace/type/version): urn:dial-multiscreen-org:service:dial:1
06-27 20:13:01.361   405   509 I InputReader: 1--1-----KeyCode=21, scanCode=105
06-27 20:13:01.362   405   509 I InputReader: 1--22-----KeyCode=21, scanCode=105
06-27 20:13:01.362   405   509 I InputReader: KeyCode=21, scanCode=105
06-27 20:13:01.362   405   509 D WindowManager: interceptKeyTq keycode=21 interactive=true keyguardActive=false policyFlags=22000000
06-27 20:13:01.362   405   508 D WindowManager: interceptKeyTi keyCode=21 down=true repeatCount=0 keyguardOn=false mHomePressed=false canceled=false
06-27 20:13:01.386  1151  1550 I Icing   : Internal init done: storage state 0
06-27 20:13:01.393  1406  1696 W iceDescriptorBinderImpl: Removing leading garbage didn't work: Can't parse device type string (namespace/type/version): urn:dial-multiscreen-org:service:dial:1
06-27 20:13:01.394  1406  1696 W trieveRemoteDescriptors: Could not hydrate device or its services from descriptor: (RemoteDevice) Identity: (RemoteDeviceIdentity) UDN: uuid:b3ba70e0-c7c4-4f76-abd6-aedd12d4df47, Descriptor: http://192.168.1.10:1962/, Root: true
06-27 20:13:01.394  1406  1696 W trieveRemoteDescriptors: Cause was: org.fourthline.cling.model.types.InvalidValueException: Can't parse device type string (namespace/type/version): urn:dial-multiscreen-org:service:dial:1
06-27 20:13:01.415   892  1834 W awmy    : Empty context buffer. Thus might mean that the context is not synced down.
06-27 20:13:01.415   892  1834 W awhk    : Empty context model while retrieving upload opt-in status!
06-27 20:13:01.506   892  1218 W awmy    : Empty context buffer. Thus might mean that the context is not synced down.
06-27 20:13:01.506   892  1218 W awhk    : Empty context model while retrieving upload opt-in status!
06-27 20:13:01.547   405   509 I InputReader: 1--1-----KeyCode=21, scanCode=105
06-27 20:13:01.548   405   509 D WindowManager: interceptKeyTq keycode=21 interactive=true keyguardActive=false policyFlags=22000000
06-27 20:13:01.549   405   508 D WindowManager: interceptKeyTi keyCode=21 down=false repeatCount=0 keyguardOn=false mHomePressed=false canceled=false
06-27 20:13:01.573  1429  1442 W art     : Suspending all threads took: 14.546ms
06-27 20:13:01.588  1151  1550 I Icing   : Post-init done
06-27 20:13:01.596  1429  1429 D ProfilesDefinitionParser: Parsing Profiles definition
06-27 20:13:01.596  1429  1429 D ProfilesDefinitionParser: Parsing profile definition for profile 1
06-27 20:13:01.612   892  1718 W art     : Before Android 4.1, method double java.util.concurrent.ThreadLocalRandom.internalNextDouble(double, double) would have incorrectly overridden the package-private method in java.util.Random
06-27 20:13:01.612   892  1718 W art     : Before Android 4.1, method int java.util.concurrent.ThreadLocalRandom.internalNextInt(int, int) would have incorrectly overridden the package-private method in java.util.Random
06-27 20:13:01.612   892  1718 W art     : Before Android 4.1, method long java.util.concurrent.ThreadLocalRandom.internalNextLong(long, long) would have incorrectly overridden the package-private method in java.util.Random
06-27 20:13:01.676  1600  1729 I Finsky  : [38] kjz.run(10): Installer: Installer started.
06-27 20:13:01.726   892  1721 W Conscrypt: Could not set socket write timeout: java.net.SocketException: Socket closed
06-27 20:13:01.726   892  1721 W Conscrypt: 	at com.google.android.gms.org.conscrypt.Platform.setSocketWriteTimeout(:com.google.android.gms@17785019@17.7.85 (040400-253824076):2)
06-27 20:13:01.726   892  1721 W Conscrypt: 	at com.google.android.gms.org.conscrypt.ConscryptFileDescriptorSocket.setSoWriteTimeout(:com.google.android.gms@17785019@17.7.85 (040400-253824076):2)
06-27 20:13:01.736   405   509 I InputReader: 1--1-----KeyCode=19, scanCode=103
06-27 20:13:01.737   405   509 I InputReader: 1--22-----KeyCode=19, scanCode=103
06-27 20:13:01.737   405   509 I InputReader: KeyCode=19, scanCode=103
06-27 20:13:01.737   405   509 D WindowManager: interceptKeyTq keycode=19 interactive=true keyguardActive=false policyFlags=22000000
06-27 20:13:01.738  1387  1400 W art     : Suspending all threads took: 7.206ms
06-27 20:13:01.738   405   508 D WindowManager: interceptKeyTi keyCode=19 down=true repeatCount=0 keyguardOn=false mHomePressed=false canceled=false
06-27 20:13:01.755  1406  1418 W art     : Suspending all threads took: 217.901ms
06-27 20:13:01.759   892  1721 W Conscrypt: Could not set socket write timeout: java.net.SocketException: Socket closed
06-27 20:13:01.759   892  1721 W Conscrypt: 	at com.google.android.gms.org.conscrypt.Platform.setSocketWriteTimeout(:com.google.android.gms@17785019@17.7.85 (040400-253824076):2)
06-27 20:13:01.759   892  1721 W Conscrypt: 	at com.google.android.gms.org.conscrypt.ConscryptFileDescriptorSocket.setSoWriteTimeout(:com.google.android.gms@17785019@17.7.85 (040400-253824076):2)
06-27 20:13:01.764  1406  1510 W iceDescriptorBinderImpl: Removing leading garbage didn't work: Can't parse device type string (namespace/type/version): urn:dial-multiscreen-org:service:dial:1
06-27 20:13:01.764  1406  1510 W trieveRemoteDescriptors: Could not hydrate device or its services from descriptor: (RemoteDevice) Identity: (RemoteDeviceIdentity) UDN: uuid:b3ba70e0-c7c4-4f76-abd6-aedd12d4df47, Descriptor: http://192.168.1.10:1962/, Root: true
06-27 20:13:01.764  1406  1510 W trieveRemoteDescriptors: Cause was: org.fourthline.cling.model.types.InvalidValueException: Can't parse device type string (namespace/type/version): urn:dial-multiscreen-org:service:dial:1
06-27 20:13:01.827   405   509 I InputReader: 1--1-----KeyCode=19, scanCode=103
06-27 20:13:01.828   405   509 D WindowManager: interceptKeyTq keycode=19 interactive=true keyguardActive=false policyFlags=22000000
06-27 20:13:01.828   405   508 D WindowManager: interceptKeyTi keyCode=19 down=false repeatCount=0 keyguardOn=false mHomePressed=false canceled=false
06-27 20:13:01.872   405   479 I ActivityManager: Waited long enough for: ServiceRecord{fdf3aa6 u0 com.rockchip.devicetest/.service.TestService}
06-27 20:13:01.928   892  1573 I aofg    : updateFromConfigurations using legacy put method [CONTEXT service_id=204 ]
06-27 20:13:01.943   892  1815 I aufc    : Maintaining payment bundles [CONTEXT service_id=79 ]
06-27 20:13:01.948   892  1710 E PhenotypeFlagCommitter: Retrieving snapshot for com.google.android.gms.lockbox failed
06-27 20:13:01.948   892  1710 E PhenotypeFlagCommitter: java.util.concurrent.TimeoutException: Timed out waiting for Task
06-27 20:13:01.948   892  1710 E PhenotypeFlagCommitter: 	at avgu.a(:com.google.android.gms@17785019@17.7.85 (040400-253824076):19)
06-27 20:13:01.948   892  1710 E PhenotypeFlagCommitter: 	at aodk.a(:com.google.android.gms@17785019@17.7.85 (040400-253824076):2)
06-27 20:13:01.948   892  1710 E PhenotypeFlagCommitter: 	at aodk.a(:com.google.android.gms@17785019@17.7.85 (040400-253824076):19)
06-27 20:13:01.948   892  1710 E PhenotypeFlagCommitter: 	at aodk.a(:com.google.android.gms@17785019@17.7.85 (040400-253824076):31)
06-27 20:13:01.948   892  1710 E PhenotypeFlagCommitter: 	at com.google.android.gms.lockbox.LockboxChimeraService.a(:com.google.android.gms@17785019@17.7.85 (040400-253824076):29)
06-27 20:13:01.948   892  1710 E PhenotypeFlagCommitter: 	at com.google.android.gms.framework.tracing.wrapper.TracingIntentService.onHandleIntent(:com.google.android.gms@17785019@17.7.85 (040400-253824076):1)
06-27 20:13:01.948   892  1710 E PhenotypeFlagCommitter: 	at edl.handleMessage(:com.google.android.gms@17785019@17.7.85 (040400-253824076))
06-27 20:13:01.948   892  1710 E PhenotypeFlagCommitter: 	at android.os.Handler.dispatchMessage(Handler.java:102)
06-27 20:13:01.948   892  1710 E PhenotypeFlagCommitter: 	at android.os.Looper.loop(Looper.java:154)
06-27 20:13:01.948   892  1710 E PhenotypeFlagCommitter: 	at android.os.HandlerThread.run(HandlerThread.java:61)
06-27 20:13:01.956   892  1815 I aufc    : Finished maintaining payment bundles [CONTEXT service_id=79 ]
06-27 20:13:02.053   892  1559 E aujk    : Error retrieving account [CONTEXT service_id=79 ]
06-27 20:13:02.053   892  1559 E aujk    : java.lang.IllegalStateException: No current tap-and-pay account
06-27 20:13:02.053   892  1559 E aujk    : 	at atod.b(:com.google.android.gms@17785019@17.7.85 (040400-253824076):4)
06-27 20:13:02.053   892  1559 E aujk    : 	at atod.a(:com.google.android.gms@17785019@17.7.85 (040400-253824076):1)
06-27 20:13:02.053   892  1559 E aujk    : 	at aujk.a(:com.google.android.gms@17785019@17.7.85 (040400-253824076):82)
06-27 20:13:02.053   892  1559 E aujk    : 	at com.google.android.gms.tapandpay.gcmtask.TapAndPayGcmTaskChimeraService.a(:com.google.android.gms@17785019@17.7.85 (040400-253824076):3)
06-27 20:13:02.053   892  1559 E aujk    : 	at com.google.android.gms.tapandpay.gcmtask.TapAndPayGcmTaskChimeraService.a(:com.google.android.gms@17785019@17.7.85 (040400-253824076):1)
06-27 20:13:02.053   892  1559 E aujk    : 	at atya.e(:com.google.android.gms@17785019@17.7.85 (040400-253824076):6)
06-27 20:13:02.053   892  1559 E aujk    : 	at atya.a(:com.google.android.gms@17785019@17.7.85 (040400-253824076):1)
06-27 20:13:02.053   892  1559 E aujk    : 	at com.google.android.gms.tapandpay.init.TapAndPayInitIntentOperation.onHandleIntent(:com.google.android.gms@17785019@17.7.85 (040400-253824076):4)
06-27 20:13:02.053   892  1559 E aujk    : 	at com.google.android.chimera.IntentOperation.onHandleIntent(:com.google.android.gms@17785019@17.7.85 (040400-253824076):2)
06-27 20:13:02.053   892  1559 E aujk    : 	at qmh.onHandleIntent(:com.google.android.gms@17785019@17.7.85 (040400-253824076):4)
06-27 20:13:02.053   892  1559 E aujk    : 	at efy.run(:com.google.android.gms@17785019@17.7.85 (040400-253824076):10)
06-27 20:13:02.053   892  1559 E aujk    : 	at efx.run(:com.google.android.gms@17785019@17.7.85 (040400-253824076):9)
06-27 20:13:02.053   892  1559 E aujk    : 	at java.util.concurrent.ThreadPoolExecutor.runWorker(ThreadPoolExecutor.java:1133)
06-27 20:13:02.053   892  1559 E aujk    : 	at java.util.concurrent.ThreadPoolExecutor$Worker.run(ThreadPoolExecutor.java:607)
06-27 20:13:02.053   892  1559 E aujk    : 	at java.lang.Thread.run(Thread.java:761)
06-27 20:13:02.106   892  1834 W awmy    : Empty context buffer. Thus might mean that the context is not synced down.
06-27 20:13:02.106   892  1834 W awhk    : Empty context model while retrieving upload opt-in status!
06-27 20:13:02.112   892  1216 I InstantApps: DomainFilterImpl: Domain filter response size: 221
06-27 20:13:02.148   892  1559 I atxb    : getInstance: new instance created [CONTEXT service_id=79 ]
06-27 20:13:02.167   892  1216 I InstantApps: DomainFilterImpl: Account = home@romanr.info is ineligible from using Instant apps
06-27 20:13:02.181   892  1834 W awmy    : Empty context buffer. Thus might mean that the context is not synced down.
06-27 20:13:02.182   892  1834 W awhk    : Empty context model while retrieving upload opt-in status!
06-27 20:13:02.237   892  1220 W Conscrypt: Could not set socket write timeout: java.net.SocketException: Socket closed
06-27 20:13:02.238   892  1220 W Conscrypt: 	at com.google.android.gms.org.conscrypt.Platform.setSocketWriteTimeout(:com.google.android.gms@17785019@17.7.85 (040400-253824076):2)
06-27 20:13:02.238   892  1220 W Conscrypt: 	at com.google.android.gms.org.conscrypt.ConscryptFileDescriptorSocket.setSoWriteTimeout(:com.google.android.gms@17785019@17.7.85 (040400-253824076):2)
06-27 20:13:02.242   892  1539 I Auth    : [BroadcastManager] Broadcasting account services changed.
06-27 20:13:02.256  1151  1516 I Auth    : [SupervisedAccountIntentOperation] onHandleIntent(): com.google.android.gms.auth.ACCOUNT_SERVICES_CHANGED
06-27 20:13:02.256  1151  1516 I Auth    : [SupervisedAccountIntentOperation] This operation is disabled
06-27 20:13:02.281   892  1220 W Conscrypt: Could not set socket write timeout: java.net.SocketException: Socket closed
06-27 20:13:02.282   892  1220 W Conscrypt: 	at com.google.android.gms.org.conscrypt.Platform.setSocketWriteTimeout(:com.google.android.gms@17785019@17.7.85 (040400-253824076):2)
06-27 20:13:02.282   892  1220 W Conscrypt: 	at com.google.android.gms.org.conscrypt.ConscryptFileDescriptorSocket.setSoWriteTimeout(:com.google.android.gms@17785019@17.7.85 (040400-253824076):2)
06-27 20:13:02.304  1429  1429 D SystemDeviceService: [handleAutoRun] auto start mediarender. 
06-27 20:13:02.344   892  1573 I aofg    : updateFromConfigurations using legacy put method [CONTEXT service_id=204 ]
06-27 20:13:02.346  1406  1529 W iceDescriptorBinderImpl: Regular parsing failed: Can't parse device type string (namespace/type/version): urn:dial-multiscreen-org:service:dial:1
06-27 20:13:02.359  1406  1682 W iceDescriptorBinderImpl: Regular parsing failed: Can't parse device type string (namespace/type/version): urn:dial-multiscreen-org:service:dial:1
06-27 20:13:02.377  1151  1727 W SubscribedFeeds: Hard error: byhc: Received 401 status code: <HTML>
06-27 20:13:02.377  1151  1727 W SubscribedFeeds: <HEAD>
06-27 20:13:02.377  1151  1727 W SubscribedFeeds: <TITLE>Service &lt;mail&gt; disabled by G Suite admin.</TITLE>
06-27 20:13:02.377  1151  1727 W SubscribedFeeds: </HEAD>
06-27 20:13:02.377  1151  1727 W SubscribedFeeds: <BODY BGCOLOR="#FFFFFF" TEXT="#000000">
06-27 20:13:02.377  1151  1727 W SubscribedFeeds: <H1>Service &lt;mail&gt; disabled by G Suite admin.</H1>
06-27 20:13:02.377  1151  1727 W SubscribedFeeds: <H2>Error 401</H2>
06-27 20:13:02.377  1151  1727 W SubscribedFeeds: </BODY>
06-27 20:13:02.377  1151  1727 W SubscribedFeeds: </HTML>
06-27 20:13:02.389   405   478 D SyncManager: failed sync operation JobId: 101413, home@romanr.info u0 (com.google), subscribedfeeds, SERVER, reason: 10008, SyncResult: stats [ numAuthExceptions: 1]
06-27 20:13:02.392   405   478 D SyncManager: not retrying sync operation because the error is a hard error: JobId: 101413, home@romanr.info u0 (com.google), subscribedfeeds, SERVER, reason: 10008
06-27 20:13:02.411  1406  1529 W iceDescriptorBinderImpl: Removing leading garbage didn't work: Can't parse device type string (namespace/type/version): urn:dial-multiscreen-org:service:dial:1
06-27 20:13:02.411  1406  1529 W trieveRemoteDescriptors: Could not hydrate device or its services from descriptor: (RemoteDevice) Identity: (RemoteDeviceIdentity) UDN: uuid:b3ba70e0-c7c4-4f76-abd6-aedd12d4df47, Descriptor: http://192.168.1.10:1962/, Root: true
06-27 20:13:02.411  1406  1529 W trieveRemoteDescriptors: Cause was: org.fourthline.cling.model.types.InvalidValueException: Can't parse device type string (namespace/type/version): urn:dial-multiscreen-org:service:dial:1
06-27 20:13:02.415  1406  1682 W iceDescriptorBinderImpl: Removing leading garbage didn't work: Can't parse device type string (namespace/type/version): urn:dial-multiscreen-org:service:dial:1
06-27 20:13:02.416  1406  1682 W trieveRemoteDescriptors: Could not hydrate device or its services from descriptor: (RemoteDevice) Identity: (RemoteDeviceIdentity) UDN: uuid:b3ba70e0-c7c4-4f76-abd6-aedd12d4df47, Descriptor: http://192.168.1.10:1962/, Root: true
06-27 20:13:02.416  1406  1682 W trieveRemoteDescriptors: Cause was: org.fourthline.cling.model.types.InvalidValueException: Can't parse device type string (namespace/type/version): urn:dial-multiscreen-org:service:dial:1
06-27 20:13:02.416  1600  1600 I Finsky  : [1] rcz.a(35): Connecting InstallListener to SplitInstallService broadcaster...
06-27 20:13:02.513  1406  1497 W iceDescriptorBinderImpl: Regular parsing failed: Can't parse device type string (namespace/type/version): urn:dial-multiscreen-org:service:dial:1
06-27 20:13:02.544  1600  1600 I Finsky  : [1] khj.a(267): Installer: found apps to install. apps=[]
06-27 20:13:02.676  1406  1533 W art     : Long monitor contention with owner cling-38 (1688) at boolean org.fourthline.cling.registry.RegistryImpl.update(org.fourthline.cling.model.meta.RemoteDeviceIdentity)(RegistryImpl.java:-1) waiters=3 in boolean org.fourthline.cling.registry.RegistryImpl.update(org.fourthline.cling.model.meta.RemoteDeviceIdentity) for 177ms
06-27 20:13:02.678  1406  1675 W art     : Long monitor contention with owner cling-38 (1688) at boolean org.fourthline.cling.registry.RegistryImpl.update(org.fourthline.cling.model.meta.RemoteDeviceIdentity)(RegistryImpl.java:-1) waiters=4 in boolean org.fourthline.cling.registry.RegistryImpl.update(org.fourthline.cling.model.meta.RemoteDeviceIdentity) for 172ms
06-27 20:13:02.679  1406  1512 W art     : Long monitor contention with owner cling-38 (1688) at boolean org.fourthline.cling.registry.RegistryImpl.update(org.fourthline.cling.model.meta.RemoteDeviceIdentity)(RegistryImpl.java:-1) waiters=6 in boolean org.fourthline.cling.registry.RegistryImpl.update(org.fourthline.cling.model.meta.RemoteDeviceIdentity) for 144ms
06-27 20:13:02.680  1406  1691 W art     : Long monitor contention with owner cling-38 (1688) at boolean org.fourthline.cling.registry.RegistryImpl.update(org.fourthline.cling.model.meta.RemoteDeviceIdentity)(RegistryImpl.java:-1) waiters=7 in boolean org.fourthline.cling.registry.RegistryImpl.update(org.fourthline.cling.model.meta.RemoteDeviceIdentity) for 138ms
06-27 20:13:02.684  1406  1499 W art     : Long monitor contention with owner cling-38 (1688) at boolean org.fourthline.cling.registry.RegistryImpl.update(org.fourthline.cling.model.meta.RemoteDeviceIdentity)(RegistryImpl.java:-1) waiters=10 in boolean org.fourthline.cling.registry.RegistryImpl.update(org.fourthline.cling.model.meta.RemoteDeviceIdentity) for 134ms
06-27 20:13:02.684  1406  1534 W art     : Long monitor contention with owner cling-38 (1688) at boolean org.fourthline.cling.registry.RegistryImpl.update(org.fourthline.cling.model.meta.RemoteDeviceIdentity)(RegistryImpl.java:-1) waiters=10 in boolean org.fourthline.cling.registry.RegistryImpl.update(org.fourthline.cling.model.meta.RemoteDeviceIdentity) for 134ms
06-27 20:13:02.722  1151  1550 W Conscrypt: Could not set socket write timeout: java.net.SocketException: Socket closed
06-27 20:13:02.722  1151  1550 W Conscrypt: 	at com.google.android.gms.org.conscrypt.Platform.setSocketWriteTimeout(:com.google.android.gms@17785019@17.7.85 (040400-253824076):2)
06-27 20:13:02.722  1151  1550 W Conscrypt: 	at com.google.android.gms.org.conscrypt.ConscryptFileDescriptorSocket.setSoWriteTimeout(:com.google.android.gms@17785019@17.7.85 (040400-253824076):2)
06-27 20:13:02.769  1406  1497 W iceDescriptorBinderImpl: Removing leading garbage didn't work: Can't parse device type string (namespace/type/version): urn:dial-multiscreen-org:service:dial:1
06-27 20:13:02.794  1406  1497 W trieveRemoteDescriptors: Could not hydrate device or its services from descriptor: (RemoteDevice) Identity: (RemoteDeviceIdentity) UDN: uuid:b3ba70e0-c7c4-4f76-abd6-aedd12d4df47, Descriptor: http://192.168.1.10:1962/, Root: true
06-27 20:13:02.794  1406  1497 W trieveRemoteDescriptors: Cause was: org.fourthline.cling.model.types.InvalidValueException: Can't parse device type string (namespace/type/version): urn:dial-multiscreen-org:service:dial:1
06-27 20:13:02.849  1151  1550 W Conscrypt: Could not set socket write timeout: java.net.SocketException: Socket closed
06-27 20:13:02.849  1151  1550 W Conscrypt: 	at com.google.android.gms.org.conscrypt.Platform.setSocketWriteTimeout(:com.google.android.gms@17785019@17.7.85 (040400-253824076):2)
