06-27 00:37:13.936  1171  1171 W System  : ClassLoader referenced unknown path: /system/priv-app/MediaProvider/lib/arm64
06-27 00:37:13.974  1171  1171 W System  : ClassLoader referenced unknown path: /system/priv-app/DownloadProvider/lib/arm64
06-27 00:37:13.975  1171  1171 D ApplicationLoaders: ignored Vulkan layer search path /system/priv-app/DownloadProvider/lib/arm64:/system/lib64:/vendor/lib64 for namespace 0x7df99930f0
06-27 00:37:14.058  1131  1131 W DynamiteModule: Local module descriptor class for providerinstaller not found.
06-27 00:37:14.063   903   903 D Backup  : [BackupScheduler] Setting backup scheduler enabled=false due to desired state 4
06-27 00:37:14.064   903   903 V Backup  : [BackupTransportCS] no backup now
06-27 00:37:14.064   903   903 V Backup  : [BackupTransportCS] Accounts changed
06-27 00:37:14.080  1131  1131 W ProviderHelper: Unknown dynamite feature providerinstaller
06-27 00:37:14.088  1131  1131 I DynamiteModule: Considering local module providerinstaller:0 and remote module providerinstaller:0
06-27 00:37:14.089  1131  1131 W ProviderInstaller: Failed to load providerinstaller module: No acceptable module found. Local version is 0 and remote version is 0.
06-27 00:37:14.101  1131  1131 V NativeCrypto: Registering com/google/android/gms/org/conscrypt/NativeCrypto's 284 native methods...
06-27 00:37:14.139  1131  1131 D NetworkSecurityConfig: Using Network Security Config from resource network_security_config debugBuild: false
06-27 00:37:14.143  1131  1131 I ProviderInstaller: Installed default security provider GmsCore_OpenSSL
06-27 00:37:14.159  1171  1171 D MediaScannerReceiver: ----MediaScanner get volume mounted,start scan---
06-27 00:37:14.173   633   633 D NewStorageActivity: Scanning volume: VolumeInfo{public:8,1}:
06-27 00:37:14.173   633   633 D NewStorageActivity:     type=PUBLIC diskId=disk:8,0 partGuid=null mountFlags=VISIBLE mountUserId=0 
06-27 00:37:14.173   633   633 D NewStorageActivity:     state=MOUNTED 
06-27 00:37:14.173   633   633 D NewStorageActivity:     fsType=ext4 fsUuid=e14e8b4a-c6c3-4546-b069-dfbdf64d0b66 fsLabel=512Gb ext4 
06-27 00:37:14.173   633   633 D NewStorageActivity:     path=/storage/e14e8b4a-c6c3-4546-b069-dfbdf64d0b66 
06-27 00:37:14.173   633   633 D NewStorageActivity:     internalPath=/mnt/media_rw/e14e8b4a-c6c3-4546-b069-dfbdf64d0b66 
06-27 00:37:14.175   903   903 W ChreGmsCore: Unable to construct RealContextHub.
06-27 00:37:14.175   903   903 W ChreGmsCore: java.lang.IllegalStateException: No ContextHubs were found in the platform.
06-27 00:37:14.175   903   903 W ChreGmsCore: 	at bswy.<init>(:com.google.android.gms@17785019@17.7.85 (040400-253824076):8)
06-27 00:37:14.175   903   903 W ChreGmsCore: 	at bfue.a(:com.google.android.gms@17785019@17.7.85 (040400-253824076):15)
06-27 00:37:14.175   903   903 W ChreGmsCore: 	at bfqn.<init>(:com.google.android.gms@17785019@17.7.85 (040400-253824076):16)
06-27 00:37:14.175   903   903 W ChreGmsCore: 	at bfqz.<init>(:com.google.android.gms@17785019@17.7.85 (040400-253824076):2)
06-27 00:37:14.175   903   903 W ChreGmsCore: 	at bfqz.<init>(:com.google.android.gms@17785019@17.7.85 (040400-253824076):1)
06-27 00:37:14.175   903   903 W ChreGmsCore: 	at com.google.android.location.geofencer.service.GeofencerStateMachine.<init>(:com.google.android.gms@17785019@17.7.85 (040400-253824076):25)
06-27 00:37:14.175   903   903 W ChreGmsCore: 	at bfra.<init>(:com.google.android.gms@17785019@17.7.85 (040400-253824076):3)
06-27 00:37:14.175   903   903 W ChreGmsCore: 	at bfsq.<init>(:com.google.android.gms@17785019@17.7.85 (040400-253824076):1)
06-27 00:37:14.175   903   903 W ChreGmsCore: 	at com.google.android.location.internal.GoogleLocationManagerChimeraService.onCreate(:com.google.android.gms@17785019@17.7.85 (040400-253824076):6)
06-27 00:37:14.175   903   903 W ChreGmsCore: 	at egp.onCreate(:com.google.android.gms@17785019@17.7.85 (040400-253824076):1)
06-27 00:37:14.175   903   903 W ChreGmsCore: 	at qmj.onCreate(:com.google.android.gms@17785019@17.7.85 (040400-253824076):3)
06-27 00:37:14.175   903   903 W ChreGmsCore: 	at android.app.ActivityThread.handleCreateService(ActivityThread.java:3192)
06-27 00:37:14.175   903   903 W ChreGmsCore: 	at android.app.ActivityThread.-wrap5(ActivityThread.java)
06-27 00:37:14.175   903   903 W ChreGmsCore: 	at android.app.ActivityThread$H.handleMessage(ActivityThread.java:1568)
06-27 00:37:14.175   903   903 W ChreGmsCore: 	at android.os.Handler.dispatchMessage(Handler.java:102)
06-27 00:37:14.175   903   903 W ChreGmsCore: 	at android.os.Looper.loop(Looper.java:154)
06-27 00:37:14.175   903   903 W ChreGmsCore: 	at android.app.ActivityThread.main(ActivityThread.java:6121)
06-27 00:37:14.175   903   903 W ChreGmsCore: 	at java.lang.reflect.Method.invoke(Native Method)
06-27 00:37:14.175   903   903 W ChreGmsCore: 	at com.android.internal.os.ZygoteInit$MethodAndArgsCaller.run(ZygoteInit.java:905)
06-27 00:37:14.175   903   903 W ChreGmsCore: 	at com.android.internal.os.ZygoteInit.main(ZygoteInit.java:795)
06-27 00:37:14.181  1171  1171 D lvjinhua:  Failed while trying resolve alarm filter file, not exists
06-27 00:37:14.207   972   972 E VRMountReceiver: ---------------- action = android.intent.action.MEDIA_MOUNTED
06-27 00:37:14.207   972   972 E VRMountReceiver: ------------- mount path = /storage/emulated/0
06-27 00:37:14.209   972   972 E VRMountReceiver: ---------------- pathUri is null 
06-27 00:37:14.231  1131  1131 W Primes  : Primes not initialized, returning default (no-op) Primes instance which will ignore all calls. Please call Primes.initialize(...) before using any Primes API.
06-27 00:37:14.596   903   903 W Settings: Setting airplane_mode_on has moved from android.provider.Settings.System to android.provider.Settings.Global, returning read-only value.
06-27 00:37:14.613  1131  1206 I GmsModuleFndr: Beginning GMS chimera module scan
06-27 00:37:14.672  1131  1206 I ModuleSetMgr: Computing pending module set with APKs: {file:///data/app/com.google.android.gms-2/base.apk, zapp:/AdsFdrDynamite.integ/20290000002}
06-27 00:37:14.683   903  1196 I GeofencerStateMachine: Network location disabled.
06-27 00:37:14.727  1131  1206 I ModuleSetUtils: Assembling ModuleSetRecord for ads_fdr:202901,container:17785: [zapp:/AdsFdrDynamite.integ/20290000002]
06-27 00:37:14.732  1131  1206 I ModuleSetMgr: Pending container Zapp APKs: []
06-27 00:37:14.732  1131  1206 I ModuleSetMgr: Pending non-container Zapp APKs: [zapp:/AdsFdrDynamite.integ/20290000002]
06-27 00:37:14.808   903  1209 E BluetoothAdapter: Bluetooth binder is null
06-27 00:37:14.831   903  1209 D lvjinhua:  Failed while trying resolve alarm filter file, not exists
06-27 00:37:15.072   384  1063 D DhcpClient: Received packet: b2:db:08:28:f0:d0 OFFER, ip /192.168.1.200, mask /255.255.255.0, DNS servers: /192.168.1.1 , gateways [/192.168.1.1] lease time 86400, domain local.romanr.info
06-27 00:37:15.074   384  1060 D DhcpClient: Got pending lease: IP address 192.168.1.200/24 Gateway 192.168.1.1  DNS servers: [ 192.168.1.1 ] Domains local.romanr.info DHCP server /192.168.1.1 Vendor info http://acs.mgts-spdop.ru:7547 lease 86400 seconds
06-27 00:37:15.075   384  1060 D DhcpClient: Broadcasting DHCPREQUEST ciaddr=0.0.0.0 request=192.168.1.200 serverid=192.168.1.1
06-27 00:37:15.104   384  1063 D DhcpClient: Received packet: b2:db:08:28:f0:d0 ACK: your new IP /192.168.1.200, netmask /255.255.255.0, gateways [/192.168.1.1] DNS servers: /192.168.1.1 , lease time 86400
06-27 00:37:15.104   384  1060 D DhcpClient: Confirmed lease: IP address 192.168.1.200/24 Gateway 192.168.1.1  DNS servers: [ 192.168.1.1 ] Domains local.romanr.info DHCP server /192.168.1.1 Vendor info http://acs.mgts-spdop.ru:7547 lease 86400 seconds
06-27 00:37:15.105   384  1058 D IpManager.eth0: newLp{{InterfaceName: eth0 LinkAddresses: [fe80::b0db:8ff:fe28:f0d0/64,]  Routes: [fe80::/64 -> :: eth0,192.168.1.0/24 -> 0.0.0.0 eth0,0.0.0.0/0 -> 192.168.1.1 eth0,] DnsAddresses: [] Domains: local.romanr.info MTU: 0 TcpBufferSizes: 524288,1048576,3145728,524288,1048576,2097152}}
06-27 00:37:15.106   384  1058 D IpManager.eth0: onNewDhcpResults(IP address 192.168.1.200/24 Gateway 192.168.1.1  DNS servers: [ 192.168.1.1 ] Domains local.romanr.info DHCP server /192.168.1.1 Vendor info http://acs.mgts-spdop.ru:7547 lease 86400 seconds)
06-27 00:37:15.106   384  1058 D IpManager.eth0: onLinkPropertiesChange()
06-27 00:37:15.106   384  1058 D EthernetNetworkFactory: onLinkPropertiesChange: lp = {InterfaceName: eth0 LinkAddresses: [fe80::b0db:8ff:fe28:f0d0/64,]  Routes: [fe80::/64 -> :: eth0,192.168.1.0/24 -> 0.0.0.0 eth0,0.0.0.0/0 -> 192.168.1.1 eth0,] DnsAddresses: [] Domains: local.romanr.info MTU: 0 TcpBufferSizes: 524288,1048576,3145728,524288,1048576,2097152}
06-27 00:37:15.108   384  1058 D IpManager.eth0: CMD_POST_DHCP_ACTION eth0/2 1 0 IP address 192.168.1.200/24 Gateway 192.168.1.1  DNS servers: [ 192.168.1.1 ] Domains local.romanr.info DHCP server /192.168.1.1 Vendor info http://acs.mgts-spdop.ru:7547 lease 86400 seconds [rcvd_in=RunningState, proc_in=RunningState]
06-27 00:37:15.109   202   476 D CommandListener: Setting iface cfg
06-27 00:37:15.110   384  1058 D IpManager.eth0: IPv4 configuration succeeded
06-27 00:37:15.111   384  1058 D IpManager.eth0: CMD_CONFIGURE_LINKADDRESS eth0/2 0 0 192.168.1.200/24 [rcvd_in=RunningState, proc_in=RunningState]
06-27 00:37:15.111   384  1058 D IpManager.eth0: newLp{{InterfaceName: eth0 LinkAddresses: [fe80::b0db:8ff:fe28:f0d0/64,192.168.1.200/24,]  Routes: [fe80::/64 -> :: eth0,192.168.1.0/24 -> 0.0.0.0 eth0,0.0.0.0/0 -> 192.168.1.1 eth0,] DnsAddresses: [192.168.1.1,] Domains: local.romanr.info MTU: 0 TcpBufferSizes: 524288,1048576,3145728,524288,1048576,2097152}}
06-27 00:37:15.112   384  1058 D IpManager.eth0: onProvisioningSuccess()
06-27 00:37:15.113   384  1057 D EthernetNetworkFactory: success get ip: lp = {InterfaceName: eth0 LinkAddresses: [fe80::b0db:8ff:fe28:f0d0/64,192.168.1.200/24,]  Routes: [fe80::/64 -> :: eth0,192.168.1.0/24 -> 0.0.0.0 eth0,0.0.0.0/0 -> 192.168.1.1 eth0,] DnsAddresses: [192.168.1.1,] Domains: local.romanr.info MTU: 0 TcpBufferSizes: 524288,1048576,3145728,524288,1048576,2097152}
06-27 00:37:15.113   384  1060 D DhcpClient: Scheduling renewal in 43199s
06-27 00:37:15.113   384  1057 D EthernetNetworkFactory: sendEthernetStateChangedBroadcast: curState = CONNECTED
06-27 00:37:15.113   384  1060 D DhcpClient: Scheduling rebind in 75599s
06-27 00:37:15.113   384  1060 D DhcpClient: Scheduling expiry in 86399s
06-27 00:37:15.124   384  1057 D ConnectivityService: registerNetworkAgent NetworkAgentInfo{ ni{[type: Ethernet[], state: CONNECTED/CONNECTED, reason: (unspecified), extra: b2:db:08:28:f0:d0, failover: false, available: true, roaming: false, metered: false]}  network{100}  nethandle{429513165534}  lp{{InterfaceName: eth0 LinkAddresses: [fe80::b0db:8ff:fe28:f0d0/64,192.168.1.200/24,]  Routes: [fe80::/64 -> :: eth0,192.168.1.0/24 -> 0.0.0.0 eth0,0.0.0.0/0 -> 192.168.1.1 eth0,] DnsAddresses: [192.168.1.1,] Domains: local.romanr.info MTU: 0 TcpBufferSizes: 524288,1048576,3145728,524288,1048576,2097152}}  nc{[ Transports: ETHERNET Capabilities: INTERNET&NOT_RESTRICTED&TRUSTED&NOT_VPN LinkUpBandwidth>=100000Kbps LinkDnBandwidth>=100000Kbps]}  Score{30}  everValidated{false}  lastValidated{false}  created{false} lingering{false} explicitlySelected{false} acceptUnvalidated{false} everCaptivePortalDetected{false} lastCaptivePortalDetected{false} }
06-27 00:37:15.124   384   531 D ConnectivityService: Got NetworkAgent Messenger
06-27 00:37:15.124   384  1057 D EthernetNetworkFactory: exiting ipProvisioningThread(eth0): mNetworkInfo=[type: Ethernet[], state: CONNECTED/CONNECTED, reason: (unspecified), extra: b2:db:08:28:f0:d0, failover: false, available: true, roaming: false, metered: false]
06-27 00:37:15.124   384   531 D ConnectivityService: NetworkAgentInfo [Ethernet () - 100] EVENT_NETWORK_INFO_CHANGED, going from null to CONNECTED
06-27 00:37:15.126   384   531 D ConnectivityService: Adding iface eth0 to network 100
06-27 00:37:15.156   384   531 D ConnectivityService: Adding Route [fe80::/64 -> :: eth0] to network 100
06-27 00:37:15.159   384   531 D ConnectivityService: Adding Route [192.168.1.0/24 -> 0.0.0.0 eth0] to network 100
06-27 00:37:15.161   384   531 D ConnectivityService: Adding Route [0.0.0.0/0 -> 192.168.1.1 eth0] to network 100
06-27 00:37:15.164   384   531 D ConnectivityService: Setting DNS servers for network 100 to [/192.168.1.1]
06-27 00:37:15.173  1131  1213 W DynamiteModule: Local module descriptor class for providerinstaller not found.
06-27 00:37:15.173  1131  1213 I DynamiteModule: Considering local module providerinstaller:0 and remote module providerinstaller:0
06-27 00:37:15.174  1131  1213 W ProviderInstaller: Failed to load providerinstaller module: No acceptable module found. Local version is 0 and remote version is 0.
06-27 00:37:15.176   384   531 D ConnectivityService: notifyType IP_CHANGED for NetworkAgentInfo [Ethernet () - 100]
06-27 00:37:15.189   384  1226 D NetworkMonitor/NetworkAgentInfo [Ethernet () - 100]: Validation disabled.
06-27 00:37:15.191   384   531 D ConnectivityService: scheduleUnvalidatedPrompt 100
06-27 00:37:15.192   384   531 D ConnectivityService: updateSignalStrengthThresholds: CONNECT, sending [] to NetworkAgentInfo [Ethernet () - 100]
06-27 00:37:15.192   384   531 D ConnectivityService: rematching NetworkAgentInfo [Ethernet () - 100]
06-27 00:37:15.193   384   531 D ConnectivityService:  network has: [ Transports: ETHERNET Capabilities: INTERNET&NOT_RESTRICTED&TRUSTED&NOT_VPN&FOREGROUND LinkUpBandwidth>=100000Kbps LinkDnBandwidth>=100000Kbps]
06-27 00:37:15.193   384   531 D ConnectivityService:   checking if request is satisfied: NetworkRequest [ REQUEST id=1, [ Capabilities: INTERNET&NOT_RESTRICTED&TRUSTED&NOT_VPN] ]
06-27 00:37:15.193   384   531 D ConnectivityService: currentScore = 0, newScore = 30
06-27 00:37:15.193   384   531 D ConnectivityService: rematch for NetworkAgentInfo [Ethernet () - 100]
06-27 00:37:15.193   384   531 D ConnectivityService:    accepting network in place of null
06-27 00:37:15.194   384   531 D ConnectivityService: sending new Min Network Score(30): NetworkRequest [ REQUEST id=1, [ Capabilities: INTERNET&NOT_RESTRICTED&TRUSTED&NOT_VPN] ]
06-27 00:37:15.194   384   531 D ConnectivityService: Switching to new default network: NetworkAgentInfo{ ni{[type: Ethernet[], state: CONNECTED/CONNECTED, reason: (unspecified), extra: b2:db:08:28:f0:d0, failover: false, available: true, roaming: false, metered: false]}  network{100}  nethandle{429513165534}  lp{{InterfaceName: eth0 LinkAddresses: [fe80::b0db:8ff:fe28:f0d0/64,192.168.1.200/24,]  Routes: [fe80::/64 -> :: eth0,192.168.1.0/24 -> 0.0.0.0 eth0,0.0.0.0/0 -> 192.168.1.1 eth0,] DnsAddresses: [192.168.1.1,] Domains: local.romanr.info MTU: 0 TcpBufferSizes: 524288,1048576,3145728,524288,1048576,2097152}}  nc{[ Transports: ETHERNET Capabilities: INTERNET&NOT_RESTRICTED&TRUSTED&NOT_VPN&FOREGROUND LinkUpBandwidth>=100000Kbps LinkDnBandwidth>=100000Kbps]}  Score{30}  everValidated{false}  lastValidated{false}  created{true} lingering{false} explicitlySelected{false} acceptUnvalidated{false} everCaptivePortalDetected{false} lastCaptivePortalDetected{false} }
06-27 00:37:15.200   384   531 D ConnectivityService: Setting tx/rx TCP buffers to 524288,1048576,3145728,524288,1048576,2097152
06-27 00:37:15.218   384   531 D ConnectivityService: sending notification AVAILABLE for NetworkRequest [ LISTEN id=3, [] ]
06-27 00:37:15.219   384   531 D ConnectivityService: Sending CONNECTED broadcast for type 9 NetworkAgentInfo [Ethernet () - 100] isDefaultNetwork=true
06-27 00:37:15.219   384   531 D ConnectivityService: sendStickyBroadcast: action=android.net.conn.CONNECTIVITY_CHANGE
06-27 00:37:15.223   384   486 D Tethering: InitialState got CMD_UPSTREAM_CHANGED
06-27 00:37:15.223   384   531 D ConnectivityService: notifyType PRECHECK for NetworkAgentInfo [Ethernet () - 100]
06-27 00:37:15.223   384   531 D ConnectivityService:  sending notification for NetworkRequest [ REQUEST id=1, [ Capabilities: INTERNET&NOT_RESTRICTED&TRUSTED&NOT_VPN] ]
06-27 00:37:15.223   384   531 D ConnectivityService:  sending notification for NetworkRequest [ LISTEN id=3, [] ]
06-27 00:37:15.223   384   531 D ConnectivityService: sending notification PRECHECK for NetworkRequest [ LISTEN id=3, [] ]
06-27 00:37:15.224   384   531 D ConnectivityService: NetworkAgent connected
06-27 00:37:15.224   384   531 D ConnectivityService: NetworkAgentInfo [Ethernet () - 100] validation passed
06-27 00:37:15.224   384   531 D ConnectivityService: rematching NetworkAgentInfo [Ethernet () - 100]
06-27 00:37:15.224   384   531 D ConnectivityService:  network has: [ Transports: ETHERNET Capabilities: INTERNET&NOT_RESTRICTED&TRUSTED&NOT_VPN&VALIDATED&FOREGROUND LinkUpBandwidth>=100000Kbps LinkDnBandwidth>=100000Kbps]
06-27 00:37:15.224   384   531 D ConnectivityService: Network NetworkAgentInfo [Ethernet () - 100] was already satisfying request 1. No change.
06-27 00:37:15.224   384   531 D ConnectivityService: notifyType CAP_CHANGED for NetworkAgentInfo [Ethernet () - 100]
06-27 00:37:15.225   384   531 D ConnectivityService:  sending notification for NetworkRequest [ REQUEST id=1, [ Capabilities: INTERNET&NOT_RESTRICTED&TRUSTED&NOT_VPN] ]
06-27 00:37:15.225   384   531 D ConnectivityService:  sending notification for NetworkRequest [ LISTEN id=3, [] ]
06-27 00:37:15.225   384   531 D ConnectivityService: sending notification CAP_CHANGED for NetworkRequest [ LISTEN id=3, [] ]
06-27 00:37:15.225   384   531 D ConnectivityService: sending new Min Network Score(70): NetworkRequest [ REQUEST id=1, [ Capabilities: INTERNET&NOT_RESTRICTED&TRUSTED&NOT_VPN] ]
06-27 00:37:15.226   384   531 D ConnectivityService: sendStickyBroadcast: action=android.net.conn.INET_CONDITION_ACTION
06-27 00:37:15.233  1131  1230 D lvjinhua:  Failed while trying resolve alarm filter file, not exists
06-27 00:37:15.235   903  1209 W Settings: Setting airplane_mode_on has moved from android.provider.Settings.System to android.provider.Settings.Global, returning read-only value.
06-27 00:37:15.242   903  1209 W Settings: Setting airplane_mode_on has moved from android.provider.Settings.System to android.provider.Settings.Global, returning read-only value.
06-27 00:37:15.257  1131  1213 I DynamiteModule: Considering local module com.google.android.gms.googlecertificates:4 and remote module com.google.android.gms.googlecertificates:4
06-27 00:37:15.257  1131  1213 I DynamiteModule: Selected local version of com.google.android.gms.googlecertificates
06-27 00:37:15.289   201   674 D NuPlayerDriver: reset(0xf2d20a80) at state 6
06-27 00:37:15.290   201   674 D NuPlayerDriver: notifyListener_l(0xf2d20a80), (8, 0, 0), loop setting(0, 0)
06-27 00:37:15.300   201   694 W AMessage: failed to post message as target looper for handler 0 is gone.
06-27 00:37:15.302   201   694 D NuPlayerDriver: notifyResetComplete(0xf2d20a80)
06-27 00:37:15.310   903   916 I art     : Background sticky concurrent mark sweep GC freed 11504(1276KB) AllocSpace objects, 3(284KB) LOS objects, 21% free, 5MB/6MB, paused 6.616ms total 38.789ms
06-27 00:37:15.320   903   903 I rcs     : [RcsBindingManager] Checking if we should rebind to previous service. Attempt 0
06-27 00:37:15.320   903   903 I rcs     : [RcsBindingManager] No valid settings for binding.
06-27 00:37:15.334   384   520 D SntpClient: round trip: 61ms, clock offset: 75773555ms
06-27 00:37:15.343   903   903 D Backup  : [BackupScheduler] Setting backup scheduler enabled=true due to desired state 1
06-27 00:37:15.343   903   903 V Backup  : [BackupTransportCS] no backup now
06-27 00:37:15.394   903   903 I NetworkScheduler: Using standalone scheduling engine
06-27 00:37:15.400  1131  1213 W DynamiteModule: Local module descriptor class for providerinstaller not found.
06-27 00:37:15.400  1131  1213 W ProviderHelper: Unknown dynamite feature providerinstaller
06-27 00:37:15.421  1131  1213 I DynamiteModule: Considering local module providerinstaller:0 and remote module providerinstaller:0
06-27 00:37:15.422  1131  1213 W ProviderInstaller: Failed to load providerinstaller module: No acceptable module found. Local version is 0 and remote version is 0.
06-27 00:37:15.457  1131  1213 W DynamiteModule: Local module descriptor class for providerinstaller not found.
06-27 00:37:15.469  1131  1213 I DynamiteModule: Considering local module providerinstaller:0 and remote module providerinstaller:0
06-27 00:37:15.469  1131  1213 W ProviderInstaller: Failed to load providerinstaller module: No acceptable module found. Local version is 0 and remote version is 0.
06-27 00:37:15.503   193   237 D alsa_route: route_set_controls() set route 24
06-27 00:37:15.503   193   237 D AudioHardwareTiny: close device
06-27 00:37:15.531  1131  1213 W DynamiteModule: Local module descriptor class for providerinstaller not found.
06-27 00:37:15.531  1131  1213 I DynamiteModule: Considering local module providerinstaller:0 and remote module providerinstaller:0
06-27 00:37:15.532  1131  1213 W ProviderInstaller: Failed to load providerinstaller module: No acceptable module found. Local version is 0 and remote version is 0.
06-27 00:37:15.561  1131  1213 W DynamiteModule: Local module descriptor class for providerinstaller not found.
06-27 00:37:15.561  1131  1213 I DynamiteModule: Considering local module providerinstaller:0 and remote module providerinstaller:0
06-27 00:37:15.561  1131  1213 W ProviderInstaller: Failed to load providerinstaller module: No acceptable module found. Local version is 0 and remote version is 0.
06-27 00:37:15.575  1131  1213 W DynamiteModule: Local module descriptor class for providerinstaller not found.
06-27 00:37:15.576  1131  1213 I DynamiteModule: Considering local module providerinstaller:0 and remote module providerinstaller:0
06-27 00:37:15.576  1131  1213 W ProviderInstaller: Failed to load providerinstaller module: No acceptable module found. Local version is 0 and remote version is 0.
06-27 00:37:15.588  1131  1213 W DynamiteModule: Local module descriptor class for providerinstaller not found.
06-27 00:37:15.588  1131  1213 I DynamiteModule: Considering local module providerinstaller:0 and remote module providerinstaller:0
06-27 00:37:15.589  1131  1213 W ProviderInstaller: Failed to load providerinstaller module: No acceptable module found. Local version is 0 and remote version is 0.
06-27 00:37:15.602  1131  1213 W DynamiteModule: Local module descriptor class for providerinstaller not found.
06-27 00:37:15.603  1131  1213 I DynamiteModule: Considering local module providerinstaller:0 and remote module providerinstaller:0
06-27 00:37:15.605  1131  1213 W ProviderInstaller: Failed to load providerinstaller module: No acceptable module found. Local version is 0 and remote version is 0.
06-27 00:37:15.620  1131  1213 W DynamiteModule: Local module descriptor class for providerinstaller not found.
06-27 00:37:15.621  1131  1213 I DynamiteModule: Considering local module providerinstaller:0 and remote module providerinstaller:0
06-27 00:37:15.621  1131  1213 W ProviderInstaller: Failed to load providerinstaller module: No acceptable module found. Local version is 0 and remote version is 0.
06-27 00:37:15.673  1131  1213 I GmsModuleFndr: Beginning GMS chimera module scan
06-27 00:37:15.681  1131  1213 I ModuleSetMgr: Computing pending module set with APKs: {file:///data/app/com.google.android.gms-2/base.apk, zapp:/AdsFdrDynamite.integ/20290000002}
06-27 00:37:15.695  1131  1213 I ModuleSetUtils: Assembling ModuleSetRecord for ads_fdr:202901,container:17785: [zapp:/AdsFdrDynamite.integ/20290000002]
06-27 00:37:15.696  1131  1213 I ModuleSetMgr: Pending container Zapp APKs: []
06-27 00:37:15.696  1131  1213 I ModuleSetMgr: Pending non-container Zapp APKs: [zapp:/AdsFdrDynamite.integ/20290000002]
06-27 00:37:15.764   972   972 D RecoveryReceiver: RECOVERY_STATE_FILE_TF:/storage/e14e8b4a-c6c3-4546-b069-dfbdf64d0b66/Recovery_state
06-27 00:37:15.783   384  1003 I ActivityManager: Start proc 1248:com.popcornhour.tvlauncher/u0a20 for broadcast com.popcornhour.tvlauncher/.receiver.USBStatusReceiver
06-27 00:37:15.878  1248  1248 I art     : Starting a blocking GC AddRemoveAppImageSpace
06-27 00:37:15.880  1248  1248 W System  : ClassLoader referenced unknown path: /system/priv-app/TVLauncher/lib/arm64
06-27 00:37:15.925   384   447 I ActivityManager: Start proc 1267:com.rockchip.devicetest/1000 for broadcast com.rockchip.devicetest/.BootReceiver
06-27 00:37:16.122  1267  1267 I art     : Starting a blocking GC AddRemoveAppImageSpace
06-27 00:37:16.173  1248  1266 D         : ----->com.android.chrome          <ThreadName= pool-1-thread-1,ThreadId= 87,JavaName= InstalledApp.java,LineNumber= 51,>
06-27 00:37:16.183  1248  1266 D darientoh: AppsDao isExists: exist??? com.android.chrome / 1
06-27 00:37:16.190  1267  1267 W ContextImpl: Calling a method in the system process without a qualified user: android.app.ContextImpl.startService:1357 android.content.ContextWrapper.startService:613 android.content.ContextWrapper.startService:613 com.rockchip.devicetest.BootReceiver.onReceive:37 android.app.ActivityThread.handleReceiver:3041 
06-27 00:37:16.205   384   384 W WindowManager: Attempted to remove non-existing token: android.os.Binder@b8954e
06-27 00:37:16.216   384   478 I ActivityManager: Start proc 1284:android.rockchip.update.service/1000 for broadcast android.rockchip.update.service/.RKUpdateReceiver
06-27 00:37:16.217  1248  1266 D         : ----->com.android.vending          <ThreadName= pool-1-thread-1,ThreadId= 87,JavaName= InstalledApp.java,LineNumber= 51,>
06-27 00:37:16.222  1267  1267 D TestService: Rock Recv Mount action. 19124
06-27 00:37:16.224  1248  1266 D darientoh: AppsDao isExists: exist??? com.android.vending / 1
06-27 00:37:16.225   384   805 D AlarmManagerService: Setting time of day to sec=1561660809
06-27 21:40:09.779   153   165 W SurfaceFlinger: Timed out waiting for hw vsync; faking it
06-27 21:40:09.784   384   384 D ConditionProviders.SCP: onReceive android.intent.action.TIME_SET
06-27 21:40:09.784   384   384 D ConditionProviders.SCP: notifyCondition condition://android/schedule?days=6.7&start=23.30&end=10.0&exitAtAlarm=false STATE_FALSE reason=!meetsSchedule
06-27 21:40:09.785   384   384 D ConditionProviders.SCP: notifyCondition condition://android/schedule?days=1.2.3.4.5&start=22.0&end=7.0&exitAtAlarm=false STATE_FALSE reason=!meetsSchedule
06-27 21:40:09.787   384   384 D ConditionProviders.SCP: Scheduling evaluate for Thu Jun 27 22:00:00 GMT+03:00 2019 (1561662000000), in +19m50s216ms, now=Thu Jun 27 21:40:09 GMT+03:00 2019 (1561660809784)
06-27 21:40:09.790   384   479 I UsageStatsService: Time changed in UsageStats by 75773 seconds
06-27 21:40:09.790   384   479 I UsageStatsService: User[0] Flushing usage stats to disk
06-27 21:40:09.790   384   384 D ZenLog  : config: conditionChanged,ZenModeConfig[user=0,allowCalls=true,allowRepeatCallers=false,allowMessages=false,allowCallsFrom=contacts,allowMessagesFrom=contacts,allowReminders=true,allowEvents=true,allowWhenScreenOff=true,allowWhenScreenOn=true,automaticRules={25a6dd96a24b4df6bd3088c7e3097477=ZenRule[enabled=false,snoozing=false,name=Weekend,zenMode=ZEN_MODE_ALARMS,conditionId=condition://android/schedule?days=6.7&start=23.30&end=10.0&exitAtAlarm=false,condition=Condition[id=condition://android/schedule?days=6.7&start=23.30&end=10.0&exitAtAlarm=false,summary=...,line1=...,line2=...,icon=0,state=STATE_FALSE,flags=2],component=ComponentInfo{android/com.android.server.notification.ScheduleConditionProvider},id=25a6dd96a24b4df6bd3088c7e3097477,creationTime=171343,enabler=null], a39688c18c6949eb93d2d819ff254056=ZenRule[enabled=false,snoozing=false,name=Weeknight,zenMode=ZEN_MODE_ALARMS,conditionId=condition://android/schedule?days=1.2.3.4.5&start=22.0&end=7.0&exitAtAlarm=false,condition=Condition[id=condition://android/schedule?days=1.2.3.4.5&start=22.0&end=7.0&exitAtAlarm=false,summary=...,line1=...,line2=...,icon=0,state=STATE_FALSE,flags=2],component=ComponentInfo{android/com.android.server.notification.ScheduleConditionProvider},id=a39688c18c6949eb93d2d819ff254056,creationTime=171343,enabler=null], 5d561a952c594803b5e4af64eefc6361=ZenRule[enabled=false,snoozing=false,name=Event,zenMode=ZEN_MODE_ALARMS,conditionId=condition://android/event?userId=-10000&calendar=&reply=1,condition=Condition[id=condition://android/event?userId=-10000&calendar=&reply=1,summary=...,line1=...,line2=...,icon=0,state=STATE_FALSE,flags=2],component=ComponentInfo{android/com.android.server.notification.EventConditionProvider},id=5d561a952c594803b5e4af64eefc6361,creationTime=171344,enabler=null]},manualRule=null],Diff[automaticRule[a39688c18c6949eb93d2d819ff254056].condition:Condition[id=condition://android/schedule?days=1.2.3.4.5&start=22.0&end=7.0&exitAtAlarm=false,summary=...,line1=...,line2=...,icon=0,state=STATE_TRUE,flags=2]->Condition[id=condition://android/schedule?days=1.2.3.4.5&start=22.0&end=7.0&exitAtAlarm=false,summary=...,line1=...,line2=...,icon=0,state=STATE_FALSE,flags=2]]
06-27 21:40:09.790   384   384 D ConditionProviders.SCP: onReceive ScheduleConditionProvider.EVALUATE
06-27 21:40:09.796   384   384 D ConditionProviders.SCP: notifyCondition condition://android/schedule?days=6.7&start=23.30&end=10.0&exitAtAlarm=false STATE_FALSE reason=!meetsSchedule
06-27 21:40:09.797   384   384 D ConditionProviders.SCP: notifyCondition condition://android/schedule?days=1.2.3.4.5&start=22.0&end=7.0&exitAtAlarm=false STATE_FALSE reason=!meetsSchedule
06-27 21:40:09.798   384   384 D ConditionProviders.SCP: Scheduling evaluate for Thu Jun 27 22:00:00 GMT+03:00 2019 (1561662000000), in +19m50s209ms, now=Thu Jun 27 21:40:09 GMT+03:00 2019 (1561660809791)
06-27 21:40:09.818   384   384 D ZenLog  : set_zen_mode: off,conditionChanged
06-27 21:40:09.852   384   479 I UsageStatsDatabase: Time changed by +21h2m53s554ms. files deleted: 0 files moved: 4
06-27 21:40:09.853  1248  1266 D         : ----->com.google.android.youtube.tv          <ThreadName= pool-1-thread-1,ThreadId= 87,JavaName= InstalledApp.java,LineNumber= 51,>
06-27 21:40:09.854  1248  1266 D darientoh: AppsDao isExists: exist??? com.google.android.youtube.tv / 1
06-27 21:40:09.860  1284  1284 I art     : Starting a blocking GC AddRemoveAppImageSpace
06-27 21:40:09.867   384   479 I UsageStatsService: User[0] Rollover scheduled @ 2019-06-28 21:40:09(1561747209790)
06-27 21:40:09.869  1248  1266 D         : ----->com.rockchips.mediacenter          <ThreadName= pool-1-thread-1,ThreadId= 87,JavaName= InstalledApp.java,LineNumber= 51,>
06-27 21:40:09.870  1248  1266 D darientoh: AppsDao isExists: exist??? com.rockchips.mediacenter / 1
06-27 21:40:09.886  1248  1266 D         : ----->net.dinglisch.android.taskerm          <ThreadName= pool-1-thread-1,ThreadId= 87,JavaName= InstalledApp.java,LineNumber= 51,>
06-27 21:40:09.887  1248  1266 D darientoh: AppsDao isExists: exist??? net.dinglisch.android.taskerm / 1
06-27 21:40:09.902  1248  1266 D         : ----->org.cosinus.launchertv          <ThreadName= pool-1-thread-1,ThreadId= 87,JavaName= InstalledApp.java,LineNumber= 51,>
06-27 21:40:09.903  1248  1266 D darientoh: AppsDao isExists: exist??? org.cosinus.launchertv / 1
06-27 21:40:09.909  1248  1266 D         : ----->com.android.calculator2          <ThreadName= pool-1-thread-1,ThreadId= 87,JavaName= InstalledApp.java,LineNumber= 51,>
06-27 21:40:09.910  1248  1266 D darientoh: AppsDao isExists: exist??? com.android.calculator2 / 1
06-27 21:40:09.916  1284  1284 D RKUpdateReceiver: action = android.intent.action.MEDIA_MOUNTED
06-27 21:40:09.917   384   448 I ActivityManager: Killing 633:com.android.tv.settings/1000 (adj 906): empty #4
06-27 21:40:09.925  1248  1266 D         : ----->com.android.rockchip          <ThreadName= pool-1-thread-1,ThreadId= 87,JavaName= InstalledApp.java,LineNumber= 51,>
06-27 21:40:09.930  1248  1266 D darientoh: AppsDao isExists: exist??? com.android.rockchip / 1
06-27 21:40:09.933  1248  1266 D         : ----->com.cloudmedia.uhd_hdr_benchmark          <ThreadName= pool-1-thread-1,ThreadId= 87,JavaName= InstalledApp.java,LineNumber= 51,>
06-27 21:40:09.934  1248  1266 D darientoh: AppsDao isExists: exist??? com.cloudmedia.uhd_hdr_benchmark / 1
06-27 21:40:09.940  1248  1266 D         : ----->com.rk_itvui.allapp          <ThreadName= pool-1-thread-1,ThreadId= 87,JavaName= InstalledApp.java,LineNumber= 51,>
06-27 21:40:09.941  1248  1266 D darientoh: AppsDao isExists: exist??? com.rk_itvui.allapp / 1
06-27 21:40:09.945   384   478 D ActivityManager: cleanUpApplicationRecord -- 633
06-27 21:40:09.945   384   650 D GraphicsStats: Buffer count: 2
06-27 21:40:09.945   384  1003 I WindowManager: WIN DEATH: Window{be3f7c u0 Toast EXITING}
06-27 21:40:09.947  1248  1266 D         : ----->com.rockchip.wfd          <ThreadName= pool-1-thread-1,ThreadId= 87,JavaName= InstalledApp.java,LineNumber= 51,>
06-27 21:40:09.949  1248  1266 D darientoh: AppsDao isExists: exist??? com.rockchip.wfd / 1
06-27 21:40:09.949  1248  1266 D         : ----->org.xbmc.rkmc          <ThreadName= pool-1-thread-1,ThreadId= 87,JavaName= InstalledApp.java,LineNumber= 51,>
06-27 21:40:09.950  1248  1266 D darientoh: AppsDao isExists: exist??? org.xbmc.rkmc / 1
06-27 21:40:09.952  1248  1266 D         : ----->com.termux          <ThreadName= pool-1-thread-1,ThreadId= 87,JavaName= InstalledApp.java,LineNumber= 51,>
06-27 21:40:09.953  1248  1266 D darientoh: AppsDao isExists: exist??? com.termux / 1
06-27 21:40:09.956  1248  1266 D         : ----->com.termux.boot          <ThreadName= pool-1-thread-1,ThreadId= 87,JavaName= InstalledApp.java,LineNumber= 51,>
06-27 21:40:09.960  1248  1266 D darientoh: AppsDao isExists: exist??? com.termux.boot / 1
06-27 21:40:09.960  1248  1266 D         : ----->net.dinglisch.android.taskerm          <ThreadName= pool-1-thread-1,ThreadId= 87,JavaName= InstalledApp.java,LineNumber= 51,>
06-27 21:40:09.961  1248  1266 D darientoh: AppsDao isExists: exist??? net.dinglisch.android.taskerm / 1
06-27 21:40:09.986  1171  1171 D MediaScannerReceiver: action: android.intent.action.MEDIA_MOUNTED path: /storage/emulated/0
06-27 21:40:09.990   972   972 E VRMountReceiver: ---------------- action = android.intent.action.MEDIA_MOUNTED
06-27 21:40:09.990   972   972 E VRMountReceiver: ------------- mount path = /storage/e14e8b4a-c6c3-4546-b069-dfbdf64d0b66
06-27 21:40:09.993   972   972 E VRMountReceiver: ---------------- pathUri is null 
06-27 21:40:11.311  1267  1267 D         : Rock Handle test. 
06-27 21:40:11.313  1267  1267 D hjc     : findConfigFile:Factory_Test.bin
06-27 21:40:11.317  1267  1267 D hjc     : ======getAliveUsbPath:[/storage/e14e8b4a-c6c3-4546-b069-dfbdf64d0b66]
06-27 21:40:11.328  1267  1267 D hjc     : findConfigFile:Aging_Test.bin
06-27 21:40:11.331  1267  1267 D hjc     : ======getAliveUsbPath:[/storage/e14e8b4a-c6c3-4546-b069-dfbdf64d0b66]
06-27 21:40:11.339  1267  1267 D hjc     : findConfigFile:SN_Test.bin
06-27 21:40:11.342  1267  1267 D hjc     : ======getAliveUsbPath:[/storage/e14e8b4a-c6c3-4546-b069-dfbdf64d0b66]
06-27 21:40:11.351  1267  1267 D TestService: It is not in factory/aging test mode.
06-27 21:40:11.537   972   972 D RecoveryReceiver: RECOVERY_STATE_FILE_TF:/storage/e14e8b4a-c6c3-4546-b069-dfbdf64d0b66/Recovery_state
06-27 21:40:11.547  1267  1267 W ContextImpl: Calling a method in the system process without a qualified user: android.app.ContextImpl.startService:1357 android.content.ContextWrapper.startService:613 android.content.ContextWrapper.startService:613 com.rockchip.devicetest.BootReceiver.onReceive:37 android.app.ActivityThread.handleReceiver:3041 
06-27 21:40:11.552  1284  1284 D RKUpdateReceiver: action = android.intent.action.MEDIA_MOUNTED
06-27 21:40:11.552  1267  1267 D TestService: Rock Recv Mount action. 20904
06-27 21:40:11.578  1171  1171 D MediaScannerReceiver: action: android.intent.action.MEDIA_MOUNTED path: /storage/e14e8b4a-c6c3-4546-b069-dfbdf64d0b66
06-27 21:40:11.673  1131  1310 D lvjinhua:  Failed while trying resolve alarm filter file, not exists
06-27 21:40:11.690   384  1311 I RecoverySystem: No recovery log file
06-27 21:40:11.700   384  1311 I BootReceiver: Copying /proc/last_kmsg to DropBox (SYSTEM_LAST_KMSG)
06-27 21:40:11.716   384   448 I ActivityManager: Start proc 1314:com.google.android.play.games.ui/u0a8 for content provider com.google.android.gms/.games.provider.NotificationStubContentProvider
06-27 21:40:11.716   972   972 D StressTest: =========onReceive===rebootFlag:0
06-27 21:40:11.724  1267  1267 W ContextImpl: Calling a method in the system process without a qualified user: android.app.ContextImpl.startService:1357 android.content.ContextWrapper.startService:613 android.content.ContextWrapper.startService:613 com.rockchip.devicetest.BootReceiver.onReceive:41 android.app.ActivityThread.handleReceiver:3041 
06-27 21:40:11.726   384  1311 I BootReceiver: Copying audit failures to DropBox
06-27 21:40:11.730  1267  1267 D TestService: Rock Recv boot action. 21081
06-27 21:40:11.730   384   478 W BroadcastQueue: Unable to launch app net.dinglisch.android.taskerm/10055 for broadcast Intent { act=android.intent.action.BOOT_COMPLETED flg=0x9000010 (has extras) }: process is bad
06-27 21:40:11.734  1284  1284 D RKUpdateReceiver: action = android.intent.action.BOOT_COMPLETED
06-27 21:40:11.735  1284  1284 D RKUpdateReceiver: RKUpdateReceiver recv ACTION_BOOT_COMPLETED.
06-27 21:40:11.736  1284  1284 W ContextImpl: Calling a method in the system process without a qualified user: android.app.ContextImpl.startService:1357 android.content.ContextWrapper.startService:613 android.content.ContextWrapper.startService:613 android.rockchip.update.service.RKUpdateReceiver.onReceive:59 android.app.ActivityThread.handleReceiver:3041 
06-27 21:40:11.740   384  1311 I BootReceiver: Copied 0 worth of audits to DropBox
06-27 21:40:11.749  1284  1284 W ContextImpl: Calling a method in the system process without a qualified user: android.app.ContextImpl.startService:1357 android.content.ContextWrapper.startService:613 android.content.ContextWrapper.startService:613 android.rockchip.update.service.RKUpdateReceiver.onReceive:65 android.app.ActivityThread.handleReceiver:3041 
06-27 21:40:11.752   384  1311 I BootReceiver: Checking for fsck errors
06-27 21:40:11.755   961   961 I LauncherIconVisibilityManager: Boot has been completed
06-27 21:40:11.768   961   961 I LauncherIconVisibilityManager: Activity has already been disabled: ComponentInfo{com.android.inputmethod.latin/com.android.inputmethod.latin.setup.SetupActivity}
06-27 21:40:11.793  1284  1284 I android_rockchip_update_UpdateService.cpp: JNI_OnLoad
06-27 21:40:11.798  1284  1284 D RKUpdateService: starting RKUpdateService, version is 1.8.1
06-27 21:40:11.799  1284  1284 D RKUpdateService: remote uri is http://ota.popcornhour.com:8905/OtaUpdater/android?product=RockBox-Basic&version=1.0.0&sn=LHAM2TCBPK&country=US&language=en
06-27 21:40:11.799  1284  1284 D RKUpdateService: remote uri backup is http://192.168.1.143:2300/OtaUpdater/android?product=RockBox-Basic&version=1.0.0&sn=LHAM2TCBPK&country=US&language=en
06-27 21:40:11.839  1284  1284 D RKUpdateService: first startup!!!
06-27 21:40:11.847  1284  1284 D RKUpdateService: onStartCommand.......
06-27 21:40:11.847  1284  1284 D RKUpdateService: command = 1 delaytime = 20000
06-27 21:40:11.848  1284  1284 D RKUpdateService: onStartCommand.......
06-27 21:40:11.848  1284  1284 D RKUpdateService: command = 2 delaytime = 25000
06-27 21:40:11.934   384  1003 W BroadcastQueue: Unable to launch app com.android.tv.settings/1000 for broadcast Intent { act=android.intent.action.BOOT_COMPLETED flg=0x9000010 (has extras) }: process is bad
06-27 21:40:11.935   384   480 W BroadcastQueue: Unable to launch app com.android.vending/10014 for broadcast Intent { act=android.intent.action.BOOT_COMPLETED flg=0x9000010 (has extras) }: process is bad
06-27 21:40:11.952   384   478 I ActivityManager: Start proc 1332:com.example.changeled/1000 for broadcast com.example.changeled/.NetReceiver
06-27 21:40:11.987  1332  1332 I art     : Starting a blocking GC AddRemoveAppImageSpace
06-27 21:40:11.988  1332  1332 W System  : ClassLoader referenced unknown path: /system/priv-app/ChangeLedStatus/lib/arm64
06-27 21:40:12.023  1332  1332 D Receiver_LPF: action = android.intent.action.BOOT_COMPLETED
06-27 21:40:12.024  1332  1332 W ContextImpl: Calling a method in the system process without a qualified user: android.app.ContextImpl.startService:1357 android.content.ContextWrapper.startService:613 android.content.ContextWrapper.startService:613 com.example.changeled.NetReceiver.onReceive:78 android.app.ActivityThread.handleReceiver:3041 
06-27 21:40:12.033  1332  1332 E Receiver_LPF: start screensservice
06-27 21:40:12.043   384   984 I ActivityManager: Start proc 1349:com.google.android.configupdater/u0a2 for broadcast com.google.android.configupdater/.CertPin.CertPinUpdateRequestReceiver
06-27 21:40:12.104  1349  1349 I art     : Starting a blocking GC AddRemoveAppImageSpace
06-27 21:40:12.105  1349  1349 W System  : ClassLoader referenced unknown path: /system/priv-app/ConfigUpdater/lib/arm64
06-27 21:40:12.195  1349  1349 E ConfigUpdater: ignoring update request
06-27 21:40:12.239  1349  1349 E ConfigUpdater: ignoring update request
06-27 21:40:12.265  1349  1349 E ConfigUpdater: ignoring update request
06-27 21:40:12.287  1349  1349 E ConfigUpdater: ignoring update request
06-27 21:40:12.314  1314  1314 W DynamiteModule: Local module descriptor class for providerinstaller not found.
06-27 21:40:12.326  1131  1142 W art     : Suspending all threads took: 61.282ms
06-27 21:40:12.339  1349  1349 E ConfigUpdater: ignoring update request
06-27 21:40:12.372  1349  1349 E ConfigUpdater: ignoring update request
06-27 21:40:12.374  1314  1314 W ProviderHelper: Unknown dynamite feature providerinstaller
06-27 21:40:12.387  1314  1314 I DynamiteModule: Considering local module providerinstaller:0 and remote module providerinstaller:0
06-27 21:40:12.387  1314  1314 W ProviderInstaller: Failed to load providerinstaller module: No acceptable module found. Local version is 0 and remote version is 0.
06-27 21:40:12.399  1349  1349 E ConfigUpdater: ignoring update request
06-27 21:40:12.413  1314  1314 V NativeCrypto: Registering com/google/android/gms/org/conscrypt/NativeCrypto's 284 native methods...
06-27 21:40:12.477   384   478 W BroadcastQueue: Unable to launch app com.google.android.partnersetup/10011 for broadcast Intent { act=android.intent.action.BOOT_COMPLETED flg=0x9000010 (has extras) }: process is bad
06-27 21:40:12.479   384   480 W BroadcastQueue: Unable to launch app com.google.android.partnersetup/10011 for broadcast Intent { act=android.intent.action.BOOT_COMPLETED flg=0x9000010 (has extras) }: process is bad
06-27 21:40:12.487   903  1235 W ChimeraUtils: Non Chimera context
06-27 21:40:12.488  1131  1230 E ConfigFileUtils: Failed to read config file: /data/user_de/0/com.google.android.gms/app_chimera/current_modules_init.pb (No such file or directory)
06-27 21:40:12.490   384   480 I ActivityManager: Start proc 1383:com.google.process.gapps/u0a33 for broadcast com.google.android.syncadapters.contacts/.ContactsSyncAdapterBroadcastReceiver
06-27 21:40:12.547  1314  1314 D NetworkSecurityConfig: Using Network Security Config from resource network_security_config debugBuild: false
06-27 21:40:12.585  1383  1383 I art     : Starting a blocking GC AddRemoveAppImageSpace
06-27 21:40:12.587  1383  1383 W System  : ClassLoader referenced unknown path: /system/app/GoogleContactsSyncAdapter/lib/arm64
06-27 21:40:12.590  1314  1314 I ProviderInstaller: Installed default security provider GmsCore_OpenSSL
06-27 21:40:12.651  1131  1309 W art     : Verification of void ung.a(android.database.sqlite.SQLiteDatabase) took 513.979ms
06-27 21:40:12.661  1131  1213 E PhenotypeRegOp: Attempting to overwrite config package for com.google.android.gms.car
06-27 21:40:12.731  1383  1383 I GoogleHttpClient: GMS http client unavailable, use old client
06-27 21:40:12.772   384   650 W BroadcastQueue: Unable to launch app com.google.android.youtube.tv/10044 for broadcast Intent { act=android.intent.action.BOOT_COMPLETED flg=0x9000010 (has extras) }: process is bad
06-27 21:40:12.773   384   480 W BroadcastQueue: Unable to launch app com.rk_itvui.allapp/10023 for broadcast Intent { act=android.intent.action.BOOT_COMPLETED flg=0x9000010 (has extras) }: process is bad
06-27 21:40:12.777  1314  1314 W Primes  : Primes not initialized, returning default (no-op) Primes instance which will ignore all calls. Please call Primes.initialize(...) before using any Primes API.
06-27 21:40:12.779  1131  1142 W art     : Suspending all threads took: 54.420ms
06-27 21:40:12.784   384   480 I ActivityManager: Start proc 1409:com.rockchips.mediacenter/1000 for broadcast com.rockchips.mediacenter/.service.BootReceiver
06-27 21:40:12.818  1131  1142 W art     : Suspending all threads took: 9.626ms
06-27 21:40:12.899  1131  1213 E PhenotypeRegOp: Attempting to overwrite config package for com.google.android.gms.mobile_data_plan
06-27 21:40:12.924  1383  1423 I GoogleHttpClient: GMS http client unavailable, use old client
06-27 21:40:12.978  1409  1409 I art     : Starting a blocking GC AddRemoveAppImageSpace
06-27 21:40:12.981   384   984 I ActivityManager: Killing 1248:com.popcornhour.tvlauncher/u0a20 (adj 906): empty #4
06-27 21:40:13.102  1409  1409 I BaseApplication: Application
06-27 21:40:13.103  1409  1409 I MediaCenterApplication: versionName:2.9
06-27 21:40:13.104  1409  1409 W ContextImpl: Calling a method in the system process without a qualified user: android.app.ContextImpl.startService:1357 android.content.ContextWrapper.startService:613 com.rockchips.mediacenter.application.MediaCenterApplication.initService:93 com.rockchips.mediacenter.application.MediaCenterApplication.onCreate:45 android.app.Instrumentation.callApplicationOnCreate:1024 
06-27 21:40:13.138  1131  1142 W art     : Suspending all threads took: 28.407ms
06-27 21:40:13.232  1409  1409 I BootReceiver: onReceive
06-27 21:40:13.233  1409  1409 W ContextImpl: Calling a method in the system process without a qualified user: android.app.ContextImpl.startService:1357 android.content.ContextWrapper.startService:613 android.content.ContextWrapper.startService:613 com.rockchips.mediacenter.service.BootReceiver.onReceive:17 android.app.ActivityThread.handleReceiver:3041 
06-27 21:40:13.239  1332  1332 I ample.changeled: type=1400 audit(0.0:59): avc: denied { write } for name="brightness" dev="sysfs" ino=13721 scontext=u:r:system_app:s0 tcontext=u:object_r:sysfs:s0 tclass=file permissive=1
06-27 21:40:13.239   384   448 W BroadcastQueue: Unable to launch app com.termux.boot/10054 for broadcast Intent { act=android.intent.action.BOOT_COMPLETED flg=0x9000010 (has extras) }: process is bad
06-27 21:40:13.241  1332  1332 D Receiver_LPF: action = android.net.ethernet.ETHERNET_STATE_CHANGED
06-27 21:40:13.241  1332  1332 I Receiver_LPF: ethernetState:1
06-27 21:40:13.241  1332  1332 I Receiver_LPF: mNetWorkStatus:0
06-27 21:40:13.241  1332  1332 I Receiver_LPF: mScrrenStatus:1
06-27 21:40:13.241  1332  1332 I Receiver_LPF: writeInfoIntoFile->info:0
06-27 21:40:13.242   193   193 I audioserver: type=1400 audit(0.0:60): avc: denied { read } for scontext=u:r:audioserver:s0 tcontext=u:r:audioserver:s0 tclass=netlink_kobject_uevent_socket permissive=1
06-27 21:40:13.250  1409  1409 W ContextImpl: Calling a method in the system process without a qualified user: android.app.ContextImpl.startService:1357 android.content.ContextWrapper.startService:613 com.rockchips.mediacenter.service.DeviceMonitorService.attachService:378 com.rockchips.mediacenter.service.DeviceMonitorService.onCreate:193 android.app.ActivityThread.handleCreateService:3192 
06-27 21:40:13.252  1332  1332 I Receiver_LPF: writeInfoIntoFile->info:1
06-27 21:40:13.262   384   650 I ActivityManager: Start proc 1430:com.rockchips.mediacenter:dmr_service/1000 for service com.rockchips.mediacenter/com.rockchip.mediacenter.SystemDeviceService
06-27 21:40:13.263  1409  1409 W ContextImpl: Calling a method in the system process without a qualified user: android.app.ContextImpl.bindService:1421 android.content.ContextWrapper.bindService:636 com.rockchips.mediacenter.service.DeviceMonitorService.attachService:383 com.rockchips.mediacenter.service.DeviceMonitorService.onCreate:193 android.app.ActivityThread.handleCreateService:3192 
06-27 21:40:13.332   384   478 D ActivityManager: cleanUpApplicationRecord -- 1248
06-27 21:40:13.368  1409  1442 I DeviceInitCheckThread: DeviceInitCheckThread->startTime:1561660813368
06-27 21:40:13.414  1409  1409 I UpnpServiceImpl: >>> Starting UPnP service...
06-27 21:40:13.414  1409  1409 I UpnpServiceImpl: Using configuration: org.fourthline.cling.android.AndroidUpnpServiceConfiguration
06-27 21:40:13.455  1332  1332 I ample.changeled: type=1400 audit(0.0:61): avc: denied { write } for name="brightness" dev="sysfs" ino=13721 scontext=u:r:system_app:s0 tcontext=u:object_r:sysfs:s0 tclass=file permissive=1
06-27 21:40:13.457  1332  1332 D Receiver_LPF: action = android.net.ethernet.ETHERNET_STATE_CHANGED
06-27 21:40:13.457  1332  1332 I Receiver_LPF: ethernetState:2
06-27 21:40:13.457  1332  1332 I Receiver_LPF: mNetWorkStatus:1
06-27 21:40:13.457  1332  1332 I Receiver_LPF: mScrrenStatus:1
06-27 21:40:13.457  1332  1332 I Receiver_LPF: writeInfoIntoFile->info:1
06-27 21:40:13.465  1409  1409 I Router  : Creating Router: org.fourthline.cling.android.AndroidRouter
06-27 21:40:13.466  1332  1332 I Receiver_LPF: writeInfoIntoFile->info:0
