06-28 01:34:16.612   412   510 D WindowManager: interceptKeyTq keycode=20 interactive=true keyguardActive=false policyFlags=22000000
06-28 01:34:16.613   412   509 D WindowManager: interceptKeyTi keyCode=20 down=true repeatCount=0 keyguardOn=false mHomePressed=false canceled=false
06-28 01:34:16.661  2009  2049 V RKMC    : Debug Print: void XCURL::DllLibCurlGlobal::CheckIdle() - Closing session to https://offshoregit.com (easy=0xcfb03b40, multi=0xd06ebe50)
06-28 01:34:16.664  2009  2049 V RKMC    : Debug Print: void XCURL::DllLibCurlGlobal::CheckIdle() - Closing session to http://raw.github.com (easy=0xce252f40, multi=0xce1efea0)
06-28 01:34:16.667  2009  2049 V RKMC    : Debug Print: void XCURL::DllLibCurlGlobal::CheckIdle() - Closing session to http://feeds.kodi.tv (easy=0xce2c5d80, multi=0xce1f0df0)
06-28 01:34:16.669  2009  2049 V RKMC    : Debug Print: void XCURL::DllLibCurlGlobal::CheckIdle() - Closing session to http://mirrors.kodi.tv (easy=0xce61f540, multi=0xce6100d0)
06-28 01:34:16.697  2009  2073 V RKMC    : Debug Print: Thread JobWorker 18446744072858376480 terminating (autodelete)
06-28 01:34:16.702   412   510 I InputReader: 1--1-----KeyCode=20, scanCode=108
06-28 01:34:16.703   412   510 D WindowManager: interceptKeyTq keycode=20 interactive=true keyguardActive=false policyFlags=22000000
06-28 01:34:16.704   412   509 D WindowManager: interceptKeyTi keyCode=20 down=false repeatCount=0 keyguardOn=false mHomePressed=false canceled=false
06-28 01:34:16.914  2009  2069 V RKMC    : Debug Print: Thread JobWorker 18446744072882116896 terminating (autodelete)
06-28 01:34:16.970   412   510 I InputReader: 1--1-----KeyCode=20, scanCode=108
06-28 01:34:16.971   412   510 I InputReader: 1--22-----KeyCode=20, scanCode=108
06-28 01:34:16.971   412   510 I InputReader: KeyCode=20, scanCode=108
06-28 01:34:16.971   412   510 D WindowManager: interceptKeyTq keycode=20 interactive=true keyguardActive=false policyFlags=22000000
06-28 01:34:16.972   412   509 D WindowManager: interceptKeyTi keyCode=20 down=true repeatCount=0 keyguardOn=false mHomePressed=false canceled=false
06-28 01:34:17.059   412   510 I InputReader: 1--1-----KeyCode=20, scanCode=108
06-28 01:34:17.060   412   510 D WindowManager: interceptKeyTq keycode=20 interactive=true keyguardActive=false policyFlags=22000000
06-28 01:34:17.060   412   509 D WindowManager: interceptKeyTi keyCode=20 down=false repeatCount=0 keyguardOn=false mHomePressed=false canceled=false
06-28 01:34:17.191   412   510 I InputReader: 1--1-----KeyCode=20, scanCode=108
06-28 01:34:17.191   412   510 I InputReader: 1--22-----KeyCode=20, scanCode=108
06-28 01:34:17.192   412   510 I InputReader: KeyCode=20, scanCode=108
06-28 01:34:17.192   412   510 D WindowManager: interceptKeyTq keycode=20 interactive=true keyguardActive=false policyFlags=22000000
06-28 01:34:17.193   412   509 D WindowManager: interceptKeyTi keyCode=20 down=true repeatCount=0 keyguardOn=false mHomePressed=false canceled=false
06-28 01:34:17.283   412   510 I InputReader: 1--1-----KeyCode=20, scanCode=108
06-28 01:34:17.284   412   510 D WindowManager: interceptKeyTq keycode=20 interactive=true keyguardActive=false policyFlags=22000000
06-28 01:34:17.284   412   509 D WindowManager: interceptKeyTi keyCode=20 down=false repeatCount=0 keyguardOn=false mHomePressed=false canceled=false
06-28 01:34:17.366   412   510 I InputReader: 1--1-----KeyCode=20, scanCode=108
06-28 01:34:17.367   412   510 I InputReader: 1--22-----KeyCode=20, scanCode=108
06-28 01:34:17.367   412   510 I InputReader: KeyCode=20, scanCode=108
06-28 01:34:17.368   412   510 D WindowManager: interceptKeyTq keycode=20 interactive=true keyguardActive=false policyFlags=22000000
06-28 01:34:17.368   412   509 D WindowManager: interceptKeyTi keyCode=20 down=true repeatCount=0 keyguardOn=false mHomePressed=false canceled=false
06-28 01:34:17.456   412   510 I InputReader: 1--1-----KeyCode=20, scanCode=108
06-28 01:34:17.457   412   510 D WindowManager: interceptKeyTq keycode=20 interactive=true keyguardActive=false policyFlags=22000000
06-28 01:34:17.457   412   509 D WindowManager: interceptKeyTi keyCode=20 down=false repeatCount=0 keyguardOn=false mHomePressed=false canceled=false
06-28 01:34:17.755   412   510 I InputReader: 1--1-----KeyCode=20, scanCode=108
06-28 01:34:17.756   412   510 I InputReader: 1--22-----KeyCode=20, scanCode=108
06-28 01:34:17.756   412   510 I InputReader: KeyCode=20, scanCode=108
06-28 01:34:17.756   412   510 D WindowManager: interceptKeyTq keycode=20 interactive=true keyguardActive=false policyFlags=22000000
06-28 01:34:17.757   412   509 D WindowManager: interceptKeyTi keyCode=20 down=true repeatCount=0 keyguardOn=false mHomePressed=false canceled=false
06-28 01:34:17.846   412   510 I InputReader: 1--1-----KeyCode=20, scanCode=108
06-28 01:34:17.847   412   510 D WindowManager: interceptKeyTq keycode=20 interactive=true keyguardActive=false policyFlags=22000000
06-28 01:34:17.847   412   509 D WindowManager: interceptKeyTi keyCode=20 down=false repeatCount=0 keyguardOn=false mHomePressed=false canceled=false
06-28 01:34:17.960   412   510 I InputReader: 1--1-----KeyCode=20, scanCode=108
06-28 01:34:17.961   412   510 I InputReader: 1--22-----KeyCode=20, scanCode=108
06-28 01:34:17.961   412   510 I InputReader: KeyCode=20, scanCode=108
06-28 01:34:17.961   412   510 D WindowManager: interceptKeyTq keycode=20 interactive=true keyguardActive=false policyFlags=22000000
06-28 01:34:17.961   412   509 D WindowManager: interceptKeyTi keyCode=20 down=true repeatCount=0 keyguardOn=false mHomePressed=false canceled=false
06-28 01:34:18.053   412   510 I InputReader: 1--1-----KeyCode=20, scanCode=108
06-28 01:34:18.053   412   510 D WindowManager: interceptKeyTq keycode=20 interactive=true keyguardActive=false policyFlags=22000000
06-28 01:34:18.055   412   509 D WindowManager: interceptKeyTi keyCode=20 down=false repeatCount=0 keyguardOn=false mHomePressed=false canceled=false
06-28 01:34:18.155  1478  2109 D DeviceIconRequestHandler: Device icon request received for icon 1
06-28 01:34:18.158  1478  1940 D DeviceIconRequestHandler: Device icon request received for icon 1
06-28 01:34:18.182   412   510 I InputReader: 1--1-----KeyCode=20, scanCode=108
06-28 01:34:18.183   412   510 I InputReader: 1--22-----KeyCode=20, scanCode=108
06-28 01:34:18.183   412   510 I InputReader: KeyCode=20, scanCode=108
06-28 01:34:18.183   412   510 D WindowManager: interceptKeyTq keycode=20 interactive=true keyguardActive=false policyFlags=22000000
06-28 01:34:18.183   412   509 D WindowManager: interceptKeyTi keyCode=20 down=true repeatCount=0 keyguardOn=false mHomePressed=false canceled=false
06-28 01:34:18.272   412   510 I InputReader: 1--1-----KeyCode=20, scanCode=108
06-28 01:34:18.273   412   510 D WindowManager: interceptKeyTq keycode=20 interactive=true keyguardActive=false policyFlags=22000000
06-28 01:34:18.274   412   509 D WindowManager: interceptKeyTi keyCode=20 down=false repeatCount=0 keyguardOn=false mHomePressed=false canceled=false
06-28 01:34:18.380   412   510 I InputReader: 1--1-----KeyCode=20, scanCode=108
06-28 01:34:18.381   412   510 I InputReader: 1--22-----KeyCode=20, scanCode=108
06-28 01:34:18.381   412   510 I InputReader: KeyCode=20, scanCode=108
06-28 01:34:18.382   412   510 D WindowManager: interceptKeyTq keycode=20 interactive=true keyguardActive=false policyFlags=22000000
06-28 01:34:18.382   412   509 D WindowManager: interceptKeyTi keyCode=20 down=true repeatCount=0 keyguardOn=false mHomePressed=false canceled=false
06-28 01:34:18.469   412   510 I InputReader: 1--1-----KeyCode=20, scanCode=108
06-28 01:34:18.470   412   510 D WindowManager: interceptKeyTq keycode=20 interactive=true keyguardActive=false policyFlags=22000000
06-28 01:34:18.471   412   509 D WindowManager: interceptKeyTi keyCode=20 down=false repeatCount=0 keyguardOn=false mHomePressed=false canceled=false
06-28 01:34:18.601   412   510 I InputReader: 1--1-----KeyCode=20, scanCode=108
06-28 01:34:18.601   412   510 I InputReader: 1--22-----KeyCode=20, scanCode=108
06-28 01:34:18.601   412   510 I InputReader: KeyCode=20, scanCode=108
06-28 01:34:18.602   412   510 D WindowManager: interceptKeyTq keycode=20 interactive=true keyguardActive=false policyFlags=22000000
06-28 01:34:18.602   412   509 D WindowManager: interceptKeyTi keyCode=20 down=true repeatCount=0 keyguardOn=false mHomePressed=false canceled=false
06-28 01:34:18.693   412   510 I InputReader: 1--1-----KeyCode=20, scanCode=108
06-28 01:34:18.693   412   510 D WindowManager: interceptKeyTq keycode=20 interactive=true keyguardActive=false policyFlags=22000000
06-28 01:34:18.694   412   509 D WindowManager: interceptKeyTi keyCode=20 down=false repeatCount=0 keyguardOn=false mHomePressed=false canceled=false
06-28 01:34:18.821   412   510 I InputReader: 1--1-----KeyCode=20, scanCode=108
06-28 01:34:18.822   412   510 I InputReader: 1--22-----KeyCode=20, scanCode=108
06-28 01:34:18.822   412   510 I InputReader: KeyCode=20, scanCode=108
06-28 01:34:18.823   412   510 D WindowManager: interceptKeyTq keycode=20 interactive=true keyguardActive=false policyFlags=22000000
06-28 01:34:18.823   412   509 D WindowManager: interceptKeyTi keyCode=20 down=true repeatCount=0 keyguardOn=false mHomePressed=false canceled=false
06-28 01:34:18.912   412   510 I InputReader: 1--1-----KeyCode=20, scanCode=108
06-28 01:34:18.914   412   510 D WindowManager: interceptKeyTq keycode=20 interactive=true keyguardActive=false policyFlags=22000000
06-28 01:34:18.914   412   509 D WindowManager: interceptKeyTi keyCode=20 down=false repeatCount=0 keyguardOn=false mHomePressed=false canceled=false
06-28 01:34:19.065   412   510 I InputReader: 1--1-----KeyCode=20, scanCode=108
06-28 01:34:19.066   412   510 I InputReader: 1--22-----KeyCode=20, scanCode=108
06-28 01:34:19.066   412   510 I InputReader: KeyCode=20, scanCode=108
06-28 01:34:19.066   412   510 D WindowManager: interceptKeyTq keycode=20 interactive=true keyguardActive=false policyFlags=22000000
06-28 01:34:19.067   412   509 D WindowManager: interceptKeyTi keyCode=20 down=true repeatCount=0 keyguardOn=false mHomePressed=false canceled=false
06-28 01:34:19.156   412   510 I InputReader: 1--1-----KeyCode=20, scanCode=108
06-28 01:34:19.157   412   510 D WindowManager: interceptKeyTq keycode=20 interactive=true keyguardActive=false policyFlags=22000000
06-28 01:34:19.158   412   509 D WindowManager: interceptKeyTi keyCode=20 down=false repeatCount=0 keyguardOn=false mHomePressed=false canceled=false
06-28 01:34:19.332   412   510 I InputReader: 1--1-----KeyCode=20, scanCode=108
06-28 01:34:19.333   412   510 I InputReader: 1--22-----KeyCode=20, scanCode=108
06-28 01:34:19.333   412   510 I InputReader: KeyCode=20, scanCode=108
06-28 01:34:19.333   412   510 D WindowManager: interceptKeyTq keycode=20 interactive=true keyguardActive=false policyFlags=22000000
06-28 01:34:19.334   412   509 D WindowManager: interceptKeyTi keyCode=20 down=true repeatCount=0 keyguardOn=false mHomePressed=false canceled=false
06-28 01:34:19.423   412   510 I InputReader: 1--1-----KeyCode=20, scanCode=108
06-28 01:34:19.423   412   510 D WindowManager: interceptKeyTq keycode=20 interactive=true keyguardActive=false policyFlags=22000000
06-28 01:34:19.424   412   509 D WindowManager: interceptKeyTi keyCode=20 down=false repeatCount=0 keyguardOn=false mHomePressed=false canceled=false
06-28 01:34:19.576   412   510 I InputReader: 1--1-----KeyCode=20, scanCode=108
06-28 01:34:19.577   412   510 I InputReader: 1--22-----KeyCode=20, scanCode=108
06-28 01:34:19.577   412   510 I InputReader: KeyCode=20, scanCode=108
06-28 01:34:19.577   412   510 D WindowManager: interceptKeyTq keycode=20 interactive=true keyguardActive=false policyFlags=22000000
06-28 01:34:19.577   412   509 D WindowManager: interceptKeyTi keyCode=20 down=true repeatCount=0 keyguardOn=false mHomePressed=false canceled=false
06-28 01:34:19.666   412   510 I InputReader: 1--1-----KeyCode=20, scanCode=108
06-28 01:34:19.667   412   510 D WindowManager: interceptKeyTq keycode=20 interactive=true keyguardActive=false policyFlags=22000000
06-28 01:34:19.667   412   509 D WindowManager: interceptKeyTi keyCode=20 down=false repeatCount=0 keyguardOn=false mHomePressed=false canceled=false
06-28 01:34:19.782   412   510 I InputReader: 1--1-----KeyCode=20, scanCode=108
06-28 01:34:19.783   412   510 I InputReader: 1--22-----KeyCode=20, scanCode=108
06-28 01:34:19.783   412   510 I InputReader: KeyCode=20, scanCode=108
06-28 01:34:19.784   412   510 D WindowManager: interceptKeyTq keycode=20 interactive=true keyguardActive=false policyFlags=22000000
06-28 01:34:19.784   412   509 D WindowManager: interceptKeyTi keyCode=20 down=true repeatCount=0 keyguardOn=false mHomePressed=false canceled=false
06-28 01:34:19.873   412   510 I InputReader: 1--1-----KeyCode=20, scanCode=108
06-28 01:34:19.874   412   510 D WindowManager: interceptKeyTq keycode=20 interactive=true keyguardActive=false policyFlags=22000000
06-28 01:34:19.874   412   509 D WindowManager: interceptKeyTi keyCode=20 down=false repeatCount=0 keyguardOn=false mHomePressed=false canceled=false
06-28 01:34:19.988   412   510 I InputReader: 1--1-----KeyCode=20, scanCode=108
06-28 01:34:19.989   412   510 I InputReader: 1--22-----KeyCode=20, scanCode=108
06-28 01:34:19.989   412   510 I InputReader: KeyCode=20, scanCode=108
06-28 01:34:19.989   412   510 D WindowManager: interceptKeyTq keycode=20 interactive=true keyguardActive=false policyFlags=22000000
06-28 01:34:19.990   412   509 D WindowManager: interceptKeyTi keyCode=20 down=true repeatCount=0 keyguardOn=false mHomePressed=false canceled=false
06-28 01:34:20.023  2219  2265 I Finsky  : [61] dhd.run(3): Initializing the instant apps module.
06-28 01:34:20.065  2219  2243 I ShortcutBadger: Checking if platform supports badge counters, attempt 1/3.
06-28 01:34:20.079   412   510 I InputReader: 1--1-----KeyCode=20, scanCode=108
06-28 01:34:20.081   412   510 D WindowManager: interceptKeyTq keycode=20 interactive=true keyguardActive=false policyFlags=22000000
06-28 01:34:20.081   412   509 D WindowManager: interceptKeyTi keyCode=20 down=false repeatCount=0 keyguardOn=false mHomePressed=false canceled=false
06-28 01:34:20.098  2219  2243 I ShortcutBadger: Checking if platform supports badge counters, attempt 2/3.
06-28 01:34:20.125  2219  2243 I ShortcutBadger: Checking if platform supports badge counters, attempt 3/3.
06-28 01:34:20.140  2219  2264 E Finsky  : [60] fxd.a(25): Unable to build selector: /storage/emulated/0/Download/marketenvs.csv (No such file or directory)
06-28 01:34:20.147  2219  2243 W ShortcutBadger: Badge counter seems not supported in this platform: unable to resolve intent: Intent { act=android.intent.action.BADGE_COUNT_UPDATE (has extras) }
06-28 01:34:20.184  2219  2292 I Finsky  : [85] oaa.b(1): Triggered update for experiment package com.google.android.finsky.stable.
06-28 01:34:20.186   412   510 I InputReader: 1--1-----KeyCode=20, scanCode=108
06-28 01:34:20.187   412   510 I InputReader: 1--22-----KeyCode=20, scanCode=108
06-28 01:34:20.187   412   510 I InputReader: KeyCode=20, scanCode=108
06-28 01:34:20.187   412   510 D WindowManager: interceptKeyTq keycode=20 interactive=true keyguardActive=false policyFlags=22000000
06-28 01:34:20.188   412   509 D WindowManager: interceptKeyTi keyCode=20 down=true repeatCount=0 keyguardOn=false mHomePressed=false canceled=false
06-28 01:34:20.276   412   510 I InputReader: 1--1-----KeyCode=20, scanCode=108
06-28 01:34:20.276   412   510 D WindowManager: interceptKeyTq keycode=20 interactive=true keyguardActive=false policyFlags=22000000
06-28 01:34:20.277   412   509 D WindowManager: interceptKeyTi keyCode=20 down=false repeatCount=0 keyguardOn=false mHomePressed=false canceled=false
06-28 01:34:20.361   412   510 I InputReader: 1--1-----KeyCode=20, scanCode=108
06-28 01:34:20.361   412   510 I InputReader: 1--22-----KeyCode=20, scanCode=108
06-28 01:34:20.361   412   510 I InputReader: KeyCode=20, scanCode=108
06-28 01:34:20.361   412   510 D WindowManager: interceptKeyTq keycode=20 interactive=true keyguardActive=false policyFlags=22000000
06-28 01:34:20.362   412   509 D WindowManager: interceptKeyTi keyCode=20 down=true repeatCount=0 keyguardOn=false mHomePressed=false canceled=false
06-28 01:34:20.453   412   510 I InputReader: 1--1-----KeyCode=20, scanCode=108
06-28 01:34:20.454   412   510 D WindowManager: interceptKeyTq keycode=20 interactive=true keyguardActive=false policyFlags=22000000
06-28 01:34:20.454   412   509 D WindowManager: interceptKeyTi keyCode=20 down=false repeatCount=0 keyguardOn=false mHomePressed=false canceled=false
06-28 01:34:20.567   412   510 I InputReader: 1--1-----KeyCode=20, scanCode=108
06-28 01:34:20.568   412   510 I InputReader: 1--22-----KeyCode=20, scanCode=108
06-28 01:34:20.568   412   510 I InputReader: KeyCode=20, scanCode=108
06-28 01:34:20.568   412   510 D WindowManager: interceptKeyTq keycode=20 interactive=true keyguardActive=false policyFlags=22000000
06-28 01:34:20.568   412   509 D WindowManager: interceptKeyTi keyCode=20 down=true repeatCount=0 keyguardOn=false mHomePressed=false canceled=false
06-28 01:34:20.656   412   510 I InputReader: 1--1-----KeyCode=20, scanCode=108
06-28 01:34:20.657   412   510 D WindowManager: interceptKeyTq keycode=20 interactive=true keyguardActive=false policyFlags=22000000
06-28 01:34:20.657   412   509 D WindowManager: interceptKeyTi keyCode=20 down=false repeatCount=0 keyguardOn=false mHomePressed=false canceled=false
06-28 01:34:20.666  2219  2251 I Finsky  : [51] vbv.f(3): Restoring notifications
06-28 01:34:20.676  2219  2264 I Finsky  : [60] vxb.a(11): Do not start WearSupportService due to Wear service optimization
06-28 01:34:20.677  2219  2243 I Finsky  : [43] dgs.run(7): Component class com.google.android.finsky.wear.WearSupportService disabled via PackageManager.
06-28 01:34:20.688  2219  2243 I Finsky  : [43] dgs.run(7): Component class com.google.android.finsky.wear.WearChangeListenerService disabled via PackageManager.
06-28 01:34:20.760  2219  2292 I Finsky  : [85] oaa.b(6): Already at the latest configurations for experiment package com.google.android.finsky.stable.
06-28 01:34:20.761  2219  2289 W art     : Long monitor contention with owner AsyncTask #3 (2292) at abkw jqa.a(android.content.Context, crj, jqn)(SourceFile:1) waiters=0 in int oaa.b() for 526ms
06-28 01:34:20.765   412   510 I InputReader: 1--1-----KeyCode=20, scanCode=108
06-28 01:34:20.766   412   510 I InputReader: 1--22-----KeyCode=20, scanCode=108
06-28 01:34:20.766   412   510 I InputReader: KeyCode=20, scanCode=108
06-28 01:34:20.766   412   510 D WindowManager: interceptKeyTq keycode=20 interactive=true keyguardActive=false policyFlags=22000000
06-28 01:34:20.766   412   509 D WindowManager: interceptKeyTi keyCode=20 down=true repeatCount=0 keyguardOn=false mHomePressed=false canceled=false
06-28 01:34:20.770  2219  2289 I Finsky  : [83] oaa.b(1): Triggered update for experiment package com.google.android.finsky.regular.
06-28 01:34:20.854  2219  2251 I Finsky  : [51] vbv.f(8): Done restoring notifications
06-28 01:34:20.856   412   510 I InputReader: 1--1-----KeyCode=20, scanCode=108
06-28 01:34:20.857   412   510 D WindowManager: interceptKeyTq keycode=20 interactive=true keyguardActive=false policyFlags=22000000
06-28 01:34:20.857   412   509 D WindowManager: interceptKeyTi keyCode=20 down=false repeatCount=0 keyguardOn=false mHomePressed=false canceled=false
06-28 01:34:21.058  2219  2289 I Finsky  : [83] oaa.b(6): Already at the latest configurations for experiment package com.google.android.finsky.regular.
06-28 01:34:21.060  2219  2252 W art     : Long monitor contention with owner AsyncTask #3 (2292) at abkw jqa.a(android.content.Context, crj, jqn)(SourceFile:1) waiters=1 in int oaa.b() for 812ms
06-28 01:34:21.060  2219  2252 I Finsky  : [52] oaa.b(1): Triggered update for experiment package com.google.android.finsky.regular.
06-28 01:34:21.265  2219  2252 I Finsky  : [52] oaa.b(6): Already at the latest configurations for experiment package com.google.android.finsky.regular.
06-28 01:34:21.582   412   510 I InputReader: 1--1-----KeyCode=0, scanCode=232
06-28 01:34:21.582   412   510 I InputReader: 1--22-----KeyCode=23, scanCode=232
06-28 01:34:21.582   412   510 I InputReader: KeyCode=23, scanCode=232
06-28 01:34:21.583   412   510 D WindowManager: interceptKeyTq keycode=23 interactive=true keyguardActive=false policyFlags=22000000
06-28 01:34:21.583   412   509 D WindowManager: interceptKeyTi keyCode=23 down=true repeatCount=0 keyguardOn=false mHomePressed=false canceled=false
06-28 01:34:21.610  2219  2224 I art     : Do partial code cache collection, code=13KB, data=20KB
06-28 01:34:21.610  2219  2224 I art     : After code cache collection, code=13KB, data=20KB
06-28 01:34:21.610  2219  2224 I art     : Increasing code cache capacity to 128KB
06-28 01:34:21.617  2219  2224 I art     : Compiler allocated 7MB to compile java.lang.Object adji.call()
06-28 01:34:21.672   412   510 I InputReader: 1--1-----KeyCode=0, scanCode=232
06-28 01:34:21.673   412   510 D WindowManager: interceptKeyTq keycode=23 interactive=true keyguardActive=false policyFlags=22000000
06-28 01:34:21.674   412   509 D WindowManager: interceptKeyTi keyCode=23 down=false repeatCount=0 keyguardOn=false mHomePressed=false canceled=false
06-28 01:34:21.789  1306  1306 D AppUtils: Have 0 number of activities in preferred list
06-28 01:34:21.817  1306  1306 D AppUtils: Have 0 number of activities in preferred list
06-28 01:34:21.837  2219  2219 I Finsky  : [1] qnw.run(4): Detected restoreservicev2://recovery not needed, will not run
06-28 01:34:23.900   412   510 I InputReader: 1--1-----KeyCode=20, scanCode=108
06-28 01:34:23.901   412   510 I InputReader: 1--22-----KeyCode=20, scanCode=108
06-28 01:34:23.901   412   510 I InputReader: KeyCode=20, scanCode=108
06-28 01:34:23.901   412   510 D WindowManager: interceptKeyTq keycode=20 interactive=true keyguardActive=false policyFlags=22000000
06-28 01:34:23.902   412   509 D WindowManager: interceptKeyTi keyCode=20 down=true repeatCount=0 keyguardOn=false mHomePressed=false canceled=false
06-28 01:34:24.089   412   510 I InputReader: 1--1-----KeyCode=20, scanCode=108
06-28 01:34:24.091   412   510 D WindowManager: interceptKeyTq keycode=20 interactive=true keyguardActive=false policyFlags=22000000
06-28 01:34:24.091   412   509 D WindowManager: interceptKeyTi keyCode=20 down=false repeatCount=0 keyguardOn=false mHomePressed=false canceled=false
06-28 01:34:24.299   412   510 I InputReader: 1--1-----KeyCode=20, scanCode=108
06-28 01:34:24.300   412   510 I InputReader: 1--22-----KeyCode=20, scanCode=108
06-28 01:34:24.300   412   510 I InputReader: KeyCode=20, scanCode=108
06-28 01:34:24.300   412   510 D WindowManager: interceptKeyTq keycode=20 interactive=true keyguardActive=false policyFlags=22000000
06-28 01:34:24.301   412   509 D WindowManager: interceptKeyTi keyCode=20 down=true repeatCount=0 keyguardOn=false mHomePressed=false canceled=false
06-28 01:34:24.389   412   510 I InputReader: 1--1-----KeyCode=20, scanCode=108
06-28 01:34:24.391   412   510 D WindowManager: interceptKeyTq keycode=20 interactive=true keyguardActive=false policyFlags=22000000
06-28 01:34:24.391   412   509 D WindowManager: interceptKeyTi keyCode=20 down=false repeatCount=0 keyguardOn=false mHomePressed=false canceled=false
06-28 01:34:25.270  1154  1191 V MediaScanner: pruneDeadThumbnailFiles... android.content.ContentProviderClient$CursorWrapperInner@ebc0bee
06-28 01:34:25.273  1154  1191 V MediaScanner: /pruneDeadThumbnailFiles... android.content.ContentProviderClient$CursorWrapperInner@ebc0bee
06-28 01:34:25.709   845   860 E sdcard  : opendir /mnt/media_rw/e14e8b4a-c6c3-4546-b069-dfbdf64d0b66/lost+found failed: Permission denied
06-28 01:34:25.711   845   860 E sdcard  : opendir /mnt/media_rw/e14e8b4a-c6c3-4546-b069-dfbdf64d0b66/lost+found failed: Permission denied
06-28 01:34:25.711  1154  1191 W MediaScanner: Error opening directory '/storage/e14e8b4a-c6c3-4546-b069-dfbdf64d0b66/lost+found/', skipping: Permission denied.
06-28 01:34:25.717  1154  1191 V MediaScanner: pruneDeadThumbnailFiles... android.content.ContentProviderClient$CursorWrapperInner@9c7c88f
06-28 01:34:25.718  1154  1191 V MediaScanner: /pruneDeadThumbnailFiles... android.content.ContentProviderClient$CursorWrapperInner@9c7c88f
06-28 01:34:26.429  1478  1478 I System.out: MediaStorePolicy, update media folder size. 
06-28 01:34:26.652  1154  1191 W MediaScanner: Error opening directory '/oem/media/', skipping: No such file or directory.
06-28 01:34:27.708  1478  1478 I System.out: MediaStorePolicy, update media folder size. 
06-28 01:34:28.083  2009  2009 I Thread-3: type=1400 audit(0.0:70): avc: denied { read } for name="005" dev="tmpfs" ino=7348 scontext=u:r:platform_app:s0:c512,c768 tcontext=u:object_r:usb_device:s0 tclass=dir permissive=1
06-28 01:34:28.083  2009  2009 I Thread-3: type=1400 audit(0.0:71): avc: denied { open } for path="/dev/bus/usb/005" dev="tmpfs" ino=7348 scontext=u:r:platform_app:s0:c512,c768 tcontext=u:object_r:usb_device:s0 tclass=dir permissive=1
06-28 01:34:28.240   412   510 I InputReader: 1--1-----KeyCode=20, scanCode=108
06-28 01:34:28.241   412   510 I InputReader: 1--22-----KeyCode=20, scanCode=108
06-28 01:34:28.241   412   510 I InputReader: KeyCode=20, scanCode=108
06-28 01:34:28.241   412   510 D WindowManager: interceptKeyTq keycode=20 interactive=true keyguardActive=false policyFlags=22000000
06-28 01:34:28.242   412   509 D WindowManager: interceptKeyTi keyCode=20 down=true repeatCount=0 keyguardOn=false mHomePressed=false canceled=false
06-28 01:34:28.426   412   510 I InputReader: 1--1-----KeyCode=20, scanCode=108
06-28 01:34:28.427   412   510 D WindowManager: interceptKeyTq keycode=20 interactive=true keyguardActive=false policyFlags=22000000
06-28 01:34:28.427   412   509 D WindowManager: interceptKeyTi keyCode=20 down=false repeatCount=0 keyguardOn=false mHomePressed=false canceled=false
06-28 01:34:28.508   412   510 I InputReader: 1--1-----KeyCode=20, scanCode=108
06-28 01:34:28.509   412   510 I InputReader: 1--22-----KeyCode=20, scanCode=108
06-28 01:34:28.509   412   510 I InputReader: KeyCode=20, scanCode=108
06-28 01:34:28.509   412   510 D WindowManager: interceptKeyTq keycode=20 interactive=true keyguardActive=false policyFlags=22000000
06-28 01:34:28.509   412   509 D WindowManager: interceptKeyTi keyCode=20 down=true repeatCount=0 keyguardOn=false mHomePressed=false canceled=false
06-28 01:34:28.599   412   510 I InputReader: 1--1-----KeyCode=20, scanCode=108
06-28 01:34:28.600   412   510 D WindowManager: interceptKeyTq keycode=20 interactive=true keyguardActive=false policyFlags=22000000
06-28 01:34:28.601   412   509 D WindowManager: interceptKeyTi keyCode=20 down=false repeatCount=0 keyguardOn=false mHomePressed=false canceled=false
06-28 01:34:28.714   412   510 I InputReader: 1--1-----KeyCode=20, scanCode=108
06-28 01:34:28.715   412   510 I InputReader: 1--22-----KeyCode=20, scanCode=108
06-28 01:34:28.715   412   510 I InputReader: KeyCode=20, scanCode=108
06-28 01:34:28.715   412   510 D WindowManager: interceptKeyTq keycode=20 interactive=true keyguardActive=false policyFlags=22000000
06-28 01:34:28.716   412   509 D WindowManager: interceptKeyTi keyCode=20 down=true repeatCount=0 keyguardOn=false mHomePressed=false canceled=false
06-28 01:34:29.119   412   510 I InputReader: 1--1-----KeyCode=20, scanCode=108
06-28 01:34:29.120   412   510 D WindowManager: interceptKeyTq keycode=20 interactive=true keyguardActive=false policyFlags=22000000
06-28 01:34:29.121   412   509 D WindowManager: interceptKeyTi keyCode=20 down=false repeatCount=0 keyguardOn=false mHomePressed=false canceled=false
06-28 01:34:29.192   412   510 I InputReader: 1--1-----KeyCode=20, scanCode=108
06-28 01:34:29.193   412   510 I InputReader: 1--22-----KeyCode=20, scanCode=108
06-28 01:34:29.193   412   510 I InputReader: KeyCode=20, scanCode=108
06-28 01:34:29.193   412   510 D WindowManager: interceptKeyTq keycode=20 interactive=true keyguardActive=false policyFlags=22000000
06-28 01:34:29.193   412   509 D WindowManager: interceptKeyTi keyCode=20 down=true repeatCount=0 keyguardOn=false mHomePressed=false canceled=false
06-28 01:34:29.379   412   510 I InputReader: 1--1-----KeyCode=20, scanCode=108
06-28 01:34:29.380   412   510 D WindowManager: interceptKeyTq keycode=20 interactive=true keyguardActive=false policyFlags=22000000
06-28 01:34:29.380   412   509 D WindowManager: interceptKeyTi keyCode=20 down=false repeatCount=0 keyguardOn=false mHomePressed=false canceled=false
06-28 01:34:29.499   412   510 I InputReader: 1--1-----KeyCode=20, scanCode=108
06-28 01:34:29.500   412   510 I InputReader: 1--22-----KeyCode=20, scanCode=108
06-28 01:34:29.500   412   510 I InputReader: KeyCode=20, scanCode=108
06-28 01:34:29.500   412   510 D WindowManager: interceptKeyTq keycode=20 interactive=true keyguardActive=false policyFlags=22000000
06-28 01:34:29.500   412   509 D WindowManager: interceptKeyTi keyCode=20 down=true repeatCount=0 keyguardOn=false mHomePressed=false canceled=false
06-28 01:34:29.686   412   510 I InputReader: 1--1-----KeyCode=20, scanCode=108
06-28 01:34:29.687   412   510 D WindowManager: interceptKeyTq keycode=20 interactive=true keyguardActive=false policyFlags=22000000
06-28 01:34:29.688   412   509 D WindowManager: interceptKeyTi keyCode=20 down=false repeatCount=0 keyguardOn=false mHomePressed=false canceled=false
06-28 01:34:29.882   412   510 I InputReader: 1--1-----KeyCode=20, scanCode=108
06-28 01:34:29.883   412   510 I InputReader: 1--22-----KeyCode=20, scanCode=108
06-28 01:34:29.883   412   510 I InputReader: KeyCode=20, scanCode=108
06-28 01:34:29.883   412   510 D WindowManager: interceptKeyTq keycode=20 interactive=true keyguardActive=false policyFlags=22000000
06-28 01:34:29.883   412   509 D WindowManager: interceptKeyTi keyCode=20 down=true repeatCount=0 keyguardOn=false mHomePressed=false canceled=false
06-28 01:34:30.069   412   510 I InputReader: 1--1-----KeyCode=20, scanCode=108
06-28 01:34:30.070   412   510 D WindowManager: interceptKeyTq keycode=20 interactive=true keyguardActive=false policyFlags=22000000
06-28 01:34:30.071   412   509 D WindowManager: interceptKeyTi keyCode=20 down=false repeatCount=0 keyguardOn=false mHomePressed=false canceled=false
06-28 01:34:30.417   412   510 I InputReader: 1--1-----KeyCode=0, scanCode=232
06-28 01:34:30.418   412   510 I InputReader: 1--22-----KeyCode=23, scanCode=232
06-28 01:34:30.418   412   510 I InputReader: KeyCode=23, scanCode=232
06-28 01:34:30.418   412   510 D WindowManager: interceptKeyTq keycode=23 interactive=true keyguardActive=false policyFlags=22000000
06-28 01:34:30.419   412   509 D WindowManager: interceptKeyTi keyCode=23 down=true repeatCount=0 keyguardOn=false mHomePressed=false canceled=false
06-28 01:34:30.509   412   510 I InputReader: 1--1-----KeyCode=0, scanCode=232
06-28 01:34:30.510   412   510 D WindowManager: interceptKeyTq keycode=23 interactive=true keyguardActive=false policyFlags=22000000
06-28 01:34:30.510   412   509 D WindowManager: interceptKeyTi keyCode=23 down=false repeatCount=0 keyguardOn=false mHomePressed=false canceled=false
06-28 01:34:30.513   412   966 I ActivityManager: START u0 {act=android.intent.action.MANAGE_APP_PERMISSIONS cmp=com.google.android.packageinstaller/com.android.packageinstaller.permission.ui.ManagePermissionsActivity (has extras)} from uid 1000 on display 0
06-28 01:34:30.614   412   985 I ActivityManager: Start proc 2320:com.google.android.packageinstaller/u0a10 for activity com.google.android.packageinstaller/com.android.packageinstaller.permission.ui.ManagePermissionsActivity
06-28 01:34:30.763  2320  2320 W System  : ClassLoader referenced unknown path: /system/priv-app/GooglePackageInstaller/lib/arm64
06-28 01:34:31.033  2320  2320 I [Gralloc]:  ion device open success! fd = 41
06-28 01:34:31.121  2320  2336 I mali_so : [File] : hardware/rockchip/driver/./src/base/arch/arch_011_udd/base_arch_main.c; [Line] : 565; [Func] : deal_with_version_affairs_rk_ext;
06-28 01:34:31.121  2320  2336 I mali_so : arm_release_ver of this mali_so is 'r7p0-00rel1', rk_so_ver is '1@2' for 3328h_android_7.1, built at '15:47:51', on 'Jun 28 2017'.
06-28 01:34:31.121  2320  2336 I mali_so : [File] : hardware/rockchip/driver/./src/base/arch/arch_011_udd/base_arch_main.c; [Line] : 578; [Func] : deal_with_version_affairs_rk_ext;
06-28 01:34:31.121  2320  2336 I mali_so : mali_ver_property has been set to 'r7p0-00rel1-5-1@2', to return.
06-28 01:34:31.126  2320  2336 I OpenGLRenderer: Initialized EGL, version 1.4
06-28 01:34:31.126  2320  2336 D OpenGLRenderer: Swap behavior 1
06-28 01:34:31.204   412  1709 I ActivityManager: Killing 2143:com.android.chrome:webview_service/u0a28 (adj 906): empty #4
06-28 01:34:31.233   412   486 I ActivityManager: Displayed com.google.android.packageinstaller/com.android.packageinstaller.permission.ui.ManagePermissionsActivity: +662ms
06-28 01:34:31.234   412   985 D ActivityManager: cleanUpApplicationRecord -- 2143
06-28 01:34:31.970   412   510 I InputReader: 1--1-----KeyCode=4, scanCode=158
06-28 01:34:31.971   412   510 I InputReader: 1--22-----KeyCode=4, scanCode=158
06-28 01:34:31.971   412   510 I InputReader: KeyCode=4, scanCode=158
06-28 01:34:31.971   412   510 D WindowManager: interceptKeyTq keycode=4 interactive=true keyguardActive=false policyFlags=22000000
06-28 01:34:31.971   412   509 D WindowManager: interceptKeyTi keyCode=4 down=true repeatCount=0 keyguardOn=false mHomePressed=false canceled=false
06-28 01:34:32.059   412   510 I InputReader: 1--1-----KeyCode=4, scanCode=158
06-28 01:34:32.060   412   510 D WindowManager: interceptKeyTq keycode=4 interactive=true keyguardActive=false policyFlags=22000000
06-28 01:34:32.060   412   509 D WindowManager: interceptKeyTi keyCode=4 down=false repeatCount=0 keyguardOn=false mHomePressed=false canceled=false
06-28 01:34:32.161  1306  1306 D AppUtils: Have 0 number of activities in preferred list
06-28 01:34:32.742   412   510 I InputReader: 1--1-----KeyCode=4, scanCode=158
06-28 01:34:32.742   412   510 I InputReader: 1--22-----KeyCode=4, scanCode=158
06-28 01:34:32.743   412   510 I InputReader: KeyCode=4, scanCode=158
06-28 01:34:32.743   412   510 D WindowManager: interceptKeyTq keycode=4 interactive=true keyguardActive=false policyFlags=22000000
06-28 01:34:32.743   412   509 D WindowManager: interceptKeyTi keyCode=4 down=true repeatCount=0 keyguardOn=false mHomePressed=false canceled=false
06-28 01:34:32.929   412   510 I InputReader: 1--1-----KeyCode=4, scanCode=158
06-28 01:34:32.930   412   510 D WindowManager: interceptKeyTq keycode=4 interactive=true keyguardActive=false policyFlags=22000000
06-28 01:34:32.930   412   509 D WindowManager: interceptKeyTi keyCode=4 down=false repeatCount=0 keyguardOn=false mHomePressed=false canceled=false
06-28 01:34:33.736   412   510 I InputReader: 1--1-----KeyCode=4, scanCode=158
06-28 01:34:33.737   412   510 I InputReader: 1--22-----KeyCode=4, scanCode=158
06-28 01:34:33.737   412   510 I InputReader: KeyCode=4, scanCode=158
06-28 01:34:33.737   412   510 D WindowManager: interceptKeyTq keycode=4 interactive=true keyguardActive=false policyFlags=22000000
06-28 01:34:33.738   412   509 D WindowManager: interceptKeyTi keyCode=4 down=true repeatCount=0 keyguardOn=false mHomePressed=false canceled=false
06-28 01:34:33.922   412   510 I InputReader: 1--1-----KeyCode=4, scanCode=158
06-28 01:34:33.923   412   510 D WindowManager: interceptKeyTq keycode=4 interactive=true keyguardActive=false policyFlags=22000000
06-28 01:34:33.924   412   509 D WindowManager: interceptKeyTi keyCode=4 down=false repeatCount=0 keyguardOn=false mHomePressed=false canceled=false
06-28 01:34:35.191   412   510 I InputReader: 1--1-----KeyCode=4, scanCode=158
06-28 01:34:35.191   412   510 I InputReader: 1--22-----KeyCode=4, scanCode=158
06-28 01:34:35.191   412   510 I InputReader: KeyCode=4, scanCode=158
06-28 01:34:35.191   412   510 D WindowManager: interceptKeyTq keycode=4 interactive=true keyguardActive=false policyFlags=22000000
06-28 01:34:35.192   412   509 D WindowManager: interceptKeyTi keyCode=4 down=true repeatCount=0 keyguardOn=false mHomePressed=false canceled=false
06-28 01:34:35.379   412   510 I InputReader: 1--1-----KeyCode=4, scanCode=158
06-28 01:34:35.380   412   510 D WindowManager: interceptKeyTq keycode=4 interactive=true keyguardActive=false policyFlags=22000000
06-28 01:34:35.380   412   509 D WindowManager: interceptKeyTi keyCode=4 down=false repeatCount=0 keyguardOn=false mHomePressed=false canceled=false
06-28 01:34:35.820  1306  1306 I art     : Starting a blocking GC Explicit
06-28 01:34:35.871  1306  1306 I art     : Explicit concurrent mark sweep GC freed 13978(759KB) AllocSpace objects, 0(0B) LOS objects, 25% free, 8MB/10MB, paused 388us total 43.254ms
06-28 01:34:35.871  1306  1306 I art     : Starting a blocking GC Explicit
06-28 01:34:35.904  1306  1306 I art     : Explicit concurrent mark sweep GC freed 4701(390KB) AllocSpace objects, 6(2MB) LOS objects, 24% free, 5MB/6MB, paused 385us total 30.703ms
06-28 01:34:36.269   886  1153 W awmy    : Empty context buffer. Thus might mean that the context is not synced down.
06-28 01:34:36.269   886  1153 W awhk    : Empty context model while retrieving upload opt-in status!
06-28 01:34:36.514   412   510 I InputReader: 1--1-----KeyCode=20, scanCode=108
06-28 01:34:36.515   412   510 I InputReader: 1--22-----KeyCode=20, scanCode=108
06-28 01:34:36.515   412   510 I InputReader: KeyCode=20, scanCode=108
06-28 01:34:36.515   412   510 D WindowManager: interceptKeyTq keycode=20 interactive=true keyguardActive=false policyFlags=22000000
06-28 01:34:36.516   412   509 D WindowManager: interceptKeyTi keyCode=20 down=true repeatCount=0 keyguardOn=false mHomePressed=false canceled=false
06-28 01:34:36.606   412   510 I InputReader: 1--1-----KeyCode=20, scanCode=108
06-28 01:34:36.606   412   510 D WindowManager: interceptKeyTq keycode=20 interactive=true keyguardActive=false policyFlags=22000000
06-28 01:34:36.606   412   509 D WindowManager: interceptKeyTi keyCode=20 down=false repeatCount=0 keyguardOn=false mHomePressed=false canceled=false
06-28 01:34:38.579   412   510 I InputReader: 1--1-----KeyCode=22, scanCode=106
06-28 01:34:38.580   412   510 I InputReader: 1--22-----KeyCode=22, scanCode=106
06-28 01:34:38.580   412   510 I InputReader: KeyCode=22, scanCode=106
06-28 01:34:38.580   412   510 D WindowManager: interceptKeyTq keycode=22 interactive=true keyguardActive=false policyFlags=22000000
06-28 01:34:38.581   412   509 D WindowManager: interceptKeyTi keyCode=22 down=true repeatCount=0 keyguardOn=false mHomePressed=false canceled=false
06-28 01:34:38.701   845   860 E sdcard  : opendir /mnt/media_rw/e14e8b4a-c6c3-4546-b069-dfbdf64d0b66/lost+found failed: Permission denied
06-28 01:34:38.703   845   860 E sdcard  : opendir /mnt/media_rw/e14e8b4a-c6c3-4546-b069-dfbdf64d0b66/lost+found failed: Permission denied
06-28 01:34:38.703  1154  1191 W MediaScanner: Error opening directory '/storage/e14e8b4a-c6c3-4546-b069-dfbdf64d0b66/lost+found/', skipping: Permission denied.
06-28 01:34:38.711  1154  1191 V MediaScanner: pruneDeadThumbnailFiles... android.content.ContentProviderClient$CursorWrapperInner@99c9908
06-28 01:34:38.711  1154  1191 V MediaScanner: /pruneDeadThumbnailFiles... android.content.ContentProviderClient$CursorWrapperInner@99c9908
06-28 01:34:38.766   412   510 I InputReader: 1--1-----KeyCode=22, scanCode=106
06-28 01:34:38.766   412   510 D WindowManager: interceptKeyTq keycode=22 interactive=true keyguardActive=false policyFlags=22000000
06-28 01:34:38.767   412   509 D WindowManager: interceptKeyTi keyCode=22 down=false repeatCount=0 keyguardOn=false mHomePressed=false canceled=false
06-28 01:34:46.014   412   966 I ActivityManager: Killing 2219:com.android.vending/u0a14 (adj 906): empty #4
06-28 01:34:46.065   412  1634 D ConnectivityService: ConnectivityService NetworkRequestInfo binderDied(NetworkRequest [ LISTEN id=6, [ Capabilities: INTERNET&NOT_RESTRICTED&TRUSTED] ], android.os.BinderProxy@6c3bf02)
06-28 01:34:46.065   412  1709 D ActivityManager: cleanUpApplicationRecord -- 2219
06-28 01:34:46.065   412   530 D ConnectivityService: releasing NetworkRequest [ LISTEN id=6, [ Capabilities: INTERNET&NOT_RESTRICTED&TRUSTED] ]
06-28 01:34:46.066   412   530 D ConnectivityService: sending notification RELEASED for NetworkRequest [ LISTEN id=6, [ Capabilities: INTERNET&NOT_RESTRICTED&TRUSTED] ]
06-28 01:34:46.067   412   530 E ConnectivityService: RemoteException caught trying to send a callback msg for NetworkRequest [ LISTEN id=6, [ Capabilities: INTERNET&NOT_RESTRICTED&TRUSTED] ]
06-28 01:34:50.721   412   501 W ActivityManager: Unable to start service Intent { act=com.google.android.gms.drive.ApiService.RESET_AFTER_BOOT flg=0x4 cmp=com.google.android.gms/.drive.api.ApiService (has extras) } U=0: not found
06-28 01:34:50.776   412   412 I ActivityManager: Start proc 2363:com.android.vending/u0a14 for service com.android.vending/com.google.android.finsky.scheduler.JobSchedulerEngine$PhoneskyJobSchedulerJobService
06-28 01:34:50.776   412   412 W ActivityManager: Slow operation: 51ms so far, now at startProcess: done starting proc!
06-28 01:34:51.698  2363  2384 I Finsky  : [44] nzt.a(41): Started reading experiment flags from file [SKocQA9EQQFTb-1gQsc5WsjVhGA].
06-28 01:34:51.704  2363  2384 I Finsky  : [44] nzt.a(42): Finished reading experiment flags from file [SKocQA9EQQFTb-1gQsc5WsjVhGA].
06-28 01:34:51.719  2363  2384 I Finsky  : [44] nzt.a(41): Started reading experiment flags from file [C998-Gi6f_UjQFYCyTEyUpsNKd8].
06-28 01:34:51.725  2363  2384 I Finsky  : [44] nzt.a(42): Finished reading experiment flags from file [C998-Gi6f_UjQFYCyTEyUpsNKd8].
06-28 01:34:51.758  2363  2363 I Finsky  : [1] nzt.a(41): Started reading experiment flags from file [v6B-2IolLQRBwrwPhscSaeg04As].
06-28 01:34:51.770  2363  2363 I Finsky  : [1] nzt.a(42): Finished reading experiment flags from file [v6B-2IolLQRBwrwPhscSaeg04As].
06-28 01:34:51.784  2363  2363 I Finsky  : [1] qah.<init>(8): Resetting scheduler db
06-28 01:34:51.814  2363  2383 I Finsky  : [43] dgq.X(6): Not a unicorn account
06-28 01:34:51.826  2363  2383 W PrimesInit: Primes instant initialization
06-28 01:34:51.828  2363  2398 W Primes  : background initialization
06-28 01:34:51.838  2363  2383 I Finsky  : [43] dgq.aR(9): Disable SystemUpdateActivity, because Android is lower than Q
06-28 01:34:51.840  2363  2383 I Finsky  : [43] dgq.aR(11): Set SystemUpdateActivity enabled state to 2
06-28 01:34:51.850  2363  2398 I PrimesTesting: GserviceFlagsSupplier.get()
06-28 01:34:51.857   412  1569 D ConnectivityService: listenForNetwork for uid/pid:10014/2363 NetworkRequest [ LISTEN id=7, [ Capabilities: INTERNET&NOT_RESTRICTED&TRUSTED] ]
06-28 01:34:51.858   412   530 D ConnectivityService: rematching NetworkAgentInfo [Ethernet () - 100]
06-28 01:34:51.858   412   530 D ConnectivityService:  network has: [ Transports: ETHERNET Capabilities: INTERNET&NOT_RESTRICTED&TRUSTED&NOT_VPN&VALIDATED&FOREGROUND LinkUpBandwidth>=100000Kbps LinkDnBandwidth>=100000Kbps]
06-28 01:34:51.858   412   530 D ConnectivityService: Network NetworkAgentInfo [Ethernet () - 100] was already satisfying request 1. No change.
06-28 01:34:51.858   412   530 D ConnectivityService: sending notification AVAILABLE for NetworkRequest [ LISTEN id=7, [ Capabilities: INTERNET&NOT_RESTRICTED&TRUSTED] ]
06-28 01:34:51.860  2363  2382 D lvjinhua:  Failed while trying resolve alarm filter file, not exists
06-28 01:34:51.864  2363  2381 I cr_CronetLibraryLoader: Cronet version: 76.0.3800.0, arch: armv8l
06-28 01:34:51.881  2363  2383 W Settings: Setting download_manager_max_bytes_over_mobile has moved from android.provider.Settings.Secure to android.provider.Settings.Global.
06-28 01:34:51.884  2363  2383 I Finsky  : [43] ncv.a(8): SettingNotFoundException, fall through to G.downloadBytesOverMobileMaximum
06-28 01:34:51.884  2363  2383 W Settings: Setting download_manager_recommended_max_bytes_over_mobile has moved from android.provider.Settings.Secure to android.provider.Settings.Global.
06-28 01:34:51.890  2363  2383 I Finsky  : [43] ncv.a(11): SettingNotFoundException, fall through to G.downloadBytesOverMobileRecommended
06-28 01:34:51.944  2363  2383 I Finsky  : [43] vbv.d(1): Setup app restrictions monitor
06-28 01:34:51.949  2363  2383 I Finsky  : [43] vdo.a(5): Device wide unknown source restriction is changed.
06-28 01:34:51.968  2363  2381 I Finsky  : [41] cru.a(129): Opt out Play Pass user: home@romanr.info
06-28 01:34:52.088  2363  2387 I Finsky  : [47] mkj.a(13): Loaded library for account: [rGICDVw8vLQT9a_kAVxbdua02fY]
06-28 01:34:52.103  2363  2387 I Finsky  : [47] mkj.a(15): Finished loading 1 libraries.
06-28 01:34:52.106  2363  2363 I Finsky  : [1] khj.a(41): Installer: Attempting to start installer
06-28 01:34:52.131  2363  2363 I Finsky  : [1] kgq.<init>(8): Not checking if recovering from paused session because experiment is off
06-28 01:34:52.171  2363  2363 I Finsky  : [1] com.google.android.finsky.scheduler.JobSchedulerEngine$PhoneskyJobSchedulerJobService.onStartJob(3): onJobSchedulerWakeup with jobId 9005
06-28 01:34:52.191  2363  2363 I Finsky  : [1] pyj.a(5): Scheduling fallback in 43199984 (absolute: 43321455)
06-28 01:34:52.203  2363  2363 I Finsky  : [1] pyj.a(5): Scheduling fallback in 64799989 (absolute: 64921472)
06-28 01:34:52.228  2363  2363 I Finsky  : [1] khj.a(263): Installer kick - no action, not running yet
06-28 01:34:52.229  2363  2363 I Finsky  : [1] khj.a(263): Installer kick - no action, not running yet
06-28 01:34:52.231  2363  2384 D NetworkSecurityConfig: No Network Security Config specified, using platform default
06-28 01:34:52.277  2363  2363 I Finsky  : [1] kjm.a(4): Installer: Installer starting, recovering 0 running downloads
06-28 01:34:52.278  2363  2435 I Finsky  : [89] kjz.run(2): Installer: Installer starting, cleaning up sessions.
06-28 01:34:52.342  2363  2435 I Finsky  : [89] kjz.run(10): Installer: Installer started.
06-28 01:34:52.356  2363  2363 I Finsky  : [1] rcz.a(35): Connecting InstallListener to SplitInstallService broadcaster...
06-28 01:34:52.368  2363  2363 I Finsky  : [1] khj.a(267): Installer: found apps to install. apps=[]
06-28 01:34:52.465  2363  2363 I Finsky  : [1] pyt.handleMessage(10): DeviceState: DeviceState{currentTime=1561674892453, isCharging=true, isIdle=false, netAny=true, netNotRoaming=true, netUnmetered=true}
06-28 01:34:52.541  2363  2392 I Finsky  : [52] qah.b(7): Jobs in database: 1-1337 24-77777777 26-1414141414 29-29 
06-28 01:34:52.562  2363  2363 I Finsky  : [1] pyt.handleMessage(84): RunningQueue size: 0, PendingQueue size: 0
06-28 01:34:52.563  2363  2363 I Finsky  : [1] pyt.handleMessage(88): Waiting on changed job store
06-28 01:34:57.360  2363  2392 I Finsky  : [52] qah.b(7): Jobs in database: 1-1337 24-77777777 26-1414141414 29-29 
06-28 01:34:57.373  2363  2363 I Finsky  : [1] pyt.handleMessage(84): RunningQueue size: 0, PendingQueue size: 0
06-28 01:34:57.374  2363  2363 I Finsky  : [1] pyt.handleMessage(27): Executor finished
06-28 01:34:57.390   412   456 I ActivityManager: Killing 2320:com.google.android.packageinstaller/u0a10 (adj 906): empty #4
06-28 01:34:57.411  2363  2363 I Finsky  : [1] qah.b(7): Jobs in database: 1-1337 24-77777777 26-1414141414 29-29 
06-28 01:34:57.424   412  1709 D GraphicsStats: Buffer count: 4
06-28 01:34:57.424   412   985 D ActivityManager: cleanUpApplicationRecord -- 2320
06-28 01:34:57.427  2363  2363 I Finsky  : [1] pxo.a(113): ConstraintMapping: 24-77777777,  -> L: 0ms, D: 69741045ms, C: false, I: true, N: 0
06-28 01:34:57.428  2363  2363 I Finsky  : [1] pxo.a(113): ConstraintMapping: 1-1337,  -> L: 13675884ms, D: 56875884ms, C: false, I: false, N: 1
06-28 01:34:57.430  2363  2363 I Finsky  : [1] pxo.a(113): ConstraintMapping: 29-29, 26-1414141414,  -> L: 24357ms, D: 54357ms, C: false, I: false, N: 0
06-28 01:34:57.432  2363  2363 I Finsky  : [1] com.google.android.finsky.scheduler.JobSchedulerEngine.a(42): Cancelling existing job with id: 9004
06-28 01:34:57.434  2363  2363 I Finsky  : [1] com.google.android.finsky.scheduler.JobSchedulerEngine.a(42): Cancelling existing job with id: 9003
06-28 01:34:57.436  2363  2363 I Finsky  : [1] com.google.android.finsky.scheduler.JobSchedulerEngine.a(14): Throttling wakeup for job 9000 (expected to run in 0 ms) due to recent wakeup
06-28 01:34:57.437  2363  2363 I Finsky  : [1] com.google.android.finsky.scheduler.JobSchedulerEngine.a(4): Scheduling job Id: 9000, L: 30000, D: 69741045, C: false, I: true, N: 0
06-28 01:34:57.440  2363  2363 I Finsky  : [1] com.google.android.finsky.scheduler.JobSchedulerEngine.a(4): Scheduling job Id: 9001, L: 13675884, D: 56875884, C: false, I: false, N: 1
06-28 01:34:57.442  2363  2363 I Finsky  : [1] com.google.android.finsky.scheduler.JobSchedulerEngine.a(14): Throttling wakeup for job 9002 (expected to run in 24357 ms) due to recent wakeup
06-28 01:34:57.443  2363  2363 I Finsky  : [1] com.google.android.finsky.scheduler.JobSchedulerEngine.a(4): Scheduling job Id: 9002, L: 30000, D: 54357, C: false, I: false, N: 0
06-28 01:35:01.849  2363  2409 I Finsky  : [65] dhd.run(3): Initializing the instant apps module.
06-28 01:35:01.850  2363  2395 I ShortcutBadger: Checking if platform supports badge counters, attempt 1/3.
06-28 01:35:01.884  2363  2395 I ShortcutBadger: Checking if platform supports badge counters, attempt 2/3.
06-28 01:35:01.900  2363  2395 I ShortcutBadger: Checking if platform supports badge counters, attempt 3/3.
