06-28 01:33:42.477  2009  2049 V RKMC    : Debug Print: GL: Vertex Shader compilation log:
06-28 01:33:42.478  2009  2049 V RKMC    : Debug Print: GL: Vertex Shader compiled successfully
06-28 01:33:42.478  2009  2049 V RKMC    : Debug Print: GL: Pixel Shader compilation log:
06-28 01:33:42.478  2009  2049 V RKMC    : Debug Print: GL: Fragment Shader compiled successfully
06-28 01:33:42.478  2009  2049 V RKMC    : Debug Print: GUI Shader [guishader_frag_multi_blendcolor.glsl]- Initialise successful : 0xd13f2100
06-28 01:33:42.480  2009  2049 V RKMC    : Debug Print: GL: Vertex Shader compilation log:
06-28 01:33:42.480  2009  2049 V RKMC    : Debug Print: GL: Vertex Shader compiled successfully
06-28 01:33:42.480  2009  2049 V RKMC    : Debug Print: GL: Pixel Shader compilation log:
06-28 01:33:42.481  2009  2049 V RKMC    : Debug Print: GL: Fragment Shader compiled successfully
06-28 01:33:42.481  2009  2049 V RKMC    : Debug Print: GUI Shader [guishader_frag_rgba.glsl]- Initialise successful : 0xd13f2280
06-28 01:33:42.482  2009  2049 V RKMC    : Debug Print: GLES: Extension Support Test - GL_OES_EGL_image_external YES
06-28 01:33:42.483  2009  2049 V RKMC    : Debug Print: GL: Vertex Shader compilation log:
06-28 01:33:42.483  2009  2049 V RKMC    : Debug Print: GL: Vertex Shader compiled successfully
06-28 01:33:42.483  2009  2049 V RKMC    : Debug Print: GL: Pixel Shader compilation log:
06-28 01:33:42.483  2009  2049 V RKMC    : Debug Print: GL: Fragment Shader compiled successfully
06-28 01:33:42.484  2009  2049 V RKMC    : Debug Print: GUI Shader [guishader_frag_rgba_oes.glsl]- Initialise successful : 0xd13f2400
06-28 01:33:42.485  2009  2049 V RKMC    : Debug Print: GL: Vertex Shader compilation log:
06-28 01:33:42.485  2009  2049 V RKMC    : Debug Print: GL: Vertex Shader compiled successfully
06-28 01:33:42.485  2009  2049 V RKMC    : Debug Print: GL: Pixel Shader compilation log:
06-28 01:33:42.485  2009  2049 V RKMC    : Debug Print: GL: Fragment Shader compiled successfully
06-28 01:33:42.486  2009  2049 V RKMC    : Debug Print: GUI Shader [guishader_frag_rgba_blendcolor.glsl]- Initialise successful : 0xd13f2580
06-28 01:33:42.487  2009  2049 V RKMC    : Debug Print: GL: Vertex Shader compilation log:
06-28 01:33:42.487  2009  2049 V RKMC    : Debug Print: GL: Vertex Shader compiled successfully
06-28 01:33:42.487  2009  2049 V RKMC    : Debug Print: GL: Pixel Shader compilation log:
06-28 01:33:42.488  2009  2049 V RKMC    : Debug Print: GL: Fragment Shader compiled successfully
06-28 01:33:42.488  2009  2049 V RKMC    : Debug Print: GUI Shader [guishader_frag_rgba_bob.glsl]- Initialise successful : 0xd13f2700
06-28 01:33:42.488  2009  2049 V RKMC    : Debug Print: GLES: Extension Support Test - GL_OES_EGL_image_external YES
06-28 01:33:42.489  2009  2049 V RKMC    : Debug Print: GL: Vertex Shader compilation log:
06-28 01:33:42.490  2009  2049 V RKMC    : Debug Print: GL: Vertex Shader compiled successfully
06-28 01:33:42.490  2009  2049 V RKMC    : Debug Print: GL: Pixel Shader compilation log:
06-28 01:33:42.490  2009  2049 V RKMC    : Debug Print: GL: Fragment Shader compiled successfully
06-28 01:33:42.491  2009  2049 V RKMC    : Debug Print: GUI Shader [guishader_frag_rgba_bob_oes.glsl]- Initialise successful : 0xd13f2900
06-28 01:33:42.493  2009  2049 V RKMC    : Debug Print: CEGLNativeTypeAndroid: Current display refresh rate: 60.000004
06-28 01:33:42.493  2009  2049 V RKMC    : Debug Print: Current resolution: 1280x720 @ 60.00 - Full Screen
06-28 01:33:42.493  2009  2049 V RKMC    : Debug Print: static int SysfsUtils::GetString(const string&, std::string&): error reading /sys/class/display/display0.HDMI/mode
06-28 01:33:42.494  2009  2049 V RKMC    : Debug Print: SysModeToResolution w:4096 h:2160 r:60
06-28 01:33:42.494  2009  2049 V RKMC    : Debug Print: CEGLNativeTypeRockchip current res:4096x2160-60.000000 hz
06-28 01:33:42.494  2009  2049 V RKMC    : Debug Print: CWinSystemEGL::CreateNewWindow: No need to create a new window
06-28 01:33:42.494  2009  2049 V RKMC    : Debug Print: GLES: Maximum texture width: 4096
06-28 01:33:42.495  2009  2049 V RKMC    : Debug Print: CRenderManager::UpdateDisplayLatency - Latency set to 0 msec
06-28 01:33:42.511  2009  2049 V RKMC    : Debug Print: SECTION:LoadDLL(libImageLib-arm.so)
06-28 01:33:42.512  2009  2049 V RKMC    : Debug Print: Loading: /system/app/rkmcapp-armeabi-v7a-debug/lib/arm/libImageLib-arm.so
06-28 01:33:42.515  2009  2049 W linker  : /system/app/rkmcapp-armeabi-v7a-debug/lib/arm/libImageLib-arm.so: is missing DT_SONAME will use basename as a replacement: "libImageLib-arm.so"
06-28 01:33:42.710  2009  2049 V RKMC    : Debug Print: load keymapping
06-28 01:33:42.720  2009  2049 V RKMC    : Debug Print: Loading special://xbmc/system/keymaps/appcommand.xml
06-28 01:33:42.794  2009  2049 V RKMC    : Debug Print: Loading special://xbmc/system/keymaps/gamepad.xml
06-28 01:33:42.872  2009  2049 V RKMC    : Debug Print: Loading special://xbmc/system/keymaps/joystick.xml
06-28 01:33:42.896  2009  2049 V RKMC    : Debug Print: Loading special://xbmc/system/keymaps/keyboard.xml
06-28 01:33:42.918  2009  2049 V RKMC    : Debug Print: Loading special://xbmc/system/keymaps/mouse.xml
06-28 01:33:42.922  2009  2049 V RKMC    : Debug Print: Loading special://xbmc/system/keymaps/remote.xml
06-28 01:33:42.943  2009  2049 V RKMC    : Debug Print: Loading special://xbmc/system/keymaps/touchscreen.xml
06-28 01:33:42.963  2009  2049 V RKMC    : Debug Print: GUI format 1280x720, Display 4096x2160 @ 60.00 - Full Screen
06-28 01:33:42.964  2009  2049 V RKMC    : Debug Print: guilib: Fill viewport on change for solving rendering passes
06-28 01:33:42.964  2009  2049 V RKMC    : Debug Print: CLangInfo: loading resource.language.en_gb language information...
06-28 01:33:42.968  2009  2049 V RKMC    : Debug Print: trying to set locale to en_DE.UTF-8
06-28 01:33:42.968  2009  2049 V RKMC    : Debug Print: global locale set to C
06-28 01:33:42.969  2009  2049 V RKMC    : Debug Print: CLangInfo: loading resource.language.en_gb language strings...
06-28 01:33:43.014  2009  2049 V RKMC    : Debug Print: POParser: loaded 3544 strings from file resource://resource.language.en_gb/strings.po
06-28 01:33:43.023  2009  2009 I Thread-3: type=1400 audit(0.0:68): avc: denied { read } for name="usb" dev="tmpfs" ino=7190 scontext=u:r:platform_app:s0:c512,c768 tcontext=u:object_r:usb_device:s0 tclass=dir permissive=1
06-28 01:33:43.023  2009  2009 I Thread-3: type=1400 audit(0.0:69): avc: denied { open } for path="/dev/bus/usb" dev="tmpfs" ino=7190 scontext=u:r:platform_app:s0:c512,c768 tcontext=u:object_r:usb_device:s0 tclass=dir permissive=1
06-28 01:33:43.024  2009  2049 V RKMC    : Debug Print: bool PERIPHERALS::CPeripherals::LoadMappings() - loaded node "Motorola Nyxboard Hybrid"
06-28 01:33:43.024  2009  2049 V RKMC    : Debug Print: bool PERIPHERALS::CPeripherals::LoadMappings() - loaded node "CEC Adapter"
06-28 01:33:43.025  2009  2049 V RKMC    : Debug Print: bool PERIPHERALS::CPeripherals::LoadMappings() - loaded node "Pulse-Eight CEC Adapter"
06-28 01:33:43.025  2009  2049 V RKMC    : Debug Print: bool PERIPHERALS::CPeripherals::LoadMappings() - loaded node "iMON HID device"
06-28 01:33:43.026  2009  2049 V RKMC    : Debug Print: PERIPHERALS::CPeripheralBusUSB::CPeripheralBusUSB(PERIPHERALS::CPeripherals*) - using libusb peripheral scanning
06-28 01:33:43.027  2009  2058 V RKMC    : Debug Print: Thread PeripBusUSB start, auto delete: false
06-28 01:33:43.027  2009  2049 V RKMC    : Debug Print: SECTION:LoadDLL(libcurl.so)
06-28 01:33:43.027  2009  2049 V RKMC    : Debug Print: Loading: /system/app/rkmcapp-armeabi-v7a-debug/lib/arm/libcurl.so
06-28 01:33:43.037  1119  1747 I AppsUpload: Uploading list of 3 apps for 1 account(s)
06-28 01:33:43.092  2009  2049 V RKMC    : Debug Print: Running database version Addons20
06-28 01:33:43.093  2009  2049 V RKMC    : Debug Print: void CDatabaseManager::Initialize(bool), updating databases...
06-28 01:33:43.097  2009  2049 V RKMC    : Debug Print: Running database version ViewModes6
06-28 01:33:43.103  2009  2049 V RKMC    : Debug Print: Running database version Textures13
06-28 01:33:43.115  2009  2049 V RKMC    : Debug Print: Running database version MyMusic56
06-28 01:33:43.165  2009  2049 V RKMC    : Debug Print: Running database version MyVideos99
06-28 01:33:43.172  1119  1606 I MobileDataHub: No subscription found for com.google.android.gms
06-28 01:33:43.174  2009  2049 V RKMC    : Debug Print: Running database version TV29
06-28 01:33:43.179  2009  2049 V RKMC    : Debug Print: Running database version Epg11
06-28 01:33:43.184  2009  2049 V RKMC    : Debug Print: void CDatabaseManager::Initialize(bool), updating databases... DONE
06-28 01:33:43.184  2009  2049 V RKMC    : Debug Print: DPMS: not supported on this platform
06-28 01:33:43.281  2009  2049 V RKMC    : Debug Print: CAnnouncementManager - Announcement: OnClear from xbmc
06-28 01:33:43.281  2009  2049 V RKMC    : Debug Print: GOT ANNOUNCEMENT, type: 2, from xbmc, message OnClear
06-28 01:33:43.287  2009  2049 V RKMC    : Debug Print: Activating window ID: 12997
06-28 01:33:43.287  2009  2049 V RKMC    : Debug Print: ------ Window Init () ------
06-28 01:33:43.287  2009  2049 V RKMC    : Debug Print: Alloc resources: 0.01ms  (0.01 ms skin load)
06-28 01:33:43.288  2009  2049 V RKMC    : Debug Print: load splash image: /data/user/0/org.xbmc.rkmc/cache/apk/assets/media/Splash.png
06-28 01:33:43.291  1711  1716 I art     : Do partial code cache collection, code=16KB, data=23KB
06-28 01:33:43.291  1711  1716 I art     : After code cache collection, code=16KB, data=23KB
06-28 01:33:43.291  1711  1716 I art     : Increasing code cache capacity to 128KB
06-28 01:33:43.298  2009  2049 V RKMC    : Debug Print: Unloading old skin ...
06-28 01:33:43.299  2009  2049 V RKMC    : Debug Print:   load skin from: /data/user/0/org.xbmc.rkmc/cache/apk/assets/addons/skin.confluence (version: 2.8.8)
06-28 01:33:43.302  2009  2049 V RKMC    : Debug Print:   load fonts for skin...
06-28 01:33:43.307  1711  1716 I art     : Compiler allocated 7MB to compile java.lang.Object adji.call()
06-28 01:33:43.309  2009  2049 V RKMC    : Debug Print: Loading fonts from /data/user/0/org.xbmc.rkmc/cache/apk/assets/addons/skin.confluence/720p/Font.xml
06-28 01:33:43.478  2009  2049 V RKMC    : Debug Print: POParser: loaded 147 strings from file /data/user/0/org.xbmc.rkmc/cache/apk/assets/addons/skin.confluence/language/resource.language.en_gb/strings.po
06-28 01:33:43.478  2009  2049 V RKMC    : Debug Print: Loading skin includes from /data/user/0/org.xbmc.rkmc/cache/apk/assets/addons/skin.confluence/720p/includes.xml
06-28 01:33:43.612   412   542 I chatty  : uid=1000(system) Hdmi Control Io expire 16 lines
06-28 01:33:43.612   412   542 W HdmiCecController: Failed to send <Text View On> src: 4, dst: 0
06-28 01:33:43.612   412   542 W HdmiCecController: Failed to send <Active Source> src: 4, dst: 15, params: FF FF
06-28 01:33:43.613   412   542 W HdmiCecController: Failed to send <Give Device Power Status> src: 4, dst: 0
06-28 01:33:43.614   412   509 I ActivityManager: START u0 {act=android.intent.action.MAIN cat=[android.intent.category.HOME] flg=0x10200000 cmp=org.cosinus.launchertv/.Launcher (has extras)} from uid 1000 on display 0
06-28 01:33:43.619  2009  2009 V threaded_app: Pause: 0xe139ad00
06-28 01:33:43.628  1119  1606 I MobileDataHub: No subscription found for com.google.android.gms
06-28 01:33:43.850  1119  1130 W art     : Suspending all threads took: 20.609ms
06-28 01:33:43.859  1119  1655 E AppsUpload: Privacy bit setting explicitly disabled
06-28 01:33:43.941  2009  2049 V RKMC    : Debug Print:   load new skin...
06-28 01:33:43.942  2009  2049 V RKMC    : Debug Print: Loading user windows, path /data/user/0/org.xbmc.rkmc/cache/apk/assets/addons/skin.confluence/720p
06-28 01:33:43.990  2009  2049 V RKMC    : Debug Print: Load Skin XML: 49.45ms
06-28 01:33:43.991  2009  2049 V RKMC    : Debug Print:   initialize new skin...
06-28 01:33:43.991  2009  2049 V RKMC    : Debug Print: guilib: Fill viewport on change for solving rendering passes
06-28 01:33:43.992  2009  2049 V RKMC    : Debug Print: Loading skin file: Pointer.xml, load type: LOAD_ON_GUI_INIT
06-28 01:33:43.999  2009  2049 V RKMC    : Debug Print: Load Pointer.xml: 7.43ms
06-28 01:33:44.048  2009  2049 V RKMC    : Debug Print: bool CTextureBundleXBT::OpenBundle() - Opened bundle /data/user/0/org.xbmc.rkmc/cache/apk/assets/addons/skin.confluence/media/Textures.xbt
06-28 01:33:44.051  2009  2049 V RKMC    : Debug Print: Alloc resources: 59.08ms  (7.89 ms skin load)
06-28 01:33:44.051  2009  2049 V RKMC    : Debug Print: Loading skin file: DialogVolumeBar.xml, load type: LOAD_ON_GUI_INIT
06-28 01:33:44.059  2009  2049 V RKMC    : Debug Print: Load DialogVolumeBar.xml: 7.54ms
06-28 01:33:44.060  2009  2049 V RKMC    : Debug Print: Alloc resources: 8.71ms  (7.99 ms skin load)
06-28 01:33:44.060  2009  2049 V RKMC    : Debug Print: Loading skin file: DialogKaiToast.xml, load type: LOAD_ON_GUI_INIT
06-28 01:33:44.066  2009  2049 V RKMC    : Debug Print: Load DialogKaiToast.xml: 6.03ms
06-28 01:33:44.067  2009  2049 V RKMC    : Debug Print: Alloc resources: 6.46ms  (6.46 ms skin load)
06-28 01:33:44.067  2009  2049 V RKMC    : Debug Print: Loading skin file: DialogMuteBug.xml, load type: LOAD_ON_GUI_INIT
06-28 01:33:44.071  2009  2049 V RKMC    : Debug Print: Load DialogMuteBug.xml: 3.76ms
06-28 01:33:44.071  2009  2049 V RKMC    : Debug Print: Alloc resources: 4.14ms  (4.14 ms skin load)
06-28 01:33:44.072  2009  2049 V RKMC    : Debug Print: Loading skin file: DialogSeekBar.xml, load type: LOAD_ON_GUI_INIT
06-28 01:33:44.090  2009  2049 V RKMC    : Debug Print: Load DialogSeekBar.xml: 18.54ms
06-28 01:33:44.092  2009  2049 V RKMC    : Debug Print: Alloc resources: 20.24ms  (18.95 ms skin load)
06-28 01:33:44.092  2009  2049 V RKMC    : Debug Print: Loading skin file: DialogBusy.xml, load type: LOAD_ON_GUI_INIT
06-28 01:33:44.098  2009  2049 V RKMC    : Debug Print: Load DialogBusy.xml: 5.67ms
06-28 01:33:44.099  2009  2049 V RKMC    : Debug Print: Alloc resources: 6.10ms  (6.04 ms skin load)
06-28 01:33:44.099  2009  2049 V RKMC    : Debug Print: Loading skin file: DialogExtendedProgressBar.xml, load type: LOAD_ON_GUI_INIT
06-28 01:33:44.105  2009  2049 V RKMC    : Debug Print: Load DialogExtendedProgressBar.xml: 5.99ms
06-28 01:33:44.105  2009  2049 V RKMC    : Debug Print: Alloc resources: 6.38ms  (6.35 ms skin load)
06-28 01:33:44.106  2009  2049 V RKMC    : Debug Print: Alloc resources: 0.01ms  (0.01 ms skin load)
06-28 01:33:44.109  2009  2049 V RKMC    : Debug Print: Loading resource://resource.uisounds.confluence/sounds.xml
06-28 01:33:44.120   412   479 W ActivityManager: Activity pause timeout for ActivityRecord{7d62fdd u0 org.xbmc.rkmc/.Main t262}
06-28 01:33:44.123  1119  1653 E cddv    : *~*~*~ Channel {0} was not shutdown properly!!! ~*~*~*
06-28 01:33:44.123  1119  1653 E cddv    :     Make sure to call shutdown()/shutdownNow() and wait until awaitTermination() returns true.
06-28 01:33:44.153   886   886 W ChimeraUtils: Non Chimera context
06-28 01:33:44.287  2009  2049 V RKMC    : Debug Print:   skin loaded...
06-28 01:33:44.288  2009  2049 V RKMC    : Debug Print: Activating window ID: 12997
06-28 01:33:44.288  2009  2049 V RKMC    : Debug Print: ------ Window Init () ------
06-28 01:33:44.288  2009  2049 V RKMC    : Debug Print: Alloc resources: 0.01ms  (0.01 ms skin load)
06-28 01:33:44.290  2009  2049 V RKMC    : Debug Print: load splash image: /data/user/0/org.xbmc.rkmc/cache/apk/assets/media/Splash.png
06-28 01:33:44.449  2009  2049 V RKMC    : Debug Print: JSONRPC: JSON schema type definition references an unknown type Setting.Details.Setting
06-28 01:33:44.456  2009  2049 V RKMC    : Debug Print: JSONRPC: Could not parse type "Setting.Details.SettingList"
06-28 01:33:44.456  2009  2049 V RKMC    : Debug Print: JSONRPC: Adding type "Setting.Details.SettingList" to list of incomplete definitions (waiting for "Setting.Details.Setting")
06-28 01:33:44.457  2009  2049 V RKMC    : Debug Print: JSONRPC: Resolving incomplete types/methods referencing Setting.Details.Setting
06-28 01:33:44.675  2009  2049 V RKMC    : Debug Print: JSONRPC v6.32.4: Successfully initialized
06-28 01:33:44.684  2009  2049 V RKMC    : Debug Print: ADDON: Starting service addons.
06-28 01:33:44.693  2009  2049 V RKMC    : Debug Print: Activating window ID: 12999
06-28 01:33:44.693  2009  2049 V RKMC    : Debug Print: ------ Window Init (Startup.xml) ------
06-28 01:33:44.693  2009  2049 V RKMC    : Debug Print: Loading skin file: Startup.xml, load type: LOAD_EVERY_TIME
06-28 01:33:44.704  2009  2049 V RKMC    : Debug Print: Load Startup.xml: 10.80ms
06-28 01:33:44.704  2009  2049 V RKMC    : Debug Print: Alloc resources: 11.09ms  (11.08 ms skin load)
06-28 01:33:44.705  2009  2049 V RKMC    : Debug Print: ActiveAE DSP - starting
06-28 01:33:44.705  2009  2049 V RKMC    : Debug Print: removing tempfiles
06-28 01:33:44.712  2009  2049 V RKMC    : Debug Print: ADDON: Starting service addons.
06-28 01:33:44.715  2009  2049 V RKMC    : Debug Print: int CScriptInvocationManager::ExecuteAsync(const string&, const AddonPtr&, const std::vector<std::basic_string<char> >&) - Not executing non-existing script /data/user/0/org.xbmc.rkmc/cache/apk/assets/addons/script.navi-x/service.py
06-28 01:33:44.725  2009  2061 V RKMC    : Debug Print: Thread LanguageInvoker start, auto delete: false
06-28 01:33:44.726  2009  2061 V RKMC    : Debug Print: initializing python engine.
06-28 01:33:44.727  2009  2059 V RKMC    : Debug Print: Thread LanguageInvoker start, auto delete: false
06-28 01:33:44.727  2009  2059 V RKMC    : Debug Print: initializing python engine.
06-28 01:33:44.728  2009  2066 V RKMC    : Debug Print: Thread LanguageInvoker start, auto delete: false
06-28 01:33:44.728  2009  2066 V RKMC    : Debug Print: initializing python engine.
06-28 01:33:44.728  2009  2064 V RKMC    : Debug Print: Thread LanguageInvoker start, auto delete: false
06-28 01:33:44.728  2009  2064 V RKMC    : Debug Print: initializing python engine.
06-28 01:33:44.729  2009  2062 V RKMC    : Debug Print: Thread LanguageInvoker start, auto delete: false
06-28 01:33:44.729  2009  2062 V RKMC    : Debug Print: initializing python engine.
06-28 01:33:44.729  2009  2067 V RKMC    : Debug Print: Thread LanguageInvoker start, auto delete: false
06-28 01:33:44.730  2009  2067 V RKMC    : Debug Print: initializing python engine.
06-28 01:33:44.730  2009  2063 V RKMC    : Debug Print: Thread LanguageInvoker start, auto delete: false
06-28 01:33:44.730  2009  2063 V RKMC    : Debug Print: initializing python engine.
06-28 01:33:44.730  2009  2065 V RKMC    : Debug Print: Thread LanguageInvoker start, auto delete: false
06-28 01:33:44.731  2009  2065 V RKMC    : Debug Print: initializing python engine.
06-28 01:33:44.731  2009  2060 V RKMC    : Debug Print: Thread LanguageInvoker start, auto delete: false
06-28 01:33:44.731  2009  2060 V RKMC    : Debug Print: initializing python engine.
06-28 01:33:44.768  2009  2049 V RKMC    : Debug Print: CRepositoryUpdater: previous update at 26-06-2019 12:17:33, next at 28-06-2019 1:33:44
06-28 01:33:44.769  2009  2049 V RKMC    : Debug Print: initialize done
06-28 01:33:44.769  2009  2049 V RKMC    : Debug Print: Running the application...
06-28 01:33:44.770  2009  2049 V RKMC    : Debug Print: Activating window ID: 10000
06-28 01:33:44.771  2009  2068 V RKMC    : Debug Print: Thread Timer start, auto delete: false
06-28 01:33:44.776  2009  2068 V RKMC    : Debug Print: CRepositoryUpdater: running scheduled update
06-28 01:33:44.778  2009  2068 V RKMC    : Debug Print: Thread Timer 18446744072883161376 terminating
06-28 01:33:44.782  2009  2069 V RKMC    : Debug Print: Thread JobWorker start, auto delete: true
06-28 01:33:44.782  2009  2069 V RKMC    : Debug Print: CRepositoryUpdateJob[repository.xbmchub] checking for updates.
06-28 01:33:44.787  2009  2069 V RKMC    : Debug Print: CFileCache::Open - opening <tvaresolvers/tva-common-repository/raw/master/addons.xml.md5> using cache
06-28 01:33:44.788  2009  2069 V RKMC    : Debug Print: CurlFile::Open(0xd007ab40) https://offshoregit.com/tvaresolvers/tva-common-repository/raw/master/addons.xml.md5
06-28 01:33:44.789  2009  2069 V RKMC    : Debug Print: void XCURL::DllLibCurlGlobal::easy_aquire(const char*, const char*, XCURL::CURL_HANDLE**, XCURL::CURLM**) - Created session to https://offshoregit.com
06-28 01:33:44.839  2009  2069 V RKMC    : Debug Print: CCurlFile::FillBuffer - Failed: Couldn't resolve host name(6)
06-28 01:33:44.844  2009  2069 V RKMC    : Debug Print: CCurlFile::Open failed with code 0 for https://offshoregit.com/tvaresolvers/tva-common-repository/raw/master/addons.xml.md5
06-28 01:33:44.844  2009  2069 V RKMC    : Debug Print: virtual bool XFILE::CFileCache::Open(const CURL&) - failed to open source <https://offshoregit.com/tvaresolvers/tva-common-repository/raw/master/addons.xml.md5>
06-28 01:33:44.845  2009  2069 V RKMC    : Debug Print: CRepositoryUpdateJob[repository.xbmchub] failed read checksum for directory 'https://offshoregit.com/tvaresolvers/tva-common-repository/raw/master/addons.xml'
06-28 01:33:44.862  2009  2069 V RKMC    : Debug Print: CRepositoryUpdateJob[xbmc.repo.elmerohueso] checking for updates.
06-28 01:33:44.891  2009  2049 V RKMC    : Debug Print: GLES: Enabling VSYNC
06-28 01:33:44.895  2009  2049 V RKMC    : Debug Print: GLES: Selected vsync mode 10
06-28 01:33:44.924  2009  2069 V RKMC    : Debug Print: CFileCache::Open - opening <elmerohueso/xbmc.repo.elmerohueso/raw/master/download/addons.xml.md5> using cache
06-28 01:33:44.946  2009  2069 V RKMC    : Debug Print: CurlFile::Open(0xd007ab40) http://github.com/elmerohueso/xbmc.repo.elmerohueso/raw/master/download/addons.xml.md5
06-28 01:33:44.946  2009  2069 V RKMC    : Debug Print: void XCURL::DllLibCurlGlobal::easy_aquire(const char*, const char*, XCURL::CURL_HANDLE**, XCURL::CURLM**) - Created session to http://github.com
06-28 01:33:44.947  2009  2049 V RKMC    : Debug Print: ------ Window Deinit (Startup.xml) ------
06-28 01:33:44.950  2009  2049 V RKMC    : Debug Print: ------ Window Init (Home.xml) ------
06-28 01:33:44.950  2009  2049 V RKMC    : Debug Print: Loading skin file: Home.xml, load type: KEEP_IN_MEMORY
06-28 01:33:45.113   412  1634 I ActivityManager: Killing 1226:com.android.providers.calendar/u0a1 (adj 906): empty #4
06-28 01:33:45.180   412   454 D ActivityManager: cleanUpApplicationRecord -- 1226
06-28 01:33:45.236  2009  2049 V RKMC    : Debug Print: Load Home.xml: 285.28ms
06-28 01:33:45.288  2009  2049 V RKMC    : Debug Print: Alloc resources: 337.32ms  (285.79 ms skin load)
06-28 01:33:45.298  2009  2073 V RKMC    : Debug Print: Thread JobWorker start, auto delete: true
06-28 01:33:45.331  2009  2073 V RKMC    : Debug Print: CRepositoryUpdateJob[repository.FTV-Guide-Repo] checking for updates.
06-28 01:33:45.338  2009  2049 V RKMC    : Debug Print: no profile autoexec.py (/storage/emulated/0/Android/data/org.xbmc.rkmc/files/.rkmc/userdata/autoexec.py) found, skipping
06-28 01:33:45.339  2009  2049 V RKMC    : Debug Print: void CNetwork::NetworkMessage(CNetwork::EMESSAGE, int) - Starting network services
06-28 01:33:45.339  2009  2049 V RKMC    : Debug Print: starting upnp client
06-28 01:33:45.352  2009  2049 V RKMC    : Debug Print: JSONRPC Server: Successfully initialized
06-28 01:33:45.357  2009  2049 V RKMC    : Debug Print: CEGLNativeTypeAndroid: Current display refresh rate: 60.000004
06-28 01:33:45.357  2009  2049 V RKMC    : Debug Print: Current resolution: 1280x720 @ 60.00 - Full Screen
06-28 01:33:45.357  2009  2049 V RKMC    : Debug Print: static int SysfsUtils::GetString(const string&, std::string&): error reading /sys/class/display/display0.HDMI/mode
06-28 01:33:45.358  2009  2049 V RKMC    : Debug Print: SysModeToResolution w:4096 h:2160 r:60
06-28 01:33:45.358  2009  2049 V RKMC    : Debug Print: CEGLNativeTypeRockchip current res:4096x2160-60.000000 hz
06-28 01:33:45.358  2009  2049 V RKMC    : Debug Print: CWinSystemEGL::CreateNewWindow: No need to create a new window
06-28 01:33:45.358  2009  2049 V RKMC    : Debug Print: GL_VENDOR = ARM
06-28 01:33:45.358  2009  2049 V RKMC    : Debug Print: GL_RENDERER = Mali-450 MP
06-28 01:33:45.358  2009  2049 V RKMC    : Debug Print: GL_VERSION = OpenGL ES 2.0
06-28 01:33:45.359  2009  2049 V RKMC    : Debug Print: GL_SHADING_LANGUAGE_VERSION = OpenGL ES GLSL ES 1.00
06-28 01:33:45.359  2009  2049 V RKMC    : Debug Print: GLES: Extension Support Test - GL_NVX_gpu_memory_info NO
06-28 01:33:45.359  2009  2049 V RKMC    : Debug Print: GL_EXTENSIONS = GL_EXT_debug_marker GL_OES_texture_npot GL_OES_vertex_array_object GL_OES_compressed_ETC1_RGB8_texture GL_EXT_compressed_ETC1_RGB8_sub_texture GL_OES_standard_derivatives GL_OES_EGL_image GL_OES_depth24 GL_ARM_rgba8 GL_ARM_mali_shader_binary GL_OES_depth_texture GL_OES_packed_depth_stencil GL_EXT_texture_format_BGRA8888 GL_OES_vertex_half_float GL_EXT_blend_minmax GL_OES_EGL_image_external GL_OES_EGL_sync GL_OES_rgb8_rgba8 GL_EXT_multisampled_render_to_texture GL_EXT_discard_framebuffer GL_OES_get_program_binary GL_ARM_mali_program_binary GL_EXT_shader_texture_lod GL_EXT_robustness GL_OES_depth_texture_cube_map GL_KHR_debug GL_ARM_shader_framebuffer_fetch GL_ARM_shader_framebuffer_fetch_depth_stencil GL_OES_mapbuffer GL_KHR_no_error
06-28 01:33:45.359  2009  2049 V RKMC    : Debug Print: GLES: Extension Support Test - GL_EXT_texture_format_BGRA8888 YES
06-28 01:33:45.359  2009  2049 V RKMC    : Debug Print: GLES: Extension Support Test - GL_IMG_texture_format_BGRA8888 NO
06-28 01:33:45.359  2009  2049 V RKMC    : Debug Print: GLES: Extension Support Test - GL_APPLE_texture_format_BGRA8888 NO
06-28 01:33:45.360  2009  2049 V RKMC    : Debug Print: GUI Shader - Tried to Initialise again. Was this intentional?
06-28 01:33:45.360  2009  2047 V RKMC    : XBMC_Pause(false)
06-28 01:33:45.360  2009  2047 V RKMC    : virtual void CXBMCApp::onGainFocus(): 
06-28 01:33:45.360  2009  2047 V threaded_app: activityState=13
06-28 01:33:45.360  2009  2047 V RKMC    : virtual void CXBMCApp::onPause(): 
06-28 01:33:45.360  2009  2047 V RKMC    : static bool CXBMCApp::EnableWakeLock(bool): false
06-28 01:33:45.363  2009  2009 V threaded_app: WindowFocusChanged: 0xe139ad00 -- 0
06-28 01:33:45.369  2009  2047 V RKMC    : virtual void CXBMCApp::onLostFocus(): 
06-28 01:33:45.393  2009  2080 V RKMC    : Debug Print: Thread ZerocconfEmbedded start, auto delete: false
06-28 01:33:45.394  2009  2080 V RKMC    : Debug Print: ZeroconfEmbedded - processing...
06-28 01:33:45.395  2009  2079 V RKMC    : Debug Print: Thread TCPServer start, auto delete: false
06-28 01:33:45.396  2009  2009 V threaded_app: SaveInstanceState: 0xe139ad00
06-28 01:33:45.396  2009  2047 V RKMC    : virtual void CXBMCApp::onSaveState(void**, size_t*): 
06-28 01:33:45.396  2009  2047 V threaded_app: APP_CMD_SAVE_STATE
06-28 01:33:45.396  2009  2009 V threaded_app: Stop: 0xe139ad00
06-28 01:33:45.396  2009  2047 V threaded_app: activityState=14
06-28 01:33:45.396  2009  2047 V RKMC    : virtual void CXBMCApp::onStop(): 
06-28 01:33:45.398  2009  2078 V RKMC    : Debug Print: Thread EventServer start, auto delete: false
06-28 01:33:45.400  2009  2078 V RKMC    : Debug Print: ES: Starting UDP Event server on 127.0.0.1:9777
06-28 01:33:45.404  2009  2078 V RKMC    : Debug Print: UDP: Listening on port 9777
06-28 01:33:45.411  2009  2073 V RKMC    : Debug Print: CFileCache::Open - opening <bluezed/FTV-Guide-Repo/master/addons.xml.md5> using cache
06-28 01:33:45.415  2009  2073 V RKMC    : Debug Print: CurlFile::Open(0xd0f77c40) http://raw.github.com/bluezed/FTV-Guide-Repo/master/addons.xml.md5
06-28 01:33:45.418  2009  2073 V RKMC    : Debug Print: void XCURL::DllLibCurlGlobal::easy_aquire(const char*, const char*, XCURL::CURL_HANDLE**, XCURL::CURLM**) - Created session to http://raw.github.com
06-28 01:33:45.438  2009  2009 D XBMCVideoPlayView: Destroyed
06-28 01:33:45.447  2009  2009 V threaded_app: NativeWindowDestroyed: 0xe139ad00 -- 0xec5d7808
06-28 01:33:45.447  2009  2047 V threaded_app: APP_CMD_TERM_WINDOW
06-28 01:33:45.447  2009  2047 V RKMC    : virtual void CXBMCApp::onDestroyWindow(): 
06-28 01:33:45.447  2009  2047 V RKMC    : XBMC_DestroyDisplay()
06-28 01:33:45.459  2009  2049 V RKMC    : Debug Print: GLES: Enabling VSYNC
06-28 01:33:45.459   153   491 E BufferQueueProducer: [org.xbmc.rkmc/org.xbmc.rkmc.Main] query: BufferQueue has been abandoned
06-28 01:33:45.460   153  1043 E BufferQueueProducer: [org.xbmc.rkmc/org.xbmc.rkmc.Main] setAsyncMode: BufferQueue has been abandoned
06-28 01:33:45.460  2009  2049 V RKMC    : Debug Print: GLES: Selected vsync mode 10
06-28 01:33:45.460   153   157 E BufferQueueProducer: [org.xbmc.rkmc/org.xbmc.rkmc.Main] dequeueBuffer: BufferQueue has been abandoned
06-28 01:33:45.460  2009  2049 E [EGL-ERROR]: void __egl_platform_dequeue_buffer(egl_surface *):1824: failed to dequeue buffer from native window 0xec5d7808; err = -19, buf = 0x0,max_allowed_dequeued_buffers 4
06-28 01:33:45.461   153  1318 E BufferQueueProducer: [org.xbmc.rkmc/org.xbmc.rkmc.Main] dequeueBuffer: BufferQueue has been abandoned
06-28 01:33:45.461  2009  2049 E [EGL-ERROR]: void __egl_platform_dequeue_buffer(egl_surface *):1824: failed to dequeue buffer from native window 0xec5d7808; err = -19, buf = 0x0,max_allowed_dequeued_buffers 4
06-28 01:33:45.461   153   155 E BufferQueueProducer: [org.xbmc.rkmc/org.xbmc.rkmc.Main] dequeueBuffer: BufferQueue has been abandoned
06-28 01:33:45.461  2009  2049 E [EGL-ERROR]: void __egl_platform_dequeue_buffer(egl_surface *):1824: failed to dequeue buffer from native window 0xec5d7808; err = -19, buf = 0x0,max_allowed_dequeued_buffers 4
06-28 01:33:45.462   153   491 E BufferQueueProducer: [org.xbmc.rkmc/org.xbmc.rkmc.Main] dequeueBuffer: BufferQueue has been abandoned
06-28 01:33:45.462  2009  2049 E [EGL-ERROR]: void __egl_platform_dequeue_buffer(egl_surface *):1824: failed to dequeue buffer from native window 0xec5d7808; err = -19, buf = 0x0,max_allowed_dequeued_buffers 4
06-28 01:33:45.463   153  1043 E BufferQueueProducer: [org.xbmc.rkmc/org.xbmc.rkmc.Main] dequeueBuffer: BufferQueue has been abandoned
06-28 01:33:45.463  2009  2049 E [EGL-ERROR]: void __egl_platform_dequeue_buffer(egl_surface *):1824: failed to dequeue buffer from native window 0xec5d7808; err = -19, buf = 0x0,max_allowed_dequeued_buffers 4
06-28 01:33:45.463   153   157 E BufferQueueProducer: [org.xbmc.rkmc/org.xbmc.rkmc.Main] dequeueBuffer: BufferQueue has been abandoned
06-28 01:33:45.464  2009  2049 E [EGL-ERROR]: void __egl_platform_dequeue_buffer(egl_surface *):1824: failed to dequeue buffer from native window 0xec5d7808; err = -19, buf = 0x0,max_allowed_dequeued_buffers 4
06-28 01:33:45.464   153  1318 E BufferQueueProducer: [org.xbmc.rkmc/org.xbmc.rkmc.Main] dequeueBuffer: BufferQueue has been abandoned
06-28 01:33:45.464  2009  2049 E [EGL-ERROR]: void __egl_platform_dequeue_buffer(egl_surface *):1824: failed to dequeue buffer from native window 0xec5d7808; err = -19, buf = 0x0,max_allowed_dequeued_buffers 4
06-28 01:33:45.465   153   155 E BufferQueueProducer: [org.xbmc.rkmc/org.xbmc.rkmc.Main] dequeueBuffer: BufferQueue has been abandoned
06-28 01:33:45.465  2009  2049 E [EGL-ERROR]: void __egl_platform_dequeue_buffer(egl_surface *):1824: failed to dequeue buffer from native window 0xec5d7808; err = -19, buf = 0x0,max_allowed_dequeued_buffers 4
06-28 01:33:45.466   153   491 E BufferQueueProducer: [org.xbmc.rkmc/org.xbmc.rkmc.Main] dequeueBuffer: BufferQueue has been abandoned
06-28 01:33:45.467  2009  2049 E [EGL-ERROR]: void __egl_platform_dequeue_buffer(egl_surface *):1824: failed to dequeue buffer from native window 0xec5d7808; err = -19, buf = 0x0,max_allowed_dequeued_buffers 4
06-28 01:33:45.467   153  1043 E BufferQueueProducer: [org.xbmc.rkmc/org.xbmc.rkmc.Main] dequeueBuffer: BufferQueue has been abandoned
06-28 01:33:45.467  2009  2049 E [EGL-ERROR]: void __egl_platform_dequeue_buffer(egl_surface *):1824: failed to dequeue buffer from native window 0xec5d7808; err = -19, buf = 0x0,max_allowed_dequeued_buffers 4
06-28 01:33:45.468   153   157 E BufferQueueProducer: [org.xbmc.rkmc/org.xbmc.rkmc.Main] dequeueBuffer: BufferQueue has been abandoned
06-28 01:33:45.468  2009  2049 E [EGL-ERROR]: void __egl_platform_dequeue_buffer(egl_surface *):1824: failed to dequeue buffer from native window 0xec5d7808; err = -19, buf = 0x0,max_allowed_dequeued_buffers 4
06-28 01:33:45.468   153  1318 E BufferQueueProducer: [org.xbmc.rkmc/org.xbmc.rkmc.Main] dequeueBuffer: BufferQueue has been abandoned
06-28 01:33:45.468  2009  2049 E [EGL-ERROR]: void __egl_platform_dequeue_buffer(egl_surface *):1824: failed to dequeue buffer from native window 0xec5d7808; err = -19, buf = 0x0,max_allowed_dequeued_buffers 4
06-28 01:33:45.469   153   155 E BufferQueueProducer: [org.xbmc.rkmc/org.xbmc.rkmc.Main] dequeueBuffer: BufferQueue has been abandoned
06-28 01:33:45.469  2009  2049 E [EGL-ERROR]: void __egl_platform_dequeue_buffer(egl_surface *):1824: failed to dequeue buffer from native window 0xec5d7808; err = -19, buf = 0x0,max_allowed_dequeued_buffers 4
06-28 01:33:45.469   153   491 E BufferQueueProducer: [org.xbmc.rkmc/org.xbmc.rkmc.Main] dequeueBuffer: BufferQueue has been abandoned
06-28 01:33:45.470  2009  2049 E [EGL-ERROR]: void __egl_platform_dequeue_buffer(egl_surface *):1824: failed to dequeue buffer from native window 0xec5d7808; err = -19, buf = 0x0,max_allowed_dequeued_buffers 4
06-28 01:33:45.470   153  1043 E BufferQueueProducer: [org.xbmc.rkmc/org.xbmc.rkmc.Main] dequeueBuffer: BufferQueue has been abandoned
06-28 01:33:45.470  2009  2049 E [EGL-ERROR]: void __egl_platform_dequeue_buffer(egl_surface *):1824: failed to dequeue buffer from native window 0xec5d7808; err = -19, buf = 0x0,max_allowed_dequeued_buffers 4
06-28 01:33:45.471   153   157 E BufferQueueProducer: [org.xbmc.rkmc/org.xbmc.rkmc.Main] dequeueBuffer: BufferQueue has been abandoned
06-28 01:33:45.471  2009  2049 E [EGL-ERROR]: void __egl_platform_dequeue_buffer(egl_surface *):1824: failed to dequeue buffer from native window 0xec5d7808; err = -19, buf = 0x0,max_allowed_dequeued_buffers 4
06-28 01:33:45.472   153  1318 E BufferQueueProducer: [org.xbmc.rkmc/org.xbmc.rkmc.Main] dequeueBuffer: BufferQueue has been abandoned
06-28 01:33:45.473  2009  2049 E [EGL-ERROR]: void __egl_platform_dequeue_buffer(egl_surface *):1824: failed to dequeue buffer from native window 0xec5d7808; err = -19, buf = 0x0,max_allowed_dequeued_buffers 4
06-28 01:33:45.473   153   155 E BufferQueueProducer: [org.xbmc.rkmc/org.xbmc.rkmc.Main] dequeueBuffer: BufferQueue has been abandoned
06-28 01:33:45.473  2009  2049 E [EGL-ERROR]: void __egl_platform_dequeue_buffer(egl_surface *):1824: failed to dequeue buffer from native window 0xec5d7808; err = -19, buf = 0x0,max_allowed_dequeued_buffers 4
06-28 01:33:45.474   153   491 E BufferQueueProducer: [org.xbmc.rkmc/org.xbmc.rkmc.Main] dequeueBuffer: BufferQueue has been abandoned
06-28 01:33:45.474  2009  2049 E [EGL-ERROR]: void __egl_platform_dequeue_buffer(egl_surface *):1824: failed to dequeue buffer from native window 0xec5d7808; err = -19, buf = 0x0,max_allowed_dequeued_buffers 4
06-28 01:33:45.474   153  1043 E BufferQueueProducer: [org.xbmc.rkmc/org.xbmc.rkmc.Main] dequeueBuffer: BufferQueue has been abandoned
06-28 01:33:45.474  2009  2049 E [EGL-ERROR]: void __egl_platform_dequeue_buffer(egl_surface *):1824: failed to dequeue buffer from native window 0xec5d7808; err = -19, buf = 0x0,max_allowed_dequeued_buffers 4
06-28 01:33:45.475  2009  2087 V RKMC    : Debug Print: Thread RSSReader start, auto delete: false
06-28 01:33:45.475   153   157 E BufferQueueProducer: [org.xbmc.rkmc/org.xbmc.rkmc.Main] dequeueBuffer: BufferQueue has been abandoned
06-28 01:33:45.475  2009  2049 E [EGL-ERROR]: void __egl_platform_dequeue_buffer(egl_surface *):1824: failed to dequeue buffer from native window 0xec5d7808; err = -19, buf = 0x0,max_allowed_dequeued_buffers 4
06-28 01:33:45.475   153  1318 E BufferQueueProducer: [org.xbmc.rkmc/org.xbmc.rkmc.Main] dequeueBuffer: BufferQueue has been abandoned
06-28 01:33:45.476  2009  2049 E [EGL-ERROR]: void __egl_platform_dequeue_buffer(egl_surface *):1824: failed to dequeue buffer from native window 0xec5d7808; err = -19, buf = 0x0,max_allowed_dequeued_buffers 4
06-28 01:33:45.476   153   155 E BufferQueueProducer: [org.xbmc.rkmc/org.xbmc.rkmc.Main] dequeueBuffer: BufferQueue has been abandoned
06-28 01:33:45.476  2009  2049 E [EGL-ERROR]: void __egl_platform_dequeue_buffer(egl_surface *):1824: failed to dequeue buffer from native window 0xec5d7808; err = -19, buf = 0x0,max_allowed_dequeued_buffers 4
06-28 01:33:45.477   153   491 E BufferQueueProducer: [org.xbmc.rkmc/org.xbmc.rkmc.Main] dequeueBuffer: BufferQueue has been abandoned
06-28 01:33:45.477  2009  2049 E [EGL-ERROR]: void __egl_platform_dequeue_buffer(egl_surface *):1824: failed to dequeue buffer from native window 0xec5d7808; err = -19, buf = 0x0,max_allowed_dequeued_buffers 4
06-28 01:33:45.477   153  1043 E BufferQueueProducer: [org.xbmc.rkmc/org.xbmc.rkmc.Main] dequeueBuffer: BufferQueue has been abandoned
06-28 01:33:45.478  2009  2049 E [EGL-ERROR]: void __egl_platform_dequeue_buffer(egl_surface *):1824: failed to dequeue buffer from native window 0xec5d7808; err = -19, buf = 0x0,max_allowed_dequeued_buffers 4
06-28 01:33:45.478   153   157 E BufferQueueProducer: [org.xbmc.rkmc/org.xbmc.rkmc.Main] dequeueBuffer: BufferQueue has been abandoned
06-28 01:33:45.478  2009  2087 V RKMC    : Debug Print: CurlFile::Open(0xcc8997d8) http://feeds.kodi.tv/xbmc
06-28 01:33:45.478  2009  2049 E [EGL-ERROR]: void __egl_platform_dequeue_buffer(egl_surface *):1824: failed to dequeue buffer from native window 0xec5d7808; err = -19, buf = 0x0,max_allowed_dequeued_buffers 4
06-28 01:33:45.479   153  1318 E BufferQueueProducer: [org.xbmc.rkmc/org.xbmc.rkmc.Main] dequeueBuffer: BufferQueue has been abandoned
06-28 01:33:45.479  2009  2049 E [EGL-ERROR]: void __egl_platform_dequeue_buffer(egl_surface *):1824: failed to dequeue buffer from native window 0xec5d7808; err = -19, buf = 0x0,max_allowed_dequeued_buffers 4
06-28 01:33:45.479   153   155 E BufferQueueProducer: [org.xbmc.rkmc/org.xbmc.rkmc.Main] dequeueBuffer: BufferQueue has been abandoned
06-28 01:33:45.480  2009  2049 E [EGL-ERROR]: void __egl_platform_dequeue_buffer(egl_surface *):1824: failed to dequeue buffer from native window 0xec5d7808; err = -19, buf = 0x0,max_allowed_dequeued_buffers 4
06-28 01:33:45.480   153   491 E BufferQueueProducer: [org.xbmc.rkmc/org.xbmc.rkmc.Main] dequeueBuffer: BufferQueue has been abandoned
06-28 01:33:45.480  2009  2049 E [EGL-ERROR]: void __egl_platform_dequeue_buffer(egl_surface *):1824: failed to dequeue buffer from native window 0xec5d7808; err = -19, buf = 0x0,max_allowed_dequeued_buffers 4
06-28 01:33:45.480   153  1043 E BufferQueueProducer: [org.xbmc.rkmc/org.xbmc.rkmc.Main] dequeueBuffer: BufferQueue has been abandoned
06-28 01:33:45.481  2009  2049 E [EGL-ERROR]: void __egl_platform_dequeue_buffer(egl_surface *):1824: failed to dequeue buffer from native window 0xec5d7808; err = -19, buf = 0x0,max_allowed_dequeued_buffers 4
06-28 01:33:45.481   153   157 E BufferQueueProducer: [org.xbmc.rkmc/org.xbmc.rkmc.Main] dequeueBuffer: BufferQueue has been abandoned
06-28 01:33:45.481  2009  2049 E [EGL-ERROR]: void __egl_platform_dequeue_buffer(egl_surface *):1824: failed to dequeue buffer from native window 0xec5d7808; err = -19, buf = 0x0,max_allowed_dequeued_buffers 4
06-28 01:33:45.482   153  1318 E BufferQueueProducer: [org.xbmc.rkmc/org.xbmc.rkmc.Main] dequeueBuffer: BufferQueue has been abandoned
06-28 01:33:45.482  2009  2049 E [EGL-ERROR]: void __egl_platform_dequeue_buffer(egl_surface *):1824: failed to dequeue buffer from native window 0xec5d7808; err = -19, buf = 0x0,max_allowed_dequeued_buffers 4
06-28 01:33:45.482   153   155 E BufferQueueProducer: [org.xbmc.rkmc/org.xbmc.rkmc.Main] dequeueBuffer: BufferQueue has been abandoned
06-28 01:33:45.483  2009  2049 E [EGL-ERROR]: void __egl_platform_dequeue_buffer(egl_surface *):1824: failed to dequeue buffer from native window 0xec5d7808; err = -19, buf = 0x0,max_allowed_dequeued_buffers 4
06-28 01:33:45.483   153   491 E BufferQueueProducer: [org.xbmc.rkmc/org.xbmc.rkmc.Main] dequeueBuffer: BufferQueue has been abandoned
06-28 01:33:45.483  2009  2049 E [EGL-ERROR]: void __egl_platform_dequeue_buffer(egl_surface *):1824: failed to dequeue buffer from native window 0xec5d7808; err = -19, buf = 0x0,max_allowed_dequeued_buffers 4
06-28 01:33:45.483   153  1043 E BufferQueueProducer: [org.xbmc.rkmc/org.xbmc.rkmc.Main] dequeueBuffer: BufferQueue has been abandoned
06-28 01:33:45.484  2009  2049 E [EGL-ERROR]: void __egl_platform_dequeue_buffer(egl_surface *):1824: failed to dequeue buffer from native window 0xec5d7808; err = -19, buf = 0x0,max_allowed_dequeued_buffers 4
06-28 01:33:45.484   153   157 E BufferQueueProducer: [org.xbmc.rkmc/org.xbmc.rkmc.Main] dequeueBuffer: BufferQueue has been abandoned
06-28 01:33:45.484  2009  2049 E [EGL-ERROR]: void __egl_platform_dequeue_buffer(egl_surface *):1824: failed to dequeue buffer from native window 0xec5d7808; err = -19, buf = 0x0,max_allowed_dequeued_buffers 4
06-28 01:33:45.485   153  1318 E BufferQueueProducer: [org.xbmc.rkmc/org.xbmc.rkmc.Main] dequeueBuffer: BufferQueue has been abandoned
06-28 01:33:45.485  2009  2049 E [EGL-ERROR]: void __egl_platform_dequeue_buffer(egl_surface *):1824: failed to dequeue buffer from native window 0xec5d7808; err = -19, buf = 0x0,max_allowed_dequeued_buffers 4
06-28 01:33:45.485   153   155 E BufferQueueProducer: [org.xbmc.rkmc/org.xbmc.rkmc.Main] dequeueBuffer: BufferQueue has been abandoned
06-28 01:33:45.485  2009  2049 E [EGL-ERROR]: void __egl_platform_dequeue_buffer(egl_surface *):1824: failed to dequeue buffer from native window 0xec5d7808; err = -19, buf = 0x0,max_allowed_dequeued_buffers 4
06-28 01:33:45.486   153   491 E BufferQueueProducer: [org.xbmc.rkmc/org.xbmc.rkmc.Main] dequeueBuffer: BufferQueue has been abandoned
06-28 01:33:45.486  2009  2049 E [EGL-ERROR]: void __egl_platform_dequeue_buffer(egl_surface *):1824: failed to dequeue buffer from native window 0xec5d7808; err = -19, buf = 0x0,max_allowed_dequeued_buffers 4
06-28 01:33:45.486   153  1043 E BufferQueueProducer: [org.xbmc.rkmc/org.xbmc.rkmc.Main] dequeueBuffer: BufferQueue has been abandoned
06-28 01:33:45.486  2009  2049 E [EGL-ERROR]: void __egl_platform_dequeue_buffer(egl_surface *):1824: failed to dequeue buffer from native window 0xec5d7808; err = -19, buf = 0x0,max_allowed_dequeued_buffers 4
06-28 01:33:45.487   153   157 E BufferQueueProducer: [org.xbmc.rkmc/org.xbmc.rkmc.Main] dequeueBuffer: BufferQueue has been abandoned
06-28 01:33:45.487  2009  2049 E [EGL-ERROR]: void __egl_platform_dequeue_buffer(egl_surface *):1824: failed to dequeue buffer from native window 0xec5d7808; err = -19, buf = 0x0,max_allowed_dequeued_buffers 4
06-28 01:33:45.487   153  1318 E BufferQueueProducer: [org.xbmc.rkmc/org.xbmc.rkmc.Main] dequeueBuffer: BufferQueue has been abandoned
06-28 01:33:45.487  2009  2049 E [EGL-ERROR]: void __egl_platform_dequeue_buffer(egl_surface *):1824: failed to dequeue buffer from native window 0xec5d7808; err = -19, buf = 0x0,max_allowed_dequeued_buffers 4
06-28 01:33:45.488  2009  2087 V RKMC    : Debug Print: void XCURL::DllLibCurlGlobal::easy_aquire(const char*, const char*, XCURL::CURL_HANDLE**, XCURL::CURLM**) - Created session to http://feeds.kodi.tv
06-28 01:33:45.488   153   155 E BufferQueueProducer: [org.xbmc.rkmc/org.xbmc.rkmc.Main] dequeueBuffer: BufferQueue has been abandoned
06-28 01:33:45.488  2009  2049 E [EGL-ERROR]: void __egl_platform_dequeue_buffer(egl_surface *):1824: failed to dequeue buffer from native window 0xec5d7808; err = -19, buf = 0x0,max_allowed_dequeued_buffers 4
06-28 01:33:45.488   153   491 E BufferQueueProducer: [org.xbmc.rkmc/org.xbmc.rkmc.Main] dequeueBuffer: BufferQueue has been abandoned
06-28 01:33:45.488  2009  2049 E [EGL-ERROR]: void __egl_platform_dequeue_buffer(egl_surface *):1824: failed to dequeue buffer from native window 0xec5d7808; err = -19, buf = 0x0,max_allowed_dequeued_buffers 4
06-28 01:33:45.489   153  1043 E BufferQueueProducer: [org.xbmc.rkmc/org.xbmc.rkmc.Main] dequeueBuffer: BufferQueue has been abandoned
06-28 01:33:45.489  2009  2049 E [EGL-ERROR]: void __egl_platform_dequeue_buffer(egl_surface *):1824: failed to dequeue buffer from native window 0xec5d7808; err = -19, buf = 0x0,max_allowed_dequeued_buffers 4
06-28 01:33:45.489   153   157 E BufferQueueProducer: [org.xbmc.rkmc/org.xbmc.rkmc.Main] dequeueBuffer: BufferQueue has been abandoned
06-28 01:33:45.489  2009  2049 E [EGL-ERROR]: void __egl_platform_dequeue_buffer(egl_surface *):1824: failed to dequeue buffer from native window 0xec5d7808; err = -19, buf = 0x0,max_allowed_dequeued_buffers 4
06-28 01:33:45.489   153  1318 E BufferQueueProducer: [org.xbmc.rkmc/org.xbmc.rkmc.Main] dequeueBuffer: BufferQueue has been abandoned
06-28 01:33:45.490  2009  2049 E [EGL-ERROR]: void __egl_platform_dequeue_buffer(egl_surface *):1824: failed to dequeue buffer from native window 0xec5d7808; err = -19, buf = 0x0,max_allowed_dequeued_buffers 4
06-28 01:33:45.490   153   155 E BufferQueueProducer: [org.xbmc.rkmc/org.xbmc.rkmc.Main] dequeueBuffer: BufferQueue has been abandoned
06-28 01:33:45.490  2009  2049 E [EGL-ERROR]: void __egl_platform_dequeue_buffer(egl_surface *):1824: failed to dequeue buffer from native window 0xec5d7808; err = -19, buf = 0x0,max_allowed_dequeued_buffers 4
06-28 01:33:45.490   153   491 E BufferQueueProducer: [org.xbmc.rkmc/org.xbmc.rkmc.Main] dequeueBuffer: BufferQueue has been abandoned
06-28 01:33:45.491  2009  2049 E [EGL-ERROR]: void __egl_platform_dequeue_buffer(egl_surface *):1824: failed to dequeue buffer from native window 0xec5d7808; err = -19, buf = 0x0,max_allowed_dequeued_buffers 4
06-28 01:33:45.491   153  1043 E BufferQueueProducer: [org.xbmc.rkmc/org.xbmc.rkmc.Main] dequeueBuffer: BufferQueue has been abandoned
06-28 01:33:45.491  2009  2049 E [EGL-ERROR]: void __egl_platform_dequeue_buffer(egl_surface *):1824: failed to dequeue buffer from native window 0xec5d7808; err = -19, buf = 0x0,max_allowed_dequeued_buffers 4
06-28 01:33:45.492   153   157 E BufferQueueProducer: [org.xbmc.rkmc/org.xbmc.rkmc.Main] dequeueBuffer: BufferQueue has been abandoned
06-28 01:33:45.492  2009  2049 E [EGL-ERROR]: void __egl_platform_dequeue_buffer(egl_surface *):1824: failed to dequeue buffer from native window 0xec5d7808; err = -19, buf = 0x0,max_allowed_dequeued_buffers 4
06-28 01:33:45.492   153  1318 E BufferQueueProducer: [org.xbmc.rkmc/org.xbmc.rkmc.Main] dequeueBuffer: BufferQueue has been abandoned
06-28 01:33:45.492  2009  2049 E [EGL-ERROR]: void __egl_platform_dequeue_buffer(egl_surface *):1824: failed to dequeue buffer from native window 0xec5d7808; err = -19, buf = 0x0,max_allowed_dequeued_buffers 4
06-28 01:33:45.493   153   155 E BufferQueueProducer: [org.xbmc.rkmc/org.xbmc.rkmc.Main] dequeueBuffer: BufferQueue has been abandoned
06-28 01:33:45.493  2009  2049 E [EGL-ERROR]: void __egl_platform_dequeue_buffer(egl_surface *):1824: failed to dequeue buffer from native window 0xec5d7808; err = -19, buf = 0x0,max_allowed_dequeued_buffers 4
06-28 01:33:45.493   153   491 E BufferQueueProducer: [org.xbmc.rkmc/org.xbmc.rkmc.Main] dequeueBuffer: BufferQueue has been abandoned
06-28 01:33:45.493  2009  2049 E [EGL-ERROR]: void __egl_platform_dequeue_buffer(egl_surface *):1824: failed to dequeue buffer from native window 0xec5d7808; err = -19, buf = 0x0,max_allowed_dequeued_buffers 4
06-28 01:33:45.494   153  1043 E BufferQueueProducer: [org.xbmc.rkmc/org.xbmc.rkmc.Main] dequeueBuffer: BufferQueue has been abandoned
06-28 01:33:45.494  2009  2049 E [EGL-ERROR]: void __egl_platform_dequeue_buffer(egl_surface *):1824: failed to dequeue buffer from native window 0xec5d7808; err = -19, buf = 0x0,max_allowed_dequeued_buffers 4
06-28 01:33:45.494   153   157 E BufferQueueProducer: [org.xbmc.rkmc/org.xbmc.rkmc.Main] dequeueBuffer: BufferQueue has been abandoned
06-28 01:33:45.494  2009  2049 E [EGL-ERROR]: void __egl_platform_dequeue_buffer(egl_surface *):1824: failed to dequeue buffer from native window 0xec5d7808; err = -19, buf = 0x0,max_allowed_dequeued_buffers 4
06-28 01:33:45.495   153  1318 E BufferQueueProducer: [org.xbmc.rkmc/org.xbmc.rkmc.Main] dequeueBuffer: BufferQueue has been abandoned
06-28 01:33:45.495  2009  2049 E [EGL-ERROR]: void __egl_platform_dequeue_buffer(egl_surface *):1824: failed to dequeue buffer from native window 0xec5d7808; err = -19, buf = 0x0,max_allowed_dequeued_buffers 4
06-28 01:33:45.495   153   155 E BufferQueueProducer: [org.xbmc.rkmc/org.xbmc.rkmc.Main] dequeueBuffer: BufferQueue has been abandoned
06-28 01:33:45.495  2009  2049 E [EGL-ERROR]: void __egl_platform_dequeue_buffer(egl_surface *):1824: failed to dequeue buffer from native window 0xec5d7808; err = -19, buf = 0x0,max_allowed_dequeued_buffers 4
06-28 01:33:45.496   153   491 E BufferQueueProducer: [org.xbmc.rkmc/org.xbmc.rkmc.Main] dequeueBuffer: BufferQueue has been abandoned
06-28 01:33:45.496  2009  2049 E [EGL-ERROR]: void __egl_platform_dequeue_buffer(egl_surface *):1824: failed to dequeue buffer from native window 0xec5d7808; err = -19, buf = 0x0,max_allowed_dequeued_buffers 4
06-28 01:33:45.496   153  1043 E BufferQueueProducer: [org.xbmc.rkmc/org.xbmc.rkmc.Main] dequeueBuffer: BufferQueue has been abandoned
