01-01 03:00:12.146   372   513 D VoldConnector: RCV <- {641 disk:8,0 500867006464}
01-01 03:00:12.148   372   485 V MountService: Found primary storage at VolumeInfo{emulated}:
01-01 03:00:12.148   372   485 V MountService:     type=EMULATED diskId=null partGuid=null mountFlags=0 mountUserId=-1 
01-01 03:00:12.148   372   485 V MountService:     state=UNMOUNTED 
01-01 03:00:12.148   372   485 V MountService:     fsType=null fsUuid=null fsLabel=null 
01-01 03:00:12.148   372   485 V MountService:     path=null internalPath=null 
01-01 03:00:12.149   192   192 D AudioHardwareTiny: adev_set_parameters: kvpairs = A2dpSuspended=false
01-01 03:00:12.149   372   513 D VoldConnector: RCV <- {642 disk:8,0 Generic 
01-01 03:00:12.149   372   513 D VoldConnector: }
01-01 03:00:12.150   372   513 D VoldConnector: RCV <- {644 disk:8,0 /sys//devices/usb.25/ff600000.dwc3/xhci-hcd.0.auto/usb1/1-1/1-1:1.0/host0/target0:0:0/0:0:0:0/block/sda}
01-01 03:00:12.150   372   536 E BluetoothAdapter: Bluetooth binder is null
01-01 03:00:12.152   372   479 D UsbAlsaManager: Adding ALSA device AlsaDevice: [card: 2, device: 0, type: 1]
01-01 03:00:12.152   372   479 D UsbAlsaManager: Adding ALSA device AlsaDevice: [card: 0, device: 0, type: 1]
01-01 03:00:12.152   372   479 D UsbAlsaManager: Adding ALSA device AlsaDevice: [card: 1, device: 0, type: 1]
01-01 03:00:12.156   372   372 I hdmicec : int hdmi_cec_get_physical_address(const struct hdmi_cec_device *, uint16_t *)
01-01 03:00:12.156   372   372 I hdmicec : int hdmi_cec_get_physical_address(const struct hdmi_cec_device *, uint16_t *)
01-01 03:00:12.156   372   372 I hdmicec : void hdmi_cec_get_vendor_id(const struct hdmi_cec_device *, uint32_t *)
01-01 03:00:12.156   372   372 I hdmicec : int hdmi_cec_add_logical_address(const struct hdmi_cec_device *, cec_logical_address_t)
01-01 03:00:12.156   372   372 I hdmicec : int hdmi_cec_get_physical_address(const struct hdmi_cec_device *, uint16_t *)
01-01 03:00:12.156   372   536 E BluetoothAdapter: Bluetooth binder is null
01-01 03:00:12.160   372   372 I hdmicec : void hdmi_cec_get_vendor_id(const struct hdmi_cec_device *, uint32_t *)
01-01 03:00:12.163   372   542 I hdmicec : int hdmi_cec_send_message(const struct hdmi_cec_device *, const cec_message_t *)
01-01 03:00:12.163   372   542 I hdmicec : int hdmi_cec_send_message(const struct hdmi_cec_device *, const cec_message_t *)
01-01 03:00:12.163   372   542 W HdmiCecController: Failed to send <Report Physical Address> src: 4, dst: 15, params: FF FF 04
01-01 03:00:12.164   372   542 I hdmicec : int hdmi_cec_send_message(const struct hdmi_cec_device *, const cec_message_t *)
01-01 03:00:12.164   372   542 I hdmicec : int hdmi_cec_send_message(const struct hdmi_cec_device *, const cec_message_t *)
01-01 03:00:12.164   372   542 W HdmiCecController: Failed to send <Device Vendor Id> src: 4, dst: 15, params: 00 00 01
01-01 03:00:12.165   192   538 I AudioFlinger: systemReady
01-01 03:00:12.165   372   479 I SystemServer: WebViewFactory preparation
01-01 03:00:12.175   372   654 D UsbHostManager: Added device UsbDevice[mName=/dev/bus/usb/005/002,mVendorId=4951,mProductId=4096,mClass=0,mSubclass=0,mProtocol=0,mManufacturerName=HL 0000 00 00 00 01,mProductName=Smart Control,mVersion=1.16,mSerialNumber=null,mConfigurations=[
01-01 03:00:12.175   372   654 D UsbHostManager: UsbConfiguration[mId=1,mName=null,mAttributes=160,mMaxPower=100,mInterfaces=[
01-01 03:00:12.175   372   654 D UsbHostManager: UsbInterface[mId=0,mAlternateSetting=0,mName=null,mClass=3,mSubclass=0,mProtocol=1,mEndpoints=[
01-01 03:00:12.175   372   654 D UsbHostManager: UsbEndpoint[mAddress=129,mAttributes=3,mMaxPacketSize=32,mInterval=8]]
01-01 03:00:12.175   372   654 D UsbHostManager: UsbInterface[mId=1,mAlternateSetting=0,mName=null,mClass=3,mSubclass=0,mProtocol=2,mEndpoints=[
01-01 03:00:12.175   372   654 D UsbHostManager: UsbEndpoint[mAddress=130,mAttributes=3,mMaxPacketSize=32,mInterval=8]]
01-01 03:00:12.175   372   654 D UsbHostManager: UsbInterface[mId=2,mAlternateSetting=0,mName=null,mClass=3,mSubclass=0,mProtocol=0,mEndpoints=[
01-01 03:00:12.175   372   654 D UsbHostManager: UsbEndpoint[mAddress=131,mAttributes=3,mMaxPacketSize=32,mInterval=8]]]]
01-01 03:00:12.176   372   654 W ContextImpl: Calling a method in the system process without a qualified user: android.app.ContextImpl.sendBroadcast:877 com.android.server.usb.UsbSettingsManager.deviceAttached:739 com.android.server.usb.UsbHostManager.endUsbDeviceAdded:225 com.android.server.usb.UsbHostManager.monitorUsbHostBus:-2 com.android.server.usb.UsbHostManager.-wrap0:-1 
01-01 03:00:12.181   154   159 V vold    : DISK mbr
01-01 03:00:12.181   154   159 V vold    : 
01-01 03:00:12.181   154   159 V vold    : PART 1 83
01-01 03:00:12.181   154   159 V vold    : 
01-01 03:00:12.182   154   159 I vold    : type =83
01-01 03:00:12.182   372   513 D VoldConnector: RCV <- {650 public:8,1 0 "disk:8,0" ""}
01-01 03:00:12.183   372   513 D VoldConnector: RCV <- {651 public:8,1 0}
01-01 03:00:12.183   372   485 D xzj     : -----for all public volume is visible-----
01-01 03:00:12.183   372   513 D VoldConnector: RCV <- {643 disk:8,0}
01-01 03:00:12.184   372   513 D VoldConnector: RCV <- {200 3 Command succeeded}
01-01 03:00:12.184   372   654 D UsbHostManager: Added device UsbDevice[mName=/dev/bus/usb/001/002,mVendorId=1507,mProductId=1846,mClass=0,mSubclass=0,mProtocol=0,mManufacturerName=Generic,mProductName=USB Storage,mVersion=2.0,mSerialNumber=000000000272,mConfigurations=[
01-01 03:00:12.184   372   654 D UsbHostManager: UsbConfiguration[mId=1,mName=null,mAttributes=128,mMaxPower=49,mInterfaces=[
01-01 03:00:12.184   372   654 D UsbHostManager: UsbInterface[mId=0,mAlternateSetting=0,mName=null,mClass=8,mSubclass=6,mProtocol=80,mEndpoints=[
01-01 03:00:12.184   372   654 D UsbHostManager: UsbEndpoint[mAddress=129,mAttributes=2,mMaxPacketSize=512,mInterval=0]
01-01 03:00:12.184   372   654 D UsbHostManager: UsbEndpoint[mAddress=2,mAttributes=2,mMaxPacketSize=512,mInterval=0]]]]
01-01 03:00:12.184   372   654 W ContextImpl: Calling a method in the system process without a qualified user: android.app.ContextImpl.sendBroadcast:877 com.android.server.usb.UsbSettingsManager.deviceAttached:739 com.android.server.usb.UsbHostManager.endUsbDeviceAdded:225 com.android.server.usb.UsbHostManager.monitorUsbHostBus:-2 com.android.server.usb.UsbHostManager.-wrap0:-1 
01-01 03:00:12.184   372   512 D VoldConnector: SND -> {4 volume user_added 0 0}
01-01 03:00:12.190   372   513 D VoldConnector: RCV <- {200 4 Command succeeded}
01-01 03:00:12.194   372   512 D VoldConnector: SND -> {5 volume mount emulated 3 -1}
01-01 03:00:12.196   154   159 V vold    : Waiting for FUSE to spin up...
01-01 03:00:12.196   372   513 D VoldConnector: RCV <- {651 emulated 1}
01-01 03:00:12.196   372   513 D VoldConnector: RCV <- {656 emulated /data/media}
01-01 03:00:12.197   372   513 D VoldConnector: RCV <- {655 emulated /storage/emulated}
01-01 03:00:12.218   372   479 D WebViewFactory: Setting new address space to 116905264
01-01 03:00:12.229   656   656 W sdcard  : Device explicitly disabled sdcardfs
01-01 03:00:12.240   633   633 I art     : Starting a blocking GC AddRemoveAppImageSpace
01-01 03:00:12.246   372   513 D VoldConnector: RCV <- {651 emulated 2}
01-01 03:00:12.247   372   513 D VoldConnector: RCV <- {200 5 Command succeeded}
01-01 03:00:12.248   372   512 D VoldConnector: SND -> {6 volume mount public:8,1 2 0}
01-01 03:00:12.249   154   159 V vold    : /system/bin/blkid
01-01 03:00:12.249   154   159 V vold    :     -c
01-01 03:00:12.249   154   159 V vold    :     /dev/null
01-01 03:00:12.249   154   159 V vold    :     -s
01-01 03:00:12.249   154   159 V vold    :     TYPE
01-01 03:00:12.249   154   159 V vold    :     -s
01-01 03:00:12.249   154   159 V vold    :     UUID
01-01 03:00:12.249   154   159 V vold    :     -s
01-01 03:00:12.249   154   159 V vold    :     LABEL
01-01 03:00:12.249   154   159 V vold    :     /dev/block/vold/public:8,1
01-01 03:00:12.249   372   513 D VoldConnector: RCV <- {651 public:8,1 1}
01-01 03:00:12.261   372   663 E WVMExtractor: Failed to open libwvm.so: dlopen failed: library "libwvm.so" not found
01-01 03:00:12.285   372   663 I MediaCodec: callingProcessName:system_server
01-01 03:00:12.286   200   200 I MediaPlayerService: MediaPlayerService::getOMX
01-01 03:00:12.297   372   372 D RttService: SCAN_AVAILABLE : 1
01-01 03:00:12.297   372   527 I WifiScanningService: wifi driver unloaded
01-01 03:00:12.297   372   372 D ZenLog  : set_zen_mode: off,cleanUpZenRules
01-01 03:00:12.299   154   159 V vold    : /dev/block/vold/public:8,1: LABEL="512Gb ext4" UUID="e14e8b4a-c6c3-4546-b069-dfbdf64d0b66" TYPE="ext4" 
01-01 03:00:12.299   154   159 V vold    : 
01-01 03:00:12.299   372   528 D RttService: DefaultState got{ when=-1ms what=160513 target=com.android.internal.util.StateMachine$SmHandler }
01-01 03:00:12.300   372   513 D VoldConnector: RCV <- {652 public:8,1 ext4}
01-01 03:00:12.301   372   513 D VoldConnector: RCV <- {653 public:8,1 e14e8b4a-c6c3-4546-b069-dfbdf64d0b66}
01-01 03:00:12.301   372   513 D VoldConnector: RCV <- {654 public:8,1 512Gb ext4}
01-01 03:00:12.302   372   513 D VoldConnector: RCV <- {656 public:8,1 /mnt/media_rw/e14e8b4a-c6c3-4546-b069-dfbdf64d0b66}
01-01 03:00:12.303   372   513 D VoldConnector: RCV <- {655 public:8,1 /storage/e14e8b4a-c6c3-4546-b069-dfbdf64d0b66}
01-01 03:00:12.304   372   372 I hdmicec : int hdmi_cec_is_connected(const struct hdmi_cec_device *, int)
01-01 03:00:12.315   200   200 I libstagefrighthw: OMX IL core libOMX_Core.so: declares component OMX.rk.video_decoder.avc
01-01 03:00:12.315   200   200 I libstagefrighthw: OMX IL core libOMX_Core.so: declares component OMX.rk.video_decoder.m4v
01-01 03:00:12.315   200   200 I libstagefrighthw: OMX IL core libOMX_Core.so: declares component OMX.rk.video_decoder.h263
01-01 03:00:12.315   200   200 I libstagefrighthw: OMX IL core libOMX_Core.so: declares component OMX.rk.video_decoder.flv1
01-01 03:00:12.315   200   200 I libstagefrighthw: OMX IL core libOMX_Core.so: declares component OMX.rk.video_decoder.m2v
01-01 03:00:12.315   200   200 I libstagefrighthw: OMX IL core libOMX_Core.so: declares component OMX.rk.video_decoder.rv
01-01 03:00:12.315   200   200 I libstagefrighthw: OMX IL core libOMX_Core.so: declares component OMX.rk.video_decoder.vp8
01-01 03:00:12.315   200   200 I libstagefrighthw: OMX IL core libOMX_Core.so: declares component OMX.rk.video_decoder.vc1
01-01 03:00:12.315   200   200 I libstagefrighthw: OMX IL core libOMX_Core.so: declares component OMX.rk.video_decoder.wmv3
01-01 03:00:12.315   200   200 I libstagefrighthw: OMX IL core libOMX_Core.so: declares component OMX.rk.video_decoder.vp6
01-01 03:00:12.315   200   200 I libstagefrighthw: OMX IL core libOMX_Core.so: declares component OMX.rk.video_decoder.hevc
01-01 03:00:12.315   200   200 I libstagefrighthw: OMX IL core libOMX_Core.so: declares component OMX.rk.video_decoder.mjpeg
01-01 03:00:12.315   200   200 I libstagefrighthw: OMX IL core libOMX_Core.so: declares component OMX.rk.video_decoder.avc.secure
01-01 03:00:12.315   200   200 I libstagefrighthw: OMX IL core libOMX_Core.so: declares component OMX.rk.video_decoder.vp9
01-01 03:00:12.315   200   200 I libstagefrighthw: OMX IL core libOMX_Core.so: declares component OMX.rk.video_encoder.avc
01-01 03:00:12.315   200   200 I libstagefrighthw: OMX IL core libOMX_Core.so: declares component OMX.rk.video_encoder.vp8
01-01 03:00:12.315   200   200 I libstagefrighthw: OMX IL core libOMX_Core.so: declares component OMX.rk.video_encoder.hevc
01-01 03:00:12.315   200   200 I libstagefrighthw: OMX IL core libOMX_Core.so: contains 17 components
01-01 03:00:12.318   372   372 I art     : Thread[1,tid=372,Native,Thread*=0x7f4703fa00,peer=0x75dad000,"main"] recursive attempt to load library "/system/lib64/libmedia_jni.so"
01-01 03:00:12.319   372   372 D MtpDeviceJNI: register_android_mtp_MtpDevice
01-01 03:00:12.320   372   372 I art     : Thread[1,tid=372,Native,Thread*=0x7f4703fa00,peer=0x75dad000,"main"] recursive attempt to load library "/system/lib64/libmedia_jni.so"
01-01 03:00:12.322   372   372 I art     : Thread[1,tid=372,Native,Thread*=0x7f4703fa00,peer=0x75dad000,"main"] recursive attempt to load library "/system/lib64/libmedia_jni.so"
01-01 03:00:12.326   197   197 I vpu_api : dlopen vpu lib success
01-01 03:00:12.328   197   197 I libstagefrighthw: OMX IL core libOMX_Core.so: declares component OMX.rk.video_decoder.avc
01-01 03:00:12.328   197   197 I libstagefrighthw: OMX IL core libOMX_Core.so: declares component OMX.rk.video_decoder.m4v
01-01 03:00:12.328   197   197 I libstagefrighthw: OMX IL core libOMX_Core.so: declares component OMX.rk.video_decoder.h263
01-01 03:00:12.328   197   197 I libstagefrighthw: OMX IL core libOMX_Core.so: declares component OMX.rk.video_decoder.flv1
01-01 03:00:12.328   197   197 I libstagefrighthw: OMX IL core libOMX_Core.so: declares component OMX.rk.video_decoder.m2v
01-01 03:00:12.328   197   197 I libstagefrighthw: OMX IL core libOMX_Core.so: declares component OMX.rk.video_decoder.rv
01-01 03:00:12.328   197   197 I libstagefrighthw: OMX IL core libOMX_Core.so: declares component OMX.rk.video_decoder.vp8
01-01 03:00:12.328   197   197 I libstagefrighthw: OMX IL core libOMX_Core.so: declares component OMX.rk.video_decoder.vc1
01-01 03:00:12.328   197   197 I libstagefrighthw: OMX IL core libOMX_Core.so: declares component OMX.rk.video_decoder.wmv3
01-01 03:00:12.328   197   197 I libstagefrighthw: OMX IL core libOMX_Core.so: declares component OMX.rk.video_decoder.vp6
01-01 03:00:12.328   197   197 I libstagefrighthw: OMX IL core libOMX_Core.so: declares component OMX.rk.video_decoder.hevc
01-01 03:00:12.328   197   197 I libstagefrighthw: OMX IL core libOMX_Core.so: declares component OMX.rk.video_decoder.mjpeg
01-01 03:00:12.328   197   197 I libstagefrighthw: OMX IL core libOMX_Core.so: declares component OMX.rk.video_decoder.avc.secure
01-01 03:00:12.328   197   197 I libstagefrighthw: OMX IL core libOMX_Core.so: declares component OMX.rk.video_decoder.vp9
01-01 03:00:12.328   197   197 I libstagefrighthw: OMX IL core libOMX_Core.so: declares component OMX.rk.video_encoder.avc
01-01 03:00:12.328   197   197 I libstagefrighthw: OMX IL core libOMX_Core.so: declares component OMX.rk.video_encoder.vp8
01-01 03:00:12.328   197   197 I libstagefrighthw: OMX IL core libOMX_Core.so: declares component OMX.rk.video_encoder.hevc
01-01 03:00:12.328   197   197 I libstagefrighthw: OMX IL core libOMX_Core.so: contains 17 components
01-01 03:00:12.330   200   200 I Binder:200_1: type=1400 audit(0.0:36): avc: denied { search } for name="372" dev="proc" ino=1600 scontext=u:r:mediaserver:s0 tcontext=u:r:system_server:s0 tclass=dir permissive=1
01-01 03:00:12.330   200   200 I Binder:200_1: type=1400 audit(0.0:37): avc: denied { read } for name="cmdline" dev="proc" ino=1605 scontext=u:r:mediaserver:s0 tcontext=u:r:system_server:s0 tclass=file permissive=1
01-01 03:00:12.330   200   200 I Binder:200_1: type=1400 audit(0.0:38): avc: denied { open } for path="/proc/372/cmdline" dev="proc" ino=1605 scontext=u:r:mediaserver:s0 tcontext=u:r:system_server:s0 tclass=file permissive=1
01-01 03:00:12.331   200   200 I OMXClient: MuxOMX ctor
01-01 03:00:12.332   200   264 I MediaPlayerService: processName cmdline:/proc/372/cmdline
01-01 03:00:12.339   200   200 I MediaPlayerService: MediaPlayerService::getOMX
01-01 03:00:12.340   200   200 I OMXClient: MuxOMX ctor
01-01 03:00:12.341   197   197 I OMXMaster: makeComponentInstance(OMX.google.mp3.decoder) in mediacodec process
01-01 03:00:12.352   200   676 E WVMExtractor: Failed to open libwvm.so: dlopen failed: library "libwvm.so" not found
01-01 03:00:12.352   633   633 I [Gralloc]:  ion device open success! fd = 44
01-01 03:00:12.371   200   675 D NuPlayerDriver: notifyListener_l(0xeab20a80), (1, 0, 0), loop setting(0, 0)
01-01 03:00:12.371   372   372 D MediaPlayer: setSubtitleAnchor in MediaPlayer
01-01 03:00:12.375   372   372 D Ringtone: Successfully created local player
01-01 03:00:12.376   200   264 D NuPlayerDriver: reset(0xeab20a80) at state 4
01-01 03:00:12.376   200   264 D NuPlayerDriver: notifyListener_l(0xeab20a80), (8, 0, 0), loop setting(0, 0)
01-01 03:00:12.377   200   675 D NuPlayerDriver: notifyResetComplete(0xeab20a80)
01-01 03:00:12.377   200   672 D NuPlayerDriver: reset(0xeab20a80) at state 0
01-01 03:00:12.379   372   479 I Zygote  : Process: zygote socket opened, supported ABIS: armeabi-v7a,armeabi
01-01 03:00:12.379   633   673 I mali_so : [File] : hardware/rockchip/driver/./src/base/arch/arch_011_udd/base_arch_main.c; [Line] : 565; [Func] : deal_with_version_affairs_rk_ext;
01-01 03:00:12.379   633   673 I mali_so : arm_release_ver of this mali_so is 'r7p0-00rel1', rk_so_ver is '1@2' for 3328h_android_7.1, built at '15:47:51', on 'Jun 28 2017'.
01-01 03:00:12.379   633   673 I mali_so : [File] : hardware/rockchip/driver/./src/base/arch/arch_011_udd/base_arch_main.c; [Line] : 578; [Func] : deal_with_version_affairs_rk_ext;
01-01 03:00:12.379   633   673 I mali_so : mali_ver_property has been set to 'r7p0-00rel1-5-1@2', to return.
01-01 03:00:12.382   150   414 I art     : Starting a blocking GC HeapTrim
01-01 03:00:12.384   633   673 I OpenGLRenderer: Initialized EGL, version 1.4
01-01 03:00:12.384   633   673 D OpenGLRenderer: Swap behavior 1
01-01 03:00:12.388   150   150 I art     : Starting a blocking GC Background
01-01 03:00:12.390   200   670 I MediaPlayerService: processName cmdline:/proc/372/cmdline
01-01 03:00:12.409   200   681 D NuPlayerDriver: notifyListener_l(0xeab20a80), (1, 0, 0), loop setting(0, 0)
01-01 03:00:12.409   372   372 D MediaPlayer: setSubtitleAnchor in MediaPlayer
01-01 03:00:12.417   372   372 D Ringtone: Successfully created local player
01-01 03:00:12.419   200   672 D NuPlayerDriver: start(0xeab20a80), state is 4, eos is 0
01-01 03:00:12.419   200   681 I GenericSource: start
01-01 03:00:12.432   200   689 I MediaCodec: callingProcessName:system_server
01-01 03:00:12.433   154   159 D Vold    : Running /system/bin/e2fsck on /dev/block/vold/public:8,1
01-01 03:00:12.433   154   159 V vold    : /system/bin/e2fsck
01-01 03:00:12.433   154   159 V vold    :     -y
01-01 03:00:12.433   154   159 V vold    :     /dev/block/vold/public:8,1
01-01 03:00:12.450   692   692 I e2fsck  : type=1400 audit(0.0:39): avc: denied { getattr } for path="/dev/block/vold/public:8,1" dev="tmpfs" ino=9648 scontext=u:r:fsck:s0 tcontext=u:object_r:vold_device:s0 tclass=blk_file permissive=1
01-01 03:00:12.450   692   692 I e2fsck  : type=1400 audit(0.0:40): avc: denied { getattr } for path="/dev/block/zram0" dev="tmpfs" ino=6314 scontext=u:r:fsck:s0 tcontext=u:object_r:zram_device:s0 tclass=blk_file permissive=1
01-01 03:00:12.450   692   692 I e2fsck  : type=1400 audit(0.0:41): avc: denied { read } for name="public:8,1" dev="tmpfs" ino=9648 scontext=u:r:fsck:s0 tcontext=u:object_r:vold_device:s0 tclass=blk_file permissive=1
01-01 03:00:12.450   692   692 I e2fsck  : type=1400 audit(0.0:42): avc: denied { open } for path="/dev/block/vold/public:8,1" dev="tmpfs" ino=9648 scontext=u:r:fsck:s0 tcontext=u:object_r:vold_device:s0 tclass=blk_file permissive=1
01-01 03:00:12.450   692   692 I e2fsck  : type=1400 audit(0.0:43): avc: denied { write } for name="public:8,1" dev="tmpfs" ino=9648 scontext=u:r:fsck:s0 tcontext=u:object_r:vold_device:s0 tclass=blk_file permissive=1
01-01 03:00:12.450   692   692 I e2fsck  : type=1400 audit(0.0:44): avc: denied { ioctl } for path="/dev/block/vold/public:8,1" dev="tmpfs" ino=9648 ioctlcmd=127c scontext=u:r:fsck:s0 tcontext=u:object_r:vold_device:s0 tclass=blk_file permissive=1
01-01 03:00:12.450   200   200 I MediaPlayerService: MediaPlayerService::getOMX
01-01 03:00:12.450   154   159 I e2fsck  : e2fsck 1.42.9 (28-Dec-2013)
01-01 03:00:12.451   200   200 I OMXClient: MuxOMX ctor
01-01 03:00:12.451   197   701 I OMXMaster: makeComponentInstance(OMX.google.amrnb.decoder) in mediacodec process
01-01 03:00:12.457   200   200 I MediaPlayerService: MediaPlayerService::getOMX
01-01 03:00:12.458   200   200 I OMXClient: MuxOMX ctor
01-01 03:00:12.458   197   197 I OMXMaster: makeComponentInstance(OMX.google.amrwb.decoder) in mediacodec process
01-01 03:00:12.463   200   200 I MediaPlayerService: MediaPlayerService::getOMX
01-01 03:00:12.463   200   200 I OMXClient: MuxOMX ctor
01-01 03:00:12.464   197   701 I OMXMaster: makeComponentInstance(OMX.google.aac.decoder) in mediacodec process
01-01 03:00:12.466   372   479 W ActivityManager: Slow operation: 98ms so far, now at startProcess: returned from zygote!
01-01 03:00:12.466   372   479 W ActivityManager: Slow operation: 98ms so far, now at startProcess: done updating battery stats
01-01 03:00:12.466   372   479 W ActivityManager: Slow operation: 98ms so far, now at startProcess: building log message
01-01 03:00:12.466   372   479 I ActivityManager: Start proc 706:WebViewLoader-armeabi-v7a/1037 [android.webkit.WebViewFactory$RelroFileCreator] for 
01-01 03:00:12.466   372   479 W ActivityManager: Slow operation: 98ms so far, now at startProcess: starting to update pids map
01-01 03:00:12.466   372   479 W ActivityManager: Slow operation: 98ms so far, now at startProcess: done updating pids map
01-01 03:00:12.467   372   479 W ActivityManager: Slow operation: 99ms so far, now at startProcess: done starting proc!
01-01 03:00:12.474   200   200 I MediaPlayerService: MediaPlayerService::getOMX
01-01 03:00:12.475   200   200 I OMXClient: MuxOMX ctor
01-01 03:00:12.475   197   219 I OMXMaster: makeComponentInstance(OMX.google.g711.alaw.decoder) in mediacodec process
01-01 03:00:12.482   372   479 I ActivityManager: Start proc 720:WebViewLoader-arm64-v8a/1037 [android.webkit.WebViewFactory$RelroFileCreator] for 
01-01 03:00:12.482   706   706 V WebViewFactory: RelroFileCreator (64bit = false),  32-bit lib: /system/app/Chrome/Chrome.apk!/lib/armeabi-v7a/libmonochrome.so, 64-bit lib: /system/app/Chrome/Chrome.apk!/lib/arm64-v8a/libmonochrome.so
01-01 03:00:12.486   372   487 I ActivityManager: Displayed com.android.tv.settings/.system.FallbackHome: +378ms
01-01 03:00:12.487   372   372 W ContextImpl: Calling a method in the system process without a qualified user: android.app.ContextImpl.startService:1357 com.android.server.content.SyncManager$13.run:658 android.os.Handler.handleCallback:755 android.os.Handler.dispatchMessage:95 android.os.Looper.loop:154 
01-01 03:00:12.489   372   479 D NetworkManagement: enabling bandwidth control
01-01 03:00:12.489   619   619 V SystemUIService: Starting SystemUI services for user 0.
01-01 03:00:12.492   372   372 D ConditionProviders.SCP: onSubscribe condition://android/schedule?days=6.7&start=23.30&end=10.0&exitAtAlarm=false
01-01 03:00:12.492   372   372 D ConditionProviders.SCP: setRegistered true
01-01 03:00:12.494   372   372 D ConditionProviders.SCP: notifyCondition condition://android/schedule?days=6.7&start=23.30&end=10.0&exitAtAlarm=false STATE_FALSE reason=!meetsSchedule
01-01 03:00:12.511   619   619 D lvjinhua:  Failed while trying resolve alarm filter file, not exists
01-01 03:00:12.522   720   720 V WebViewFactory: RelroFileCreator (64bit = true),  32-bit lib: /system/app/Chrome/Chrome.apk!/lib/armeabi-v7a/libmonochrome.so, 64-bit lib: /system/app/Chrome/Chrome.apk!/lib/arm64-v8a/libmonochrome.so
01-01 03:00:12.529   619   619 V MediaRouter: Adding route: RouteInfo{ name=Phone, description=null, status=null, category=RouteCategory{ name=null types=ROUTE_TYPE_LIVE_AUDIO ROUTE_TYPE_LIVE_VIDEO  groupable=false }, supportedTypes=ROUTE_TYPE_LIVE_AUDIO ROUTE_TYPE_LIVE_VIDEO , presentationDisplay=null }
01-01 03:00:12.543   619   619 V MediaRouter: Updating audio routes: AudioRoutesInfo{ type=SPEAKER }
01-01 03:00:12.547   619   619 V MediaRouter: Selecting route: RouteInfo{ name=Phone, description=null, status=null, category=RouteCategory{ name=null types=ROUTE_TYPE_LIVE_AUDIO ROUTE_TYPE_LIVE_VIDEO  groupable=false }, supportedTypes=ROUTE_TYPE_LIVE_AUDIO ROUTE_TYPE_LIVE_VIDEO , presentationDisplay=null }
01-01 03:00:12.556   200   200 I MediaPlayerService: MediaPlayerService::getOMX
01-01 03:00:12.557   200   200 I OMXClient: MuxOMX ctor
01-01 03:00:12.557   197   701 I OMXMaster: makeComponentInstance(OMX.google.g711.mlaw.decoder) in mediacodec process
01-01 03:00:12.578   372   372 I System  : Loaded time zone names for "" in 81ms (78ms in ICU)
01-01 03:00:12.582   619   619 V FingerprintManager: FingerprintManagerService was null
01-01 03:00:12.585   619   619 W FingerprintManager: isFingerprintHardwareDetected(): Service not connected!
01-01 03:00:12.585   619   619 W FingerprintManager: addLockoutResetCallback(): Service not connected!
01-01 03:00:12.612   619   745 E WVMExtractor: Failed to open libwvm.so: dlopen failed: library "libwvm.so" not found
01-01 03:00:12.640   619   745 I MediaCodec: callingProcessName:com.android.systemui
01-01 03:00:12.642   372   372 I System  : Loaded time zone names for "en_US" in 64ms (55ms in ICU)
01-01 03:00:12.643   372   372 D ConditionProviders.SCP: Scheduling evaluate for Thu Jan 01 10:00:00 GMT+03:00 1970 (25200000), in +6h59m47s507ms, now=Thu Jan 01 03:00:12 GMT+03:00 1970 (12493)
01-01 03:00:12.644   372   372 D ConditionProviders.SCP: onSubscribe condition://android/schedule?days=1.2.3.4.5&start=22.0&end=7.0&exitAtAlarm=false
01-01 03:00:12.645   372   372 D ConditionProviders.SCP: notifyCondition condition://android/schedule?days=6.7&start=23.30&end=10.0&exitAtAlarm=false STATE_FALSE reason=!meetsSchedule
01-01 03:00:12.645   372   372 D ConditionProviders.SCP: notifyCondition condition://android/schedule?days=1.2.3.4.5&start=22.0&end=7.0&exitAtAlarm=false STATE_TRUE reason=meetsSchedule
01-01 03:00:12.646   372   372 D ConditionProviders.SCP: Scheduling evaluate for Thu Jan 01 07:00:00 GMT+03:00 1970 (14400000), in +3h59m47s356ms, now=Thu Jan 01 03:00:12 GMT+03:00 1970 (12644)
01-01 03:00:12.661   372   372 D ZenLog  : config: conditionChanged,ZenModeConfig[user=0,allowCalls=true,allowRepeatCallers=false,allowMessages=false,allowCallsFrom=contacts,allowMessagesFrom=contacts,allowReminders=true,allowEvents=true,allowWhenScreenOff=true,allowWhenScreenOn=true,automaticRules={25a6dd96a24b4df6bd3088c7e3097477=ZenRule[enabled=false,snoozing=false,name=Weekend,zenMode=ZEN_MODE_ALARMS,conditionId=condition://android/schedule?days=6.7&start=23.30&end=10.0&exitAtAlarm=false,condition=Condition[id=condition://android/schedule?days=6.7&start=23.30&end=10.0&exitAtAlarm=false,summary=...,line1=...,line2=...,icon=0,state=STATE_FALSE,flags=2],component=ComponentInfo{android/com.android.server.notification.ScheduleConditionProvider},id=25a6dd96a24b4df6bd3088c7e3097477,creationTime=171343,enabler=null], a39688c18c6949eb93d2d819ff254056=ZenRule[enabled=false,snoozing=false,name=Weeknight,zenMode=ZEN_MODE_ALARMS,conditionId=condition://android/schedule?days=1.2.3.4.5&start=22.0&end=7.0&exitAtAlarm=false,condition=Condition[id=condition://android/schedule?days=1.2.3.4.5&start=22.0&end=7.0&exitAtAlarm=false,summary=...,line1=...,line2=...,icon=0,state=STATE_TRUE,flags=2],component=ComponentInfo{android/com.android.server.notification.ScheduleConditionProvider},id=a39688c18c6949eb93d2d819ff254056,creationTime=171343,enabler=null], 5d561a952c594803b5e4af64eefc6361=ZenRule[enabled=false,snoozing=false,name=Event,zenMode=ZEN_MODE_ALARMS,conditionId=condition://android/event?userId=-10000&calendar=&reply=1,condition=Condition[id=condition://android/event?userId=-10000&calendar=&reply=1,summary=...,line1=...,line2=...,icon=0,state=STATE_FALSE,flags=2],component=ComponentInfo{android/com.android.server.notification.EventConditionProvider},id=5d561a952c594803b5e4af64eefc6361,creationTime=171344,enabler=null]},manualRule=null],Diff[automaticRule[a39688c18c6949eb93d2d819ff254056].condition:Condition[id=condition://android/schedule?days=1.2.3.4.5&start=22.0&end=7.0&exitAtAlarm=false,summary=...,line1=...,line2=...,icon=0,state=STATE_FALSE,flags=2]->Condition[id=condition://android/schedule?days=1.2.3.4.5&start=22.0&end=7.0&exitAtAlarm=false,summary=...,line1=...,line2=...,icon=0,state=STATE_TRUE,flags=2]]
01-01 03:00:12.663   200   200 I MediaPlayerService: MediaPlayerService::getOMX
01-01 03:00:12.664   200   200 I OMXClient: MuxOMX ctor
01-01 03:00:12.664   197   701 I OMXMaster: makeComponentInstance(OMX.google.vorbis.decoder) in mediacodec process
01-01 03:00:12.690   372   478 I SyncManager: Got SyncJobService instance.
01-01 03:00:12.737   200   200 I MediaPlayerService: MediaPlayerService::getOMX
01-01 03:00:12.737   200   200 I OMXClient: MuxOMX ctor
01-01 03:00:12.738   197   701 I OMXMaster: makeComponentInstance(OMX.google.opus.decoder) in mediacodec process
01-01 03:00:12.747   619   619 I vol.Events: writeEvent collection_started
01-01 03:00:12.756   619   619 W Vibrator: Failed to vibrate; no vibrator service.
01-01 03:00:12.761   372   479 W NetworkManagement: setDataSaverMode(): already false
01-01 03:00:12.807   720   720 I art     : System.exit called, status: 0
01-01 03:00:12.807   720   720 I AndroidRuntime: VM exiting with result code 0, cleanup skipped.
01-01 03:00:12.824   200   200 I MediaPlayerService: MediaPlayerService::getOMX
01-01 03:00:12.825   200   200 I OMXClient: MuxOMX ctor
01-01 03:00:12.825   197   701 I OMXMaster: makeComponentInstance(OMX.google.raw.decoder) in mediacodec process
01-01 03:00:12.833   200   200 I MediaPlayerService: MediaPlayerService::getOMX
01-01 03:00:12.834   200   200 I OMXClient: MuxOMX ctor
01-01 03:00:12.834   197   197 I OMXMaster: makeComponentInstance(OMX.google.aac.encoder) in mediacodec process
01-01 03:00:12.847   200   200 I MediaPlayerService: MediaPlayerService::getOMX
01-01 03:00:12.847   200   200 I OMXClient: MuxOMX ctor
01-01 03:00:12.848   197   701 I OMXMaster: makeComponentInstance(OMX.google.amrnb.encoder) in mediacodec process
01-01 03:00:12.862   200   200 I MediaPlayerService: MediaPlayerService::getOMX
01-01 03:00:12.863   200   200 I OMXClient: MuxOMX ctor
01-01 03:00:12.863   197   701 I OMXMaster: makeComponentInstance(OMX.google.amrwb.encoder) in mediacodec process
01-01 03:00:12.873   706   706 I art     : System.exit called, status: 0
01-01 03:00:12.873   706   706 I AndroidRuntime: VM exiting with result code 0, cleanup skipped.
01-01 03:00:12.876   200   200 I MediaPlayerService: MediaPlayerService::getOMX
01-01 03:00:12.877   200   200 I OMXClient: MuxOMX ctor
01-01 03:00:12.877   197   197 I OMXMaster: makeComponentInstance(OMX.google.flac.encoder) in mediacodec process
01-01 03:00:12.878   372   372 D ZenLog  : set_zen_mode: off,conditionChanged
01-01 03:00:12.894   372   479 D NetworkPolicy: setRestrictBackgroundUL(): false
01-01 03:00:12.894   372   479 W NetworkManagement: setDataSaverMode(): already false
01-01 03:00:12.960   200   200 I MediaPlayerService: MediaPlayerService::getOMX
01-01 03:00:12.961   200   200 I OMXClient: MuxOMX ctor
01-01 03:00:12.962   197   197 I OMXMaster: makeComponentInstance(OMX.rk.video_decoder.avc) in mediacodec process
01-01 03:00:12.962   197   197 E ROCKCHIP_RM: Rockchip_OMX_Check_Resource(282): pRockchipComponent->codecType 1, Line:282
01-01 03:00:12.975   200   200 W ACodec  : [OMX.rk.video_decoder.avc] stopping checking profiles after 32: 8/1
01-01 03:00:12.976   197   197 E ROCKCHIP_VIDEO_DECCONTROL: Rkvpu_OMX_GetExtensionIndex(1959): OMX_IndexParamdescribeColorFormat get 
01-01 03:00:12.976   619   760 I vol.Events: writeEvent level_changed STREAM_ALARM 6
01-01 03:00:12.977   197   197 E ROCKCHIP_VIDEO_DECCONTROL: Rkvpu_OMX_GetExtensionIndex(1959): OMX_IndexParamdescribeColorFormat get 
01-01 03:00:12.979   197   197 E OMXNodeInstance: getExtensionIndex(c5000e:rk._decoder.avc, OMX.google.android.index.configureVideoTunnelMode) ERROR: BadParameter(0x80001005)
01-01 03:00:12.979   197   701 W OMXNodeInstance: [c5000e:rk._decoder.avc] component does not support metadata mode; using fallback
01-01 03:00:12.981   619   760 I vol.Events: writeEvent level_changed STREAM_BLUETOOTH_SCO 7
01-01 03:00:12.982   200   200 I MediaPlayerService: MediaPlayerService::getOMX
01-01 03:00:12.983   200   200 I OMXClient: MuxOMX ctor
01-01 03:00:12.983   197   219 I OMXMaster: makeComponentInstance(OMX.rk.video_decoder.m2v) in mediacodec process
01-01 03:00:12.984   197   219 E ROCKCHIP_RM: Rockchip_OMX_Check_Resource(282): pRockchipComponent->codecType 1, Line:282
01-01 03:00:12.987   197   701 E ROCKCHIP_VIDEO_DECCONTROL: Rkvpu_OMX_GetExtensionIndex(1959): OMX_IndexParamdescribeColorFormat get 
01-01 03:00:12.988   197   701 E ROCKCHIP_VIDEO_DECCONTROL: Rkvpu_OMX_GetExtensionIndex(1959): OMX_IndexParamdescribeColorFormat get 
01-01 03:00:12.989   197   701 E OMXNodeInstance: getExtensionIndex(c5000f:rk._decoder.m2v, OMX.google.android.index.configureVideoTunnelMode) ERROR: BadParameter(0x80001005)
01-01 03:00:12.989   619   760 I vol.Events: writeEvent level_changed STREAM_MUSIC 11
01-01 03:00:12.990   197   219 W OMXNodeInstance: [c5000f:rk._decoder.m2v] component does not support metadata mode; using fallback
01-01 03:00:12.993   200   200 I MediaPlayerService: MediaPlayerService::getOMX
01-01 03:00:12.994   200   200 I OMXClient: MuxOMX ctor
01-01 03:00:12.994   197   197 I OMXMaster: makeComponentInstance(OMX.rk.video_decoder.vp8) in mediacodec process
01-01 03:00:12.995   197   197 E ROCKCHIP_RM: Rockchip_OMX_Check_Resource(282): pRockchipComponent->codecType 1, Line:282
01-01 03:00:12.997   197   701 E ROCKCHIP_VIDEO_DECCONTROL: Rkvpu_OMX_GetExtensionIndex(1959): OMX_IndexParamdescribeColorFormat get 
01-01 03:00:12.997   619   760 I vol.Events: writeEvent level_changed STREAM_RING 5
01-01 03:00:12.998   197   701 E ROCKCHIP_VIDEO_DECCONTROL: Rkvpu_OMX_GetExtensionIndex(1959): OMX_IndexParamdescribeColorFormat get 
01-01 03:00:12.998   197   701 E OMXNodeInstance: getExtensionIndex(c50010:rk._decoder.vp8, OMX.google.android.index.configureVideoTunnelMode) ERROR: BadParameter(0x80001005)
01-01 03:00:12.999   197   219 W OMXNodeInstance: [c50010:rk._decoder.vp8] component does not support metadata mode; using fallback
01-01 03:00:12.999   619   760 I vol.Events: writeEvent level_changed STREAM_SYSTEM 5
01-01 03:00:13.002   200   200 I MediaPlayerService: MediaPlayerService::getOMX
01-01 03:00:13.002   200   200 I OMXClient: MuxOMX ctor
01-01 03:00:13.002   197   197 I OMXMaster: makeComponentInstance(OMX.rk.video_decoder.h263) in mediacodec process
01-01 03:00:13.003   197   197 E ROCKCHIP_RM: Rockchip_OMX_Check_Resource(282): pRockchipComponent->codecType 1, Line:282
01-01 03:00:13.006   619   760 I vol.Events: writeEvent level_changed STREAM_VOICE_CALL 4
01-01 03:00:13.009   619   760 I vol.Events: writeEvent external_ringer_mode_changed normal
01-01 03:00:13.010   197   197 E ROCKCHIP_VIDEO_DECCONTROL: Rkvpu_OMX_GetExtensionIndex(1959): OMX_IndexParamdescribeColorFormat get 
01-01 03:00:13.012   197   197 E ROCKCHIP_VIDEO_DECCONTROL: Rkvpu_OMX_GetExtensionIndex(1959): OMX_IndexParamdescribeColorFormat get 
01-01 03:00:13.013   197   197 E OMXNodeInstance: getExtensionIndex(c50011:rk._decoder.h263, OMX.google.android.index.configureVideoTunnelMode) ERROR: BadParameter(0x80001005)
01-01 03:00:13.014   197   701 W OMXNodeInstance: [c50011:rk._decoder.h263] component does not support metadata mode; using fallback
01-01 03:00:13.018   200   200 I MediaPlayerService: MediaPlayerService::getOMX
01-01 03:00:13.019   200   200 I OMXClient: MuxOMX ctor
01-01 03:00:13.019   197   219 I OMXMaster: makeComponentInstance(OMX.rk.video_decoder.m4v) in mediacodec process
01-01 03:00:13.020   197   219 E ROCKCHIP_RM: Rockchip_OMX_Check_Resource(282): pRockchipComponent->codecType 1, Line:282
01-01 03:00:13.023   197   219 E ROCKCHIP_VIDEO_DECCONTROL: Rkvpu_OMX_GetExtensionIndex(1959): OMX_IndexParamdescribeColorFormat get 
01-01 03:00:13.024   372   480 W WindowManager: Keyguard drawn timeout. Setting mKeyguardDrawComplete
01-01 03:00:13.025   197   219 E ROCKCHIP_VIDEO_DECCONTROL: Rkvpu_OMX_GetExtensionIndex(1959): OMX_IndexParamdescribeColorFormat get 
01-01 03:00:13.027   197   219 E OMXNodeInstance: getExtensionIndex(c50012:rk._decoder.m4v, OMX.google.android.index.configureVideoTunnelMode) ERROR: BadParameter(0x80001005)
01-01 03:00:13.028   197   197 W OMXNodeInstance: [c50012:rk._decoder.m4v] component does not support metadata mode; using fallback
01-01 03:00:13.032   200   200 I MediaPlayerService: MediaPlayerService::getOMX
01-01 03:00:13.033   200   200 I OMXClient: MuxOMX ctor
01-01 03:00:13.033   197   701 I OMXMaster: makeComponentInstance(OMX.rk.video_decoder.vp9) in mediacodec process
01-01 03:00:13.034   197   701 E ROCKCHIP_RM: Rockchip_OMX_Check_Resource(282): pRockchipComponent->codecType 1, Line:282
01-01 03:00:13.036   197   219 E ROCKCHIP_VIDEO_DECCONTROL: Rkvpu_OMX_GetExtensionIndex(1959): OMX_IndexParamdescribeColorFormat get 
01-01 03:00:13.037   197   219 E ROCKCHIP_VIDEO_DECCONTROL: Rkvpu_OMX_GetExtensionIndex(1959): OMX_IndexParamdescribeColorFormat get 
01-01 03:00:13.038   619   619 I [Gralloc]:  ion device open success! fd = 53
01-01 03:00:13.038   197   219 E OMXNodeInstance: getExtensionIndex(c50013:rk._decoder.vp9, OMX.google.android.index.configureVideoTunnelMode) ERROR: BadParameter(0x80001005)
01-01 03:00:13.038   197   197 W OMXNodeInstance: [c50013:rk._decoder.vp9] component does not support metadata mode; using fallback
01-01 03:00:13.041   200   200 I MediaPlayerService: MediaPlayerService::getOMX
01-01 03:00:13.042   200   200 I OMXClient: MuxOMX ctor
01-01 03:00:13.042   197   701 I OMXMaster: makeComponentInstance(OMX.rk.video_decoder.hevc) in mediacodec process
01-01 03:00:13.043   197   701 E ROCKCHIP_RM: Rockchip_OMX_Check_Resource(282): pRockchipComponent->codecType 1, Line:282
01-01 03:00:13.049   197   219 E ROCKCHIP_VIDEO_DECCONTROL: Rkvpu_OMX_GetExtensionIndex(1959): OMX_IndexParamdescribeColorFormat get 
01-01 03:00:13.050   197   219 E ROCKCHIP_VIDEO_DECCONTROL: Rkvpu_OMX_GetExtensionIndex(1959): OMX_IndexParamdescribeColorFormat get 
01-01 03:00:13.051   197   219 E OMXNodeInstance: getExtensionIndex(c50014:rk._decoder.hevc, OMX.google.android.index.configureVideoTunnelMode) ERROR: BadParameter(0x80001005)
01-01 03:00:13.051   197   197 W OMXNodeInstance: [c50014:rk._decoder.hevc] component does not support metadata mode; using fallback
01-01 03:00:13.054   200   200 I MediaPlayerService: MediaPlayerService::getOMX
01-01 03:00:13.055   200   200 I OMXClient: MuxOMX ctor
01-01 03:00:13.056   197   701 I OMXMaster: makeComponentInstance(OMX.rk.video_encoder.avc) in mediacodec process
01-01 03:00:13.057   197   701 E ROCKCHIP_RM: Rockchip_OMX_Check_Resource(282): pRockchipComponent->codecType 2, Line:282
01-01 03:00:13.067   372   479 I SystemServiceManager: Starting phase 600
01-01 03:00:13.069   619   619 D StorageNotification: Notifying about private volume: VolumeInfo{private}:
01-01 03:00:13.069   619   619 D StorageNotification:     type=PRIVATE diskId=null partGuid=null mountFlags=0 mountUserId=-1 
01-01 03:00:13.069   619   619 D StorageNotification:     state=MOUNTED 
01-01 03:00:13.069   619   619 D StorageNotification:     fsType=null fsUuid=null fsLabel=null 
01-01 03:00:13.069   619   619 D StorageNotification:     path=/data internalPath=null 
01-01 03:00:13.070   619   619 D StorageNotification: Notifying about public volume: VolumeInfo{public:8,1}:
01-01 03:00:13.070   619   619 D StorageNotification:     type=PUBLIC diskId=disk:8,0 partGuid=null mountFlags=VISIBLE mountUserId=0 
01-01 03:00:13.070   619   619 D StorageNotification:     state=CHECKING 
01-01 03:00:13.070   619   619 D StorageNotification:     fsType=ext4 fsUuid=e14e8b4a-c6c3-4546-b069-dfbdf64d0b66 fsLabel=512Gb ext4 
01-01 03:00:13.070   619   619 D StorageNotification:     path=/storage/e14e8b4a-c6c3-4546-b069-dfbdf64d0b66 
01-01 03:00:13.070   619   619 D StorageNotification:     internalPath=/mnt/media_rw/e14e8b4a-c6c3-4546-b069-dfbdf64d0b66 
01-01 03:00:13.073   200   200 W ACodec  : [OMX.rk.video_encoder.avc] stopping checking profiles after 32: 8/1
01-01 03:00:13.075   200   200 W ACodec  : do not know color format 0x7f000789 = 2130708361
01-01 03:00:13.075   197   701 E OMXNodeInstance: getConfig(c50015:rk._encoder.avc, ConfigAndroidIntraRefresh(0x6f60000a)) ERROR: UnsupportedIndex(0x8000101a)
01-01 03:00:13.078   200   200 I MediaPlayerService: MediaPlayerService::getOMX
01-01 03:00:13.079   200   200 I OMXClient: MuxOMX ctor
01-01 03:00:13.080   197   701 I OMXMaster: makeComponentInstance(OMX.rk.video_encoder.hevc) in mediacodec process
01-01 03:00:13.082   197   701 E ROCKCHIP_RM: Rockchip_OMX_Check_Resource(282): pRockchipComponent->codecType 2, Line:282
01-01 03:00:13.090   200   200 W ACodec  : do not know color format 0x7f000789 = 2130708361
01-01 03:00:13.091   372   479 D SensorNotificationService: Cannot obtain dynamic meta sensor, not supported.
01-01 03:00:13.091   197   219 E OMXNodeInstance: getConfig(c50016:rk._encoder.hevc, ConfigAndroidIntraRefresh(0x6f60000a)) ERROR: UnsupportedIndex(0x8000101a)
01-01 03:00:13.102   200   200 I MediaPlayerService: MediaPlayerService::getOMX
01-01 03:00:13.102   200   200 I OMXClient: MuxOMX ctor
01-01 03:00:13.103   197   219 I OMXMaster: makeComponentInstance(OMX.google.h264.decoder) in mediacodec process
01-01 03:00:13.105   372   479 W LocationProviderProxy-network: Odd, no component found for service com.android.location.service.v3.NetworkLocationProvider
01-01 03:00:13.117   372   479 W GeocoderProxy: Odd, no component found for service com.android.location.service.GeocodeProvider
01-01 03:00:13.118   372   479 E FlpHardwareProvider: Error hw_get_module 'flp': -2
01-01 03:00:13.118   372   479 D LocationManagerService: FLP HAL not supported
01-01 03:00:13.134   372   479 W GeofenceProxy: Odd, no component found for service com.android.location.service.GeofenceProvider
01-01 03:00:13.137   372   683 W WindowManager: animateResizePinnedStack: stackId 4 not found.
01-01 03:00:13.140   372   479 E ActivityRecognitionHardware: Error hw_get_module: -2
01-01 03:00:13.140   372   479 D LocationManagerService: Hardware Activity-Recognition not supported.
01-01 03:00:13.149   372   372 W System  : ClassLoader referenced unknown path: /system/priv-app/FusedLocation/lib/arm64
01-01 03:00:13.151   372   372 D ApplicationLoaders: ignored Vulkan layer search path /system/priv-app/FusedLocation/lib/arm64:/system/priv-app/FusedLocation/FusedLocation.apk!/lib/arm64-v8a:/system/lib64:/vendor/lib64 for namespace 0x7f4b06a1d0
01-01 03:00:13.154   372   479 W ActivityRecognitionProxy: Odd, no component found for service com.android.location.service.ActivityRecognitionProvider
01-01 03:00:13.163   372   479 I CommonTimeManagementService: No common time service detected on this platform.  Common time services will be unavailable.
01-01 03:00:13.164   372   535 E ActivityThread: Failed to find provider info for com.android.calendar
01-01 03:00:13.165   372   535 E ActivityThread: Failed to find provider info for com.android.calendar
01-01 03:00:13.167   372   509 I InputReader: Reconfiguring input devices.  changes=0x00000020
01-01 03:00:13.169   372   372 V WiredAccessoryManager: init()
01-01 03:00:13.171   372   509 I InputReader: Reconfiguring input devices.  changes=0x00000010
01-01 03:00:13.177   372   479 I MmsServiceBroker: Delay connecting to MmsService until an API is called
01-01 03:00:13.178   372   372 I FusedLocation: engine started (com.android.location.fused)
01-01 03:00:13.193   372   479 I ActivityManager: Force stopping com.android.providers.media appid=10006 user=-1: vold reset
01-01 03:00:13.193   619   760 I vol.Events: writeEvent internal_ringer_mode_changed normal
01-01 03:00:13.199   200   200 W ACodec  : [OMX.google.h264.decoder] stopping checking profiles after 32: 2/8000
01-01 03:00:13.200   197   219 E OMXNodeInstance: getExtensionIndex(c50017:google.h264.decoder, OMX.google.android.index.configureVideoTunnelMode) ERROR: UnsupportedIndex(0x8000101a)
01-01 03:00:13.201   197   701 W OMXNodeInstance: [c50017:google.h264.decoder] component does not support metadata mode; using fallback
01-01 03:00:13.203   200   200 I MediaPlayerService: MediaPlayerService::getOMX
01-01 03:00:13.204   200   200 I OMXClient: MuxOMX ctor
01-01 03:00:13.204   197   701 I OMXMaster: makeComponentInstance(OMX.google.hevc.decoder) in mediacodec process
01-01 03:00:13.206   619   630 I art     : Background partial concurrent mark sweep GC freed 4222(470KB) AllocSpace objects, 2(40KB) LOS objects, 40% free, 3MB/6MB, paused 6.298ms total 64.446ms
01-01 03:00:13.207   372   479 V KeyguardServiceDelegate: *** Keyguard: can't bind to ComponentInfo{com.android.systemui/com.android.systemui.keyguard.KeyguardService}
01-01 03:00:13.208   372   479 W KeyguardServiceDelegate: onScreenTurningOn(): no keyguard service!
01-01 03:00:13.226   372   479 I SystemServiceManager: Starting phase 1000
01-01 03:00:13.233   154   159 I e2fsck  : 512Gb_ext4 primary superblock features different from backup, check forced.
01-01 03:00:13.253   372   479 I ActivityManager: Start proc 836:com.google.android.ext.services/u0a9 for on-hold
01-01 03:00:13.256   372   479 D ActivityManager: Finishing user boot 0
01-01 03:00:13.259   372   479 D CryptdConnector: SND -> {3 cryptfs prepare_user_storage ! 0 0 2}
01-01 03:00:13.260   154   160 D vold    : e4crypt_prepare_user_storage for volume null, user 0, serial 0, flags 2
01-01 03:00:13.260   154   160 D vold    : Preparing: /data/system_ce/0
01-01 03:00:13.261   154   160 D vold    : Preparing: /data/misc_ce/0
01-01 03:00:13.261   154   160 D vold    : Preparing: /data/media/0
01-01 03:00:13.261   154   160 D vold    : Preparing: /data/data
01-01 03:00:13.261   372   514 D CryptdConnector: RCV <- {200 3 Command succeeded}
01-01 03:00:13.262   372   479 V UserManagerService: Found /data/user/0 with serial number 0
01-01 03:00:13.262   372   479 V UserManagerService: Found /data/system_ce/0 with serial number 0
01-01 03:00:13.263   372   479 V PackageManager: reconcileAppsData for null u0 0x2
01-01 03:00:13.295   841   841 I bootstat: Service started: /system/bin/bootstat --record_boot_complete 
01-01 03:00:13.303   841   841 I bootstat: Logging histogram: bootstat_mtime_matches_content 1
01-01 03:00:13.305   841   841 I bootstat: Logging histogram: bootstat_mtime_matches_content 1
01-01 03:00:13.305   841   841 E bootstat: Failed to read /data/misc/bootstat/post_decrypt_time_elapsed: No such file or directory
01-01 03:00:13.305   841   841 E bootstat: Failed to parse boot time record: /data/misc/bootstat/post_decrypt_time_elapsed
01-01 03:00:13.313   154   159 I e2fsck  : Pass 1: Checking inodes, blocks, and sizes
01-01 03:00:13.333   851   851 I bootstat: Service started: /system/bin/bootstat --record_boot_reason 
01-01 03:00:13.333   851   851 I bootstat: Unknown boot reason: 
01-01 03:00:13.368   197   829 E OMXNodeInstance: getExtensionIndex(c50018:google.hevc.decoder, OMX.google.android.index.configureVideoTunnelMode) ERROR: UnsupportedIndex(0x8000101a)
01-01 03:00:13.368   197   219 W OMXNodeInstance: [c50018:google.hevc.decoder] component does not support metadata mode; using fallback
01-01 03:00:13.371   200   200 I MediaPlayerService: MediaPlayerService::getOMX
01-01 03:00:13.372   200   200 I OMXClient: MuxOMX ctor
01-01 03:00:13.372   197   197 I OMXMaster: makeComponentInstance(OMX.google.vp8.decoder) in mediacodec process
01-01 03:00:13.378   852   852 I bootstat: Service started: /system/bin/bootstat --record_time_since_factory_reset 
01-01 03:00:13.378   852   852 I bootstat: Logging histogram: factory_reset_current_time 13
01-01 03:00:13.383   852   852 I bootstat: Logging histogram: bootstat_mtime_matches_content 1
01-01 03:00:13.383   852   852 I bootstat: Logging histogram: factory_reset_record_value 174
01-01 03:00:13.411   856   856 I bootstat: Service started: /system/bin/bootstat -l 
01-01 03:00:13.412   856   856 I bootstat: Logging histogram: bootstat_mtime_matches_content 1
01-01 03:00:13.421   856   856 I bootstat: Logging histogram: bootstat_mtime_matches_content 1
01-01 03:00:13.422   856   856 I bootstat: Logging histogram: bootstat_mtime_matches_content 1
01-01 03:00:13.423   856   856 I bootstat: Logging histogram: bootstat_mtime_matches_content 1
01-01 03:00:13.423   856   856 I bootstat: Logging histogram: bootstat_mtime_matches_content 1
01-01 03:00:13.423   856   856 I bootstat: Logging histogram: bootstat_mtime_matches_content 1
01-01 03:00:13.423   856   856 I bootstat: Logging histogram: bootstat_mtime_matches_content 1
01-01 03:00:13.423   856   856 I bootstat: Logging histogram: bootstat_mtime_matches_content 1
01-01 03:00:13.423   856   856 I bootstat: Logging histogram: bootstat_mtime_matches_content 1
01-01 03:00:13.423   856   856 I bootstat: Logging histogram: bootstat_mtime_matches_content 1
01-01 03:00:13.423   856   856 I bootstat: Logging histogram: bootstat_mtime_matches_content 1
01-01 03:00:13.423   856   856 I bootstat: Logging histogram: bootstat_mtime_matches_content 1
01-01 03:00:13.423   856   856 I bootstat: Logging histogram: last_boot_time_utc 13
01-01 03:00:13.423   856   856 I bootstat: Logging histogram: build_date 1507888948
01-01 03:00:13.423   856   856 I bootstat: Logging histogram: ota_boot_complete_no_encryption 173
01-01 03:00:13.423   856   856 I bootstat: Logging histogram: ota_boot_complete 173
01-01 03:00:13.423   856   856 I bootstat: Logging histogram: boot_reason 1
01-01 03:00:13.423   856   856 I bootstat: Logging histogram: factory_reset_current_time 13
01-01 03:00:13.424   856   856 I bootstat: Logging histogram: factory_reset 174
01-01 03:00:13.424   856   856 I bootstat: Logging histogram: time_since_last_boot -1
01-01 03:00:13.424   856   856 I bootstat: Logging histogram: boot_complete_no_encryption 13
