06-27 21:11:25.912  1293  1362 D RKUpdateService: WorkHandler::handleMessage() : To perform 'COMMAND_CHECK_LOCAL_UPDATING'.
06-27 21:11:25.912  1293  1362 D RKUpdateService: getValidFirmwareImageFile() : Target image file path : /data/media/0/update.zip
06-27 21:11:25.912  1293  1362 D RKUpdateService: getValidFirmwareImageFile() : Target image file path : /storage/emulated/0/update.zip
06-27 21:11:25.918  1293  1362 E RKUpdateService: jkand.huang --- volume.internalPath = /mnt/media_rw/e14e8b4a-c6c3-4546-b069-dfbdf64d0b66
06-27 21:11:26.188  1445  1494 I FileScanThread: mTmpFileInfos->size:40
06-27 21:11:26.208  1445  1494 I FileScanThread: FileScanThread end time:1561659086208
06-27 21:11:26.208  1445  1494 I FileScanThread: FileScanThread total time:17s
06-27 21:11:27.005   426   682 I ActivityManager: Killing 1346:com.google.android.play.games.ui/u0a8 (adj 906): empty #5
06-27 21:11:27.053   426   454 D ActivityManager: cleanUpApplicationRecord -- 1346
06-27 21:11:28.385   426  1198 I ActivityManager: Killing 1387:com.google.android.configupdater/u0a2 (adj 906): empty #4
06-27 21:11:28.414   426  1867 D ActivityManager: cleanUpApplicationRecord -- 1387
06-27 21:11:28.765  1644  1741 I chatty  : uid=10014(com.android.vending) expire 4 lines
06-27 21:11:28.891  1644  1729 I chatty  : uid=10014(com.android.vending) expire 2 lines
06-27 21:11:28.959  1644  1760 I chatty  : uid=10014(com.android.vending) expire 2 lines
06-27 21:11:29.082  1644  1818 I chatty  : uid=10014(com.android.vending) expire 2 lines
06-27 21:11:29.664  1644  1832 I chatty  : uid=10014(com.android.vending) expire 3 lines
06-27 21:11:30.015  1644  1649 I chatty  : uid=10014(com.android.vending) expire 4 lines
06-27 21:11:30.630  1644  1644 I chatty  : uid=10014(com.android.vending) expire 1 line
06-27 21:11:30.921  1293  1362 D NetworkSecurityConfig: No Network Security Config specified, using platform default
06-27 21:11:32.994  1293  1362 D RKUpdateService: request remote server error...
06-27 21:11:35.072  1131  1612 I CheckinCompat: Done disabling old GoogleServicesFramework version
06-27 21:11:35.118   856   857 E sdcard  : opendir /mnt/media_rw/e14e8b4a-c6c3-4546-b069-dfbdf64d0b66/lost+found failed: Permission denied
06-27 21:11:35.120   856   857 E sdcard  : opendir /mnt/media_rw/e14e8b4a-c6c3-4546-b069-dfbdf64d0b66/lost+found failed: Permission denied
06-27 21:11:35.121  1163  1193 W MediaScanner: Error opening directory '/storage/e14e8b4a-c6c3-4546-b069-dfbdf64d0b66/lost+found/', skipping: Permission denied.
06-27 21:11:35.128  1163  1193 V MediaScanner: pruneDeadThumbnailFiles... android.content.ContentProviderClient$CursorWrapperInner@9304af9
06-27 21:11:35.130  1163  1193 V MediaScanner: /pruneDeadThumbnailFiles... android.content.ContentProviderClient$CursorWrapperInner@9304af9
06-27 21:11:36.226  1468  1468 I System.out: MediaStorePolicy, update media folder size. 
06-27 21:11:36.263   426  1868 I ActivityManager: Killing 1224:com.android.providers.calendar/u0a1 (adj 906): empty #4
06-27 21:11:36.294   426  1572 D ActivityManager: cleanUpApplicationRecord -- 1224
06-27 21:11:38.649   426   542 I ActivityManager: Killing 1045:android.process.acore/u0a3 (adj 906): empty #4
06-27 21:11:38.685   426  1867 D ActivityManager: cleanUpApplicationRecord -- 1045
06-27 21:11:40.078  1293  1362 D RKUpdateService: request remote server error...
06-27 21:11:44.721  1989  1989 I sh      : type=1400 audit(0.0:68): avc: denied { read } for name="/" dev="tmpfs" ino=5334 scontext=u:r:shell:s0 tcontext=u:object_r:device:s0 tclass=dir permissive=1
06-27 21:11:44.721  1989  1989 I sh      : type=1400 audit(0.0:69): avc: denied { open } for path="/dev" dev="tmpfs" ino=5334 scontext=u:r:shell:s0 tcontext=u:object_r:device:s0 tclass=dir permissive=1
06-27 21:11:44.721  1989  1989 I sh      : type=1400 audit(0.0:70): avc: denied { getattr } for path="/dev/xxx" dev="tmpfs" ino=8498 scontext=u:r:shell:s0 tcontext=u:object_r:device:s0 tclass=file permissive=1
06-27 21:11:45.014  1163  1193 V MediaScanner: pruneDeadThumbnailFiles... android.content.ContentProviderClient$CursorWrapperInner@5738bfa
06-27 21:11:45.015  1163  1193 V MediaScanner: /pruneDeadThumbnailFiles... android.content.ContentProviderClient$CursorWrapperInner@5738bfa
06-27 21:11:45.262   856   857 E sdcard  : opendir /mnt/media_rw/e14e8b4a-c6c3-4546-b069-dfbdf64d0b66/lost+found failed: Permission denied
06-27 21:11:45.264   856   857 E sdcard  : opendir /mnt/media_rw/e14e8b4a-c6c3-4546-b069-dfbdf64d0b66/lost+found failed: Permission denied
06-27 21:11:45.264  1163  1193 W MediaScanner: Error opening directory '/storage/e14e8b4a-c6c3-4546-b069-dfbdf64d0b66/lost+found/', skipping: Permission denied.
06-27 21:11:45.270  1163  1193 V MediaScanner: pruneDeadThumbnailFiles... android.content.ContentProviderClient$CursorWrapperInner@434f5ab
06-27 21:11:45.271  1163  1193 V MediaScanner: /pruneDeadThumbnailFiles... android.content.ContentProviderClient$CursorWrapperInner@434f5ab
06-27 21:11:45.987  1163  1193 W MediaScanner: Error opening directory '/oem/media/', skipping: No such file or directory.
06-27 21:11:47.050  1468  1468 I System.out: MediaStorePolicy, update media folder size. 
06-27 21:11:47.097   426   687 I ActivityManager: Killing 1644:com.android.vending/u0a14 (adj 906): empty #4
06-27 21:11:47.152   426   687 D ConnectivityService: ConnectivityService NetworkRequestInfo binderDied(NetworkRequest [ LISTEN id=5, [ Capabilities: INTERNET&NOT_RESTRICTED&TRUSTED] ], android.os.BinderProxy@7f37cd2)
06-27 21:11:47.152   426   454 D ActivityManager: cleanUpApplicationRecord -- 1644
06-27 21:11:47.152   426   531 D ConnectivityService: releasing NetworkRequest [ LISTEN id=5, [ Capabilities: INTERNET&NOT_RESTRICTED&TRUSTED] ]
06-27 21:11:47.153   426   531 D ConnectivityService: sending notification RELEASED for NetworkRequest [ LISTEN id=5, [ Capabilities: INTERNET&NOT_RESTRICTED&TRUSTED] ]
06-27 21:11:47.154   426   531 E ConnectivityService: RemoteException caught trying to send a callback msg for NetworkRequest [ LISTEN id=5, [ Capabilities: INTERNET&NOT_RESTRICTED&TRUSTED] ]
06-27 21:11:55.700   856   857 E sdcard  : opendir /mnt/media_rw/e14e8b4a-c6c3-4546-b069-dfbdf64d0b66/lost+found failed: Permission denied
06-27 21:11:55.702   856   857 E sdcard  : opendir /mnt/media_rw/e14e8b4a-c6c3-4546-b069-dfbdf64d0b66/lost+found failed: Permission denied
06-27 21:11:55.703  1163  1193 W MediaScanner: Error opening directory '/storage/e14e8b4a-c6c3-4546-b069-dfbdf64d0b66/lost+found/', skipping: Permission denied.
06-27 21:11:55.709  1163  1193 V MediaScanner: pruneDeadThumbnailFiles... android.content.ContentProviderClient$CursorWrapperInner@cec38b4
06-27 21:11:55.709  1163  1193 V MediaScanner: /pruneDeadThumbnailFiles... android.content.ContentProviderClient$CursorWrapperInner@cec38b4
06-27 21:11:56.037   426   426 I ActivityManager: Start proc 1995:com.android.vending/u0a14 for service com.android.vending/com.google.android.finsky.scheduler.JobSchedulerEngine$PhoneskyJobSchedulerJobService
06-27 21:11:56.746  1995  2019 I chatty  : uid=10014(com.android.vending) expire 5 lines
06-27 21:11:56.832  1995  1995 I chatty  : uid=10014(com.android.vending) expire 29 lines
06-27 21:11:57.006  1995  2016 I chatty  : uid=10014(com.android.vending) expire 2 lines
06-27 21:11:57.025  1995  2033 I chatty  : uid=10014(com.android.vending) expire 2 lines
06-27 21:11:57.047  1995  2015 I chatty  : uid=10014(com.android.vending) expire 8 lines
06-27 21:11:57.051   426   542 D ConnectivityService: listenForNetwork for uid/pid:10014/1995 NetworkRequest [ LISTEN id=6, [ Capabilities: INTERNET&NOT_RESTRICTED&TRUSTED] ]
06-27 21:11:57.051   426   531 D ConnectivityService: rematching NetworkAgentInfo [Ethernet () - 100]
06-27 21:11:57.052   426   531 D ConnectivityService:  network has: [ Transports: ETHERNET Capabilities: INTERNET&NOT_RESTRICTED&TRUSTED&NOT_VPN&VALIDATED&FOREGROUND LinkUpBandwidth>=100000Kbps LinkDnBandwidth>=100000Kbps]
06-27 21:11:57.052   426   531 D ConnectivityService: Network NetworkAgentInfo [Ethernet () - 100] was already satisfying request 1. No change.
06-27 21:11:57.052   426   531 D ConnectivityService: sending notification AVAILABLE for NetworkRequest [ LISTEN id=6, [ Capabilities: INTERNET&NOT_RESTRICTED&TRUSTED] ]
06-27 21:11:57.072  1995  2017 I chatty  : uid=10014(com.android.vending) expire 2 lines
06-27 21:11:57.097  1995  2016 D lvjinhua:  Failed while trying resolve alarm filter file, not exists
06-27 21:11:57.271  1995  2021 I chatty  : uid=10014(com.android.vending) expire 2 lines
06-27 21:11:57.556  1995  2030 I chatty  : uid=10014(com.android.vending) expire 2 lines
06-27 21:11:57.796  1995  2026 I chatty  : uid=10014(com.android.vending) expire 2 lines
06-27 21:12:02.463   890  1124 W awmy    : Empty context buffer. Thus might mean that the context is not synced down.
06-27 21:12:02.463   890  1124 W awhk    : Empty context model while retrieving upload opt-in status!
06-27 21:12:07.019  1995  2029 I chatty  : uid=10014(com.android.vending) expire 4 lines
06-27 21:12:07.022  1995  2045 I chatty  : uid=10014(com.android.vending) expire 1 line
06-27 21:12:07.118  1995  2044 I chatty  : uid=10014(com.android.vending) expire 1 line
06-27 21:12:07.128  1995  2070 I chatty  : uid=10014(com.android.vending) expire 2 lines
06-27 21:12:07.220  1995  2045 I chatty  : uid=10014(com.android.vending) expire 1 line
06-27 21:12:07.221  1995  2029 I chatty  : uid=10014(com.android.vending) expire 2 lines
06-27 21:12:07.240  1995  2021 I chatty  : uid=10014(com.android.vending) expire 2 lines
06-27 21:12:07.332  1995  2030 I chatty  : uid=10014(com.android.vending) expire 2 lines
06-27 21:12:07.476  1995  2067 I chatty  : uid=10014(com.android.vending) expire 3 lines
06-27 21:12:07.692  1995  1995 I chatty  : uid=10014(com.android.vending) expire 21 lines
06-27 21:12:07.864  1995  2000 I chatty  : uid=10014(com.android.vending) expire 4 lines
06-27 21:12:44.284   426   502 W ActivityManager: Unable to start service Intent { act=com.google.android.gms.drive.ApiService.RESET_AFTER_BOOT flg=0x4 cmp=com.google.android.gms/.drive.api.ApiService (has extras) } U=0: not found
06-27 21:12:44.378  1995  2091 I chatty  : uid=10014(com.android.vending) expire 1 line
06-27 21:12:44.401  1995  2092 I chatty  : uid=10014(com.android.vending) expire 2 lines
06-27 21:12:56.295  1995  2014 I chatty  : uid=10014(com.android.vending) expire 3 lines
06-27 21:13:04.292  1445  1526 W iceDescriptorBinderImpl: Regular parsing failed: Can't parse device type string (namespace/type/version): urn:dial-multiscreen-org:service:dial:1
06-27 21:13:04.298  1445  1526 W iceDescriptorBinderImpl: Removing leading garbage didn't work: Can't parse device type string (namespace/type/version): urn:dial-multiscreen-org:service:dial:1
06-27 21:13:04.299  1445  1526 W trieveRemoteDescriptors: Could not hydrate device or its services from descriptor: (RemoteDevice) Identity: (RemoteDeviceIdentity) UDN: uuid:b3ba70e0-c7c4-4f76-abd6-aedd12d4df47, Descriptor: http://192.168.1.10:1962/, Root: true
06-27 21:13:04.299  1445  1526 W trieveRemoteDescriptors: Cause was: org.fourthline.cling.model.types.InvalidValueException: Can't parse device type string (namespace/type/version): urn:dial-multiscreen-org:service:dial:1
06-27 21:13:04.338  1445  2093 W iceDescriptorBinderImpl: Regular parsing failed: Can't parse device type string (namespace/type/version): urn:dial-multiscreen-org:service:dial:1
06-27 21:13:04.343  1445  2093 W iceDescriptorBinderImpl: Removing leading garbage didn't work: Can't parse device type string (namespace/type/version): urn:dial-multiscreen-org:service:dial:1
06-27 21:13:04.344  1445  2093 W trieveRemoteDescriptors: Could not hydrate device or its services from descriptor: (RemoteDevice) Identity: (RemoteDeviceIdentity) UDN: uuid:b3ba70e0-c7c4-4f76-abd6-aedd12d4df47, Descriptor: http://192.168.1.10:1962/, Root: true
06-27 21:13:04.344  1445  2093 W trieveRemoteDescriptors: Cause was: org.fourthline.cling.model.types.InvalidValueException: Can't parse device type string (namespace/type/version): urn:dial-multiscreen-org:service:dial:1
06-27 21:13:04.399  1445  2094 W iceDescriptorBinderImpl: Regular parsing failed: Can't parse device type string (namespace/type/version): urn:dial-multiscreen-org:service:dial:1
06-27 21:13:04.405  1445  2094 W iceDescriptorBinderImpl: Removing leading garbage didn't work: Can't parse device type string (namespace/type/version): urn:dial-multiscreen-org:service:dial:1
06-27 21:13:04.406  1445  2094 W trieveRemoteDescriptors: Could not hydrate device or its services from descriptor: (RemoteDevice) Identity: (RemoteDeviceIdentity) UDN: uuid:b3ba70e0-c7c4-4f76-abd6-aedd12d4df47, Descriptor: http://192.168.1.10:1962/, Root: true
06-27 21:13:04.406  1445  2094 W trieveRemoteDescriptors: Cause was: org.fourthline.cling.model.types.InvalidValueException: Can't parse device type string (namespace/type/version): urn:dial-multiscreen-org:service:dial:1
06-27 21:13:04.445  1445  2093 W iceDescriptorBinderImpl: Regular parsing failed: Can't parse device type string (namespace/type/version): urn:dial-multiscreen-org:service:dial:1
06-27 21:13:04.452  1445  2093 W iceDescriptorBinderImpl: Removing leading garbage didn't work: Can't parse device type string (namespace/type/version): urn:dial-multiscreen-org:service:dial:1
06-27 21:13:04.452  1445  2093 W trieveRemoteDescriptors: Could not hydrate device or its services from descriptor: (RemoteDevice) Identity: (RemoteDeviceIdentity) UDN: uuid:b3ba70e0-c7c4-4f76-abd6-aedd12d4df47, Descriptor: http://192.168.1.10:1962/, Root: true
06-27 21:13:04.452  1445  2093 W trieveRemoteDescriptors: Cause was: org.fourthline.cling.model.types.InvalidValueException: Can't parse device type string (namespace/type/version): urn:dial-multiscreen-org:service:dial:1
06-27 21:13:04.714  1445  2094 W iceDescriptorBinderImpl: Regular parsing failed: Can't parse device type string (namespace/type/version): urn:dial-multiscreen-org:service:dial:1
06-27 21:13:04.729  1445  2094 W iceDescriptorBinderImpl: Removing leading garbage didn't work: Can't parse device type string (namespace/type/version): urn:dial-multiscreen-org:service:dial:1
06-27 21:13:04.730  1445  2094 W trieveRemoteDescriptors: Could not hydrate device or its services from descriptor: (RemoteDevice) Identity: (RemoteDeviceIdentity) UDN: uuid:b3ba70e0-c7c4-4f76-abd6-aedd12d4df47, Descriptor: http://192.168.1.10:1962/, Root: true
06-27 21:13:04.730  1445  2094 W trieveRemoteDescriptors: Cause was: org.fourthline.cling.model.types.InvalidValueException: Can't parse device type string (namespace/type/version): urn:dial-multiscreen-org:service:dial:1
06-27 21:13:04.749  1445  2094 W iceDescriptorBinderImpl: Regular parsing failed: Can't parse device type string (namespace/type/version): urn:dial-multiscreen-org:service:dial:1
06-27 21:13:04.754  1445  2094 W iceDescriptorBinderImpl: Removing leading garbage didn't work: Can't parse device type string (namespace/type/version): urn:dial-multiscreen-org:service:dial:1
06-27 21:13:04.755  1445  2094 W trieveRemoteDescriptors: Could not hydrate device or its services from descriptor: (RemoteDevice) Identity: (RemoteDeviceIdentity) UDN: uuid:b3ba70e0-c7c4-4f76-abd6-aedd12d4df47, Descriptor: http://192.168.1.10:1962/, Root: true
06-27 21:13:04.755  1445  2094 W trieveRemoteDescriptors: Cause was: org.fourthline.cling.model.types.InvalidValueException: Can't parse device type string (namespace/type/version): urn:dial-multiscreen-org:service:dial:1
06-27 21:13:04.785  1445  2095 W iceDescriptorBinderImpl: Regular parsing failed: Can't parse device type string (namespace/type/version): urn:dial-multiscreen-org:service:dial:1
06-27 21:13:04.789  1445  2095 W iceDescriptorBinderImpl: Removing leading garbage didn't work: Can't parse device type string (namespace/type/version): urn:dial-multiscreen-org:service:dial:1
06-27 21:13:04.797  1445  2095 W trieveRemoteDescriptors: Could not hydrate device or its services from descriptor: (RemoteDevice) Identity: (RemoteDeviceIdentity) UDN: uuid:b3ba70e0-c7c4-4f76-abd6-aedd12d4df47, Descriptor: http://192.168.1.10:1962/, Root: true
06-27 21:13:04.797  1445  2095 W trieveRemoteDescriptors: Cause was: org.fourthline.cling.model.types.InvalidValueException: Can't parse device type string (namespace/type/version): urn:dial-multiscreen-org:service:dial:1
06-27 21:13:04.852  1445  2094 W iceDescriptorBinderImpl: Regular parsing failed: Can't parse device type string (namespace/type/version): urn:dial-multiscreen-org:service:dial:1
06-27 21:13:04.859  1445  2094 W iceDescriptorBinderImpl: Removing leading garbage didn't work: Can't parse device type string (namespace/type/version): urn:dial-multiscreen-org:service:dial:1
06-27 21:13:04.860  1445  2094 W trieveRemoteDescriptors: Could not hydrate device or its services from descriptor: (RemoteDevice) Identity: (RemoteDeviceIdentity) UDN: uuid:b3ba70e0-c7c4-4f76-abd6-aedd12d4df47, Descriptor: http://192.168.1.10:1962/, Root: true
06-27 21:13:04.860  1445  2094 W trieveRemoteDescriptors: Cause was: org.fourthline.cling.model.types.InvalidValueException: Can't parse device type string (namespace/type/version): urn:dial-multiscreen-org:service:dial:1
06-27 21:13:21.995  1131  1588 I TelephonySpam: TelephonySpamChimeraService - Running Telephony Spam Chimera Service
06-27 21:13:21.996  1131  1588 I TelephonySpam: TelephonySpamChimeraService - Cleaning SIP Header local table of old entries
06-27 21:13:22.009  1131  1588 I TelephonySpam: TelephonySpamChimeraService - Syncing Call Spam List
06-27 21:13:22.010  1131  1588 I TelephonySpam: SpamListSync - SpamListSyncChimeraService.syncSpamList called with tag: telephonyspam.SpamListSyncOneOffTask, extras: Bundle[{SpamList Type=0, Action=1.0}]
06-27 21:13:22.038  1131  1588 I TelephonySpam: SpamListSync - Call spam module disabled. Skipping spam list syncing.
06-27 21:13:22.167   890   890 W ChimeraUtils: Non Chimera context
06-27 21:13:22.202  1131  1588 I UdcContextInitChimeraSe: Registering with contextmanager
06-27 21:13:22.670  1131  1588 I TelephonySpam: TelephonySpamChimeraService - Running Telephony Spam Chimera Service
06-27 21:13:23.187   890  2100 W Conscrypt: Could not set socket write timeout: java.net.SocketException: Socket closed
06-27 21:13:23.188   890  2100 W Conscrypt: 	at com.google.android.gms.org.conscrypt.Platform.setSocketWriteTimeout(:com.google.android.gms@17785019@17.7.85 (040400-253824076):2)
06-27 21:13:23.188   890  2100 W Conscrypt: 	at com.google.android.gms.org.conscrypt.ConscryptFileDescriptorSocket.setSoWriteTimeout(:com.google.android.gms@17785019@17.7.85 (040400-253824076):2)
06-27 21:13:23.217   890  2100 W Conscrypt: Could not set socket write timeout: java.net.SocketException: Socket closed
06-27 21:13:23.218   890  2100 W Conscrypt: 	at com.google.android.gms.org.conscrypt.Platform.setSocketWriteTimeout(:com.google.android.gms@17785019@17.7.85 (040400-253824076):2)
06-27 21:13:23.218   890  2100 W Conscrypt: 	at com.google.android.gms.org.conscrypt.ConscryptFileDescriptorSocket.setSoWriteTimeout(:com.google.android.gms@17785019@17.7.85 (040400-253824076):2)
06-27 21:13:23.950   890  2100 W Conscrypt: Could not set socket write timeout: java.net.SocketException: Socket closed
06-27 21:13:23.951   890  2100 W Conscrypt: 	at com.google.android.gms.org.conscrypt.Platform.setSocketWriteTimeout(:com.google.android.gms@17785019@17.7.85 (040400-253824076):2)
06-27 21:13:23.951   890  2100 W Conscrypt: 	at com.google.android.gms.org.conscrypt.ConscryptFileDescriptorSocket.setSoWriteTimeout(:com.google.android.gms@17785019@17.7.85 (040400-253824076):2)
06-27 21:13:23.980   890  2100 W Conscrypt: Could not set socket write timeout: java.net.SocketException: Socket closed
06-27 21:13:23.980   890  2100 W Conscrypt: 	at com.google.android.gms.org.conscrypt.Platform.setSocketWriteTimeout(:com.google.android.gms@17785019@17.7.85 (040400-253824076):2)
06-27 21:13:23.981   890  2100 W Conscrypt: 	at com.google.android.gms.org.conscrypt.ConscryptFileDescriptorSocket.setSoWriteTimeout(:com.google.android.gms@17785019@17.7.85 (040400-253824076):2)
06-27 21:13:24.614   890  1559 W Conscrypt: Could not set socket write timeout: java.net.SocketException: Socket closed
06-27 21:13:24.614   890  1559 W Conscrypt: 	at com.google.android.gms.org.conscrypt.Platform.setSocketWriteTimeout(:com.google.android.gms@17785019@17.7.85 (040400-253824076):2)
06-27 21:13:24.614   890  1559 W Conscrypt: 	at com.google.android.gms.org.conscrypt.ConscryptFileDescriptorSocket.setSoWriteTimeout(:com.google.android.gms@17785019@17.7.85 (040400-253824076):2)
06-27 21:13:24.648   890  1559 W Conscrypt: Could not set socket write timeout: java.net.SocketException: Socket closed
06-27 21:13:24.648   890  1559 W Conscrypt: 	at com.google.android.gms.org.conscrypt.Platform.setSocketWriteTimeout(:com.google.android.gms@17785019@17.7.85 (040400-253824076):2)
06-27 21:13:24.648   890  1559 W Conscrypt: 	at com.google.android.gms.org.conscrypt.ConscryptFileDescriptorSocket.setSoWriteTimeout(:com.google.android.gms@17785019@17.7.85 (040400-253824076):2)
06-27 21:13:56.781   890  1124 W awmy    : Empty context buffer. Thus might mean that the context is not synced down.
06-27 21:13:56.781   890  1124 W awhk    : Empty context model while retrieving upload opt-in status!
06-27 21:14:03.773   426   687 I ActivityManager: Killing 1995:com.android.vending/u0a14 (adj 906): empty #4
06-27 21:14:03.849   426  1718 D ActivityManager: cleanUpApplicationRecord -- 1995
06-27 21:14:03.849   426  1643 D ConnectivityService: ConnectivityService NetworkRequestInfo binderDied(NetworkRequest [ LISTEN id=6, [ Capabilities: INTERNET&NOT_RESTRICTED&TRUSTED] ], android.os.BinderProxy@2a71697)
06-27 21:14:03.850   426   531 D ConnectivityService: releasing NetworkRequest [ LISTEN id=6, [ Capabilities: INTERNET&NOT_RESTRICTED&TRUSTED] ]
06-27 21:14:03.851   426   531 D ConnectivityService: sending notification RELEASED for NetworkRequest [ LISTEN id=6, [ Capabilities: INTERNET&NOT_RESTRICTED&TRUSTED] ]
06-27 21:14:03.852   426   531 E ConnectivityService: RemoteException caught trying to send a callback msg for NetworkRequest [ LISTEN id=6, [ Capabilities: INTERNET&NOT_RESTRICTED&TRUSTED] ]
06-27 21:15:23.207   890  1815 V NativeCrypto: SSL shutdown failed: ssl=0x7538d7da88: I/O error during system call, Broken pipe
06-27 21:27:54.923  1445  2220 W iceDescriptorBinderImpl: Regular parsing failed: Can't parse device type string (namespace/type/version): urn:dial-multiscreen-org:service:dial:1
06-27 21:27:54.930  1445  2220 W iceDescriptorBinderImpl: Removing leading garbage didn't work: Can't parse device type string (namespace/type/version): urn:dial-multiscreen-org:service:dial:1
06-27 21:27:54.931  1445  2220 W trieveRemoteDescriptors: Could not hydrate device or its services from descriptor: (RemoteDevice) Identity: (RemoteDeviceIdentity) UDN: uuid:b3ba70e0-c7c4-4f76-abd6-aedd12d4df47, Descriptor: http://192.168.1.10:1962/, Root: true
06-27 21:27:54.931  1445  2220 W trieveRemoteDescriptors: Cause was: org.fourthline.cling.model.types.InvalidValueException: Can't parse device type string (namespace/type/version): urn:dial-multiscreen-org:service:dial:1
06-27 21:27:54.985  1445  2238 W iceDescriptorBinderImpl: Regular parsing failed: Can't parse device type string (namespace/type/version): urn:dial-multiscreen-org:service:dial:1
06-27 21:27:55.007  1445  2238 W iceDescriptorBinderImpl: Removing leading garbage didn't work: Can't parse device type string (namespace/type/version): urn:dial-multiscreen-org:service:dial:1
06-27 21:27:55.007  1445  2238 W trieveRemoteDescriptors: Could not hydrate device or its services from descriptor: (RemoteDevice) Identity: (RemoteDeviceIdentity) UDN: uuid:b3ba70e0-c7c4-4f76-abd6-aedd12d4df47, Descriptor: http://192.168.1.10:1962/, Root: true
06-27 21:27:55.007  1445  2238 W trieveRemoteDescriptors: Cause was: org.fourthline.cling.model.types.InvalidValueException: Can't parse device type string (namespace/type/version): urn:dial-multiscreen-org:service:dial:1
06-27 21:27:55.029  1445  2232 W iceDescriptorBinderImpl: Regular parsing failed: Can't parse device type string (namespace/type/version): urn:dial-multiscreen-org:service:dial:1
06-27 21:27:55.033  1445  2232 W iceDescriptorBinderImpl: Removing leading garbage didn't work: Can't parse device type string (namespace/type/version): urn:dial-multiscreen-org:service:dial:1
06-27 21:27:55.040  1445  2232 W trieveRemoteDescriptors: Could not hydrate device or its services from descriptor: (RemoteDevice) Identity: (RemoteDeviceIdentity) UDN: uuid:b3ba70e0-c7c4-4f76-abd6-aedd12d4df47, Descriptor: http://192.168.1.10:1962/, Root: true
06-27 21:27:55.040  1445  2232 W trieveRemoteDescriptors: Cause was: org.fourthline.cling.model.types.InvalidValueException: Can't parse device type string (namespace/type/version): urn:dial-multiscreen-org:service:dial:1
06-27 21:27:55.062  1445  2238 W iceDescriptorBinderImpl: Regular parsing failed: Can't parse device type string (namespace/type/version): urn:dial-multiscreen-org:service:dial:1
06-27 21:27:55.066  1445  2238 W iceDescriptorBinderImpl: Removing leading garbage didn't work: Can't parse device type string (namespace/type/version): urn:dial-multiscreen-org:service:dial:1
06-27 21:27:55.066  1445  2238 W trieveRemoteDescriptors: Could not hydrate device or its services from descriptor: (RemoteDevice) Identity: (RemoteDeviceIdentity) UDN: uuid:b3ba70e0-c7c4-4f76-abd6-aedd12d4df47, Descriptor: http://192.168.1.10:1962/, Root: true
06-27 21:27:55.066  1445  2238 W trieveRemoteDescriptors: Cause was: org.fourthline.cling.model.types.InvalidValueException: Can't parse device type string (namespace/type/version): urn:dial-multiscreen-org:service:dial:1
06-27 21:27:55.322  1445  2238 W iceDescriptorBinderImpl: Regular parsing failed: Can't parse device type string (namespace/type/version): urn:dial-multiscreen-org:service:dial:1
06-27 21:27:55.329  1445  2238 W iceDescriptorBinderImpl: Removing leading garbage didn't work: Can't parse device type string (namespace/type/version): urn:dial-multiscreen-org:service:dial:1
06-27 21:27:55.330  1445  2238 W trieveRemoteDescriptors: Could not hydrate device or its services from descriptor: (RemoteDevice) Identity: (RemoteDeviceIdentity) UDN: uuid:b3ba70e0-c7c4-4f76-abd6-aedd12d4df47, Descriptor: http://192.168.1.10:1962/, Root: true
06-27 21:27:55.330  1445  2238 W trieveRemoteDescriptors: Cause was: org.fourthline.cling.model.types.InvalidValueException: Can't parse device type string (namespace/type/version): urn:dial-multiscreen-org:service:dial:1
06-27 21:27:55.371  1445  2239 W iceDescriptorBinderImpl: Regular parsing failed: Can't parse device type string (namespace/type/version): urn:dial-multiscreen-org:service:dial:1
06-27 21:27:55.378  1445  2239 W iceDescriptorBinderImpl: Removing leading garbage didn't work: Can't parse device type string (namespace/type/version): urn:dial-multiscreen-org:service:dial:1
06-27 21:27:55.379  1445  2239 W trieveRemoteDescriptors: Could not hydrate device or its services from descriptor: (RemoteDevice) Identity: (RemoteDeviceIdentity) UDN: uuid:b3ba70e0-c7c4-4f76-abd6-aedd12d4df47, Descriptor: http://192.168.1.10:1962/, Root: true
06-27 21:27:55.379  1445  2239 W trieveRemoteDescriptors: Cause was: org.fourthline.cling.model.types.InvalidValueException: Can't parse device type string (namespace/type/version): urn:dial-multiscreen-org:service:dial:1
06-27 21:27:55.417  1445  2238 W iceDescriptorBinderImpl: Regular parsing failed: Can't parse device type string (namespace/type/version): urn:dial-multiscreen-org:service:dial:1
06-27 21:27:55.423  1445  2238 W iceDescriptorBinderImpl: Removing leading garbage didn't work: Can't parse device type string (namespace/type/version): urn:dial-multiscreen-org:service:dial:1
06-27 21:27:55.423  1445  2238 W trieveRemoteDescriptors: Could not hydrate device or its services from descriptor: (RemoteDevice) Identity: (RemoteDeviceIdentity) UDN: uuid:b3ba70e0-c7c4-4f76-abd6-aedd12d4df47, Descriptor: http://192.168.1.10:1962/, Root: true
06-27 21:27:55.423  1445  2238 W trieveRemoteDescriptors: Cause was: org.fourthline.cling.model.types.InvalidValueException: Can't parse device type string (namespace/type/version): urn:dial-multiscreen-org:service:dial:1
06-27 21:27:55.478  1445  2239 W iceDescriptorBinderImpl: Regular parsing failed: Can't parse device type string (namespace/type/version): urn:dial-multiscreen-org:service:dial:1
06-27 21:27:55.484  1445  2239 W iceDescriptorBinderImpl: Removing leading garbage didn't work: Can't parse device type string (namespace/type/version): urn:dial-multiscreen-org:service:dial:1
06-27 21:27:55.485  1445  2239 W trieveRemoteDescriptors: Could not hydrate device or its services from descriptor: (RemoteDevice) Identity: (RemoteDeviceIdentity) UDN: uuid:b3ba70e0-c7c4-4f76-abd6-aedd12d4df47, Descriptor: http://192.168.1.10:1962/, Root: true
06-27 21:27:55.485  1445  2239 W trieveRemoteDescriptors: Cause was: org.fourthline.cling.model.types.InvalidValueException: Can't parse device type string (namespace/type/version): urn:dial-multiscreen-org:service:dial:1
06-27 21:29:23.572  1131  1588 I EventLogChimeraService: Aggregate from 1561659076420 (log), 1561658522057 (data)
06-27 21:29:23.680   890  1207 W awmy    : Empty context buffer. Thus might mean that the context is not synced down.
06-27 21:29:23.680   890  1207 W awhk    : Empty context model while retrieving upload opt-in status!
06-27 21:30:55.402   426   480 I UsageStatsService: User[0] Flushing usage stats to disk
06-27 21:31:40.504  1840  1840 I /sbin/adbd: type=1400 audit(0.0:71): avc: denied { search } for comm=73657276696365203334 name="security" dev="mmcblk0p14" ino=250977 scontext=u:r:adbd:s0 tcontext=u:object_r:security_file:s0 tclass=dir permissive=1
06-27 21:33:10.194   426   542 I ActivityManager: START u0 {act=android.intent.action.MAIN cat=[android.intent.category.LAUNCHER] flg=0x10000000 pkg=com.android.tv.settings cmp=com.android.tv.settings/.MainSettings} from uid 10053 on display 0
06-27 21:33:10.280  1311  1311 E BluetoothAdapter: Bluetooth binder is null
06-27 21:33:10.475   426   488 I chatty  : uid=1000(system) android.display expire 7 lines
06-27 21:33:11.567   426   511 I chatty  : uid=1000(system) InputReader expire 108 lines
06-27 21:33:12.194   426   426 W WindowManager: Attempted to remove non-existing token: android.os.Binder@8697505
06-27 21:33:13.517   426   494 I ActivityManager: Start proc 2298:com.android.defcontainer/u0a5 for service com.android.defcontainer/.DefaultContainerService
06-27 21:33:16.719  1311  1311 D AppUtils: Have 0 number of activities in preferred list
06-27 21:33:16.748  1311  1311 D AppUtils: Have 0 number of activities in preferred list
06-27 21:33:18.100   426   510 I chatty  : uid=1000(system) InputDispatcher expire 12 lines
06-27 21:33:20.351   426  1868 I ActivityManager: START u0 {act=android.intent.action.UNINSTALL_PACKAGE dat=package:com.termux.boot cmp=com.google.android.packageinstaller/com.android.packageinstaller.UninstallerActivity (has extras)} from uid 1000 on display 0
06-27 21:33:20.392   426  1718 I ActivityManager: Start proc 2320:com.google.android.packageinstaller/u0a10 for activity com.google.android.packageinstaller/com.android.packageinstaller.UninstallerActivity
06-27 21:33:20.487  2320  2320 W System  : ClassLoader referenced unknown path: /system/priv-app/GooglePackageInstaller/lib/arm64
06-27 21:33:20.683  2320  2320 I [Gralloc]:  ion device open success! fd = 41
06-27 21:33:20.755  2320  2335 I mali_so : [File] : hardware/rockchip/driver/./src/base/arch/arch_011_udd/base_arch_main.c; [Line] : 565; [Func] : deal_with_version_affairs_rk_ext;
06-27 21:33:20.755  2320  2335 I mali_so : arm_release_ver of this mali_so is 'r7p0-00rel1', rk_so_ver is '1@2' for 3328h_android_7.1, built at '15:47:51', on 'Jun 28 2017'.
06-27 21:33:20.756  2320  2335 I mali_so : [File] : hardware/rockchip/driver/./src/base/arch/arch_011_udd/base_arch_main.c; [Line] : 578; [Func] : deal_with_version_affairs_rk_ext;
06-27 21:33:20.756  2320  2335 I mali_so : mali_ver_property has been set to 'r7p0-00rel1-5-1@2', to return.
06-27 21:33:20.763  2320  2335 I OpenGLRenderer: Initialized EGL, version 1.4
06-27 21:33:20.763  2320  2335 D OpenGLRenderer: Swap behavior 1
06-27 21:33:22.567   426  1198 I ActivityManager: START u0 {act=android.intent.action.VIEW flg=0x2000000 cmp=com.google.android.packageinstaller/com.android.packageinstaller.UninstallAppProgress (has extras)} from uid 10010 on display 0
06-27 21:33:22.582  2320  2335 D OpenGLRenderer: endAllActiveAnimators on 0x754863f400 (RippleDrawable) with handle 0x7548798600
06-27 21:33:22.656   426   481 I ActivityManager: Force stopping com.termux.boot appid=10054 user=-1: deletePackageX
06-27 21:33:22.801   426   494 I chatty  : uid=1000(system) PackageManager expire 4 lines
06-27 21:33:22.890   426   494 I ActivityManager: Force stopping com.termux.boot appid=10054 user=0: pkg removed
06-27 21:33:22.925   890   890 I GeofencerStateMachine: removeGeofences: removeRequest=RemoveGeofencingRequest[REMOVE_ALL packageName=com.termux.boot]
06-27 21:33:22.928   426   426 D ZenLog  : config: removeAutomaticZenRules,ZenModeConfig[user=0,allowCalls=true,allowRepeatCallers=false,allowMessages=false,allowCallsFrom=contacts,allowMessagesFrom=contacts,allowReminders=true,allowEvents=true,allowWhenScreenOff=true,allowWhenScreenOn=true,automaticRules={25a6dd96a24b4df6bd3088c7e3097477=ZenRule[enabled=false,snoozing=false,name=Weekend,zenMode=ZEN_MODE_ALARMS,conditionId=condition://android/schedule?days=6.7&start=23.30&end=10.0&exitAtAlarm=false,condition=Condition[id=condition://android/schedule?days=6.7&start=23.30&end=10.0&exitAtAlarm=false,summary=...,line1=...,line2=...,icon=0,state=STATE_FALSE,flags=2],component=ComponentInfo{android/com.android.server.notification.ScheduleConditionProvider},id=25a6dd96a24b4df6bd3088c7e3097477,creationTime=171343,enabler=null], a39688c18c6949eb93d2d819ff254056=ZenRule[enabled=false,snoozing=false,name=Weeknight,zenMode=ZEN_MODE_ALARMS,conditionId=condition://android/schedule?days=1.2.3.4.5&start=22.0&end=7.0&exitAtAlarm=false,condition=Condition[id=condition://android/schedule?days=1.2.3.4.5&start=22.0&end=7.0&exitAtAlarm=false,summary=...,line1=...,line2=...,icon=0,state=STATE_FALSE,flags=2],component=ComponentInfo{android/com.android.server.notification.ScheduleConditionProvider},id=a39688c18c6949eb93d2d819ff254056,creationTime=171343,enabler=null], 5d561a952c594803b5e4af64eefc6361=ZenRule[enabled=false,snoozing=false,name=Event,zenMode=ZEN_MODE_ALARMS,conditionId=condition://android/event?userId=-10000&calendar=&reply=1,condition=Condition[id=condition://android/event?userId=-10000&calendar=&reply=1,summary=...,line1=...,line2=...,icon=0,state=STATE_FALSE,flags=2],component=ComponentInfo{android/com.android.server.notification.EventConditionProvider},id=5d561a952c594803b5e4af64eefc6361,creationTime=171344,enabler=null]},manualRule=null],Diff[]
06-27 21:33:22.931   426   481 I ActivityManager: Start proc 2343:com.android.keychain/1000 for broadcast com.android.keychain/.KeyChainBroadcastReceiver
06-27 21:33:22.956   426   511 I chatty  : uid=1000(system) InputReader expire 271 lines
06-27 21:33:22.975   426   426 D ZenLog  : set_zen_mode: off,removeAutomaticZenRules
06-27 21:33:22.997   426   455 D WindowManager: relayoutVisibleWindow: Window{8a0bfce u0 org.cosinus.launchertv/org.cosinus.launchertv.Launcher EXITING} mAnimatingExit=true, mRemoveOnExit=false, mDestroying=false
06-27 21:33:23.009  1311  1311 D AppUtils: Have 0 number of activities in preferred list
06-27 21:33:23.018   426  1198 D WindowManager: relayoutVisibleWindow: Window{c72e9b2 u0 com.android.tv.settings/com.android.tv.settings.MainSettings EXITING} mAnimatingExit=true, mRemoveOnExit=false, mDestroying=false
06-27 21:33:23.087  2343  2343 I art     : Starting a blocking GC AddRemoveAppImageSpace
06-27 21:33:23.088  2343  2343 W System  : ClassLoader referenced unknown path: /system/app/KeyChain/lib/arm64
06-27 21:33:23.101   929  2342 I LatinIME:LogUtils: Dictionary info: dictionary = main:en ; version = 42 ; date = 1381226429
06-27 21:33:23.125  2343  2343 W ContextImpl: Calling a method in the system process without a qualified user: android.app.ContextImpl.startService:1357 android.content.ContextWrapper.startService:613 android.content.ContextWrapper.startService:613 com.android.keychain.KeyChainBroadcastReceiver.onReceive:12 android.app.ActivityThread.handleReceiver:3041 
06-27 21:33:23.164   426   682 I ActivityManager: Start proc 2361:android.process.acore/u0a3 for broadcast com.android.providers.contacts/.PackageIntentReceiver
06-27 21:33:23.276  2361  2361 W System  : ClassLoader referenced unknown path: /system/priv-app/ContactsProvider/lib/arm64
06-27 21:33:23.357  2361  2361 I ContactsPerf: VoicemailContentProvider.onCreate start
06-27 21:33:23.361  2361  2361 I ContactsPerf: VoicemailContentProvider.onCreate finish
06-27 21:33:23.367  2361  2361 W System  : ClassLoader referenced unknown path: /system/app/UserDictionaryProvider/lib/arm64
06-27 21:33:23.368  2361  2361 D ApplicationLoaders: ignored Vulkan layer search path /system/app/UserDictionaryProvider/lib/arm64:/system/lib64:/vendor/lib64 for namespace 0x75495b20f0
06-27 21:33:23.390   426  1718 W BroadcastQueue: Unable to launch app com.android.vending/10014 for broadcast Intent { act=android.intent.action.PACKAGE_REMOVED dat=package:com.termux.boot flg=0x4000010 (has extras) }: process is bad
06-27 21:33:23.401  2361  2381 D VoicemailCleanupService: Cleaning up data for package: com.termux.boot
06-27 21:33:23.420  2361  2381 W TelecomManager: Telecom Service not found.
06-27 21:33:23.423  2361  2381 W TelecomManager: Telecom Service not found.
06-27 21:33:23.425   426   455 I ActivityManager: Start proc 2386:com.popcornhour.tvlauncher/u0a20 for broadcast com.popcornhour.tvlauncher/.receiver.AppChangeReceiver
06-27 21:33:23.425  2361  2381 W TelecomManager: Telecom Service not found.
06-27 21:33:23.425  2361  2381 W TelecomManager: Telecom Service not found.
06-27 21:33:23.579  2386  2386 I art     : Starting a blocking GC AddRemoveAppImageSpace
06-27 21:33:23.582  2386  2386 W System  : ClassLoader referenced unknown path: /system/priv-app/TVLauncher/lib/arm64
06-27 21:33:23.680  2361  2381 W TelecomManager: Telecom Service not found.
06-27 21:33:23.681  2361  2381 W TelecomManager: Telecom Service not found.
06-27 21:33:23.682  2361  2381 W TelecomManager: Telecom Service not found.
06-27 21:33:23.685  2361  2381 W TelecomManager: Telecom Service not found.
06-27 21:33:23.771  1131  1142 W art     : Suspending all threads took: 166.334ms
06-27 21:33:24.060  2386  2406 D         : ----->com.android.chrome          <ThreadName= pool-1-thread-1,ThreadId= 151,JavaName= InstalledApp.java,LineNumber= 51,>
06-27 21:33:24.064   426   687 W BroadcastQueue: Unable to launch app net.dinglisch.android.taskerm/10055 for broadcast Intent { act=android.intent.action.PACKAGE_REMOVED dat=package:com.termux.boot flg=0x4000010 (has extras) }: process is bad
06-27 21:33:24.065   426   687 I ActivityManager: Killing 2343:com.android.keychain/1000 (adj 906): empty #4
06-27 21:33:24.077   426   481 I ActivityManager: Start proc 2413:com.android.chrome/u0a28 for broadcast com.android.chrome/org.chromium.chrome.browser.browserservices.ClientAppBroadcastReceiver
06-27 21:33:24.107   426   682 D ActivityManager: cleanUpApplicationRecord -- 2343
06-27 21:33:24.173  2386  2406 D darientoh: AppsDao isExists: exist??? com.android.chrome / 1
06-27 21:33:24.270  1131  2410 I AppsUpload: Received intent with action android.intent.action.PACKAGE_REMOVED
06-27 21:33:24.405  1131  1612 I ContentMaintenance: Internal cache bytes used: 0; limit: 100000000; download size: 0
06-27 21:33:24.473  1131  1612 I RealtimeCacheCleanup: Beginning Realtime garbage collection.
06-27 21:33:24.502  1131  1612 I RealtimeCacheCleanup: Finished Realtime garbage collection.
06-27 21:33:24.507  1131  2383 W PeopleContactsSync: CP2 sync disabled by gservices.
06-27 21:33:24.610  2386  2406 D         : ----->com.android.vending          <ThreadName= pool-1-thread-1,ThreadId= 151,JavaName= InstalledApp.java,LineNumber= 51,>
06-27 21:33:24.745  1131  1531 E WorkSourceUtil: Could not find package: com.termux.boot
06-27 21:33:24.750  1131  1436 W art     : Long monitor contention with owner highpool[3] (1531) at admu admq.a(admu, long)(:com.google.android.gms@17785019@17.7.85 (040400-253824076):8) waiters=0 in admu admq.a(admu, long) for 274ms
06-27 21:33:24.754  1131  1612 I Icing   : doRemovePackageData com.termux.boot
06-27 21:33:24.867  2386  2406 D darientoh: AppsDao isExists: exist??? com.android.vending / 1
06-27 21:33:24.895  2386  2406 D         : ----->com.google.android.youtube.tv          <ThreadName= pool-1-thread-1,ThreadId= 151,JavaName= InstalledApp.java,LineNumber= 51,>
06-27 21:33:24.897  2386  2406 D darientoh: AppsDao isExists: exist??? com.google.android.youtube.tv / 1
06-27 21:33:24.907  2386  2406 D         : ----->com.rockchips.mediacenter          <ThreadName= pool-1-thread-1,ThreadId= 151,JavaName= InstalledApp.java,LineNumber= 51,>
06-27 21:33:24.909  2386  2406 D darientoh: AppsDao isExists: exist??? com.rockchips.mediacenter / 1
06-27 21:33:25.025  2386  2406 D         : ----->net.dinglisch.android.taskerm          <ThreadName= pool-1-thread-1,ThreadId= 151,JavaName= InstalledApp.java,LineNumber= 51,>
06-27 21:33:25.120  2386  2406 D darientoh: AppsDao isExists: exist??? net.dinglisch.android.taskerm / 1
06-27 21:33:25.283  2386  2406 D         : ----->org.cosinus.launchertv          <ThreadName= pool-1-thread-1,ThreadId= 151,JavaName= InstalledApp.java,LineNumber= 51,>
06-27 21:33:25.285  2386  2406 D darientoh: AppsDao isExists: exist??? org.cosinus.launchertv / 1
06-27 21:33:25.312  1131  1142 W art     : Suspending all threads took: 193.348ms
06-27 21:33:25.531  2386  2406 D         : ----->com.android.calculator2          <ThreadName= pool-1-thread-1,ThreadId= 151,JavaName= InstalledApp.java,LineNumber= 51,>
06-27 21:33:25.547  2386  2406 D darientoh: AppsDao isExists: exist??? com.android.calculator2 / 1
06-27 21:33:25.563  1131  1500 I Icing   : IndexChimeraService.getServiceInterface callingPackage=com.google.android.gms componentName=AppsCorpus serviceId=32
06-27 21:33:25.564  1131  1531 I Icing   : IndexChimeraService.getServiceInterface callingPackage=com.google.android.gms componentName=AppsCorpus serviceId=36
06-27 21:33:25.637  2386  2406 D         : ----->com.android.rockchip          <ThreadName= pool-1-thread-1,ThreadId= 151,JavaName= InstalledApp.java,LineNumber= 51,>
06-27 21:33:25.638  2386  2406 D darientoh: AppsDao isExists: exist??? com.android.rockchip / 1
06-27 21:33:25.916  2386  2406 D         : ----->com.cloudmedia.uhd_hdr_benchmark          <ThreadName= pool-1-thread-1,ThreadId= 151,JavaName= InstalledApp.java,LineNumber= 51,>
06-27 21:33:25.918  2386  2406 D darientoh: AppsDao isExists: exist??? com.cloudmedia.uhd_hdr_benchmark / 1
06-27 21:33:26.062  2386  2406 D         : ----->com.rk_itvui.allapp          <ThreadName= pool-1-thread-1,ThreadId= 151,JavaName= InstalledApp.java,LineNumber= 51,>
06-27 21:33:26.064  2386  2406 D darientoh: AppsDao isExists: exist??? com.rk_itvui.allapp / 1
06-27 21:33:26.145  2386  2406 D         : ----->com.rockchip.wfd          <ThreadName= pool-1-thread-1,ThreadId= 151,JavaName= InstalledApp.java,LineNumber= 51,>
06-27 21:33:26.148  2386  2406 D darientoh: AppsDao isExists: exist??? com.rockchip.wfd / 1
06-27 21:33:26.148  2386  2406 D         : ----->org.xbmc.rkmc          <ThreadName= pool-1-thread-1,ThreadId= 151,JavaName= InstalledApp.java,LineNumber= 51,>
06-27 21:33:26.162  2386  2406 D darientoh: AppsDao isExists: exist??? org.xbmc.rkmc / 1
06-27 21:33:26.246  2386  2406 D         : ----->com.termux          <ThreadName= pool-1-thread-1,ThreadId= 151,JavaName= InstalledApp.java,LineNumber= 51,>
06-27 21:33:26.248  2386  2406 D darientoh: AppsDao isExists: exist??? com.termux / 1
06-27 21:33:26.249  2386  2406 D         : ----->net.dinglisch.android.taskerm          <ThreadName= pool-1-thread-1,ThreadId= 151,JavaName= InstalledApp.java,LineNumber= 51,>
06-27 21:33:26.267  2386  2406 D darientoh: AppsDao isExists: exist??? net.dinglisch.android.taskerm / 1
06-27 21:33:26.458  2361  2378 I ContactLocale: AddressBook Labels [[en_US]]: [, A, B, C, D, E, F, G, H, I, J, K, L, M, N, O, P, Q, R, S, T, U, V, W, X, Y, Z, , , , , , , , , , , , , , , , , , , , , , , , , , , , , , , , , , , , , , , , , , , , , , , , , , , , , , , , , , , , , , , , , , , , , , , , , , , , , , , , , , , , , , , , , , , , , , , , , , , , , , , , , , , , , , , , , , , , , , , , , , , , , , , , , , , , , , , , , , , , , , , , , , , , , , , , , , , , , , , , , , , , , , , , , , , , , , , , , , , , , , , , , , , #, ]
06-27 21:33:26.867   890   905 I art     : Background sticky concurrent mark sweep GC freed 38540(2MB) AllocSpace objects, 6(176KB) LOS objects, 23% free, 10MB/13MB, paused 2.649ms total 166.933ms
06-27 21:33:27.165   426  1867 W BroadcastQueue: Unable to launch app com.android.vending/10014 for broadcast Intent { act=android.intent.action.PACKAGE_FULLY_REMOVED dat=package:com.termux.boot flg=0x4000010 (has extras) }: process is bad
06-27 21:33:27.167   426  1867 I ActivityManager: Killing 2320:com.google.android.packageinstaller/u0a10 (adj 906): empty #4
06-27 21:33:27.212   426  1867 I chatty  : uid=1000(system) Binder:426_B expire 2 lines
06-27 21:33:27.212   426  1198 D ActivityManager: cleanUpApplicationRecord -- 2320
06-27 21:33:27.406  1131  1588 I Icing   : Usage reports ok 0, Failed Usage reports 0, indexed 0, rejected 0
06-27 21:33:27.433  1131  1588 I Icing   : Usage reports ok 0, Failed Usage reports 0, indexed 0, rejected 0
06-27 21:33:28.446  1131  1588 I Icing   : Indexing com.google.android.gms-apps from com.google.android.gms
06-27 21:33:28.490  1131  1588 I Icing   : Indexing done com.google.android.gms-apps
06-27 21:33:30.194   890  1207 W awmy    : Empty context buffer. Thus might mean that the context is not synced down.
06-27 21:33:30.197   890  1207 W awhk    : Empty context model while retrieving upload opt-in status!
06-27 21:33:30.584   426   510 I chatty  : uid=1000(system) InputDispatcher expire 106 lines
06-27 21:33:41.948   426  1867 I ActivityManager: Killing 2361:android.process.acore/u0a3 (adj 906): empty #4
06-27 21:33:41.998   426   455 D ActivityManager: cleanUpApplicationRecord -- 2361
06-27 21:33:42.821  1311  1311 D AppUtils: Have 0 number of activities in preferred list
06-27 21:33:42.843  1311  1311 D AppUtils: Have 0 number of activities in preferred list
06-27 21:33:45.922   426   454 I ActivityManager: START u0 {act=android.intent.action.UNINSTALL_PACKAGE dat=package:com.android.vending cmp=com.google.android.packageinstaller/com.android.packageinstaller.UninstallerActivity (has extras)} from uid 1000 on display 0
06-27 21:33:45.959   426  1867 I ActivityManager: Start proc 2465:com.google.android.packageinstaller/u0a10 for activity com.google.android.packageinstaller/com.android.packageinstaller.UninstallerActivity
06-27 21:33:46.055  2465  2465 W System  : ClassLoader referenced unknown path: /system/priv-app/GooglePackageInstaller/lib/arm64
06-27 21:33:46.300  2465  2465 I [Gralloc]:  ion device open success! fd = 41
06-27 21:33:46.364  2465  2480 I mali_so : [File] : hardware/rockchip/driver/./src/base/arch/arch_011_udd/base_arch_main.c; [Line] : 565; [Func] : deal_with_version_affairs_rk_ext;
06-27 21:33:46.364  2465  2480 I mali_so : arm_release_ver of this mali_so is 'r7p0-00rel1', rk_so_ver is '1@2' for 3328h_android_7.1, built at '15:47:51', on 'Jun 28 2017'.
06-27 21:33:46.364  2465  2480 I mali_so : [File] : hardware/rockchip/driver/./src/base/arch/arch_011_udd/base_arch_main.c; [Line] : 578; [Func] : deal_with_version_affairs_rk_ext;
06-27 21:33:46.364  2465  2480 I mali_so : mali_ver_property has been set to 'r7p0-00rel1-5-1@2', to return.
06-27 21:33:46.367  2465  2480 I OpenGLRenderer: Initialized EGL, version 1.4
06-27 21:33:46.367  2465  2480 D OpenGLRenderer: Swap behavior 1
06-27 21:33:47.407   426   511 I chatty  : uid=1000(system) InputReader expire 51 lines
06-27 21:33:48.048   426   682 I ActivityManager: START u0 {act=android.intent.action.VIEW flg=0x2000000 cmp=com.google.android.packageinstaller/com.android.packageinstaller.UninstallAppProgress (has extras)} from uid 10010 on display 0
06-27 21:33:48.064  2465  2480 D OpenGLRenderer: endAllActiveAnimators on 0x7548a66400 (RippleDrawable) with handle 0x7548bb78e0
06-27 21:33:48.143   426   481 I ActivityManager: Force stopping com.android.vending appid=10014 user=-1: deletePackageX
06-27 21:33:48.174   426   494 I PackageManager: Removing old permission: com.google.android.vending.verifier.ACCESS_VERIFIER from package com.android.vending
06-27 21:33:48.174   426   494 I PackageManager: Removing old permission: com.google.android.finsky.permission.BIND_GET_INSTALL_REFERRER_SERVICE from package com.android.vending
06-27 21:33:48.174   426   494 I PackageManager: Removing old permission: com.android.vending.permission.C2D_MESSAGE from package com.android.vending
06-27 21:33:48.174   426   494 I PackageManager: Removing old permission: com.android.vending.setup.PLAY_SETUP_SERVICE from package com.android.vending
06-27 21:33:48.174   426   494 I PackageManager: Removing old permission: com.android.vending.CHECK_LICENSE from package com.android.vending
06-27 21:33:48.174   426   494 I PackageManager: Removing old permission: com.android.vending.BILLING from package com.android.vending
