01-01 03:00:11.724   405   405 I hdmicec : void hdmi_cec_set_option(const struct hdmi_cec_device *, int, int)
01-01 03:00:11.728   405   405 I hdmicec : void hdmi_cec_clear_logical_address(const struct hdmi_cec_device *)
01-01 03:00:11.728   405   405 E hdmicec : void hdmi_cec_clear_logical_address(const struct hdmi_cec_device *) open error!
01-01 03:00:11.728   405   405 I hdmicec : void hdmi_cec_clear_logical_address(const struct hdmi_cec_device *)
01-01 03:00:11.728   405   405 E hdmicec : void hdmi_cec_clear_logical_address(const struct hdmi_cec_device *) open error!
01-01 03:00:11.729   405   541 I hdmicec : int hdmi_cec_send_message(const struct hdmi_cec_device *, const cec_message_t *)
01-01 03:00:11.729   405   541 I hdmicec : int hdmi_cec_send_message(const struct hdmi_cec_device *, const cec_message_t *)
01-01 03:00:11.729   405   541 I hdmicec : int hdmi_cec_send_message(const struct hdmi_cec_device *, const cec_message_t *)
01-01 03:00:11.729   405   405 I HdmiControlService: Device does not support MHL-control.
01-01 03:00:11.729   405   405 I hdmicec : void hdmi_cec_get_port_info(const struct hdmi_cec_device *, struct hdmi_port_info **, int *)
01-01 03:00:11.729   405   405 E hdmicec : hdmi_cec_get_port_info open HDMI_DEV_PATH error
01-01 03:00:11.729   405   405 I hdmicec : void hdmi_cec_get_port_info(const struct hdmi_cec_device *, struct hdmi_port_info **, int *) end
01-01 03:00:11.735   405   405 I SystemServiceManager: Starting com.android.server.tv.TvInputManagerService
01-01 03:00:11.743   405   405 I SystemServiceManager: Starting com.android.server.media.MediaResourceMonitorService
01-01 03:00:11.744   405   405 I SystemServer: StartMediaRouterService
01-01 03:00:11.747   405   405 I SystemServiceManager: Starting com.android.server.trust.TrustManagerService
01-01 03:00:11.749   405   405 I SystemServer: DisplayDeviceManagementService Service
01-01 03:00:11.750   405   405 D DisplayDeviceManagementService: DisplayDeviceManagementService start
01-01 03:00:11.751   405   405 I SystemServer: StartBackgroundDexOptService
01-01 03:00:11.752   405   405 I SystemServiceManager: Starting com.android.server.pm.ShortcutService$Lifecycle
01-01 03:00:11.758   405   405 I SystemServiceManager: Starting com.android.server.pm.LauncherAppsService
01-01 03:00:11.760   405   405 I SystemServiceManager: Starting com.android.server.media.projection.MediaProjectionManagerService
01-01 03:00:11.763   405   405 V MediaRouter: Adding route: RouteInfo{ name=Phone, description=null, status=null, category=RouteCategory{ name=null types=ROUTE_TYPE_LIVE_AUDIO ROUTE_TYPE_LIVE_VIDEO  groupable=false }, supportedTypes=ROUTE_TYPE_LIVE_AUDIO ROUTE_TYPE_LIVE_VIDEO , presentationDisplay=null }
01-01 03:00:11.765   405   405 V MediaRouter: Updating audio routes: AudioRoutesInfo{ type=SPEAKER }
01-01 03:00:11.767   405   405 V MediaRouter: Selecting route: RouteInfo{ name=Phone, description=null, status=null, category=RouteCategory{ name=null types=ROUTE_TYPE_LIVE_AUDIO ROUTE_TYPE_LIVE_VIDEO  groupable=false }, supportedTypes=ROUTE_TYPE_LIVE_AUDIO ROUTE_TYPE_LIVE_VIDEO , presentationDisplay=null }
01-01 03:00:11.770   405   405 I SystemServiceManager: Starting com.android.server.MmsServiceBroker
01-01 03:00:11.781   405   540 I mali_so : [File] : hardware/rockchip/driver/./src/base/arch/arch_011_udd/base_arch_main.c; [Line] : 565; [Func] : deal_with_version_affairs_rk_ext;
01-01 03:00:11.781   405   540 I mali_so : arm_release_ver of this mali_so is 'r7p0-00rel1', rk_so_ver is '1@2' for 3328h_android_7.1, built at '15:47:51', on 'Jun 28 2017'.
01-01 03:00:11.781   405   540 I mali_so : [File] : hardware/rockchip/driver/./src/base/arch/arch_011_udd/base_arch_main.c; [Line] : 578; [Func] : deal_with_version_affairs_rk_ext;
01-01 03:00:11.781   405   540 I mali_so : mali_ver_property has been set to 'r7p0-00rel1-5-1@2', to return.
01-01 03:00:11.787   405   540 D AssetAtlas: Rendered atlas in 73.17ms (0.00+73.16ms)
01-01 03:00:11.807   405   405 E LockSettingsStorage: Cannot read file java.io.FileNotFoundException: /data/system/gatekeeper.password.key: open failed: ENOENT (No such file or directory)
01-01 03:00:11.808   405   405 E LockSettingsStorage: Cannot read file java.io.FileNotFoundException: /data/system/password.key: open failed: ENOENT (No such file or directory)
01-01 03:00:11.809   405   405 E LockSettingsStorage: Cannot read file java.io.FileNotFoundException: /data/system/gatekeeper.pattern.key: open failed: ENOENT (No such file or directory)
01-01 03:00:11.809   405   405 E LockSettingsStorage: Cannot read file java.io.FileNotFoundException: /data/system/gatekeeper.gesture.key: open failed: ENOENT (No such file or directory)
01-01 03:00:11.810   405   405 E LockSettingsStorage: Cannot read file java.io.FileNotFoundException: /data/system/gesture.key: open failed: ENOENT (No such file or directory)
01-01 03:00:11.810   405   405 I SystemServiceManager: Starting phase 480
01-01 03:00:11.824   405   405 I DevicePolicyManagerService: Set ro.device_owner property to false
01-01 03:00:11.827   405   405 I SystemServiceManager: Starting phase 500
01-01 03:00:11.835   405   405 D ConnectivityMetricsLoggerService: onBootPhase: PHASE_SYSTEM_SERVICES_READY
01-01 03:00:11.838   405   405 D ConnectivityService: listenForNetwork for uid/pid:1000/405 NetworkRequest [ LISTEN id=3, [] ]
01-01 03:00:11.845   405   405 I WifiService: WifiService starting up with Wi-Fi disabled
01-01 03:00:11.849   405   405 I WifiScanningService: Starting wifiscanner
01-01 03:00:11.867   405   405 I RttService: Registering rttmanager
01-01 03:00:11.872   405   405 I EthernetServiceImpl: Starting Ethernet service
01-01 03:00:11.874   405   405 D EthernetNetworkFactory: EthernetNetworkFactory start eth\d
01-01 03:00:11.875   405   405 D Ethernet: Registering NetworkFactory
01-01 03:00:11.875   405   529 D ConnectivityService: Got NetworkFactory Messenger for Ethernet
01-01 03:00:11.875   405   529 D ConnectivityService: NetworkFactory connected
01-01 03:00:11.876   405   549 D Ethernet: got request NetworkRequest [ REQUEST id=1, [ Capabilities: INTERNET&NOT_RESTRICTED&TRUSTED&NOT_VPN] ] with score 0
01-01 03:00:11.878   405   405 D EthernetNetworkFactory: Started tracking interface eth0
01-01 03:00:11.878   405   405 D EthernetNetworkFactory: setInterfaceUp: eth0
01-01 03:00:11.881   200   474 D CommandListener: Setting iface cfg
01-01 03:00:11.881   200   474 D CommandListener: Trying to bring up eth0
01-01 03:00:11.916   191   191 I audioserver: type=1400 audit(0.0:35): avc: denied { read } for scontext=u:r:audioserver:s0 tcontext=u:r:audioserver:s0 tclass=netlink_kobject_uevent_socket permissive=1
01-01 03:00:11.972   405   405 I PppoeServiceImpl: Starting Pppoe service
01-01 03:00:11.974   405   405 D ZenLog  : config: cleanUpZenRules,ZenModeConfig[user=0,allowCalls=true,allowRepeatCallers=false,allowMessages=false,allowCallsFrom=contacts,allowMessagesFrom=contacts,allowReminders=true,allowEvents=true,allowWhenScreenOff=true,allowWhenScreenOn=true,automaticRules={25a6dd96a24b4df6bd3088c7e3097477=ZenRule[enabled=false,snoozing=false,name=Weekend,zenMode=ZEN_MODE_ALARMS,conditionId=condition://android/schedule?days=6.7&start=23.30&end=10.0&exitAtAlarm=false,condition=Condition[id=condition://android/schedule?days=6.7&start=23.30&end=10.0&exitAtAlarm=false,summary=...,line1=...,line2=...,icon=0,state=STATE_FALSE,flags=2],component=ComponentInfo{android/com.android.server.notification.ScheduleConditionProvider},id=25a6dd96a24b4df6bd3088c7e3097477,creationTime=171343,enabler=null], a39688c18c6949eb93d2d819ff254056=ZenRule[enabled=false,snoozing=false,name=Weeknight,zenMode=ZEN_MODE_ALARMS,conditionId=condition://android/schedule?days=1.2.3.4.5&start=22.0&end=7.0&exitAtAlarm=false,condition=Condition[id=condition://android/schedule?days=1.2.3.4.5&start=22.0&end=7.0&exitAtAlarm=false,summary=...,line1=...,line2=...,icon=0,state=STATE_FALSE,flags=2],component=ComponentInfo{android/com.android.server.notification.ScheduleConditionProvider},id=a39688c18c6949eb93d2d819ff254056,creationTime=171343,enabler=null], 5d561a952c594803b5e4af64eefc6361=ZenRule[enabled=false,snoozing=false,name=Event,zenMode=ZEN_MODE_ALARMS,conditionId=condition://android/event?userId=-10000&calendar=&reply=1,condition=Condition[id=condition://android/event?userId=-10000&calendar=&reply=1,summary=...,line1=...,line2=...,icon=0,state=STATE_FALSE,flags=2],component=ComponentInfo{android/com.android.server.notification.EventConditionProvider},id=5d561a952c594803b5e4af64eefc6361,creationTime=171344,enabler=null]},manualRule=null],Diff[]
01-01 03:00:11.974   405   405 D ZenLog  : set_zen_mode: off,onSystemReady
01-01 03:00:11.977   191   191 D PermissionCache: checking android.permission.CAPTURE_AUDIO_HOTWORD for uid=1000 => granted (233 us)
01-01 03:00:11.978   405   405 W SoundTriggerHelper: listModules status=0, # of modules=0
01-01 03:00:11.978   405   405 D ContextHubSystemService: onBootPhase: PHASE_SYSTEM_SERVICES_READY
01-01 03:00:12.006   405   405 V UserManagerService: Found /data/user_de/0 with serial number 0
01-01 03:00:12.007   405   405 V UserManagerService: Found /data/user/0 with serial number 0
01-01 03:00:12.007   405   405 V UserManagerService: Found /data/system_de/0 with serial number 0
01-01 03:00:12.007   405   488 W KeyguardServiceDelegate: onScreenTurningOn(): no keyguard service!
01-01 03:00:12.007   405   405 V UserManagerService: Found /data/system_ce/0 with serial number 0
01-01 03:00:12.051   405   405 D ActivityManager: OK, system ready!
01-01 03:00:12.051   405   405 I ActivityManager: System now ready
01-01 03:00:12.057   405   479 I SystemServer: Making services ready
01-01 03:00:12.057   405   479 I SystemServiceManager: Starting phase 550
01-01 03:00:12.061   405   479 W ActivityManager: Unable to start service Intent { act=com.android.ITelecomService cmp=com.android.server.telecom/.components.TelecomService } U=0: not found
01-01 03:00:12.063   405   405 W VoiceInteractionManagerService: no available voice interaction services found for user 0
01-01 03:00:12.063   405   405 W VoiceInteractionManagerService: no available voice recognition services found for user 0
01-01 03:00:12.076   405   405 I Zygote  : Process: zygote socket opened, supported ABIS: arm64-v8a
01-01 03:00:12.088   405   405 I ActivityManager: Start proc 617:com.android.systemui/u0a19 for added application com.android.systemui
01-01 03:00:12.089   405   405 I ActivityManager: START u0 {act=android.intent.action.MAIN cat=[android.intent.category.HOME] flg=0x10000100 cmp=com.android.tv.settings/.system.FallbackHome} from uid 0 on display 0
01-01 03:00:12.092   405   405 W System  : ClassLoader referenced unknown path: 
01-01 03:00:12.094   405   405 D ApplicationLoaders: ignored Vulkan layer search path /system/priv-app/TvSettings/lib/arm64:/system/priv-app/TvSettings/TvSettings.apk!/lib/arm64-v8a:/system/lib64:/vendor/lib64 for namespace 0x7e15b0e160
01-01 03:00:12.102   405   405 I ActivityManager: Loaded persisted task ids for user 0
01-01 03:00:12.120   405   405 I ActivityManager: Start proc 632:com.android.tv.settings/1000 for activity com.android.tv.settings/.system.FallbackHome
01-01 03:00:12.123   405   405 I SystemServer: Enabled StrictMode for system server main thread.
01-01 03:00:12.131   405   405 D ConditionProviders.SCP: onConnected
01-01 03:00:12.132   405   405 D ZenLog  : set_zen_mode: off,readXml
01-01 03:00:12.133   405   405 D ConditionProviders: Subscribing to condition://android/schedule?days=6.7&start=23.30&end=10.0&exitAtAlarm=false with ComponentInfo{android/com.android.server.notification.ScheduleConditionProvider}
01-01 03:00:12.133   405   405 D ZenLog  : subscribe: condition://android/schedule?days=6.7&start=23.30&end=10.0&exitAtAlarm=false,ok
01-01 03:00:12.133   405   405 D ConditionProviders: Subscribing to condition://android/schedule?days=1.2.3.4.5&start=22.0&end=7.0&exitAtAlarm=false with ComponentInfo{android/com.android.server.notification.ScheduleConditionProvider}
01-01 03:00:12.133   405   405 D ZenLog  : subscribe: condition://android/schedule?days=1.2.3.4.5&start=22.0&end=7.0&exitAtAlarm=false,ok
01-01 03:00:12.136   405   479 E InputMethodManagerService: Ignoring updateSystemUiLocked due to an invalid token. uid:1000 token:null
01-01 03:00:12.136   405   405 D ConditionProviders: Subscribing to condition://android/event?userId=-10000&calendar=&reply=1 with ComponentInfo{android/com.android.server.notification.EventConditionProvider}
01-01 03:00:12.136   405   405 D ZenLog  : subscribe: condition://android/event?userId=-10000&calendar=&reply=1,ok
01-01 03:00:12.136   405   479 I InputMethodManagerService: All the enabled IMEs are gone. Reset default enabled IMEs.
01-01 03:00:12.137   405   479 W InputMethodUtils: Found no fallback locale. imis=[]
01-01 03:00:12.137   405   479 W InputMethodUtils: No software keyboard is found. imis=[] systemLocale=en_US fallbackLocale=null
01-01 03:00:12.138   405   479 W TextServicesManagerService: no available spell checker services found
01-01 03:00:12.138   405   512 D MountService: Thinking about init, mSystemReady=true, mDaemonConnected=true
01-01 03:00:12.138   405   512 D MountService: Setting up emulation state, initlocked=false
01-01 03:00:12.138   405   512 D CryptdConnector: SND -> {2 cryptfs unlock_user_key 0 0 ! !}
01-01 03:00:12.140   154   181 D vold    : e4crypt_unlock_user_key 0 serial=0 token_present=0
01-01 03:00:12.140   405   514 D CryptdConnector: RCV <- {200 2 Command succeeded}
01-01 03:00:12.141   405   512 D MountService: Thinking about reset, mSystemReady=true, mDaemonConnected=true
01-01 03:00:12.141   405   512 D VoldConnector: SND -> {3 volume reset}
01-01 03:00:12.142   191   539 D AudioHardwareTiny: adev_set_parameters: kvpairs = A2dpSuspended=false
01-01 03:00:12.142   405   513 D VoldConnector: RCV <- {651 emulated 7}
01-01 03:00:12.143   405   536 E BluetoothAdapter: Bluetooth binder is null
01-01 03:00:12.143   405   513 D VoldConnector: RCV <- {659 emulated}
01-01 03:00:12.143   405   513 D VoldConnector: RCV <- {650 emulated 2 "" ""}
01-01 03:00:12.144   405   513 D VoldConnector: RCV <- {651 emulated 0}
01-01 03:00:12.144   405   513 D VoldConnector: RCV <- {651 public:8,1 7}
01-01 03:00:12.145   405   513 D VoldConnector: RCV <- {659 public:8,1}
01-01 03:00:12.145   405   513 D VoldConnector: RCV <- {649 disk:8,0}
01-01 03:00:12.145   405   484 V MountService: Found primary storage at VolumeInfo{emulated}:
01-01 03:00:12.145   405   484 V MountService:     type=EMULATED diskId=null partGuid=null mountFlags=0 mountUserId=-1 
01-01 03:00:12.145   405   484 V MountService:     state=UNMOUNTED 
01-01 03:00:12.145   405   484 V MountService:     fsType=null fsUuid=null fsLabel=null 
01-01 03:00:12.145   405   484 V MountService:     path=null internalPath=null 
01-01 03:00:12.145   405   513 D VoldConnector: RCV <- {640 disk:8,0 8}
01-01 03:00:12.146   154   180 V vold    : /system/bin/sgdisk
01-01 03:00:12.147   154   180 V vold    :     --android-dump
01-01 03:00:12.147   154   180 V vold    :     /dev/block/vold/disk:8,0
01-01 03:00:12.147   405   513 D VoldConnector: RCV <- {641 disk:8,0 500867006464}
01-01 03:00:12.148   405   536 E BluetoothAdapter: Bluetooth binder is null
01-01 03:00:12.148   405   513 D VoldConnector: RCV <- {642 disk:8,0 Generic 
01-01 03:00:12.148   405   513 D VoldConnector: }
01-01 03:00:12.149   405   479 D UsbAlsaManager: Adding ALSA device AlsaDevice: [card: 2, device: 0, type: 1]
01-01 03:00:12.149   405   479 D UsbAlsaManager: Adding ALSA device AlsaDevice: [card: 0, device: 0, type: 1]
01-01 03:00:12.149   405   479 D UsbAlsaManager: Adding ALSA device AlsaDevice: [card: 1, device: 0, type: 1]
01-01 03:00:12.150   405   513 D VoldConnector: RCV <- {644 disk:8,0 /sys//devices/usb.25/ff600000.dwc3/xhci-hcd.0.auto/usb1/1-1/1-1:1.0/host0/target0:0:0/0:0:0:0/block/sda}
01-01 03:00:12.152   191   237 I AudioFlinger: systemReady
01-01 03:00:12.154   405   479 I SystemServer: WebViewFactory preparation
01-01 03:00:12.166   405   479 D WebViewFactory: Setting new address space to 123264240
01-01 03:00:12.171   405   647 D UsbHostManager: Added device UsbDevice[mName=/dev/bus/usb/005/002,mVendorId=4951,mProductId=4096,mClass=0,mSubclass=0,mProtocol=0,mManufacturerName=HL 0000 00 00 00 01,mProductName=Smart Control,mVersion=1.16,mSerialNumber=null,mConfigurations=[
01-01 03:00:12.171   405   647 D UsbHostManager: UsbConfiguration[mId=1,mName=null,mAttributes=160,mMaxPower=100,mInterfaces=[
01-01 03:00:12.171   405   647 D UsbHostManager: UsbInterface[mId=0,mAlternateSetting=0,mName=null,mClass=3,mSubclass=0,mProtocol=1,mEndpoints=[
01-01 03:00:12.171   405   647 D UsbHostManager: UsbEndpoint[mAddress=129,mAttributes=3,mMaxPacketSize=32,mInterval=8]]
01-01 03:00:12.171   405   647 D UsbHostManager: UsbInterface[mId=1,mAlternateSetting=0,mName=null,mClass=3,mSubclass=0,mProtocol=2,mEndpoints=[
01-01 03:00:12.171   405   647 D UsbHostManager: UsbEndpoint[mAddress=130,mAttributes=3,mMaxPacketSize=32,mInterval=8]]
01-01 03:00:12.171   405   647 D UsbHostManager: UsbInterface[mId=2,mAlternateSetting=0,mName=null,mClass=3,mSubclass=0,mProtocol=0,mEndpoints=[
01-01 03:00:12.171   405   647 D UsbHostManager: UsbEndpoint[mAddress=131,mAttributes=3,mMaxPacketSize=32,mInterval=8]]]]
01-01 03:00:12.171   405   647 W ContextImpl: Calling a method in the system process without a qualified user: android.app.ContextImpl.sendBroadcast:877 com.android.server.usb.UsbSettingsManager.deviceAttached:739 com.android.server.usb.UsbHostManager.endUsbDeviceAdded:225 com.android.server.usb.UsbHostManager.monitorUsbHostBus:-2 com.android.server.usb.UsbHostManager.-wrap0:-1 
01-01 03:00:12.176   405   647 D UsbHostManager: Added device UsbDevice[mName=/dev/bus/usb/001/002,mVendorId=1507,mProductId=1846,mClass=0,mSubclass=0,mProtocol=0,mManufacturerName=Generic,mProductName=USB Storage,mVersion=2.0,mSerialNumber=000000000272,mConfigurations=[
01-01 03:00:12.176   405   647 D UsbHostManager: UsbConfiguration[mId=1,mName=null,mAttributes=128,mMaxPower=49,mInterfaces=[
01-01 03:00:12.176   405   647 D UsbHostManager: UsbInterface[mId=0,mAlternateSetting=0,mName=null,mClass=8,mSubclass=6,mProtocol=80,mEndpoints=[
01-01 03:00:12.176   405   647 D UsbHostManager: UsbEndpoint[mAddress=129,mAttributes=2,mMaxPacketSize=512,mInterval=0]
01-01 03:00:12.176   405   647 D UsbHostManager: UsbEndpoint[mAddress=2,mAttributes=2,mMaxPacketSize=512,mInterval=0]]]]
01-01 03:00:12.177   405   647 W ContextImpl: Calling a method in the system process without a qualified user: android.app.ContextImpl.sendBroadcast:877 com.android.server.usb.UsbSettingsManager.deviceAttached:739 com.android.server.usb.UsbHostManager.endUsbDeviceAdded:225 com.android.server.usb.UsbHostManager.monitorUsbHostBus:-2 com.android.server.usb.UsbHostManager.-wrap0:-1 
01-01 03:00:12.182   154   180 V vold    : DISK mbr
01-01 03:00:12.182   154   180 V vold    : 
01-01 03:00:12.182   154   180 V vold    : PART 1 83
01-01 03:00:12.182   154   180 V vold    : 
01-01 03:00:12.183   154   180 I vold    : type =83
01-01 03:00:12.184   405   513 D VoldConnector: RCV <- {650 public:8,1 0 "disk:8,0" ""}
01-01 03:00:12.184   405   513 D VoldConnector: RCV <- {651 public:8,1 0}
01-01 03:00:12.184   405   513 D VoldConnector: RCV <- {643 disk:8,0}
01-01 03:00:12.184   405   513 D VoldConnector: RCV <- {200 3 Command succeeded}
01-01 03:00:12.185   405   512 D VoldConnector: SND -> {4 volume user_added 0 0}
01-01 03:00:12.186   405   513 D VoldConnector: RCV <- {200 4 Command succeeded}
01-01 03:00:12.187   405   484 D xzj     : -----for all public volume is visible-----
01-01 03:00:12.188   405   512 D VoldConnector: SND -> {5 volume mount emulated 3 -1}
01-01 03:00:12.190   154   180 V vold    : Waiting for FUSE to spin up...
01-01 03:00:12.190   405   513 D VoldConnector: RCV <- {651 emulated 1}
01-01 03:00:12.190   405   513 D VoldConnector: RCV <- {656 emulated /data/media}
01-01 03:00:12.191   405   513 D VoldConnector: RCV <- {655 emulated /storage/emulated}
01-01 03:00:12.194   405   650 E WVMExtractor: Failed to open libwvm.so: dlopen failed: library "libwvm.so" not found
01-01 03:00:12.207   405   650 I MediaCodec: callingProcessName:system_server
01-01 03:00:12.208   199   199 I MediaPlayerService: MediaPlayerService::getOMX
01-01 03:00:12.217   405   405 I hdmicec : int hdmi_cec_get_physical_address(const struct hdmi_cec_device *, uint16_t *)
01-01 03:00:12.217   405   405 I hdmicec : int hdmi_cec_get_physical_address(const struct hdmi_cec_device *, uint16_t *)
01-01 03:00:12.217   405   405 I hdmicec : void hdmi_cec_get_vendor_id(const struct hdmi_cec_device *, uint32_t *)
01-01 03:00:12.217   405   405 I hdmicec : int hdmi_cec_add_logical_address(const struct hdmi_cec_device *, cec_logical_address_t)
01-01 03:00:12.217   405   405 I hdmicec : int hdmi_cec_get_physical_address(const struct hdmi_cec_device *, uint16_t *)
01-01 03:00:12.218   405   405 I hdmicec : void hdmi_cec_get_vendor_id(const struct hdmi_cec_device *, uint32_t *)
01-01 03:00:12.219   405   541 I hdmicec : int hdmi_cec_send_message(const struct hdmi_cec_device *, const cec_message_t *)
01-01 03:00:12.219   405   541 I hdmicec : int hdmi_cec_send_message(const struct hdmi_cec_device *, const cec_message_t *)
01-01 03:00:12.220   405   541 W HdmiCecController: Failed to send <Report Physical Address> src: 4, dst: 15, params: FF FF 04
01-01 03:00:12.221   405   541 I hdmicec : int hdmi_cec_send_message(const struct hdmi_cec_device *, const cec_message_t *)
01-01 03:00:12.221   405   541 I hdmicec : int hdmi_cec_send_message(const struct hdmi_cec_device *, const cec_message_t *)
01-01 03:00:12.221   405   541 W HdmiCecController: Failed to send <Device Vendor Id> src: 4, dst: 15, params: 00 00 01
01-01 03:00:12.233   405   479 I Zygote  : Process: zygote socket opened, supported ABIS: armeabi-v7a,armeabi
01-01 03:00:12.234   150   385 I art     : Starting a blocking GC HeapTrim
01-01 03:00:12.236   199   199 I libstagefrighthw: OMX IL core libOMX_Core.so: declares component OMX.rk.video_decoder.avc
01-01 03:00:12.236   199   199 I libstagefrighthw: OMX IL core libOMX_Core.so: declares component OMX.rk.video_decoder.m4v
01-01 03:00:12.236   199   199 I libstagefrighthw: OMX IL core libOMX_Core.so: declares component OMX.rk.video_decoder.h263
01-01 03:00:12.236   199   199 I libstagefrighthw: OMX IL core libOMX_Core.so: declares component OMX.rk.video_decoder.flv1
01-01 03:00:12.236   199   199 I libstagefrighthw: OMX IL core libOMX_Core.so: declares component OMX.rk.video_decoder.m2v
01-01 03:00:12.236   199   199 I libstagefrighthw: OMX IL core libOMX_Core.so: declares component OMX.rk.video_decoder.rv
01-01 03:00:12.236   199   199 I libstagefrighthw: OMX IL core libOMX_Core.so: declares component OMX.rk.video_decoder.vp8
01-01 03:00:12.236   199   199 I libstagefrighthw: OMX IL core libOMX_Core.so: declares component OMX.rk.video_decoder.vc1
01-01 03:00:12.236   199   199 I libstagefrighthw: OMX IL core libOMX_Core.so: declares component OMX.rk.video_decoder.wmv3
01-01 03:00:12.236   199   199 I libstagefrighthw: OMX IL core libOMX_Core.so: declares component OMX.rk.video_decoder.vp6
01-01 03:00:12.236   199   199 I libstagefrighthw: OMX IL core libOMX_Core.so: declares component OMX.rk.video_decoder.hevc
01-01 03:00:12.236   199   199 I libstagefrighthw: OMX IL core libOMX_Core.so: declares component OMX.rk.video_decoder.mjpeg
01-01 03:00:12.236   199   199 I libstagefrighthw: OMX IL core libOMX_Core.so: declares component OMX.rk.video_decoder.avc.secure
01-01 03:00:12.236   199   199 I libstagefrighthw: OMX IL core libOMX_Core.so: declares component OMX.rk.video_decoder.vp9
01-01 03:00:12.236   199   199 I libstagefrighthw: OMX IL core libOMX_Core.so: declares component OMX.rk.video_encoder.avc
01-01 03:00:12.236   199   199 I libstagefrighthw: OMX IL core libOMX_Core.so: declares component OMX.rk.video_encoder.vp8
01-01 03:00:12.236   199   199 I libstagefrighthw: OMX IL core libOMX_Core.so: declares component OMX.rk.video_encoder.hevc
01-01 03:00:12.236   199   199 I libstagefrighthw: OMX IL core libOMX_Core.so: contains 17 components
01-01 03:00:12.237   150   150 I art     : Starting a blocking GC Background
01-01 03:00:12.240   154   180 V vold    : Waiting for FUSE to spin up...
01-01 03:00:12.243   196   196 I vpu_api : dlopen vpu lib success
01-01 03:00:12.245   196   196 I libstagefrighthw: OMX IL core libOMX_Core.so: declares component OMX.rk.video_decoder.avc
01-01 03:00:12.245   196   196 I libstagefrighthw: OMX IL core libOMX_Core.so: declares component OMX.rk.video_decoder.m4v
01-01 03:00:12.245   196   196 I libstagefrighthw: OMX IL core libOMX_Core.so: declares component OMX.rk.video_decoder.h263
01-01 03:00:12.245   196   196 I libstagefrighthw: OMX IL core libOMX_Core.so: declares component OMX.rk.video_decoder.flv1
01-01 03:00:12.245   196   196 I libstagefrighthw: OMX IL core libOMX_Core.so: declares component OMX.rk.video_decoder.m2v
01-01 03:00:12.245   196   196 I libstagefrighthw: OMX IL core libOMX_Core.so: declares component OMX.rk.video_decoder.rv
01-01 03:00:12.245   196   196 I libstagefrighthw: OMX IL core libOMX_Core.so: declares component OMX.rk.video_decoder.vp8
01-01 03:00:12.245   196   196 I libstagefrighthw: OMX IL core libOMX_Core.so: declares component OMX.rk.video_decoder.vc1
01-01 03:00:12.245   196   196 I libstagefrighthw: OMX IL core libOMX_Core.so: declares component OMX.rk.video_decoder.wmv3
01-01 03:00:12.245   196   196 I libstagefrighthw: OMX IL core libOMX_Core.so: declares component OMX.rk.video_decoder.vp6
01-01 03:00:12.245   196   196 I libstagefrighthw: OMX IL core libOMX_Core.so: declares component OMX.rk.video_decoder.hevc
01-01 03:00:12.245   196   196 I libstagefrighthw: OMX IL core libOMX_Core.so: declares component OMX.rk.video_decoder.mjpeg
01-01 03:00:12.245   196   196 I libstagefrighthw: OMX IL core libOMX_Core.so: declares component OMX.rk.video_decoder.avc.secure
01-01 03:00:12.245   196   196 I libstagefrighthw: OMX IL core libOMX_Core.so: declares component OMX.rk.video_decoder.vp9
01-01 03:00:12.245   196   196 I libstagefrighthw: OMX IL core libOMX_Core.so: declares component OMX.rk.video_encoder.avc
01-01 03:00:12.245   196   196 I libstagefrighthw: OMX IL core libOMX_Core.so: declares component OMX.rk.video_encoder.vp8
01-01 03:00:12.245   196   196 I libstagefrighthw: OMX IL core libOMX_Core.so: declares component OMX.rk.video_encoder.hevc
01-01 03:00:12.245   196   196 I libstagefrighthw: OMX IL core libOMX_Core.so: contains 17 components
01-01 03:00:12.245   199   199 I OMXClient: MuxOMX ctor
01-01 03:00:12.250   199   199 I MediaPlayerService: MediaPlayerService::getOMX
01-01 03:00:12.251   199   199 I OMXClient: MuxOMX ctor
01-01 03:00:12.251   196   196 I OMXMaster: makeComponentInstance(OMX.google.mp3.decoder) in mediacodec process
01-01 03:00:12.261   632   632 I art     : Starting a blocking GC AddRemoveAppImageSpace
01-01 03:00:12.290   154   180 V vold    : Waiting for FUSE to spin up...
01-01 03:00:12.292   651   651 W sdcard  : Device explicitly disabled sdcardfs
01-01 03:00:12.298   405   479 W ActivityManager: Slow operation: 76ms so far, now at startProcess: returned from zygote!
01-01 03:00:12.298   405   479 W ActivityManager: Slow operation: 76ms so far, now at startProcess: done updating battery stats
01-01 03:00:12.298   405   479 W ActivityManager: Slow operation: 76ms so far, now at startProcess: building log message
01-01 03:00:12.298   405   479 I ActivityManager: Start proc 664:WebViewLoader-armeabi-v7a/1037 [android.webkit.WebViewFactory$RelroFileCreator] for 
01-01 03:00:12.298   405   479 W ActivityManager: Slow operation: 76ms so far, now at startProcess: starting to update pids map
01-01 03:00:12.298   405   479 W ActivityManager: Slow operation: 76ms so far, now at startProcess: done updating pids map
01-01 03:00:12.298   405   479 W ActivityManager: Slow operation: 76ms so far, now at startProcess: done starting proc!
01-01 03:00:12.311   405   479 I ActivityManager: Start proc 677:WebViewLoader-arm64-v8a/1037 [android.webkit.WebViewFactory$RelroFileCreator] for 
01-01 03:00:12.315   405   479 D NetworkManagement: enabling bandwidth control
01-01 03:00:12.315   664   664 V WebViewFactory: RelroFileCreator (64bit = false),  32-bit lib: /data/app/com.android.chrome-1/base.apk!/lib/armeabi-v7a/libmonochrome_base.so, 64-bit lib: /data/app/com.android.chrome-1/base.apk!/lib/arm64-v8a/libmonochrome_base.so
01-01 03:00:12.326   677   677 V WebViewFactory: RelroFileCreator (64bit = true),  32-bit lib: /data/app/com.android.chrome-1/base.apk!/lib/armeabi-v7a/libmonochrome_base.so, 64-bit lib: /data/app/com.android.chrome-1/base.apk!/lib/arm64-v8a/libmonochrome_base.so
01-01 03:00:12.328   199   199 I MediaPlayerService: MediaPlayerService::getOMX
01-01 03:00:12.328   199   199 I OMXClient: MuxOMX ctor
01-01 03:00:12.329   196   196 I OMXMaster: makeComponentInstance(OMX.google.amrnb.decoder) in mediacodec process
01-01 03:00:12.338   199   199 I MediaPlayerService: MediaPlayerService::getOMX
01-01 03:00:12.339   199   199 I OMXClient: MuxOMX ctor
01-01 03:00:12.340   196   703 I OMXMaster: makeComponentInstance(OMX.google.amrwb.decoder) in mediacodec process
01-01 03:00:12.341   405   513 D VoldConnector: RCV <- {651 emulated 2}
01-01 03:00:12.341   405   513 D VoldConnector: RCV <- {200 5 Command succeeded}
01-01 03:00:12.342   405   512 D VoldConnector: SND -> {6 volume mount public:8,1 2 0}
01-01 03:00:12.343   154   180 V vold    : /system/bin/blkid
01-01 03:00:12.343   154   180 V vold    :     -c
01-01 03:00:12.343   154   180 V vold    :     /dev/null
01-01 03:00:12.343   154   180 V vold    :     -s
01-01 03:00:12.343   154   180 V vold    :     TYPE
01-01 03:00:12.343   154   180 V vold    :     -s
01-01 03:00:12.343   154   180 V vold    :     UUID
01-01 03:00:12.343   154   180 V vold    :     -s
01-01 03:00:12.343   154   180 V vold    :     LABEL
01-01 03:00:12.343   154   180 V vold    :     /dev/block/vold/public:8,1
01-01 03:00:12.344   405   513 D VoldConnector: RCV <- {651 public:8,1 1}
01-01 03:00:12.354   199   199 I MediaPlayerService: MediaPlayerService::getOMX
01-01 03:00:12.357   199   199 I OMXClient: MuxOMX ctor
01-01 03:00:12.358   196   196 I OMXMaster: makeComponentInstance(OMX.google.aac.decoder) in mediacodec process
01-01 03:00:12.370   199   199 I MediaPlayerService: MediaPlayerService::getOMX
01-01 03:00:12.371   199   199 I OMXClient: MuxOMX ctor
01-01 03:00:12.372   196   196 I OMXMaster: makeComponentInstance(OMX.google.g711.alaw.decoder) in mediacodec process
01-01 03:00:12.389   632   632 I [Gralloc]:  ion device open success! fd = 44
01-01 03:00:12.412   154   180 V vold    : /dev/block/vold/public:8,1: LABEL="512Gb ext4" UUID="e14e8b4a-c6c3-4546-b069-dfbdf64d0b66" TYPE="ext4" 
01-01 03:00:12.412   154   180 V vold    : 
01-01 03:00:12.414   405   513 D VoldConnector: RCV <- {652 public:8,1 ext4}
01-01 03:00:12.415   405   513 D VoldConnector: RCV <- {653 public:8,1 e14e8b4a-c6c3-4546-b069-dfbdf64d0b66}
01-01 03:00:12.415   405   513 D VoldConnector: RCV <- {654 public:8,1 512Gb ext4}
01-01 03:00:12.416   405   513 D VoldConnector: RCV <- {656 public:8,1 /mnt/media_rw/e14e8b4a-c6c3-4546-b069-dfbdf64d0b66}
01-01 03:00:12.416   405   513 D VoldConnector: RCV <- {655 public:8,1 /storage/e14e8b4a-c6c3-4546-b069-dfbdf64d0b66}
01-01 03:00:12.430   632   713 I mali_so : [File] : hardware/rockchip/driver/./src/base/arch/arch_011_udd/base_arch_main.c; [Line] : 565; [Func] : deal_with_version_affairs_rk_ext;
01-01 03:00:12.430   632   713 I mali_so : arm_release_ver of this mali_so is 'r7p0-00rel1', rk_so_ver is '1@2' for 3328h_android_7.1, built at '15:47:51', on 'Jun 28 2017'.
01-01 03:00:12.431   632   713 I mali_so : [File] : hardware/rockchip/driver/./src/base/arch/arch_011_udd/base_arch_main.c; [Line] : 578; [Func] : deal_with_version_affairs_rk_ext;
01-01 03:00:12.431   632   713 I mali_so : mali_ver_property has been set to 'r7p0-00rel1-5-1@2', to return.
01-01 03:00:12.434   632   713 I OpenGLRenderer: Initialized EGL, version 1.4
01-01 03:00:12.434   632   713 D OpenGLRenderer: Swap behavior 1
01-01 03:00:12.466   199   199 I MediaPlayerService: MediaPlayerService::getOMX
01-01 03:00:12.467   199   199 I OMXClient: MuxOMX ctor
01-01 03:00:12.469   405   486 I ActivityManager: Displayed com.android.tv.settings/.system.FallbackHome: +359ms
01-01 03:00:12.470   196   218 I OMXMaster: makeComponentInstance(OMX.google.g711.mlaw.decoder) in mediacodec process
01-01 03:00:12.473   405   527 I WifiScanningService: wifi driver unloaded
01-01 03:00:12.473   405   405 D RttService: SCAN_AVAILABLE : 1
01-01 03:00:12.474   405   405 D ZenLog  : set_zen_mode: off,cleanUpZenRules
01-01 03:00:12.475   405   528 D RttService: DefaultState got{ when=0 what=160513 target=com.android.internal.util.StateMachine$SmHandler }
01-01 03:00:12.480   405   405 I hdmicec : int hdmi_cec_is_connected(const struct hdmi_cec_device *, int)
01-01 03:00:12.493   405   405 I art     : Thread[1,tid=405,Native,Thread*=0x7e11c3fa00,peer=0x75dad000,"main"] recursive attempt to load library "/system/lib64/libmedia_jni.so"
01-01 03:00:12.494   405   405 D MtpDeviceJNI: register_android_mtp_MtpDevice
01-01 03:00:12.495   405   405 I art     : Thread[1,tid=405,Native,Thread*=0x7e11c3fa00,peer=0x75dad000,"main"] recursive attempt to load library "/system/lib64/libmedia_jni.so"
01-01 03:00:12.498   405   405 I art     : Thread[1,tid=405,Native,Thread*=0x7e11c3fa00,peer=0x75dad000,"main"] recursive attempt to load library "/system/lib64/libmedia_jni.so"
01-01 03:00:12.506   199   199 I Binder:199_1: type=1400 audit(0.0:36): avc: denied { search } for name="405" dev="proc" ino=9540 scontext=u:r:mediaserver:s0 tcontext=u:r:system_server:s0 tclass=dir permissive=1
01-01 03:00:12.506   199   199 I Binder:199_1: type=1400 audit(0.0:37): avc: denied { read } for name="cmdline" dev="proc" ino=9545 scontext=u:r:mediaserver:s0 tcontext=u:r:system_server:s0 tclass=file permissive=1
01-01 03:00:12.506   199   199 I Binder:199_1: type=1400 audit(0.0:38): avc: denied { open } for path="/proc/405/cmdline" dev="proc" ino=9545 scontext=u:r:mediaserver:s0 tcontext=u:r:system_server:s0 tclass=file permissive=1
01-01 03:00:12.508   199   253 I MediaPlayerService: processName cmdline:/proc/405/cmdline
01-01 03:00:12.514   617   617 V SystemUIService: Starting SystemUI services for user 0.
01-01 03:00:12.523   199   726 E WVMExtractor: Failed to open libwvm.so: dlopen failed: library "libwvm.so" not found
01-01 03:00:12.533   617   617 D lvjinhua:  Failed while trying resolve alarm filter file, not exists
01-01 03:00:12.540   154   180 D Vold    : Running /system/bin/e2fsck on /dev/block/vold/public:8,1
01-01 03:00:12.540   154   180 V vold    : /system/bin/e2fsck
01-01 03:00:12.540   154   180 V vold    :     -y
01-01 03:00:12.540   154   180 V vold    :     /dev/block/vold/public:8,1
01-01 03:00:12.546   617   617 V MediaRouter: Adding route: RouteInfo{ name=Phone, description=null, status=null, category=RouteCategory{ name=null types=ROUTE_TYPE_LIVE_AUDIO ROUTE_TYPE_LIVE_VIDEO  groupable=false }, supportedTypes=ROUTE_TYPE_LIVE_AUDIO ROUTE_TYPE_LIVE_VIDEO , presentationDisplay=null }
01-01 03:00:12.554   199   724 D NuPlayerDriver: notifyListener_l(0xed020a80), (1, 0, 0), loop setting(0, 0)
01-01 03:00:12.555   405   405 D MediaPlayer: setSubtitleAnchor in MediaPlayer
01-01 03:00:12.555   617   617 V MediaRouter: Updating audio routes: AudioRoutesInfo{ type=SPEAKER }
01-01 03:00:12.559   617   617 V MediaRouter: Selecting route: RouteInfo{ name=Phone, description=null, status=null, category=RouteCategory{ name=null types=ROUTE_TYPE_LIVE_AUDIO ROUTE_TYPE_LIVE_VIDEO  groupable=false }, supportedTypes=ROUTE_TYPE_LIVE_AUDIO ROUTE_TYPE_LIVE_VIDEO , presentationDisplay=null }
01-01 03:00:12.564   405   405 D Ringtone: Successfully created local player
01-01 03:00:12.564   199   698 D NuPlayerDriver: reset(0xed020a80) at state 4
01-01 03:00:12.564   199   698 D NuPlayerDriver: notifyListener_l(0xed020a80), (8, 0, 0), loop setting(0, 0)
01-01 03:00:12.565   199   724 D NuPlayerDriver: notifyResetComplete(0xed020a80)
01-01 03:00:12.567   199   725 D NuPlayerDriver: reset(0xed020a80) at state 0
01-01 03:00:12.570   727   727 I e2fsck  : type=1400 audit(0.0:39): avc: denied { getattr } for path="/dev/block/vold/public:8,1" dev="tmpfs" ino=1816 scontext=u:r:fsck:s0 tcontext=u:object_r:vold_device:s0 tclass=blk_file permissive=1
01-01 03:00:12.570   727   727 I e2fsck  : type=1400 audit(0.0:40): avc: denied { getattr } for path="/dev/block/zram0" dev="tmpfs" ino=4775 scontext=u:r:fsck:s0 tcontext=u:object_r:zram_device:s0 tclass=blk_file permissive=1
01-01 03:00:12.570   727   727 I e2fsck  : type=1400 audit(0.0:41): avc: denied { read } for name="public:8,1" dev="tmpfs" ino=1816 scontext=u:r:fsck:s0 tcontext=u:object_r:vold_device:s0 tclass=blk_file permissive=1
01-01 03:00:12.570   727   727 I e2fsck  : type=1400 audit(0.0:42): avc: denied { open } for path="/dev/block/vold/public:8,1" dev="tmpfs" ino=1816 scontext=u:r:fsck:s0 tcontext=u:object_r:vold_device:s0 tclass=blk_file permissive=1
01-01 03:00:12.570   727   727 I e2fsck  : type=1400 audit(0.0:43): avc: denied { write } for name="public:8,1" dev="tmpfs" ino=1816 scontext=u:r:fsck:s0 tcontext=u:object_r:vold_device:s0 tclass=blk_file permissive=1
01-01 03:00:12.570   727   727 I e2fsck  : type=1400 audit(0.0:44): avc: denied { ioctl } for path="/dev/block/vold/public:8,1" dev="tmpfs" ino=1816 ioctlcmd=127c scontext=u:r:fsck:s0 tcontext=u:object_r:vold_device:s0 tclass=blk_file permissive=1
01-01 03:00:12.570   154   180 I e2fsck  : e2fsck 1.42.9 (28-Dec-2013)
01-01 03:00:12.573   199   199 I Binder:199_2: type=1400 audit(0.0:45): avc: denied { read } for name="cmdline" dev="proc" ino=9545 scontext=u:r:mediaserver:s0 tcontext=u:r:system_server:s0 tclass=file permissive=1
01-01 03:00:12.573   199   199 I Binder:199_2: type=1400 audit(0.0:46): avc: denied { open } for path="/proc/405/cmdline" dev="proc" ino=9545 scontext=u:r:mediaserver:s0 tcontext=u:r:system_server:s0 tclass=file permissive=1
01-01 03:00:12.575   199   698 I MediaPlayerService: processName cmdline:/proc/405/cmdline
01-01 03:00:12.585   199   199 I MediaPlayerService: MediaPlayerService::getOMX
01-01 03:00:12.586   199   199 I OMXClient: MuxOMX ctor
01-01 03:00:12.586   196   196 I OMXMaster: makeComponentInstance(OMX.google.vorbis.decoder) in mediacodec process
01-01 03:00:12.590   617   617 V FingerprintManager: FingerprintManagerService was null
01-01 03:00:12.593   617   617 W FingerprintManager: isFingerprintHardwareDetected(): Service not connected!
01-01 03:00:12.593   617   617 W FingerprintManager: addLockoutResetCallback(): Service not connected!
01-01 03:00:12.599   199   729 D NuPlayerDriver: notifyListener_l(0xed020a80), (1, 0, 0), loop setting(0, 0)
01-01 03:00:12.600   405   405 D MediaPlayer: setSubtitleAnchor in MediaPlayer
01-01 03:00:12.602   405   405 D Ringtone: Successfully created local player
01-01 03:00:12.604   199   698 D NuPlayerDriver: start(0xed020a80), state is 4, eos is 0
01-01 03:00:12.604   199   729 I GenericSource: start
01-01 03:00:12.616   199   745 I MediaCodec: callingProcessName:system_server
01-01 03:00:12.619   405   405 D ConditionProviders.SCP: onSubscribe condition://android/schedule?days=6.7&start=23.30&end=10.0&exitAtAlarm=false
01-01 03:00:12.619   617   742 E WVMExtractor: Failed to open libwvm.so: dlopen failed: library "libwvm.so" not found
01-01 03:00:12.620   405   405 D ConditionProviders.SCP: setRegistered true
01-01 03:00:12.621   405   405 D ConditionProviders.SCP: notifyCondition condition://android/schedule?days=6.7&start=23.30&end=10.0&exitAtAlarm=false STATE_FALSE reason=!meetsSchedule
01-01 03:00:12.643   677   677 I art     : System.exit called, status: 0
01-01 03:00:12.643   677   677 I AndroidRuntime: VM exiting with result code 0, cleanup skipped.
01-01 03:00:12.661   617   742 I MediaCodec: callingProcessName:com.android.systemui
01-01 03:00:12.681   199   199 I MediaPlayerService: MediaPlayerService::getOMX
01-01 03:00:12.683   199   199 I OMXClient: MuxOMX ctor
01-01 03:00:12.683   196   218 I OMXMaster: makeComponentInstance(OMX.google.opus.decoder) in mediacodec process
01-01 03:00:12.688   405   405 I System  : Loaded time zone names for "" in 65ms (62ms in ICU)
01-01 03:00:12.700   664   664 I art     : System.exit called, status: 0
01-01 03:00:12.700   664   664 I AndroidRuntime: VM exiting with result code 0, cleanup skipped.
01-01 03:00:12.718   405   405 I System  : Loaded time zone names for "en_US" in 29ms (26ms in ICU)
01-01 03:00:12.719   405   405 D ConditionProviders.SCP: Scheduling evaluate for Thu Jan 01 10:00:00 GMT+03:00 1970 (25200000), in +6h59m47s380ms, now=Thu Jan 01 03:00:12 GMT+03:00 1970 (12620)
01-01 03:00:12.719   405   405 D ConditionProviders.SCP: onSubscribe condition://android/schedule?days=1.2.3.4.5&start=22.0&end=7.0&exitAtAlarm=false
01-01 03:00:12.721   405   405 D ConditionProviders.SCP: notifyCondition condition://android/schedule?days=6.7&start=23.30&end=10.0&exitAtAlarm=false STATE_FALSE reason=!meetsSchedule
01-01 03:00:12.721   405   405 D ConditionProviders.SCP: notifyCondition condition://android/schedule?days=1.2.3.4.5&start=22.0&end=7.0&exitAtAlarm=false STATE_TRUE reason=meetsSchedule
01-01 03:00:12.722   405   405 D ConditionProviders.SCP: Scheduling evaluate for Thu Jan 01 07:00:00 GMT+03:00 1970 (14400000), in +3h59m47s280ms, now=Thu Jan 01 03:00:12 GMT+03:00 1970 (12720)
01-01 03:00:12.723   405   405 W ContextImpl: Calling a method in the system process without a qualified user: android.app.ContextImpl.startService:1357 com.android.server.content.SyncManager$13.run:658 android.os.Handler.handleCallback:755 android.os.Handler.dispatchMessage:95 android.os.Looper.loop:154 
01-01 03:00:12.729   405   405 D ZenLog  : config: conditionChanged,ZenModeConfig[user=0,allowCalls=true,allowRepeatCallers=false,allowMessages=false,allowCallsFrom=contacts,allowMessagesFrom=contacts,allowReminders=true,allowEvents=true,allowWhenScreenOff=true,allowWhenScreenOn=true,automaticRules={25a6dd96a24b4df6bd3088c7e3097477=ZenRule[enabled=false,snoozing=false,name=Weekend,zenMode=ZEN_MODE_ALARMS,conditionId=condition://android/schedule?days=6.7&start=23.30&end=10.0&exitAtAlarm=false,condition=Condition[id=condition://android/schedule?days=6.7&start=23.30&end=10.0&exitAtAlarm=false,summary=...,line1=...,line2=...,icon=0,state=STATE_FALSE,flags=2],component=ComponentInfo{android/com.android.server.notification.ScheduleConditionProvider},id=25a6dd96a24b4df6bd3088c7e3097477,creationTime=171343,enabler=null], a39688c18c6949eb93d2d819ff254056=ZenRule[enabled=false,snoozing=false,name=Weeknight,zenMode=ZEN_MODE_ALARMS,conditionId=condition://android/schedule?days=1.2.3.4.5&start=22.0&end=7.0&exitAtAlarm=false,condition=Condition[id=condition://android/schedule?days=1.2.3.4.5&start=22.0&end=7.0&exitAtAlarm=false,summary=...,line1=...,line2=...,icon=0,state=STATE_TRUE,flags=2],component=ComponentInfo{android/com.android.server.notification.ScheduleConditionProvider},id=a39688c18c6949eb93d2d819ff254056,creationTime=171343,enabler=null], 5d561a952c594803b5e4af64eefc6361=ZenRule[enabled=false,snoozing=false,name=Event,zenMode=ZEN_MODE_ALARMS,conditionId=condition://android/event?userId=-10000&calendar=&reply=1,condition=Condition[id=condition://android/event?userId=-10000&calendar=&reply=1,summary=...,line1=...,line2=...,icon=0,state=STATE_FALSE,flags=2],component=ComponentInfo{android/com.android.server.notification.EventConditionProvider},id=5d561a952c594803b5e4af64eefc6361,creationTime=171344,enabler=null]},manualRule=null],Diff[automaticRule[a39688c18c6949eb93d2d819ff254056].condition:Condition[id=condition://android/schedule?days=1.2.3.4.5&start=22.0&end=7.0&exitAtAlarm=false,summary=...,line1=...,line2=...,icon=0,state=STATE_FALSE,flags=2]->Condition[id=condition://android/schedule?days=1.2.3.4.5&start=22.0&end=7.0&exitAtAlarm=false,summary=...,line1=...,line2=...,icon=0,state=STATE_TRUE,flags=2]]
01-01 03:00:12.736   617   617 I vol.Events: writeEvent collection_started
01-01 03:00:12.744   617   617 W Vibrator: Failed to vibrate; no vibrator service.
01-01 03:00:12.756   405   405 D ZenLog  : set_zen_mode: off,conditionChanged
01-01 03:00:12.789   199   199 I MediaPlayerService: MediaPlayerService::getOMX
01-01 03:00:12.790   199   199 I OMXClient: MuxOMX ctor
01-01 03:00:12.791   196   196 I OMXMaster: makeComponentInstance(OMX.google.raw.decoder) in mediacodec process
01-01 03:00:12.791   405   479 W NetworkManagement: setDataSaverMode(): already false
01-01 03:00:12.793   405   478 I SyncManager: Got SyncJobService instance.
01-01 03:00:12.796   199   199 I MediaPlayerService: MediaPlayerService::getOMX
01-01 03:00:12.797   199   199 I OMXClient: MuxOMX ctor
01-01 03:00:12.797   196   196 I OMXMaster: makeComponentInstance(OMX.google.aac.encoder) in mediacodec process
01-01 03:00:12.812   199   199 I MediaPlayerService: MediaPlayerService::getOMX
01-01 03:00:12.812   199   199 I OMXClient: MuxOMX ctor
01-01 03:00:12.813   196   196 I OMXMaster: makeComponentInstance(OMX.google.amrnb.encoder) in mediacodec process
01-01 03:00:12.821   199   199 I MediaPlayerService: MediaPlayerService::getOMX
01-01 03:00:12.822   199   199 I OMXClient: MuxOMX ctor
01-01 03:00:12.822   196   196 I OMXMaster: makeComponentInstance(OMX.google.amrwb.encoder) in mediacodec process
01-01 03:00:12.834   199   199 I MediaPlayerService: MediaPlayerService::getOMX
01-01 03:00:12.835   199   199 I OMXClient: MuxOMX ctor
01-01 03:00:12.835   196   196 I OMXMaster: makeComponentInstance(OMX.google.flac.encoder) in mediacodec process
01-01 03:00:12.906   199   199 I MediaPlayerService: MediaPlayerService::getOMX
01-01 03:00:12.907   199   199 I OMXClient: MuxOMX ctor
01-01 03:00:12.907   196   703 I OMXMaster: makeComponentInstance(OMX.rk.video_decoder.avc) in mediacodec process
01-01 03:00:12.908   196   703 E ROCKCHIP_RM: Rockchip_OMX_Check_Resource(282): pRockchipComponent->codecType 1, Line:282
01-01 03:00:12.910   405   479 D NetworkPolicy: setRestrictBackgroundUL(): false
01-01 03:00:12.911   405   479 W NetworkManagement: setDataSaverMode(): already false
01-01 03:00:12.922   199   199 W ACodec  : [OMX.rk.video_decoder.avc] stopping checking profiles after 32: 8/1
01-01 03:00:12.922   196   703 E ROCKCHIP_VIDEO_DECCONTROL: Rkvpu_OMX_GetExtensionIndex(1959): OMX_IndexParamdescribeColorFormat get 
01-01 03:00:12.924   196   218 E ROCKCHIP_VIDEO_DECCONTROL: Rkvpu_OMX_GetExtensionIndex(1959): OMX_IndexParamdescribeColorFormat get 
01-01 03:00:12.926   196   702 E OMXNodeInstance: getExtensionIndex(c4000e:rk._decoder.avc, OMX.google.android.index.configureVideoTunnelMode) ERROR: BadParameter(0x80001005)
01-01 03:00:12.927   196   218 W OMXNodeInstance: [c4000e:rk._decoder.avc] component does not support metadata mode; using fallback
01-01 03:00:12.930   199   199 I MediaPlayerService: MediaPlayerService::getOMX
01-01 03:00:12.931   199   199 I OMXClient: MuxOMX ctor
01-01 03:00:12.932   196   218 I OMXMaster: makeComponentInstance(OMX.rk.video_decoder.m2v) in mediacodec process
01-01 03:00:12.933   196   218 E ROCKCHIP_RM: Rockchip_OMX_Check_Resource(282): pRockchipComponent->codecType 1, Line:282
01-01 03:00:12.934   196   218 E ROCKCHIP_VIDEO_DECCONTROL: Rkvpu_OMX_GetExtensionIndex(1959): OMX_IndexParamdescribeColorFormat get 
01-01 03:00:12.936   196   702 E ROCKCHIP_VIDEO_DECCONTROL: Rkvpu_OMX_GetExtensionIndex(1959): OMX_IndexParamdescribeColorFormat get 
01-01 03:00:12.937   196   196 E OMXNodeInstance: getExtensionIndex(c4000f:rk._decoder.m2v, OMX.google.android.index.configureVideoTunnelMode) ERROR: BadParameter(0x80001005)
01-01 03:00:12.937   196   702 W OMXNodeInstance: [c4000f:rk._decoder.m2v] component does not support metadata mode; using fallback
01-01 03:00:12.939   617   761 I vol.Events: writeEvent level_changed STREAM_ALARM 6
01-01 03:00:12.940   199   199 I MediaPlayerService: MediaPlayerService::getOMX
01-01 03:00:12.941   199   199 I OMXClient: MuxOMX ctor
01-01 03:00:12.941   196   702 I OMXMaster: makeComponentInstance(OMX.rk.video_decoder.vp8) in mediacodec process
01-01 03:00:12.941   617   761 I vol.Events: writeEvent level_changed STREAM_BLUETOOTH_SCO 7
01-01 03:00:12.942   196   702 E ROCKCHIP_RM: Rockchip_OMX_Check_Resource(282): pRockchipComponent->codecType 1, Line:282
01-01 03:00:12.943   196   702 E ROCKCHIP_VIDEO_DECCONTROL: Rkvpu_OMX_GetExtensionIndex(1959): OMX_IndexParamdescribeColorFormat get 
01-01 03:00:12.944   196   196 E ROCKCHIP_VIDEO_DECCONTROL: Rkvpu_OMX_GetExtensionIndex(1959): OMX_IndexParamdescribeColorFormat get 
01-01 03:00:12.945   196   703 E OMXNodeInstance: getExtensionIndex(c40010:rk._decoder.vp8, OMX.google.android.index.configureVideoTunnelMode) ERROR: BadParameter(0x80001005)
01-01 03:00:12.945   617   761 I vol.Events: writeEvent level_changed STREAM_MUSIC 11
01-01 03:00:12.945   196   196 W OMXNodeInstance: [c40010:rk._decoder.vp8] component does not support metadata mode; using fallback
01-01 03:00:12.953   199   199 I MediaPlayerService: MediaPlayerService::getOMX
01-01 03:00:12.953   617   761 I vol.Events: writeEvent level_changed STREAM_RING 7
01-01 03:00:12.953   199   199 I OMXClient: MuxOMX ctor
01-01 03:00:12.954   196   196 I OMXMaster: makeComponentInstance(OMX.rk.video_decoder.h263) in mediacodec process
01-01 03:00:12.954   196   196 E ROCKCHIP_RM: Rockchip_OMX_Check_Resource(282): pRockchipComponent->codecType 1, Line:282
01-01 03:00:12.955   617   761 I vol.Events: writeEvent level_changed STREAM_SYSTEM 2
01-01 03:00:12.959   196   196 E ROCKCHIP_VIDEO_DECCONTROL: Rkvpu_OMX_GetExtensionIndex(1959): OMX_IndexParamdescribeColorFormat get 
