06-27 21:11:19.360  1445  1551 W art     : Long monitor contention with owner cling-21 (1529) at boolean org.fourthline.cling.registry.RegistryImpl.update(org.fourthline.cling.model.meta.RemoteDeviceIdentity)(RegistryImpl.java:-1) waiters=5 in boolean org.fourthline.cling.registry.RegistryImpl.update(org.fourthline.cling.model.meta.RemoteDeviceIdentity) for 289ms
06-27 21:11:19.384   890   906 W Conscrypt: 	at com.google.android.gms.org.conscrypt.Platform.setSocketWriteTimeout(:com.google.android.gms@17785019@17.7.85 (040400-253824076):2)
06-27 21:11:19.384   890   906 W Conscrypt: 	at com.google.android.gms.org.conscrypt.ConscryptFileDescriptorSocket.setSoWriteTimeout(:com.google.android.gms@17785019@17.7.85 (040400-253824076):2)
06-27 21:11:19.395   890  1503 E LockboxBrokerService: Could not connect to UDC
06-27 21:11:19.437   890   906 W Conscrypt: Could not set socket write timeout: java.net.SocketException: Socket closed
06-27 21:11:19.438   890   906 W Conscrypt: 	at com.google.android.gms.org.conscrypt.Platform.setSocketWriteTimeout(:com.google.android.gms@17785019@17.7.85 (040400-253824076):2)
06-27 21:11:19.438   890   906 W Conscrypt: 	at com.google.android.gms.org.conscrypt.ConscryptFileDescriptorSocket.setSoWriteTimeout(:com.google.android.gms@17785019@17.7.85 (040400-253824076):2)
06-27 21:11:19.488  1131  1777 I SubscribedFeeds: Collected 11 certs in 172ms
06-27 21:11:19.508  1445  1537 W art     : Long monitor contention with owner cling-21 (1529) at boolean org.fourthline.cling.registry.RegistryImpl.update(org.fourthline.cling.model.meta.RemoteDeviceIdentity)(RegistryImpl.java:-1) waiters=11 in boolean org.fourthline.cling.registry.RegistryImpl.removeDevice(org.fourthline.cling.model.meta.RemoteDevice) for 335ms
06-27 21:11:19.519  1644  1664 I chatty  : uid=10014(com.android.vending) expire 1 line
06-27 21:11:19.530  1131  1218 I TelephonySpam: SpamListSync - scheduleOneTimeTask
06-27 21:11:19.538  1131  1218 I TelephonySpam: ShortCodeSync - Schedule Short Code Sync Tasks
06-27 21:11:19.538  1131  1218 I TelephonySpam: ShortCodeSync - Schedule Short Code Periodic Task
06-27 21:11:19.565  1131  1218 I TelephonySpam: ShortCodeSync - Schedule Short Code One Time Task
06-27 21:11:19.568   890   890 I ChimeraSrvcProxy: com.google.android.gms.chimera.PersistentBoundBrokerService returning NullBinder for action com.google.android.gms.ipa.mediastoreindexer.PERSISTENT_START
06-27 21:11:19.608   890   890 I ChimeraSrvcProxy: com.google.android.gms.chimera.PersistentBoundBrokerService returning NullBinder for action com.google.android.gms.ipa.smsindexer.PERSISTENT_START
06-27 21:11:19.700  1445  1545 W art     : Long monitor contention with owner cling-21 (1529) at boolean org.fourthline.cling.registry.RegistryImpl.update(org.fourthline.cling.model.meta.RemoteDeviceIdentity)(RegistryImpl.java:-1) waiters=8 in boolean org.fourthline.cling.registry.RegistryImpl.update(org.fourthline.cling.model.meta.RemoteDeviceIdentity) for 587ms
06-27 21:11:19.724  1783  1783 W DynamiteModule: Local module descriptor class for providerinstaller not found.
06-27 21:11:19.728   890   890 E BluetoothAdapter: Bluetooth binder is null
06-27 21:11:19.728   890   890 E BluetoothAdapter: Bluetooth binder is null
06-27 21:11:19.731   890   890 E BluetoothAdapter: Bluetooth binder is null
06-27 21:11:19.740   890   890 E BluetoothAdapter: Bluetooth binder is null
06-27 21:11:19.740  1783  1783 W ProviderHelper: Unknown dynamite feature providerinstaller
06-27 21:11:19.742   890   890 E BluetoothAdapter: Bluetooth binder is null
06-27 21:11:19.742   890   890 E BluetoothAdapter: Bluetooth binder is null
06-27 21:11:19.746   890   890 E BluetoothAdapter: Bluetooth binder is null
06-27 21:11:19.746   890   890 E BluetoothAdapter: Bluetooth binder is null
06-27 21:11:19.748  1783  1783 I DynamiteModule: Considering local module providerinstaller:0 and remote module providerinstaller:0
06-27 21:11:19.749  1783  1783 W ProviderInstaller: Failed to load providerinstaller module: No acceptable module found. Local version is 0 and remote version is 0.
06-27 21:11:19.750   890   890 E BluetoothAdapter: Bluetooth binder is null
06-27 21:11:19.751   890   890 E BluetoothAdapter: Bluetooth binder is null
06-27 21:11:19.752  1131  1577 I TelephonySpam: TelephonySpamInit - Creating a looper to listen to call state changes.
06-27 21:11:19.753   890   890 E BluetoothAdapter: Bluetooth binder is null
06-27 21:11:19.753   890   890 E BluetoothAdapter: Bluetooth binder is null
06-27 21:11:19.760  1783  1783 V NativeCrypto: Registering com/google/android/gms/org/conscrypt/NativeCrypto's 284 native methods...
06-27 21:11:19.809  1445  1527 W iceDescriptorBinderImpl: Removing leading garbage didn't work: Can't parse device type string (namespace/type/version): urn:dial-multiscreen-org:service:dial:1
06-27 21:11:19.813  1783  1783 D NetworkSecurityConfig: Using Network Security Config from resource network_security_config debugBuild: false
06-27 21:11:19.816  1445  1527 W trieveRemoteDescriptors: Could not hydrate device or its services from descriptor: (RemoteDevice) Identity: (RemoteDeviceIdentity) UDN: uuid:b3ba70e0-c7c4-4f76-abd6-aedd12d4df47, Descriptor: http://192.168.1.10:1962/, Root: true
06-27 21:11:19.829  1783  1783 I ProviderInstaller: Installed default security provider GmsCore_OpenSSL
06-27 21:11:19.832  1445  1527 W trieveRemoteDescriptors: Cause was: org.fourthline.cling.model.types.InvalidValueException: Can't parse device type string (namespace/type/version): urn:dial-multiscreen-org:service:dial:1
06-27 21:11:19.847  1131  1777 I UdcContextInitChimeraSe: Scheduling context registration change job.
06-27 21:11:19.850  1644  1756 I chatty  : uid=10014(com.android.vending) expire 6 lines
06-27 21:11:19.860   890   905 W art     : Suspending all threads took: 25.006ms
06-27 21:11:19.878   890   890 I rcs     : [RcsBindingManager] Checking if we should rebind to previous service. Attempt 0
06-27 21:11:19.878   890   890 I rcs     : [RcsBindingManager] No valid settings for binding.
06-27 21:11:19.892   890  1653 I NetRec  : [127] BootCompletedOrAppUpdatedIntentOperation.onHandleIntent: onBootCompleted()
06-27 21:11:19.941   890   905 I art     : Background sticky concurrent mark sweep GC freed 44368(4MB) AllocSpace objects, 19(628KB) LOS objects, 24% free, 8MB/11MB, paused 31.631ms total 387.781ms
06-27 21:11:19.979  1783  1783 W Primes  : Primes not initialized, returning default (no-op) Primes instance which will ignore all calls. Please call Primes.initialize(...) before using any Primes API.
06-27 21:11:20.057  1131  1203 I Vision  : Supported ABIS: [arm64-v8a, armeabi-v7a, armeabi]
06-27 21:11:20.091  1644  1742 I chatty  : uid=10014(com.android.vending) expire 6 lines
06-27 21:11:20.188   890  1653 I NetRec  : [127] BootCompletedOrAppUpdatedIntentOperation.onHandleIntent: Scheduling CleanupDatabaseTask
06-27 21:11:20.198   890   890 I Wear_Controller: Wear requires a companion app to be installed.
06-27 21:11:20.198   890   890 I WearableService: onCreate: Wearable Services not starting. Wear is not available on this device.
06-27 21:11:20.216  1131  1556 I Wear_Controller: Wear requires a companion app to be installed.
06-27 21:11:20.216  1131  1556 I Wear_Controller: onStartup - Wear is not available on this device.
06-27 21:11:20.229   890  1653 I NetRec  : [127] alcm.b: onConfigChanged()
06-27 21:11:20.256   890  1835 W WearableService: onGetService: Wear is not available on this device.
06-27 21:11:20.263   890  1653 I NetRec  : [127] alcm.b: Cancelling all NetRec GCM tasks
06-27 21:11:20.279  1131  1775 E MDM     : [201] agur.a: Couldn't connect to Google API client: rem{statusCode=API_UNAVAILABLE, resolution=null, message=null}
06-27 21:11:20.399  1468  1468 D Device  : Say byebye on 192.168.1.200
06-27 21:11:20.468  1445  1457 W art     : Suspending all threads took: 20.446ms
06-27 21:11:20.488   890   890 D lvjinhua:  Failed while trying resolve alarm filter file, not exists
06-27 21:11:20.514   426   454 I chatty  : uid=1000(system) Binder:426_1 expire 2 lines
06-27 21:11:20.525  1445  1545 W iceDescriptorBinderImpl: Regular parsing failed: Can't parse device type string (namespace/type/version): urn:dial-multiscreen-org:service:dial:1
06-27 21:11:20.546  1445  1545 W iceDescriptorBinderImpl: Removing leading garbage didn't work: Can't parse device type string (namespace/type/version): urn:dial-multiscreen-org:service:dial:1
06-27 21:11:20.606   890  1249 E EasyUnlock: [HostValidator] Error getting synced metadata.
06-27 21:11:20.606   890  1249 E EasyUnlock: java.util.concurrent.TimeoutException: Timed out waiting for Task
06-27 21:11:20.606   890  1249 E EasyUnlock: 	at avgu.a(:com.google.android.gms@17785019@17.7.85 (040400-253824076):19)
06-27 21:11:20.606   890  1249 E EasyUnlock: 	at jdd.a(:com.google.android.gms@17785019@17.7.85 (040400-253824076):12)
06-27 21:11:20.606   890  1249 E EasyUnlock: 	at jdd.a(:com.google.android.gms@17785019@17.7.85 (040400-253824076):6)
06-27 21:11:20.606   890  1249 E EasyUnlock: 	at com.google.android.gms.auth.easyunlock.config.EasyUnlockSupportReporterIntentOperation.onHandleIntent(:com.google.android.gms@17785019@17.7.85 (040400-253824076):9)
06-27 21:11:20.606   890  1249 E EasyUnlock: 	at com.google.android.chimera.IntentOperation.onHandleIntent(:com.google.android.gms@17785019@17.7.85 (040400-253824076):2)
06-27 21:11:20.606   890  1249 E EasyUnlock: 	at qmh.onHandleIntent(:com.google.android.gms@17785019@17.7.85 (040400-253824076):4)
06-27 21:11:20.606   890  1249 E EasyUnlock: 	at efy.run(:com.google.android.gms@17785019@17.7.85 (040400-253824076):10)
06-27 21:11:20.606   890  1249 E EasyUnlock: 	at efx.run(:com.google.android.gms@17785019@17.7.85 (040400-253824076):9)
06-27 21:11:20.606   890  1249 E EasyUnlock: 	at java.util.concurrent.ThreadPoolExecutor.runWorker(ThreadPoolExecutor.java:1133)
06-27 21:11:20.606   890  1249 E EasyUnlock: 	at java.util.concurrent.ThreadPoolExecutor$Worker.run(ThreadPoolExecutor.java:607)
06-27 21:11:20.606   890  1249 E EasyUnlock: 	at java.lang.Thread.run(Thread.java:761)
06-27 21:11:20.612   890  1123 W GCoreFlp: No location to return for getLastLocation()
06-27 21:11:20.655   890  1578 E LockboxBrokerService: Could not connect to UDC
06-27 21:11:20.681  1445  1545 W trieveRemoteDescriptors: Could not hydrate device or its services from descriptor: (RemoteDevice) Identity: (RemoteDeviceIdentity) UDN: uuid:b3ba70e0-c7c4-4f76-abd6-aedd12d4df47, Descriptor: http://192.168.1.10:1962/, Root: true
06-27 21:11:20.682  1445  1545 W trieveRemoteDescriptors: Cause was: org.fourthline.cling.model.types.InvalidValueException: Can't parse device type string (namespace/type/version): urn:dial-multiscreen-org:service:dial:1
06-27 21:11:20.715  1644  1828 I chatty  : uid=10014(com.android.vending) expire 1 line
06-27 21:11:20.738   426   481 I ActivityManager: Waited long enough for: ServiceRecord{863b8de u0 android.rockchip.update.service/.RKUpdateService}
06-27 21:11:20.827   890  1827 I aofg    : updateFromConfigurations using legacy put method [CONTEXT service_id=204 ]
06-27 21:11:20.899   890  1863 I NetRec  : [161] ClearDatabaseService.onHandleIntent: Clearing score cache
06-27 21:11:20.916   890  1578 D lvjinhua:  Failed while trying resolve alarm filter file, not exists
06-27 21:11:20.936  1131  1777 I Vision  : Details: ocr_arm64_v8a.zip, eef0f328b471a7ddd7197ba013d6462194ac8566
06-27 21:11:20.947  1445  1514 W iceDescriptorBinderImpl: Regular parsing failed: Can't parse device type string (namespace/type/version): urn:dial-multiscreen-org:service:dial:1
06-27 21:11:20.956  1131  1777 I Vision  : Engine already satisfied by existing download for ocr
06-27 21:11:21.091   890  1826 I GCoreUlr: Starting service, intent=Intent { act=com.google.android.location.reporting.ACTION_UPDATE_WORLD cmp=com.google.android.gms/com.google.android.location.reporting.service.DispatchingService (has extras) }, extras=Bundle[{receiverAction=init, is_boot=true}]
06-27 21:11:21.093  1445  1514 W iceDescriptorBinderImpl: Removing leading garbage didn't work: Can't parse device type string (namespace/type/version): urn:dial-multiscreen-org:service:dial:1
06-27 21:11:21.149  1445  1514 W trieveRemoteDescriptors: Could not hydrate device or its services from descriptor: (RemoteDevice) Identity: (RemoteDeviceIdentity) UDN: uuid:b3ba70e0-c7c4-4f76-abd6-aedd12d4df47, Descriptor: http://192.168.1.10:1962/, Root: true
06-27 21:11:21.149  1445  1514 W trieveRemoteDescriptors: Cause was: org.fourthline.cling.model.types.InvalidValueException: Can't parse device type string (namespace/type/version): urn:dial-multiscreen-org:service:dial:1
06-27 21:11:21.175  1445  1544 W iceDescriptorBinderImpl: Regular parsing failed: Can't parse device type string (namespace/type/version): urn:dial-multiscreen-org:service:dial:1
06-27 21:11:21.179   890  1650 I UdcContextInitChimeraSe: Scheduling UDC settings cache sync.
06-27 21:11:21.187   426  1718 I chatty  : uid=1000(system) Binder:426_A expire 1 line
06-27 21:11:21.187   426  1198 I chatty  : uid=1000(system) Binder:426_6 expire 1 line
06-27 21:11:21.189   426   426 I chatty  : uid=1000 system_server expire 1 line
06-27 21:11:21.190   426   687 I chatty  : uid=1000(system) Binder:426_5 expire 1 line
06-27 21:11:21.191   426   682 I chatty  : uid=1000(system) Binder:426_4 expire 1 line
06-27 21:11:21.209   890  1650 I UdcContextInitChimeraSe: Scheduling UDC periodic settings cache sync.
06-27 21:11:21.233   890  1210 E EasyUnlock: [HostValidator] Error getting feature enabled state.
06-27 21:11:21.233   890  1210 E EasyUnlock: java.util.concurrent.TimeoutException: Timed out waiting for Task
06-27 21:11:21.233   890  1210 E EasyUnlock: 	at avgu.a(:com.google.android.gms@17785019@17.7.85 (040400-253824076):19)
06-27 21:11:21.233   890  1210 E EasyUnlock: 	at jdd.b(:com.google.android.gms@17785019@17.7.85 (040400-253824076):4)
06-27 21:11:21.233   890  1210 E EasyUnlock: 	at jcp.a(:com.google.android.gms@17785019@17.7.85 (040400-253824076):2)
06-27 21:11:21.233   890  1210 E EasyUnlock: 	at jcp.run(:com.google.android.gms@17785019@17.7.85 (040400-253824076):6)
06-27 21:11:21.233   890  1210 E EasyUnlock: 	at java.util.concurrent.Executors$RunnableAdapter.call(Executors.java:428)
06-27 21:11:21.233   890  1210 E EasyUnlock: 	at java.util.concurrent.FutureTask.run(FutureTask.java:237)
06-27 21:11:21.233   890  1210 E EasyUnlock: 	at squ.b(:com.google.android.gms@17785019@17.7.85 (040400-253824076):37)
06-27 21:11:21.233   890  1210 E EasyUnlock: 	at squ.run(:com.google.android.gms@17785019@17.7.85 (040400-253824076):21)
06-27 21:11:21.233   890  1210 E EasyUnlock: 	at java.util.concurrent.ThreadPoolExecutor.runWorker(ThreadPoolExecutor.java:1133)
06-27 21:11:21.233   890  1210 E EasyUnlock: 	at java.util.concurrent.ThreadPoolExecutor$Worker.run(ThreadPoolExecutor.java:607)
06-27 21:11:21.233   890  1210 E EasyUnlock: 	at swz.run(:com.google.android.gms@17785019@17.7.85 (040400-253824076))
06-27 21:11:21.233   890  1210 E EasyUnlock: 	at java.lang.Thread.run(Thread.java:761)
06-27 21:11:21.274   890   890 E BluetoothAdapter: Bluetooth binder is null
06-27 21:11:21.276   890   890 D lvjinhua:  Failed while trying resolve alarm filter file, not exists
06-27 21:11:21.288   426   481 I ActivityManager: Waited long enough for: ServiceRecord{ba6c742 u0 com.example.changeled/.ScreenService}
06-27 21:11:21.304   426  1572 I chatty  : uid=1000(system) Binder:426_8 expire 1 line
06-27 21:11:21.313  1131  1804 I Ads     : Successfully received play store parental controls the result.
06-27 21:11:21.334   890   905 I art     : Background sticky concurrent mark sweep GC freed 34722(2MB) AllocSpace objects, 8(184KB) LOS objects, 32% free, 8MB/12MB, paused 3.815ms total 105.157ms
06-27 21:11:21.368   890  1810 I GCoreUlr: WorldUpdater received intent Intent { act=com.google.android.location.reporting.ACTION_UPDATE_WORLD cmp=com.google.android.gms/com.google.android.location.reporting.service.DispatchingService (has extras) } with receiverAction init
06-27 21:11:21.377   890  1650 I aufc    : Maintaining payment bundles [CONTEXT service_id=79 ]
06-27 21:11:21.389   890  1650 I aufc    : Finished maintaining payment bundles [CONTEXT service_id=79 ]
06-27 21:11:21.408   890  1207 W awmy    : Empty context buffer. Thus might mean that the context is not synced down.
06-27 21:11:21.409   890  1207 W awhk    : Empty context model while retrieving upload opt-in status!
06-27 21:11:21.447   890  1207 W awmy    : Empty context buffer. Thus might mean that the context is not synced down.
06-27 21:11:21.447   890  1207 W awhk    : Empty context model while retrieving upload opt-in status!
06-27 21:11:21.501   890  1653 E WorkSourceUtil: Could not find package: com.google.android.gms.stats.eastworld
06-27 21:11:21.527   890  1207 W awmy    : Empty context buffer. Thus might mean that the context is not synced down.
06-27 21:11:21.527   890  1207 W awhk    : Empty context model while retrieving upload opt-in status!
06-27 21:11:21.643   890  1875 W awmy    : Empty context buffer. Thus might mean that the context is not synced down.
06-27 21:11:21.643   890  1875 W awhk    : Empty context model while retrieving upload opt-in status!
06-27 21:11:21.662  1445  1544 W iceDescriptorBinderImpl: Removing leading garbage didn't work: Can't parse device type string (namespace/type/version): urn:dial-multiscreen-org:service:dial:1
06-27 21:11:21.662  1445  1544 W trieveRemoteDescriptors: Could not hydrate device or its services from descriptor: (RemoteDevice) Identity: (RemoteDeviceIdentity) UDN: uuid:b3ba70e0-c7c4-4f76-abd6-aedd12d4df47, Descriptor: http://192.168.1.10:1962/, Root: true
06-27 21:11:21.662  1445  1544 W trieveRemoteDescriptors: Cause was: org.fourthline.cling.model.types.InvalidValueException: Can't parse device type string (namespace/type/version): urn:dial-multiscreen-org:service:dial:1
06-27 21:11:21.811   890  1207 W awmy    : Empty context buffer. Thus might mean that the context is not synced down.
06-27 21:11:21.811   890  1207 W awhk    : Empty context model while retrieving upload opt-in status!
06-27 21:11:21.973   890  1207 W awmy    : Empty context buffer. Thus might mean that the context is not synced down.
06-27 21:11:21.973   890  1207 W awhk    : Empty context model while retrieving upload opt-in status!
06-27 21:11:21.976   890   890 D lvjinhua:  Failed while trying resolve alarm filter file, not exists
06-27 21:11:21.979  1131  1142 I art     : Background partial concurrent mark sweep GC freed 38098(2MB) AllocSpace objects, 39(772KB) LOS objects, 39% free, 8MB/13MB, paused 2.232ms total 111.038ms
06-27 21:11:22.026   890  1620 E aujk    : Error retrieving account [CONTEXT service_id=79 ]
06-27 21:11:22.026   890  1620 E aujk    : java.lang.IllegalStateException: No current tap-and-pay account
06-27 21:11:22.026   890  1620 E aujk    : 	at atod.b(:com.google.android.gms@17785019@17.7.85 (040400-253824076):4)
06-27 21:11:22.026   890  1620 E aujk    : 	at atod.a(:com.google.android.gms@17785019@17.7.85 (040400-253824076):1)
06-27 21:11:22.026   890  1620 E aujk    : 	at aujk.a(:com.google.android.gms@17785019@17.7.85 (040400-253824076):82)
06-27 21:11:22.026   890  1620 E aujk    : 	at com.google.android.gms.tapandpay.gcmtask.TapAndPayGcmTaskChimeraService.a(:com.google.android.gms@17785019@17.7.85 (040400-253824076):3)
06-27 21:11:22.026   890  1620 E aujk    : 	at com.google.android.gms.tapandpay.gcmtask.TapAndPayGcmTaskChimeraService.a(:com.google.android.gms@17785019@17.7.85 (040400-253824076):1)
06-27 21:11:22.026   890  1620 E aujk    : 	at atya.e(:com.google.android.gms@17785019@17.7.85 (040400-253824076):6)
06-27 21:11:22.026   890  1620 E aujk    : 	at atya.a(:com.google.android.gms@17785019@17.7.85 (040400-253824076):1)
06-27 21:11:22.026   890  1620 E aujk    : 	at com.google.android.gms.tapandpay.init.TapAndPayInitIntentOperation.onHandleIntent(:com.google.android.gms@17785019@17.7.85 (040400-253824076):4)
06-27 21:11:22.026   890  1620 E aujk    : 	at com.google.android.chimera.IntentOperation.onHandleIntent(:com.google.android.gms@17785019@17.7.85 (040400-253824076):2)
06-27 21:11:22.026   890  1620 E aujk    : 	at qmh.onHandleIntent(:com.google.android.gms@17785019@17.7.85 (040400-253824076):4)
06-27 21:11:22.026   890  1620 E aujk    : 	at efy.run(:com.google.android.gms@17785019@17.7.85 (040400-253824076):10)
06-27 21:11:22.026   890  1620 E aujk    : 	at efx.run(:com.google.android.gms@17785019@17.7.85 (040400-253824076):9)
06-27 21:11:22.026   890  1620 E aujk    : 	at java.util.concurrent.ThreadPoolExecutor.runWorker(ThreadPoolExecutor.java:1133)
06-27 21:11:22.026   890  1620 E aujk    : 	at java.util.concurrent.ThreadPoolExecutor$Worker.run(ThreadPoolExecutor.java:607)
06-27 21:11:22.026   890  1620 E aujk    : 	at java.lang.Thread.run(Thread.java:761)
06-27 21:11:22.103   890   905 I art     : Background partial concurrent mark sweep GC freed 48680(3MB) AllocSpace objects, 13(252KB) LOS objects, 40% free, 8MB/13MB, paused 6.623ms total 136.929ms
06-27 21:11:22.119  1445  1541 W iceDescriptorBinderImpl: Regular parsing failed: Can't parse device type string (namespace/type/version): urn:dial-multiscreen-org:service:dial:1
06-27 21:11:22.122   890  1620 I atxb    : getInstance: new instance created [CONTEXT service_id=79 ]
06-27 21:11:22.128   890  1814 I MagicTether: [HostValidator] InvalidHost. MobileData: false, Tethering: true, whitelist: false, ble: false
06-27 21:11:22.140   890  1207 W awmy    : Empty context buffer. Thus might mean that the context is not synced down.
06-27 21:11:22.141   890  1207 W awhk    : Empty context model while retrieving upload opt-in status!
06-27 21:11:22.142  1468  1479 W art     : Suspending all threads took: 194.022ms
06-27 21:11:22.148   890   890 I art     : Rejecting re-init on previously-failed class java.lang.Class<agat>: java.lang.NoClassDefFoundError: Failed resolution of: Landroid/net/ConnectivityManager$OnTetheringEntitlementResultListener;
06-27 21:11:22.148   890   890 I art     :   at com.google.android.gms.magictether.host.HotspotEnabler afzm.a(android.content.Context) (:com.google.android.gms@17785019@17.7.85 (040400-253824076):1)
06-27 21:11:22.148   890   890 I art     :   at void afyy.<init>(android.content.Context) (:com.google.android.gms@17785019@17.7.85 (040400-253824076):-1)
06-27 21:11:22.148   890   890 I art     :   at afyy afyy.a(android.content.Context) (:com.google.android.gms@17785019@17.7.85 (040400-253824076):5)
06-27 21:11:22.148   890   890 I art     :   at void com.google.android.gms.magictether.host.TetherListenerChimeraService.a(android.content.Context, boolean) (:com.google.android.gms@17785019@17.7.85 (040400-253824076):5)
06-27 21:11:22.148   890   890 I art     :   at void com.google.android.gms.magictether.host.TetherListenerChimeraService.onDestroy() (:com.google.android.gms@17785019@17.7.85 (040400-253824076):2)
06-27 21:11:22.148   890   890 I art     :   at void qmj.onDestroy() (:com.google.android.gms@17785019@17.7.85 (040400-253824076):2)
06-27 21:11:22.148   890   890 I art     :   at void android.app.ActivityThread.handleStopService(android.os.IBinder) (ActivityThread.java:3357)
06-27 21:11:22.148   890   890 I art     :   at void android.app.ActivityThread.-wrap27(android.app.ActivityThread, android.os.IBinder) (ActivityThread.java:-1)
06-27 21:11:22.148   890   890 I art     :   at void android.app.ActivityThread$H.handleMessage(android.os.Message) (ActivityThread.java:1588)
06-27 21:11:22.148   890   890 I art     :   at void android.os.Handler.dispatchMessage(android.os.Message) (Handler.java:102)
06-27 21:11:22.148   890   890 I art     :   at void android.os.Looper.loop() (Looper.java:154)
06-27 21:11:22.148   890   890 I art     :   at void android.app.ActivityThread.main(java.lang.String[]) (ActivityThread.java:6121)
06-27 21:11:22.148   890   890 I art     :   at java.lang.Object java.lang.reflect.Method.invoke!(java.lang.Object, java.lang.Object[]) (Method.java:-2)
06-27 21:11:22.148   890   890 I art     :   at void com.android.internal.os.ZygoteInit$MethodAndArgsCaller.run() (ZygoteInit.java:905)
06-27 21:11:22.148   890   890 I art     :   at void com.android.internal.os.ZygoteInit.main(java.lang.String[]) (ZygoteInit.java:795)
06-27 21:11:22.148   890   890 I art     : Caused by: java.lang.ClassNotFoundException: Didn't find class "android.net.ConnectivityManager$OnTetheringEntitlementResultListener" on path: DexPathList[[zip file "/system/framework/com.android.location.provider.jar", zip file "/system/framework/com.android.media.remotedisplay.jar", zip file "/data/app/com.google.android.gms-2/base.apk"],nativeLibraryDirectories=[/data/app/com.google.android.gms-2/lib/arm64, /data/app/com.google.android.gms-2/base.apk!/lib/arm64-v8a, /system/lib64, /vendor/lib64]]
06-27 21:11:22.148   890   890 I art     :   at java.lang.Class dalvik.system.BaseDexClassLoader.findClass(java.lang.String) (BaseDexClassLoader.java:56)
06-27 21:11:22.148   890   890 I art     :   at java.lang.Class java.lang.ClassLoader.loadClass(java.lang.String, boolean) (ClassLoader.java:380)
06-27 21:11:22.148   890   890 I art     :   at java.lang.Class java.lang.ClassLoader.loadClass(java.lang.String) (ClassLoader.java:312)
06-27 21:11:22.148   890   890 I art     :   at com.google.android.gms.magictether.host.HotspotEnabler afzm.a(android.content.Context) (:com.google.android.gms@17785019@17.7.85 (040400-253824076):1)
06-27 21:11:22.148   890   890 I art     :   at void afyy.<init>(android.content.Context) (:com.google.android.gms@17785019@17.7.85 (040400-253824076):-1)
06-27 21:11:22.148   890   890 I art     :   at afyy afyy.a(android.content.Context) (:com.google.android.gms@17785019@17.7.85 (040400-253824076):5)
06-27 21:11:22.148   890   890 I art     :   at void com.google.android.gms.magictether.host.TetherListenerChimeraService.a(android.content.Context, boolean) (:com.google.android.gms@17785019@17.7.85 (040400-253824076):5)
06-27 21:11:22.148   890   890 I art     :   at void com.google.android.gms.magictether.host.TetherListenerChimeraService.onDestroy() (:com.google.android.gms@17785019@17.7.85 (040400-253824076):2)
06-27 21:11:22.148   890   890 I art     :   at void qmj.onDestroy() (:com.google.android.gms@17785019@17.7.85 (040400-253824076):2)
06-27 21:11:22.148   890   890 I art     :   at void android.app.ActivityThread.handleStopService(android.os.IBinder) (ActivityThread.java:3357)
06-27 21:11:22.148   890   890 I art     :   at void android.app.ActivityThread.-wrap27(android.app.ActivityThread, android.os.IBinder) (ActivityThread.java:-1)
06-27 21:11:22.148   890   890 I art     :   at void android.app.ActivityThread$H.handleMessage(android.os.Message) (ActivityThread.java:1588)
06-27 21:11:22.148   890   890 I art     :   at void android.os.Handler.dispatchMessage(android.os.Message) (Handler.java:102)
06-27 21:11:22.148   890   890 I art     :   at void android.os.Looper.loop() (Looper.java:154)
06-27 21:11:22.148   890   890 I art     :   at void android.app.ActivityThread.main(java.lang.String[]) (ActivityThread.java:6121)
06-27 21:11:22.148   890   890 I art     :   at java.lang.Object java.lang.reflect.Method.invoke!(java.lang.Object, java.lang.Object[]) (Method.java:-2)
06-27 21:11:22.148   890   890 I art     :   at void com.android.internal.os.ZygoteInit$MethodAndArgsCaller.run() (ZygoteInit.java:905)
06-27 21:11:22.148   890   890 I art     :   at void com.android.internal.os.ZygoteInit.main(java.lang.String[]) (ZygoteInit.java:795)
06-27 21:11:22.148   890   890 I art     : 
06-27 21:11:22.170   890  1207 W awmy    : Empty context buffer. Thus might mean that the context is not synced down.
06-27 21:11:22.170   890  1207 W awhk    : Empty context model while retrieving upload opt-in status!
06-27 21:11:22.203   890  1810 I GCoreUlr: WorldUpdater:init: Ensuring that reporting is stopped because of reasons: {account#2#=[InactiveReason{mIdentifier=6, mName='ReportingNotEnabled'}, InactiveReason{mIdentifier=14, mName='HistoryNotEnabled'}]}
06-27 21:11:22.215   890   890 W ChimeraUtils: Non Chimera context
06-27 21:11:22.232   890  1810 I GCoreUlr: Unbound from all signal providers.
06-27 21:11:22.232   890  1210 I GCoreUlr: Successfully accounts update
06-27 21:11:22.244   890  1827 I aofg    : updateFromConfigurations using legacy put method [CONTEXT service_id=204 ]
06-27 21:11:22.273  1468  1468 D ProfilesDefinitionParser: Parsing Profiles definition
06-27 21:11:22.277  1131  1822 W Conscrypt: Could not set socket write timeout: java.net.SocketException: Socket closed
06-27 21:11:22.277  1131  1822 W Conscrypt: 	at com.google.android.gms.org.conscrypt.Platform.setSocketWriteTimeout(:com.google.android.gms@17785019@17.7.85 (040400-253824076):2)
06-27 21:11:22.277  1131  1822 W Conscrypt: 	at com.google.android.gms.org.conscrypt.ConscryptFileDescriptorSocket.setSoWriteTimeout(:com.google.android.gms@17785019@17.7.85 (040400-253824076):2)
06-27 21:11:22.321   890  1124 W awmy    : Empty context buffer. Thus might mean that the context is not synced down.
06-27 21:11:22.322   890  1124 W awhk    : Empty context model while retrieving upload opt-in status!
06-27 21:11:22.331  1445  1541 W iceDescriptorBinderImpl: Removing leading garbage didn't work: Can't parse device type string (namespace/type/version): urn:dial-multiscreen-org:service:dial:1
06-27 21:11:22.332   890   890 I GCoreUlr: Unbound from all signal providers.
06-27 21:11:22.332   890  1810 I GCoreUlr: Successfully accounts update
06-27 21:11:22.332   890   890 I GCoreUlr: Stopping handler for UlrDispSvcFast
06-27 21:11:22.383  1445  1541 W trieveRemoteDescriptors: Could not hydrate device or its services from descriptor: (RemoteDevice) Identity: (RemoteDeviceIdentity) UDN: uuid:b3ba70e0-c7c4-4f76-abd6-aedd12d4df47, Descriptor: http://192.168.1.10:1962/, Root: true
06-27 21:11:22.383  1445  1541 W trieveRemoteDescriptors: Cause was: org.fourthline.cling.model.types.InvalidValueException: Can't parse device type string (namespace/type/version): urn:dial-multiscreen-org:service:dial:1
06-27 21:11:22.397   890  1812 W art     : Before Android 4.1, method double java.util.concurrent.ThreadLocalRandom.internalNextDouble(double, double) would have incorrectly overridden the package-private method in java.util.Random
06-27 21:11:22.397   890  1812 W art     : Before Android 4.1, method int java.util.concurrent.ThreadLocalRandom.internalNextInt(int, int) would have incorrectly overridden the package-private method in java.util.Random
06-27 21:11:22.397   890  1812 W art     : Before Android 4.1, method long java.util.concurrent.ThreadLocalRandom.internalNextLong(long, long) would have incorrectly overridden the package-private method in java.util.Random
06-27 21:11:22.400  1468  1468 D ProfilesDefinitionParser: Parsing profile definition for profile 1
06-27 21:11:22.475  1131  1588 I Icing   : Internal init done: storage state 0
06-27 21:11:22.476   890  1124 W awmy    : Empty context buffer. Thus might mean that the context is not synced down.
06-27 21:11:22.476   890  1124 W awhk    : Empty context model while retrieving upload opt-in status!
06-27 21:11:22.483  1626  1703 D lvjinhua:  Failed while trying resolve alarm filter file, not exists
06-27 21:11:22.580   890  1207 W awmy    : Empty context buffer. Thus might mean that the context is not synced down.
06-27 21:11:22.580   890  1207 W awhk    : Empty context model while retrieving upload opt-in status!
06-27 21:11:22.611  1131  1822 W Conscrypt: Could not set socket write timeout: java.net.SocketException: Socket closed
06-27 21:11:22.612  1131  1822 W Conscrypt: 	at com.google.android.gms.org.conscrypt.Platform.setSocketWriteTimeout(:com.google.android.gms@17785019@17.7.85 (040400-253824076):2)
06-27 21:11:22.612  1131  1822 W Conscrypt: 	at com.google.android.gms.org.conscrypt.ConscryptFileDescriptorSocket.setSoWriteTimeout(:com.google.android.gms@17785019@17.7.85 (040400-253824076):2)
06-27 21:11:22.616   426   481 I ActivityManager: Waited long enough for: ServiceRecord{7371b5 u0 com.rockchips.mediacenter/.service.DeviceMonitorService}
06-27 21:11:22.628  1445  1514 W iceDescriptorBinderImpl: Regular parsing failed: Can't parse device type string (namespace/type/version): urn:dial-multiscreen-org:service:dial:1
06-27 21:11:22.678   890  1207 W awmy    : Empty context buffer. Thus might mean that the context is not synced down.
06-27 21:11:22.679   890  1207 W awhk    : Empty context model while retrieving upload opt-in status!
06-27 21:11:22.685  1445  1514 W iceDescriptorBinderImpl: Removing leading garbage didn't work: Can't parse device type string (namespace/type/version): urn:dial-multiscreen-org:service:dial:1
06-27 21:11:22.686  1445  1514 W trieveRemoteDescriptors: Could not hydrate device or its services from descriptor: (RemoteDevice) Identity: (RemoteDeviceIdentity) UDN: uuid:b3ba70e0-c7c4-4f76-abd6-aedd12d4df47, Descriptor: http://192.168.1.10:1962/, Root: true
06-27 21:11:22.686  1445  1514 W trieveRemoteDescriptors: Cause was: org.fourthline.cling.model.types.InvalidValueException: Can't parse device type string (namespace/type/version): urn:dial-multiscreen-org:service:dial:1
06-27 21:11:22.832  1131  1588 I Icing   : Post-init done
06-27 21:11:22.847   890  1810 W Conscrypt: Could not set socket write timeout: java.net.SocketException: Socket closed
06-27 21:11:22.848   890  1810 W Conscrypt: 	at com.google.android.gms.org.conscrypt.Platform.setSocketWriteTimeout(:com.google.android.gms@17785019@17.7.85 (040400-253824076):2)
06-27 21:11:22.848   890  1810 W Conscrypt: 	at com.google.android.gms.org.conscrypt.ConscryptFileDescriptorSocket.setSoWriteTimeout(:com.google.android.gms@17785019@17.7.85 (040400-253824076):2)
06-27 21:11:22.878  1468  1468 D SystemDeviceService: [handleAutoRun] auto start mediarender. 
06-27 21:11:22.879   426  1199 I chatty  : uid=1000(system) Binder:426_7 expire 1 line
06-27 21:11:22.893   426   481 I ActivityManager: Waited long enough for: ServiceRecord{454a84 u0 com.rockchips.mediacenter/com.rockchip.mediacenter.SystemDeviceService}
06-27 21:11:22.904   890  1810 W Conscrypt: Could not set socket write timeout: java.net.SocketException: Socket closed
06-27 21:11:22.904   890  1810 W Conscrypt: 	at com.google.android.gms.org.conscrypt.Platform.setSocketWriteTimeout(:com.google.android.gms@17785019@17.7.85 (040400-253824076):2)
06-27 21:11:22.904   890  1810 W Conscrypt: 	at com.google.android.gms.org.conscrypt.ConscryptFileDescriptorSocket.setSoWriteTimeout(:com.google.android.gms@17785019@17.7.85 (040400-253824076):2)
06-27 21:11:22.910   890  1162 W awmy    : Empty context buffer. Thus might mean that the context is not synced down.
06-27 21:11:22.910   890  1162 W awhk    : Empty context model while retrieving upload opt-in status!
06-27 21:11:22.915   890  1120 I Auth    : [ReflectiveChannelBinder] Successfully bound channel!
06-27 21:11:22.956  1626  1641 I mali_so : [File] : hardware/rockchip/driver/./src/base/arch/arch_011_udd/base_arch_main.c; [Line] : 565; [Func] : deal_with_version_affairs_rk_ext;
06-27 21:11:22.956  1626  1641 I mali_so : arm_release_ver of this mali_so is 'r7p0-00rel1', rk_so_ver is '1@2' for 3328h_android_7.1, built at '15:47:51', on 'Jun 28 2017'.
06-27 21:11:22.956  1626  1641 I mali_so : [File] : hardware/rockchip/driver/./src/base/arch/arch_011_udd/base_arch_main.c; [Line] : 578; [Func] : deal_with_version_affairs_rk_ext;
06-27 21:11:22.956  1626  1641 I mali_so : mali_ver_property has been set to 'r7p0-00rel1-5-1@2', to return.
06-27 21:11:22.966  1468  1479 W art     : Suspending all threads took: 16.692ms
06-27 21:11:22.974   890  1120 W Conscrypt: Could not set socket write timeout: java.net.SocketException: Socket closed
06-27 21:11:22.974   890  1120 W Conscrypt: 	at com.google.android.gms.org.conscrypt.Platform.setSocketWriteTimeout(:com.google.android.gms@17785019@17.7.85 (040400-253824076):2)
06-27 21:11:22.974   890  1120 W Conscrypt: 	at com.google.android.gms.org.conscrypt.ConscryptFileDescriptorSocket.setSoWriteTimeout(:com.google.android.gms@17785019@17.7.85 (040400-253824076):2)
06-27 21:11:22.993  1626  1641 I mali_so : [File] : hardware/rockchip/driver/./src/base/arch/arch_011_udd/base_arch_main.c; [Line] : 565; [Func] : deal_with_version_affairs_rk_ext;
06-27 21:11:22.993  1626  1641 I mali_so : arm_release_ver of this mali_so is 'r7p0-00rel1', rk_so_ver is '1@2' for 3328h_android_7.1, built at '15:47:51', on 'Jun 28 2017'.
06-27 21:11:22.993  1626  1641 I mali_so : [File] : hardware/rockchip/driver/./src/base/arch/arch_011_udd/base_arch_main.c; [Line] : 578; [Func] : deal_with_version_affairs_rk_ext;
06-27 21:11:22.993  1626  1641 I mali_so : mali_ver_property has been set to 'r7p0-00rel1-5-1@2', to return.
06-27 21:11:23.005   890  1162 W awmy    : Empty context buffer. Thus might mean that the context is not synced down.
06-27 21:11:23.005   890  1162 W awhk    : Empty context model while retrieving upload opt-in status!
06-27 21:11:23.011   890  1120 W Conscrypt: Could not set socket write timeout: java.net.SocketException: Socket closed
06-27 21:11:23.011   890  1120 W Conscrypt: 	at com.google.android.gms.org.conscrypt.Platform.setSocketWriteTimeout(:com.google.android.gms@17785019@17.7.85 (040400-253824076):2)
06-27 21:11:23.011   890  1120 W Conscrypt: 	at com.google.android.gms.org.conscrypt.ConscryptFileDescriptorSocket.setSoWriteTimeout(:com.google.android.gms@17785019@17.7.85 (040400-253824076):2)
06-27 21:11:23.024  1626  1626 I Binder:1626_2: type=1400 audit(0.0:66): avc: denied { read } for name="/" dev="tmpfs" ino=5334 scontext=u:r:priv_app:s0:c512,c768 tcontext=u:object_r:device:s0 tclass=dir permissive=1
06-27 21:11:23.024  1626  1626 I Binder:1626_2: type=1400 audit(0.0:67): avc: denied { open } for path="/dev" dev="tmpfs" ino=5334 scontext=u:r:priv_app:s0:c512,c768 tcontext=u:object_r:device:s0 tclass=dir permissive=1
06-27 21:11:23.062  1445  1457 W art     : Suspending all threads took: 17.009ms
06-27 21:11:23.070   890  1124 W awmy    : Empty context buffer. Thus might mean that the context is not synced down.
06-27 21:11:23.070   890  1124 W awhk    : Empty context model while retrieving upload opt-in status!
06-27 21:11:23.078  1626  1641 D lvjinhua:  Failed while trying resolve alarm filter file, not exists
06-27 21:11:23.151   890  1207 W awmy    : Empty context buffer. Thus might mean that the context is not synced down.
06-27 21:11:23.152   890  1207 W awhk    : Empty context model while retrieving upload opt-in status!
06-27 21:11:23.182   890  1209 I InstantApps: DomainFilterImpl: Domain filter response size: 221
06-27 21:11:23.190  1783  1796 W art     : Suspending all threads took: 20.129ms
06-27 21:11:23.197   890  1209 I InstantApps: DomainFilterImpl: Account = home@romanr.info is ineligible from using Instant apps
06-27 21:11:23.267   890  1120 I Auth    : [BroadcastManager] Broadcasting account services changed.
06-27 21:11:23.292  1131  1518 I Auth    : [SupervisedAccountIntentOperation] onHandleIntent(): com.google.android.gms.auth.ACCOUNT_SERVICES_CHANGED
06-27 21:11:23.292  1131  1518 I Auth    : [SupervisedAccountIntentOperation] This operation is disabled
06-27 21:11:23.375  1626  1703 I mali_so : [File] : hardware/rockchip/driver/./src/base/arch/arch_011_udd/base_arch_main.c; [Line] : 565; [Func] : deal_with_version_affairs_rk_ext;
06-27 21:11:23.375  1626  1703 I mali_so : arm_release_ver of this mali_so is 'r7p0-00rel1', rk_so_ver is '1@2' for 3328h_android_7.1, built at '15:47:51', on 'Jun 28 2017'.
06-27 21:11:23.375  1626  1703 I mali_so : [File] : hardware/rockchip/driver/./src/base/arch/arch_011_udd/base_arch_main.c; [Line] : 578; [Func] : deal_with_version_affairs_rk_ext;
06-27 21:11:23.375  1626  1703 I mali_so : mali_ver_property has been set to 'r7p0-00rel1-5-1@2', to return.
06-27 21:11:23.377  1131  1531 I CheckinUtil: Classify the device as TV.
06-27 21:11:23.396   890  1815 W art     : Long monitor contention with owner netscheduler-queue-handler (1253) at void aqqd.a(aqqa, abdb)(:com.google.android.gms@17785019@17.7.85 (040400-253824076):146) waiters=0 in void aqqd.a(aqno, boolean) for 212ms
06-27 21:11:23.397  1626  1703 I mali_so : [File] : hardware/rockchip/driver/./src/base/arch/arch_011_udd/base_arch_main.c; [Line] : 565; [Func] : deal_with_version_affairs_rk_ext;
06-27 21:11:23.397  1626  1703 I mali_so : arm_release_ver of this mali_so is 'r7p0-00rel1', rk_so_ver is '1@2' for 3328h_android_7.1, built at '15:47:51', on 'Jun 28 2017'.
06-27 21:11:23.398  1626  1703 I mali_so : [File] : hardware/rockchip/driver/./src/base/arch/arch_011_udd/base_arch_main.c; [Line] : 578; [Func] : deal_with_version_affairs_rk_ext;
06-27 21:11:23.398  1626  1703 I mali_so : mali_ver_property has been set to 'r7p0-00rel1-5-1@2', to return.
06-27 21:11:23.406  1131  1531 I CheckinConnFactory: Get token from PseudonymousIdApi: 186=CQ3a2vKQENZt4kNu_YQpGctdSfWTEJO5w3nacrEJKhFo9jl2WINP-J1lauCaPWht29F7GwzKY994dYj1XtSskh-QqZLHudTkdRmun2FslvyU9AEcHx19F9KWdi3KgM-kvWaI6lvnE1-Fr7eweYsiFw-0gzVyoz8A48_xIBvVpmY
06-27 21:11:23.410  1468  1479 W art     : Suspending all threads took: 5.269ms
06-27 21:11:23.441  1131  1822 W SubscribedFeeds: Hard error: byhc: Received 401 status code: <HTML>
06-27 21:11:23.441  1131  1822 W SubscribedFeeds: <HEAD>
06-27 21:11:23.441  1131  1822 W SubscribedFeeds: <TITLE>Service &lt;mail&gt; disabled by G Suite admin.</TITLE>
06-27 21:11:23.441  1131  1822 W SubscribedFeeds: </HEAD>
06-27 21:11:23.441  1131  1822 W SubscribedFeeds: <BODY BGCOLOR="#FFFFFF" TEXT="#000000">
06-27 21:11:23.441  1131  1822 W SubscribedFeeds: <H1>Service &lt;mail&gt; disabled by G Suite admin.</H1>
06-27 21:11:23.441  1131  1822 W SubscribedFeeds: <H2>Error 401</H2>
06-27 21:11:23.441  1131  1822 W SubscribedFeeds: </BODY>
06-27 21:11:23.441  1131  1822 W SubscribedFeeds: </HTML>
06-27 21:11:23.460   426   480 I chatty  : uid=1000(system) android.bg expire 4 lines
06-27 21:11:23.509  1445  1457 W art     : Suspending all threads took: 8.873ms
06-27 21:11:23.586   890   905 I art     : Background sticky concurrent mark sweep GC freed 60180(3MB) AllocSpace objects, 14(340KB) LOS objects, 34% free, 8MB/13MB, paused 7.189ms total 103.766ms
06-27 21:11:23.599  1131  1531 I CheckinRequestProcessor: set cookie as: NID=186=CQ3a2vKQENZt4kNu_YQpGctdSfWTEJO5w3nacrEJKhFo9jl2WINP-J1lauCaPWht29F7GwzKY994dYj1XtSskh-QqZLHudTkdRmun2FslvyU9AEcHx19F9KWdi3KgM-kvWaI6lvnE1-Fr7eweYsiFw-0gzVyoz8A48_xIBvVpmY
06-27 21:11:23.639  1131  1531 W Conscrypt: Could not set socket write timeout: java.net.SocketException: Socket closed
06-27 21:11:23.641  1131  1531 W Conscrypt: 	at com.google.android.gms.org.conscrypt.Platform.setSocketWriteTimeout(:com.google.android.gms@17785019@17.7.85 (040400-253824076):2)
06-27 21:11:23.641  1131  1531 W Conscrypt: 	at com.google.android.gms.org.conscrypt.ConscryptFileDescriptorSocket.setSoWriteTimeout(:com.google.android.gms@17785019@17.7.85 (040400-253824076):2)
06-27 21:11:23.665   890  1207 W awmy    : Empty context buffer. Thus might mean that the context is not synced down.
06-27 21:11:23.666   890  1207 W awhk    : Empty context model while retrieving upload opt-in status!
06-27 21:11:23.672  1131  1531 W Conscrypt: Could not set socket write timeout: java.net.SocketException: Socket closed
06-27 21:11:23.672  1131  1531 W Conscrypt: 	at com.google.android.gms.org.conscrypt.Platform.setSocketWriteTimeout(:com.google.android.gms@17785019@17.7.85 (040400-253824076):2)
06-27 21:11:23.672  1131  1531 W Conscrypt: 	at com.google.android.gms.org.conscrypt.ConscryptFileDescriptorSocket.setSoWriteTimeout(:com.google.android.gms@17785019@17.7.85 (040400-253824076):2)
06-27 21:11:23.726  1468  1468 D Device  : Say byebye on 192.168.1.200
06-27 21:11:23.833  1131  1581 I WalletGcmTaskService: Running GcmTask w/ tag INSTANTBUY_SYNC_GCM_TASK_STEP_1
06-27 21:11:23.842  1131  1531 I CheckinRequestProcessor: updateCheckinIdTokenFileFromResponse, Reading existing AID
06-27 21:11:23.871  1131  1531 I CheckinRequestProcessor: CheckinNowTaskTag : Checkin Succeeded: https://android.googleapis.com/checkin (fragment #1): 
06-27 21:11:23.886   426   481 W BroadcastQueue: Permission Denial: broadcasting Intent { act=com.google.android.checkin.CHECKIN_COMPLETE flg=0x10 (has extras) } from com.google.android.gms (pid=1131, uid=10008) is not exported from uid 10014 due to receiver com.android.vending/com.google.android.finsky.checkin.CheckinReceiver
06-27 21:11:23.931  1468  1468 D Device  : Say byebye on 192.168.1.200
06-27 21:11:24.345  1468  1479 W art     : Suspending all threads took: 12.437ms
06-27 21:11:24.426  1468  1468 D SystemDeviceService: [handleAutoRun] auto start mediaserver. 
06-27 21:11:24.494  1131  1581 W Conscrypt: Could not set socket write timeout: java.net.SocketException: Socket closed
06-27 21:11:24.495  1131  1581 W Conscrypt: 	at com.google.android.gms.org.conscrypt.Platform.setSocketWriteTimeout(:com.google.android.gms@17785019@17.7.85 (040400-253824076):2)
06-27 21:11:24.495  1131  1581 W Conscrypt: 	at com.google.android.gms.org.conscrypt.ConscryptFileDescriptorSocket.setSoWriteTimeout(:com.google.android.gms@17785019@17.7.85 (040400-253824076):2)
06-27 21:11:24.530  1131  1589 W Conscrypt: Could not set socket write timeout: java.net.SocketException: Socket closed
06-27 21:11:24.531  1131  1589 W Conscrypt: 	at com.google.android.gms.org.conscrypt.Platform.setSocketWriteTimeout(:com.google.android.gms@17785019@17.7.85 (040400-253824076):2)
06-27 21:11:24.531  1131  1589 W Conscrypt: 	at com.google.android.gms.org.conscrypt.ConscryptFileDescriptorSocket.setSoWriteTimeout(:com.google.android.gms@17785019@17.7.85 (040400-253824076):2)
06-27 21:11:24.568  1131  1589 W Conscrypt: Could not set socket write timeout: java.net.SocketException: Socket closed
06-27 21:11:24.568  1131  1589 W Conscrypt: 	at com.google.android.gms.org.conscrypt.Platform.setSocketWriteTimeout(:com.google.android.gms@17785019@17.7.85 (040400-253824076):2)
06-27 21:11:24.568  1131  1589 W Conscrypt: 	at com.google.android.gms.org.conscrypt.ConscryptFileDescriptorSocket.setSoWriteTimeout(:com.google.android.gms@17785019@17.7.85 (040400-253824076):2)
06-27 21:11:24.575  1131  1581 W Conscrypt: Could not set socket write timeout: java.net.SocketException: Socket closed
06-27 21:11:24.575  1131  1581 W Conscrypt: 	at com.google.android.gms.org.conscrypt.Platform.setSocketWriteTimeout(:com.google.android.gms@17785019@17.7.85 (040400-253824076):2)
06-27 21:11:24.575  1131  1581 W Conscrypt: 	at com.google.android.gms.org.conscrypt.ConscryptFileDescriptorSocket.setSoWriteTimeout(:com.google.android.gms@17785019@17.7.85 (040400-253824076):2)
06-27 21:11:24.773   890  1209 I VacuumService: Vacuum at: now=1561659084773 tag=VacuumService
06-27 21:11:24.889  1445  1526 I DeviceMonitorService: remoteDeviceAdded->device->descriptionURL:http://192.168.1.200:38389/deviceDescription/MediaServer
06-27 21:11:24.889  1445  1526 I DeviceMonitorService: remoteDeviceAdded->device->Udn:dcd0b32c-512e-ddb3-ffff-ffffb717f98f
06-27 21:11:24.983   890  1207 W awmy    : Empty context buffer. Thus might mean that the context is not synced down.
06-27 21:11:24.983   890  1207 W awhk    : Empty context model while retrieving upload opt-in status!
06-27 21:11:25.006  1468  1479 W art     : Suspending all threads took: 9.368ms
06-27 21:11:25.020   890   905 I art     : Background sticky concurrent mark sweep GC freed 54533(3MB) AllocSpace objects, 4(80KB) LOS objects, 31% free, 9MB/13MB, paused 6.696ms total 62.139ms
06-27 21:11:25.153  1626  1922 I mali_so : [File] : hardware/rockchip/driver/./src/base/arch/arch_011_udd/base_arch_main.c; [Line] : 565; [Func] : deal_with_version_affairs_rk_ext;
06-27 21:11:25.153  1626  1922 I mali_so : arm_release_ver of this mali_so is 'r7p0-00rel1', rk_so_ver is '1@2' for 3328h_android_7.1, built at '15:47:51', on 'Jun 28 2017'.
06-27 21:11:25.153  1626  1922 I mali_so : [File] : hardware/rockchip/driver/./src/base/arch/arch_011_udd/base_arch_main.c; [Line] : 578; [Func] : deal_with_version_affairs_rk_ext;
06-27 21:11:25.153  1626  1922 I mali_so : mali_ver_property has been set to 'r7p0-00rel1-5-1@2', to return.
06-27 21:11:25.175  1626  1922 I mali_so : [File] : hardware/rockchip/driver/./src/base/arch/arch_011_udd/base_arch_main.c; [Line] : 565; [Func] : deal_with_version_affairs_rk_ext;
06-27 21:11:25.175  1626  1922 I mali_so : arm_release_ver of this mali_so is 'r7p0-00rel1', rk_so_ver is '1@2' for 3328h_android_7.1, built at '15:47:51', on 'Jun 28 2017'.
06-27 21:11:25.175  1626  1922 I mali_so : [File] : hardware/rockchip/driver/./src/base/arch/arch_011_udd/base_arch_main.c; [Line] : 578; [Func] : deal_with_version_affairs_rk_ext;
06-27 21:11:25.175  1626  1922 I mali_so : mali_ver_property has been set to 'r7p0-00rel1-5-1@2', to return.
06-27 21:11:25.375  1131  1591 W Conscrypt: Could not set socket write timeout: java.net.SocketException: Socket closed
06-27 21:11:25.375  1131  1591 W Conscrypt: 	at com.google.android.gms.org.conscrypt.Platform.setSocketWriteTimeout(:com.google.android.gms@17785019@17.7.85 (040400-253824076):2)
06-27 21:11:25.375  1131  1591 W Conscrypt: 	at com.google.android.gms.org.conscrypt.ConscryptFileDescriptorSocket.setSoWriteTimeout(:com.google.android.gms@17785019@17.7.85 (040400-253824076):2)
06-27 21:11:25.409  1131  1591 W Conscrypt: Could not set socket write timeout: java.net.SocketException: Socket closed
06-27 21:11:25.409  1131  1591 W Conscrypt: 	at com.google.android.gms.org.conscrypt.Platform.setSocketWriteTimeout(:com.google.android.gms@17785019@17.7.85 (040400-253824076):2)
06-27 21:11:25.409  1131  1591 W Conscrypt: 	at com.google.android.gms.org.conscrypt.ConscryptFileDescriptorSocket.setSoWriteTimeout(:com.google.android.gms@17785019@17.7.85 (040400-253824076):2)
