06-28 01:33:36.528  1119  1653 I Icing   : Internal init done: storage state 0
06-28 01:33:36.541  1711  1711 I Finsky  : [1] com.google.android.finsky.scheduler.JobSchedulerEngine.a(14): Throttling wakeup for job 9000 (expected to run in 0 ms) due to recent wakeup
06-28 01:33:36.594  1711  1711 I Finsky  : [1] com.google.android.finsky.scheduler.JobSchedulerEngine.a(4): Scheduling job Id: 9000, L: 30000, D: 69822073, C: false, I: true, N: 0
06-28 01:33:36.596  1439  1451 W art     : Suspending all threads took: 16.539ms
06-28 01:33:36.607  1711  1711 I Finsky  : [1] com.google.android.finsky.scheduler.JobSchedulerEngine.a(4): Scheduling job Id: 9001, L: 13756957, D: 56956957, C: false, I: false, N: 1
06-28 01:33:36.652  1711  1711 I Finsky  : [1] com.google.android.finsky.scheduler.JobSchedulerEngine.a(14): Throttling wakeup for job 9002 (expected to run in 21469 ms) due to recent wakeup
06-28 01:33:36.676  1478  1489 W art     : Suspending all threads took: 7.544ms
06-28 01:33:36.697  1711  1711 I Finsky  : [1] com.google.android.finsky.scheduler.JobSchedulerEngine.a(4): Scheduling job Id: 9002, L: 30000, D: 51469, C: false, I: false, N: 0
06-28 01:33:36.749   886  1208 I VacuumService: Vacuum at: now=1561674816749 tag=VacuumService
06-28 01:33:36.963  1439  1585 I DeviceMonitorService: remoteDeviceAdded->device->descriptionURL:http://192.168.1.200:38389/deviceDescription/MediaServer
06-28 01:33:36.963  1439  1585 I DeviceMonitorService: remoteDeviceAdded->device->Udn:dcd0b32c-512e-ddb3-ffff-ffffb717f98f
06-28 01:33:36.976  1439  1890 I UpnpFileScanThread: end Time 1561674816976
06-28 01:33:36.976  1439  1890 I UpnpFileScanThread: end Time 5s
06-28 01:33:36.985   412  1569 I ActivityManager: START u0 {cmp=org.cosinus.launchertv/.activities.Preferences} from uid 10053 on display 0
06-28 01:33:37.168  1119  1887 W SubscribedFeeds: Hard error: byhc: Received 401 status code: <HTML>
06-28 01:33:37.168  1119  1887 W SubscribedFeeds: <HEAD>
06-28 01:33:37.168  1119  1887 W SubscribedFeeds: <TITLE>Service &lt;mail&gt; disabled by G Suite admin.</TITLE>
06-28 01:33:37.168  1119  1887 W SubscribedFeeds: </HEAD>
06-28 01:33:37.168  1119  1887 W SubscribedFeeds: <BODY BGCOLOR="#FFFFFF" TEXT="#000000">
06-28 01:33:37.168  1119  1887 W SubscribedFeeds: <H1>Service &lt;mail&gt; disabled by G Suite admin.</H1>
06-28 01:33:37.168  1119  1887 W SubscribedFeeds: <H2>Error 401</H2>
06-28 01:33:37.168  1119  1887 W SubscribedFeeds: </BODY>
06-28 01:33:37.168  1119  1887 W SubscribedFeeds: </HTML>
06-28 01:33:37.278   412   478 I chatty  : uid=1000(system) android.bg expire 3 lines
06-28 01:33:37.390   412   486 I chatty  : uid=1000(system) android.display expire 4 lines
06-28 01:33:37.480  1711  1831 W art     : Verification of boolean ntq.a(java.lang.String, boolean, ntj) took 155.070ms
06-28 01:33:37.509   412   966 I ActivityManager: Killing 1379:com.google.android.configupdater/u0a2 (adj 906): empty #4
06-28 01:33:37.564   412  1634 D ActivityManager: cleanUpApplicationRecord -- 1379
06-28 01:33:37.604  1711  1831 W art     : Verification of void ntq.b(java.lang.String, int) took 123.907ms
06-28 01:33:37.605   979   991 I art     : Background sticky concurrent mark sweep GC freed 5480(394KB) AllocSpace objects, 4(80KB) LOS objects, 14% free, 3MB/4MB, paused 322us total 321.382ms
06-28 01:33:37.619  1289  1360 D NetworkSecurityConfig: No Network Security Config specified, using platform default
06-28 01:33:37.712  1119  1653 I Icing   : Post-init done
06-28 01:33:37.899  1711  1724 W art     : Suspending all threads took: 19.871ms
06-28 01:33:37.964  1119  1635 W Conscrypt: Could not set socket write timeout: java.net.SocketException: Socket closed
06-28 01:33:38.025  1119  1635 W Conscrypt: 	at com.google.android.gms.org.conscrypt.Platform.setSocketWriteTimeout(:com.google.android.gms@17785019@17.7.85 (040400-253824076):2)
06-28 01:33:38.025  1119  1635 W Conscrypt: 	at com.google.android.gms.org.conscrypt.ConscryptFileDescriptorSocket.setSoWriteTimeout(:com.google.android.gms@17785019@17.7.85 (040400-253824076):2)
06-28 01:33:38.239  1711  1831 I Finsky  : [41] kjz.run(10): Installer: Installer started.
06-28 01:33:38.297   412   985 I ActivityManager: START u0 {act=android.intent.action.MAIN cat=[android.intent.category.HOME] flg=0x10000100 cmp=org.cosinus.launchertv/.Launcher} from uid 10053 on display 0
06-28 01:33:38.563  1711  1711 I Finsky  : [1] rcz.a(35): Connecting InstallListener to SplitInstallService broadcaster...
06-28 01:33:38.637  1711  1711 I Finsky  : [1] khj.a(267): Installer: found apps to install. apps=[]
06-28 01:33:38.700  1711  1845 W art     : Verification of aixn hgg.a(android.content.ComponentName, android.app.admin.DevicePolicyManager) took 236.899ms
06-28 01:33:38.829  1119  1653 W Conscrypt: Could not set socket write timeout: java.net.SocketException: Socket closed
06-28 01:33:38.833  1119  1653 W Conscrypt: 	at com.google.android.gms.org.conscrypt.Platform.setSocketWriteTimeout(:com.google.android.gms@17785019@17.7.85 (040400-253824076):2)
06-28 01:33:38.833  1119  1653 W Conscrypt: 	at com.google.android.gms.org.conscrypt.ConscryptFileDescriptorSocket.setSoWriteTimeout(:com.google.android.gms@17785019@17.7.85 (040400-253824076):2)
06-28 01:33:38.845  1119  1635 W Conscrypt: Could not set socket write timeout: java.net.SocketException: Socket closed
06-28 01:33:38.855  1711  1845 W art     : Verification of ajyp hgg.c() took 117.210ms
06-28 01:33:38.856  1119  1635 W Conscrypt: 	at com.google.android.gms.org.conscrypt.Platform.setSocketWriteTimeout(:com.google.android.gms@17785019@17.7.85 (040400-253824076):2)
06-28 01:33:38.857  1119  1635 W Conscrypt: 	at com.google.android.gms.org.conscrypt.ConscryptFileDescriptorSocket.setSoWriteTimeout(:com.google.android.gms@17785019@17.7.85 (040400-253824076):2)
06-28 01:33:38.900  1119  1653 W Conscrypt: Could not set socket write timeout: java.net.SocketException: Socket closed
06-28 01:33:38.901  1119  1653 W Conscrypt: 	at com.google.android.gms.org.conscrypt.Platform.setSocketWriteTimeout(:com.google.android.gms@17785019@17.7.85 (040400-253824076):2)
06-28 01:33:38.901  1119  1653 W Conscrypt: 	at com.google.android.gms.org.conscrypt.ConscryptFileDescriptorSocket.setSoWriteTimeout(:com.google.android.gms@17785019@17.7.85 (040400-253824076):2)
06-28 01:33:38.954  1711  1822 I Finsky  : [39] dhd.run(3): Initializing the instant apps module.
06-28 01:33:38.980  1711  1846 I ShortcutBadger: Checking if platform supports badge counters, attempt 1/3.
06-28 01:33:39.057   412   509 I chatty  : uid=1000(system) InputDispatcher expire 12 lines
06-28 01:33:39.159  1711  1846 I ShortcutBadger: Checking if platform supports badge counters, attempt 2/3.
06-28 01:33:39.242   412   510 I chatty  : uid=1000(system) InputReader expire 32 lines
06-28 01:33:39.345  1711  1846 I ShortcutBadger: Checking if platform supports badge counters, attempt 3/3.
06-28 01:33:39.428  1711  1846 W ShortcutBadger: Badge counter seems not supported in this platform: unable to resolve intent: Intent { act=android.intent.action.BADGE_COUNT_UPDATE (has extras) }
06-28 01:33:39.445  1711  1845 E Finsky  : [46] fxd.a(25): Unable to build selector: /storage/emulated/0/Download/marketenvs.csv (No such file or directory)
06-28 01:33:39.505  1306  1505 I art     : Waiting for a blocking GC DisableMovingGc
06-28 01:33:39.513   886  1194 W awmy    : Empty context buffer. Thus might mean that the context is not synced down.
06-28 01:33:39.513   886  1194 W awhk    : Empty context model while retrieving upload opt-in status!
06-28 01:33:39.530  1306  1505 I art     : WaitForGcToComplete blocked for 24.759ms for cause DisableMovingGc
06-28 01:33:39.530  1306  1505 I art     : Starting a blocking GC DisableMovingGc
06-28 01:33:39.544   412  1709 I ActivityManager: START u0 {act=android.intent.action.MAIN cat=[android.intent.category.LAUNCHER] flg=0x10000000 pkg=org.xbmc.rkmc cmp=org.xbmc.rkmc/.Splash} from uid 10053 on display 0
06-28 01:33:39.618   412   670 I ActivityManager: Start proc 2009:org.xbmc.rkmc/u0a42 for activity org.xbmc.rkmc/.Splash
06-28 01:33:39.797  1439  1504 I FileScanThread: mTmpFileInfos->size:40
06-28 01:33:39.842  1711  1915 I Finsky  : [75] oaa.b(1): Triggered update for experiment package com.google.android.finsky.stable.
06-28 01:33:39.928  1439  1504 I FileScanThread: FileScanThread end time:1561674819928
06-28 01:33:39.928  1439  1504 I FileScanThread: FileScanThread total time:25s
06-28 01:33:39.974  1711  1724 W art     : Suspending all threads took: 10.500ms
06-28 01:33:39.979  1289  1360 D RKUpdateService: request remote server error...
06-28 01:33:40.027  2009  2009 I art     : Starting a blocking GC AddRemoveAppImageSpace
06-28 01:33:40.393  1671  1671 I Binder:1671_1: type=1400 audit(0.0:60): avc: denied { read } for name="/" dev="tmpfs" ino=7169 scontext=u:r:priv_app:s0:c512,c768 tcontext=u:object_r:device:s0 tclass=dir permissive=1
06-28 01:33:40.397  1671  1671 I Binder:1671_1: type=1400 audit(0.0:61): avc: denied { open } for path="/dev" dev="tmpfs" ino=7169 scontext=u:r:priv_app:s0:c512,c768 tcontext=u:object_r:device:s0 tclass=dir permissive=1
06-28 01:33:40.448  1711  1822 I Finsky  : [39] dgs.run(7): Component class com.google.android.finsky.wear.WearSupportService disabled via PackageManager.
06-28 01:33:40.466  1711  1822 I Finsky  : [39] dgs.run(7): Component class com.google.android.finsky.wear.WearChangeListenerService disabled via PackageManager.
06-28 01:33:40.491  1711  1806 I Finsky  : [32] vbv.f(3): Restoring notifications
06-28 01:33:40.538  1671  1684 I mali_so : [File] : hardware/rockchip/driver/./src/base/arch/arch_011_udd/base_arch_main.c; [Line] : 565; [Func] : deal_with_version_affairs_rk_ext;
06-28 01:33:40.538  1671  1684 I mali_so : arm_release_ver of this mali_so is 'r7p0-00rel1', rk_so_ver is '1@2' for 3328h_android_7.1, built at '15:47:51', on 'Jun 28 2017'.
06-28 01:33:40.538  1671  1684 I mali_so : [File] : hardware/rockchip/driver/./src/base/arch/arch_011_udd/base_arch_main.c; [Line] : 578; [Func] : deal_with_version_affairs_rk_ext;
06-28 01:33:40.538  1671  1684 I mali_so : mali_ver_property has been set to 'r7p0-00rel1-5-1@2', to return.
06-28 01:33:40.571  2009  2009 D rkmc    : External storage = /storage/emulated/0; state = mounted
06-28 01:33:40.586  1671  1684 I mali_so : [File] : hardware/rockchip/driver/./src/base/arch/arch_011_udd/base_arch_main.c; [Line] : 565; [Func] : deal_with_version_affairs_rk_ext;
06-28 01:33:40.586  1671  1684 I mali_so : arm_release_ver of this mali_so is 'r7p0-00rel1', rk_so_ver is '1@2' for 3328h_android_7.1, built at '15:47:51', on 'Jun 28 2017'.
06-28 01:33:40.586  1671  1684 I mali_so : [File] : hardware/rockchip/driver/./src/base/arch/arch_011_udd/base_arch_main.c; [Line] : 578; [Func] : deal_with_version_affairs_rk_ext;
06-28 01:33:40.586  1671  1684 I mali_so : mali_ver_property has been set to 'r7p0-00rel1-5-1@2', to return.
06-28 01:33:40.601   412   966 D VoldConnector: SND -> {8 volume mkdirs /storage/e14e8b4a-c6c3-4546-b069-dfbdf64d0b66/Android/data/org.xbmc.rkmc/files/}
06-28 01:33:40.609  1711  1846 I Finsky  : [47] vxb.a(11): Do not start WearSupportService due to Wear service optimization
06-28 01:33:40.613   845   845 I sdcard  : type=1400 audit(0.0:62): avc: denied { create } for name="org.xbmc.rkmc" scontext=u:r:sdcardd:s0 tcontext=u:object_r:unlabeled:s0 tclass=dir permissive=1
06-28 01:33:40.636   412   514 D VoldConnector: RCV <- {200 8 Command succeeded}
06-28 01:33:40.641   412   456 I ActivityManager: START u0 {act=android.intent.action.MAIN cat=[android.intent.category.LAUNCHER] flg=0x11000000 pkg=org.xbmc.rkmc cmp=org.xbmc.rkmc/.Main} from uid 10042 on display 0
06-28 01:33:40.711  1711  1806 I Finsky  : [32] vbv.f(8): Done restoring notifications
06-28 01:33:40.720   412  1569 I WindowManager: Failed to capture screenshot of Token{f00888e ActivityRecord{7a5e089 u0 org.xbmc.rkmc/.Splash t261 f}} appWin=Window{dd16efd u0 Starting org.xbmc.rkmc} drawState=4
06-28 01:33:40.820  2009  2009 W linker  : /system/app/rkmcapp-armeabi-v7a-debug/lib/arm/librkmc.so: is missing DT_SONAME will use basename as a replacement: "librkmc.so"
06-28 01:33:40.821  2009  2009 W linker  : /system/app/rkmcapp-armeabi-v7a-debug/lib/arm/librkmc.so has text relocations. This is wasting memory and prevents security hardening. Please fix.
06-28 01:33:41.130  2009  2009 I org.xbmc.rkmc: type=1400 audit(0.0:63): avc: denied { execmod } for path="/system/app/rkmcapp-armeabi-v7a-debug/lib/arm/librkmc.so" dev="mmcblk0p13" ino=125 scontext=u:r:platform_app:s0:c512,c768 tcontext=u:object_r:system_file:s0 tclass=file permissive=1
06-28 01:33:41.154   412   486 W WindowManager: Failed looking up window
06-28 01:33:41.154   412   486 W WindowManager: java.lang.IllegalArgumentException: Requested window android.view.ViewRootImpl$W@bcfaf54 does not exist
06-28 01:33:41.154   412   486 W WindowManager: 	at com.android.server.wm.WindowManagerService.windowForClientLocked(WindowManagerService.java:9531)
06-28 01:33:41.154   412   486 W WindowManager: 	at com.android.server.wm.WindowManagerService.windowForClientLocked(WindowManagerService.java:9522)
06-28 01:33:41.154   412   486 W WindowManager: 	at com.android.server.wm.WindowManagerService.removeWindow(WindowManagerService.java:2412)
06-28 01:33:41.154   412   486 W WindowManager: 	at com.android.server.wm.Session.remove(Session.java:193)
06-28 01:33:41.154   412   486 W WindowManager: 	at android.view.ViewRootImpl.dispatchDetachedFromWindow(ViewRootImpl.java:3290)
06-28 01:33:41.154   412   486 W WindowManager: 	at android.view.ViewRootImpl.doDie(ViewRootImpl.java:5917)
06-28 01:33:41.154   412   486 W WindowManager: 	at android.view.ViewRootImpl$ViewRootHandler.handleMessage(ViewRootImpl.java:3626)
06-28 01:33:41.154   412   486 W WindowManager: 	at android.os.Handler.dispatchMessage(Handler.java:102)
06-28 01:33:41.154   412   486 W WindowManager: 	at android.os.Looper.loop(Looper.java:154)
06-28 01:33:41.154   412   486 W WindowManager: 	at android.os.HandlerThread.run(HandlerThread.java:61)
06-28 01:33:41.154   412   486 W WindowManager: 	at com.android.server.ServiceThread.run(ServiceThread.java:46)
06-28 01:33:41.373   886  1194 W awmy    : Empty context buffer. Thus might mean that the context is not synced down.
06-28 01:33:41.373   886  1194 W awhk    : Empty context model while retrieving upload opt-in status!
06-28 01:33:41.429  1119  1646 W Conscrypt: Could not set socket write timeout: java.net.SocketException: Socket closed
06-28 01:33:41.453  2009  2009 V RKMC    : Debug Print: CWinEventsAndroid::CWinEventsAndroid
06-28 01:33:41.469  1119  1646 W Conscrypt: 	at com.google.android.gms.org.conscrypt.Platform.setSocketWriteTimeout(:com.google.android.gms@17785019@17.7.85 (040400-253824076):2)
06-28 01:33:41.469  1119  1646 W Conscrypt: 	at com.google.android.gms.org.conscrypt.ConscryptFileDescriptorSocket.setSoWriteTimeout(:com.google.android.gms@17785019@17.7.85 (040400-253824076):2)
06-28 01:33:41.500  1119  1646 W Conscrypt: Could not set socket write timeout: java.net.SocketException: Socket closed
06-28 01:33:41.500  1119  1646 W Conscrypt: 	at com.google.android.gms.org.conscrypt.Platform.setSocketWriteTimeout(:com.google.android.gms@17785019@17.7.85 (040400-253824076):2)
06-28 01:33:41.500  1119  1646 W Conscrypt: 	at com.google.android.gms.org.conscrypt.ConscryptFileDescriptorSocket.setSoWriteTimeout(:com.google.android.gms@17785019@17.7.85 (040400-253824076):2)
06-28 01:33:41.565   412   412 W WindowManager: Attempted to remove non-existing token: android.os.Binder@948aa53
06-28 01:33:41.589   412  1634 D VoldConnector: SND -> {9 volume mkdirs /storage/e14e8b4a-c6c3-4546-b069-dfbdf64d0b66/Android/obb/org.xbmc.rkmc/}
06-28 01:33:41.590   845   845 I sdcard  : type=1400 audit(0.0:64): avc: denied { create } for name=".nomedia" scontext=u:r:sdcardd:s0 tcontext=u:object_r:unlabeled:s0 tclass=file permissive=1
06-28 01:33:41.601   412   514 D VoldConnector: RCV <- {200 9 Command succeeded}
06-28 01:33:41.609  2009  2009 V threaded_app: Creating: 0xe139ad00
06-28 01:33:41.609  2009  2047 V threaded_app: Config: mcc=0 mnc=0 lang=en cnt=US orien=2 touch=1 dens=160 keys=2 nav=2 keysHid=3 navHid=0 sdk=25 size=4 long=2 modetype=4 modenight=1
06-28 01:33:41.614  1119  1130 W art     : Suspending all threads took: 8.260ms
06-28 01:33:41.717  1711  1915 I Finsky  : [75] oaa.b(6): Already at the latest configurations for experiment package com.google.android.finsky.stable.
06-28 01:33:41.718  1711  1831 W art     : Long monitor contention with owner AsyncTask #3 (1915) at java.lang.Object jqi.a()(SourceFile:1) waiters=0 in int oaa.b() for 1.829s
06-28 01:33:41.718  2009  2047 V RKMC    : CEventLoop: starting event loop
06-28 01:33:41.719  1711  1831 I Finsky  : [41] oaa.b(1): Triggered update for experiment package com.google.android.finsky.regular.
06-28 01:33:41.740  2009  2009 V threaded_app: Start: 0xe139ad00
06-28 01:33:41.740  2009  2047 V threaded_app: activityState=10
06-28 01:33:41.740  2009  2047 V RKMC    : virtual void CXBMCApp::onStart(): 
06-28 01:33:41.742  2009  2009 V threaded_app: Resume: 0xe139ad00
06-28 01:33:41.742  2009  2047 V threaded_app: activityState=11
06-28 01:33:41.743  2009  2009 I Thread-3: type=1400 audit(0.0:65): avc: denied { ioctl } for path="socket:[20734]" dev="sockfs" ino=20734 ioctlcmd=8927 scontext=u:r:platform_app:s0:c512,c768 tcontext=u:r:platform_app:s0:c512,c768 tclass=udp_socket permissive=1
06-28 01:33:41.743  2009  2047 V RKMC    : virtual void CXBMCApp::onResume(): 
06-28 01:33:41.745  2009  2047 V RKMC    : static bool CXBMCApp::EnableWakeLock(bool): true
06-28 01:33:41.746  2009  2049 V RKMC    : rkmc Started with action: android.intent.action.MAIN
06-28 01:33:41.747  2009  2049 V RKMC    :  => running XBMC_Run...
06-28 01:33:41.747  2009  2047 D lvjinhua:  Failed while trying resolve alarm filter file, not exists
06-28 01:33:41.798  2009  2049 V RKMC    : Debug Print: special://profile/ is mapped to: special://masterprofile/
06-28 01:33:41.798  2009  2049 V RKMC    : Debug Print: -----------------------------------------------------------------------
06-28 01:33:41.799  2009  2049 V RKMC    : Debug Print: Starting rkmc (16.1-RC3 Git:2017-04-11-4eee750-dirty). Platform: Android ARM 32-bit
06-28 01:33:41.799  2009  2049 V RKMC    : Debug Print: Using Debug rkmc x32 build
06-28 01:33:41.800  2009  2049 V RKMC    : Debug Print: rkmc compiled Apr 11 2017 by GCC 4.8.0 for Android ARM 32-bit API level 17 (API level 17)
06-28 01:33:41.800  2009  2049 V RKMC    : Debug Print: Running on rockchip RockBox-Basic with Android 7.1.2 API level 25, kernel: Linux ARM 32-bit version 3.10.104
06-28 01:33:41.800  2009  2049 V RKMC    : Debug Print: FFmpeg version: 2.8.6-kodi-2.8.6-Jarvis-16.0-RK
06-28 01:33:41.800  2009  2049 V RKMC    : Debug Print: 4 CPU cores available
06-28 01:33:41.800  2009  2049 V RKMC    : Debug Print: Product: RockBox-Basic, Device: RockBox-Basic, Board: rk30sdk - Manufacturer: rockchip, Brand: PopcornHour, Model: RockBox-Basic, Hardware: rk30board
06-28 01:33:41.808  2009  2049 V RKMC    : Debug Print: External storage path = /storage/emulated/0; status = ok
06-28 01:33:41.809  2009  2049 V RKMC    : Debug Print: ARM Features: Neon enabled
06-28 01:33:41.809  2009  2049 V RKMC    : Debug Print: special://xbmc/ is mapped to: /data/user/0/org.xbmc.rkmc/cache/apk/assets
06-28 01:33:41.809  2009  2049 V RKMC    : Debug Print: special://xbmcbin/ is mapped to: /data/user/0/org.xbmc.rkmc/cache/apk/assets
06-28 01:33:41.809  2009  2049 V RKMC    : Debug Print: special://masterprofile/ is mapped to: /storage/emulated/0/Android/data/org.xbmc.rkmc/files/.rkmc/userdata
06-28 01:33:41.810  2009  2049 V RKMC    : Debug Print: special://home/ is mapped to: /storage/emulated/0/Android/data/org.xbmc.rkmc/files/.rkmc
06-28 01:33:41.810  2009  2049 V RKMC    : Debug Print: special://temp/ is mapped to: /storage/emulated/0/Android/data/org.xbmc.rkmc/files/.rkmc/temp
06-28 01:33:41.810  2009  2049 V RKMC    : Debug Print: The executable running is: /system/bin/app_process32
06-28 01:33:41.810  2009  2009 V threaded_app: InputQueueCreated: 0xe139ad00 -- 0xe139ae40
06-28 01:33:41.810  2009  2047 V threaded_app: APP_CMD_INPUT_CHANGED
06-28 01:33:41.810  2009  2047 V threaded_app: Attaching input queue to looper
06-28 01:33:41.811  2009  2049 V RKMC    : Debug Print: Local hostname: localhost
06-28 01:33:41.811  2009  2049 V RKMC    : Debug Print: Log File is located: /storage/emulated/0/Android/data/org.xbmc.rkmc/files/.rkmc/temp/rkmc.log
06-28 01:33:41.811  2009  2049 V RKMC    : Debug Print: -----------------------------------------------------------------------
06-28 01:33:41.842  2009  2049 V RKMC    : Debug Print: load settings...
06-28 01:33:41.881  1051  1203 I art     : Waiting for a blocking GC DisableMovingGc
06-28 01:33:41.882  1051  1203 I art     : Starting a blocking GC DisableMovingGc
06-28 01:33:41.882  2009  2009 D XBMCBroadcastReceiver: Received Intent
06-28 01:33:41.882  2009  2009 V RKMC    : CXBMCApp::onReceive Got intent. Action: android.intent.action.BATTERY_CHANGED
06-28 01:33:41.886  2009  2049 V RKMC    : Debug Print: CSettings: loaded settings definition from special://xbmc/system/settings/settings.xml
06-28 01:33:41.899  2009  2049 V RKMC    : Debug Print: CSettingInt: unknown options filler "audiocdactions" of "audiocds.autoaction"
06-28 01:33:41.901  2009  2009 V threaded_app: NativeWindowCreated: 0xe139ad00 -- 0xec5d7808
06-28 01:33:41.902  2009  2047 V threaded_app: APP_CMD_INIT_WINDOW
06-28 01:33:41.902  2009  2047 V RKMC    : virtual void CXBMCApp::onCreateWindow(ANativeWindow*): 
06-28 01:33:41.902  2009  2047 V RKMC    : XBMC_SetupDisplay()
06-28 01:33:41.913  2009  2009 D XBMCVideoPlayView: Created
06-28 01:33:41.913  2009  2009 D XBMCVideoPlayView: Changed, format:-2, width:1280, height:720
06-28 01:33:41.917  2009  2049 V RKMC    : Debug Print: CSettings: loaded settings definition from special://xbmc/system/settings/android.xml
06-28 01:33:41.926  2009  2009 V threaded_app: WindowFocusChanged: 0xe139ad00 -- 1
06-28 01:33:41.929  2009  2049 V RKMC    : Debug Print: Found 1 Lists of Devices
06-28 01:33:41.930  2009  2049 V RKMC    : Debug Print: Enumerated AUDIOTRACK devices:
06-28 01:33:41.930  2009  2049 V RKMC    : Debug Print:     Device 1
06-28 01:33:41.930  2009  2049 V RKMC    : Debug Print:         m_deviceName      : AudioTrack
06-28 01:33:41.931  2009  2049 V RKMC    : Debug Print:         m_displayName     : android
06-28 01:33:41.931  2009  2049 V RKMC    : Debug Print:         m_displayNameExtra: audiotrack-rockchip
06-28 01:33:41.931  2009  2049 V RKMC    : Debug Print:         m_deviceType      : AE_DEVTYPE_HDMI
06-28 01:33:41.931  2009  2049 V RKMC    : Debug Print:         m_channels        : FL,FR,FC,LFE,BL,BR,SL,SR
06-28 01:33:41.931  2009  2049 V RKMC    : Debug Print:         m_sampleRates     : 44100,44100,48000,96000,192000
06-28 01:33:41.932  2009  2049 V RKMC    : Debug Print:         m_dataFormats     : AE_FMT_S16LE,AE_FMT_AC3,AE_FMT_DTS,AE_FMT_EAC3,AE_FMT_TRUEHD,AE_FMT_DTSHD
06-28 01:33:41.946  2009  2049 V RKMC    : Debug Print: CSettingsManager: unable to load setting "videoplayer.rkcodec.mpeg2"
06-28 01:33:41.947  2009  2049 V RKMC    : Debug Print: CSettingsManager: unable to load setting "videoplayer.rkcodec.vp9"
06-28 01:33:41.947  2009  2049 V RKMC    : Debug Print: CSettingsManager: unable to load setting "videoplayer.rkmc.frachdmi"
06-28 01:33:41.949  2009  2049 V RKMC    : Debug Print: CSkinSettings: no <skinsettings> tag found
06-28 01:33:41.950  2009  2049 V RKMC    : Debug Print: No settings file to load (special://xbmc/system/advancedsettings.xml)
06-28 01:33:41.952  2009  2049 V RKMC    : Debug Print: No settings file to load (special://masterprofile/advancedsettings.xml)
06-28 01:33:41.952  2009  2049 V RKMC    : Debug Print: Default DVD Player: dvdplayer
06-28 01:33:41.953  2009  2049 V RKMC    : Debug Print: Default Video Player: dvdplayer
06-28 01:33:41.953  2009  2049 V RKMC    : Debug Print: Default Audio Player: paplayer
06-28 01:33:41.954  2009  2049 V RKMC    : Debug Print: Disabled debug logging due to GUI setting. Level 0.
06-28 01:33:41.956  2009  2049 V RKMC    : Debug Print: Log level changed to "LOG_LEVEL_NORMAL"
06-28 01:33:41.957  2009  2049 V RKMC    : Debug Print: CMediaSourceSettings: loading media sources from special://masterprofile/sources.xml
06-28 01:33:41.963  2009  2049 V RKMC    : Debug Print: Loading player core factory settings from special://xbmc/system/playercorefactory.xml.
06-28 01:33:41.964  2009  2049 V RKMC    : Debug Print: CPlayerCoreConfig::<ctor>: created player DVDPlayer for core 1
06-28 01:33:41.965  2009  2049 V RKMC    : Debug Print: CPlayerCoreConfig::<ctor>: created player oldmplayercore for core 1
06-28 01:33:41.965  2009  2049 V RKMC    : Debug Print: CPlayerCoreConfig::<ctor>: created player PAPlayer for core 3
06-28 01:33:41.965  2009  2049 V RKMC    : Debug Print: CPlayerSelectionRule::Initialize: creating rule: system rules
06-28 01:33:41.965  2009  2049 V RKMC    : Debug Print: CPlayerSelectionRule::Initialize: creating rule: mms/udp
06-28 01:33:41.965  2009  2049 V RKMC    : Debug Print: CPlayerSelectionRule::Initialize: creating rule: lastfm/shout
06-28 01:33:41.965  2009  2049 V RKMC    : Debug Print: CPlayerSelectionRule::Initialize: creating rule: rtmp
06-28 01:33:41.965  2009  2049 V RKMC    : Debug Print: CPlayerSelectionRule::Initialize: creating rule: rtsp
06-28 01:33:41.966  2009  2049 V RKMC    : Debug Print: CPlayerSelectionRule::Initialize: creating rule: streams
06-28 01:33:41.966  2009  2049 V RKMC    : Debug Print: CPlayerSelectionRule::Initialize: creating rule: aacp/sdp
06-28 01:33:41.966  2009  2049 V RKMC    : Debug Print: CPlayerSelectionRule::Initialize: creating rule: mp2
06-28 01:33:41.966  2009  2049 V RKMC    : Debug Print: CPlayerSelectionRule::Initialize: creating rule: dvd
06-28 01:33:41.966  2009  2049 V RKMC    : Debug Print: CPlayerSelectionRule::Initialize: creating rule: dvdimage
06-28 01:33:41.967  2009  2049 V RKMC    : Debug Print: CPlayerSelectionRule::Initialize: creating rule: sdp/asf
06-28 01:33:41.967  2009  2049 V RKMC    : Debug Print: CPlayerSelectionRule::Initialize: creating rule: nsv
06-28 01:33:41.967  2009  2049 V RKMC    : Debug Print: CPlayerSelectionRule::Initialize: creating rule: radio
06-28 01:33:41.967  2009  2049 V RKMC    : Debug Print: Loaded playercorefactory configuration
06-28 01:33:41.968  2009  2049 V RKMC    : Debug Print: Loading player core factory settings from special://masterprofile/playercorefactory.xml.
06-28 01:33:41.968  2009  2049 V RKMC    : Debug Print: special://masterprofile/playercorefactory.xml does not exist. Skipping.
06-28 01:33:41.976  2009  2049 V RKMC    : Debug Print: CSettingsManager: unable to save setting "videoplayer.rkcodec.mpeg2"
06-28 01:33:41.977  2009  2049 V RKMC    : Debug Print: CSettingsManager: unable to save setting "videoplayer.rkcodec.vp9"
06-28 01:33:41.977  2009  2049 V RKMC    : Debug Print: CSettingsManager: unable to save setting "videoplayer.rkmc.frachdmi"
06-28 01:33:41.990  2009  2049 V RKMC    : Debug Print: creating subdirectories
06-28 01:33:41.991  2009  2049 V RKMC    : Debug Print: userdata folder: special://masterprofile/
06-28 01:33:41.991  2009  2049 V RKMC    : Debug Print: recording folder:
06-28 01:33:41.991  2009  2049 V RKMC    : Debug Print: screenshots folder:
06-28 01:33:42.006  2009  2051 V RKMC    : Debug Print: Thread ActiveAE start, auto delete: false
06-28 01:33:42.007  2009  2052 V RKMC    : Debug Print: Thread AESink start, auto delete: false
06-28 01:33:42.008  2009  2052 V RKMC    : Debug Print: CActiveAESink::OpenSink - initialize sink
06-28 01:33:42.008  2009  2052 V RKMC    : Debug Print: CActiveAESink::OpenSink - trying to open device AUDIOTRACK:AudioTrack
06-28 01:33:42.015  2009  2052 D AudioTrack: Client defaulted notificationFrames to 1539 for frameCount 3078
06-28 01:33:42.016  2009  2052 V RKMC    : Debug Print: CActiveAESink::OpenSink - RKAUDIOTRACK Initialized:
06-28 01:33:42.016  2009  2052 V RKMC    : Debug Print:   Output Device : android
06-28 01:33:42.016  2009  2052 V RKMC    : Debug Print:   Sample Rate   : 44100
06-28 01:33:42.016  2009  2052 V RKMC    : Debug Print:   Sample Format : AE_FMT_S16NE
06-28 01:33:42.016  2009  2052 V RKMC    : Debug Print:   Channel Count : 2
06-28 01:33:42.017  2009  2052 V RKMC    : Debug Print:   Channel Layout: FL,FR
06-28 01:33:42.017  2009  2052 V RKMC    : Debug Print:   Frames        : 1539
06-28 01:33:42.017  2009  2052 V RKMC    : Debug Print:   Frame Samples : 3078
06-28 01:33:42.017  2009  2052 V RKMC    : Debug Print:   Frame Size    : 4
06-28 01:33:42.028  2009  2049 V RKMC    : Debug Print: Running database version Addons20
06-28 01:33:42.030  2009  2049 V RKMC    : Debug Print: SECTION:LoadDLL(libcpluff-arm.so)
06-28 01:33:42.031  2009  2049 V RKMC    : Debug Print: Loading: /system/app/rkmcapp-armeabi-v7a-debug/lib/arm/libcpluff-arm.so
06-28 01:33:42.037  2009  2049 W linker  : /system/app/rkmcapp-armeabi-v7a-debug/lib/arm/libcpluff-arm.so: is missing DT_SONAME will use basename as a replacement: "libcpluff-arm.so"
06-28 01:33:42.220  1711  1831 I Finsky  : [41] oaa.b(6): Already at the latest configurations for experiment package com.google.android.finsky.regular.
06-28 01:33:42.221  1711  1906 W art     : Long monitor contention with owner AsyncTask #3 (1915) at java.lang.Object jqi.a()(SourceFile:1) waiters=1 in int oaa.b() for 2.322s
06-28 01:33:42.222  1711  1906 I Finsky  : [73] oaa.b(1): Triggered update for experiment package com.google.android.finsky.regular.
06-28 01:33:42.241  1119  1660 I CheckinCompat: Done disabling old GoogleServicesFramework version
06-28 01:33:42.293  2009  2049 V RKMC    : Debug Print: ADDONS: Using repository repository.xbmchub
06-28 01:33:42.293  2009  2049 V RKMC    : Debug Print: ADDONS: Using repository xbmc.repo.elmerohueso
06-28 01:33:42.293  2009  2049 V RKMC    : Debug Print: ADDONS: Using repository repository.FTV-Guide-Repo
06-28 01:33:42.294  2009  2049 V RKMC    : Debug Print: ADDONS: Using repository repository.xbmc.org
06-28 01:33:42.294  2009  2049 V RKMC    : Debug Print: ADDONS: Using repository repository.rayw1986
06-28 01:33:42.307  2009  2049 V RKMC    : Debug Print: CKeyboardLayoutManager: loading keyboard layouts from special://xbmc/system/keyboardlayouts...
06-28 01:33:42.325  2009  2049 V RKMC    : Debug Print: CKeyboardLayoutManager: keyboard layout "Arabic QWERTY" successfully loaded
06-28 01:33:42.345  2009  2049 V RKMC    : Debug Print: CKeyboardLayoutManager: keyboard layout "Bulgarian " successfully loaded
06-28 01:33:42.345  2009  2049 V RKMC    : Debug Print: CKeyboardLayoutManager: keyboard layout "Bulgarian " successfully loaded
06-28 01:33:42.348  2009  2049 V RKMC    : Debug Print: CKeyboardLayoutManager: keyboard layout "Chinese BasePY" successfully loaded
06-28 01:33:42.349  2009  2049 V RKMC    : Debug Print: CKeyboardLayoutManager: keyboard layout "Chinese BaiduPY" successfully loaded
06-28 01:33:42.351  2009  2049 V RKMC    : Debug Print: CKeyboardLayoutManager: keyboard layout "Czech QWERTZ" successfully loaded
06-28 01:33:42.353  2009  2049 V RKMC    : Debug Print: CKeyboardLayoutManager: keyboard layout "Danish QWERTY" successfully loaded
06-28 01:33:42.356  2009  2049 V RKMC    : Debug Print: CKeyboardLayoutManager: keyboard layout "English QWERTY" successfully loaded
06-28 01:33:42.357  2009  2049 V RKMC    : Debug Print: CKeyboardLayoutManager: keyboard layout "English AZERTY" successfully loaded
06-28 01:33:42.357  2009  2049 V RKMC    : Debug Print: CKeyboardLayoutManager: keyboard layout "English ABC" successfully loaded
06-28 01:33:42.360  2009  2049 V RKMC    : Debug Print: CKeyboardLayoutManager: keyboard layout "French AZERTY" successfully loaded
06-28 01:33:42.362  2009  2049 V RKMC    : Debug Print: CKeyboardLayoutManager: keyboard layout "German QWERTZ" successfully loaded
06-28 01:33:42.364  2009  2049 V RKMC    : Debug Print: CKeyboardLayoutManager: keyboard layout "Greek QWERTY" successfully loaded
06-28 01:33:42.367  2009  2049 V RKMC    : Debug Print: CKeyboardLayoutManager: keyboard layout "Hebrew QWERTY" successfully loaded
06-28 01:33:42.368  2009  2049 V RKMC    : Debug Print: CKeyboardLayoutManager: keyboard layout "Hebrew ABC" successfully loaded
06-28 01:33:42.370  2009  2049 V RKMC    : Debug Print: CKeyboardLayoutManager: keyboard layout "Hungarian QWERTZ" successfully loaded
06-28 01:33:42.373  2009  2049 V RKMC    : Debug Print: CKeyboardLayoutManager: keyboard layout "Korean " successfully loaded
06-28 01:33:42.375  2009  2049 V RKMC    : Debug Print: CKeyboardLayoutManager: keyboard layout "Lithuanian AZERTY" successfully loaded
06-28 01:33:42.376  2009  2049 V RKMC    : Debug Print: CKeyboardLayoutManager: keyboard layout "Lithuanian QWERTY" successfully loaded
06-28 01:33:42.379  2009  2049 V RKMC    : Debug Print: CKeyboardLayoutManager: keyboard layout "Norwegian QWERTY" successfully loaded
06-28 01:33:42.381  2009  2049 V RKMC    : Debug Print: CKeyboardLayoutManager: keyboard layout "Polish QWERTY" successfully loaded
06-28 01:33:42.384  2009  2049 V RKMC    : Debug Print: CKeyboardLayoutManager: keyboard layout "Portuguese (Portugal) QWERTY" successfully loaded
06-28 01:33:42.387  2009  2049 V RKMC    : Debug Print: CKeyboardLayoutManager: keyboard layout "Romanian QWERTY" successfully loaded
06-28 01:33:42.390  2009  2049 V RKMC    : Debug Print: CKeyboardLayoutManager: keyboard layout "Russian " successfully loaded
06-28 01:33:42.391  2009  2049 V RKMC    : Debug Print: CKeyboardLayoutManager: keyboard layout "Russian " successfully loaded
06-28 01:33:42.393  2009  2049 V RKMC    : Debug Print: CKeyboardLayoutManager: keyboard layout "Spanish QWERTY" successfully loaded
06-28 01:33:42.396  2009  2049 V RKMC    : Debug Print: CKeyboardLayoutManager: keyboard layout "Swedish QWERTY" successfully loaded
06-28 01:33:42.399  2009  2049 V RKMC    : Debug Print: CKeyboardLayoutManager: keyboard layout "Turkish QWERTY" successfully loaded
06-28 01:33:42.403  2009  2009 I Thread-3: type=1400 audit(0.0:66): avc: denied { read } for name="mode" dev="sysfs" ino=10335 scontext=u:r:platform_app:s0:c512,c768 tcontext=u:object_r:sysfs_hdmi:s0 tclass=file permissive=1
06-28 01:33:42.403  2009  2009 I Thread-3: type=1400 audit(0.0:67): avc: denied { open } for path="/sys/devices/virtual/display/HDMI/mode" dev="sysfs" ino=10335 scontext=u:r:platform_app:s0:c512,c768 tcontext=u:object_r:sysfs_hdmi:s0 tclass=file permissive=1
06-28 01:33:42.403  2009  2049 V RKMC    : Debug Print: CKeyboardLayoutManager: keyboard layout "Ukrainian " successfully loaded
06-28 01:33:42.403  2009  2049 V RKMC    : Debug Print: CKeyboardLayoutManager: keyboard layout "Ukrainian " successfully loaded
06-28 01:33:42.406  2009  2049 V RKMC    : Debug Print: RKEGL: Detected
06-28 01:33:42.407  2009  2049 V RKMC    : Debug Print: virtual bool CWinSystemEGL::InitWindowSystem(): Using EGL Implementation: rkandroid
06-28 01:33:42.413  2009  2049 I mali_so : [File] : hardware/rockchip/driver/./src/base/arch/arch_011_udd/base_arch_main.c; [Line] : 565; [Func] : deal_with_version_affairs_rk_ext;
06-28 01:33:42.413  2009  2049 I mali_so : arm_release_ver of this mali_so is 'r7p0-00rel1', rk_so_ver is '1@2' for 3328h_android_7.1, built at '15:47:49', on 'Jun 28 2017'.
06-28 01:33:42.413  2009  2049 I mali_so : [File] : hardware/rockchip/driver/./src/base/arch/arch_011_udd/base_arch_main.c; [Line] : 578; [Func] : deal_with_version_affairs_rk_ext;
06-28 01:33:42.413  2009  2049 I mali_so : mali_ver_property has been set to 'r7p0-00rel1-5-1@2', to return.
06-28 01:33:42.426  2009  2049 V RKMC    : Debug Print: CEGLNativeTypeAndroid: Current display refresh rate: 60.000004
06-28 01:33:42.427  2009  2049 V RKMC    : Debug Print: Current resolution: 1280x720 @ 60.00 - Full Screen
06-28 01:33:42.427  2009  2049 V RKMC    : Debug Print: static int SysfsUtils::GetString(const string&, std::string&): error reading /sys/class/display/display0.HDMI/modes
06-28 01:33:42.427  2009  2049 V RKMC    : Debug Print: static int SysfsUtils::GetString(const string&, std::string&): error reading /sys/class/display/display0.HDMI/3dmode
06-28 01:33:42.428  2009  2049 V RKMC    : Debug Print: SysModeToResolution w:4096 h:2160 r:60
06-28 01:33:42.428  2009  2049 V RKMC    : Debug Print: ProbeResolutions width:1280 height:720 ScreenWidth:4096 ScreenHeight:2160 fps:60.000000
06-28 01:33:42.428  2009  2049 V RKMC    : Debug Print: SysModeToResolution w:4096 h:2160 r:50
06-28 01:33:42.428  2009  2049 V RKMC    : Debug Print: ProbeResolutions width:1280 height:720 ScreenWidth:4096 ScreenHeight:2160 fps:50.000000
06-28 01:33:42.428  2009  2049 V RKMC    : Debug Print: SysModeToResolution w:4096 h:2160 r:30
06-28 01:33:42.429  2009  2049 V RKMC    : Debug Print: ProbeResolutions width:1280 height:720 ScreenWidth:4096 ScreenHeight:2160 fps:30.000000
06-28 01:33:42.429  2009  2049 V RKMC    : Debug Print: SysModeToResolution w:4096 h:2160 r:25
06-28 01:33:42.429  2009  2049 V RKMC    : Debug Print: ProbeResolutions width:1280 height:720 ScreenWidth:4096 ScreenHeight:2160 fps:25.000000
06-28 01:33:42.429  2009  2049 V RKMC    : Debug Print: SysModeToResolution w:4096 h:2160 r:24
06-28 01:33:42.429  2009  2049 V RKMC    : Debug Print: ProbeResolutions width:1280 height:720 ScreenWidth:4096 ScreenHeight:2160 fps:24.000000
06-28 01:33:42.430  2009  2049 V RKMC    : Debug Print: SysModeToResolution w:3840 h:2160 r:60
06-28 01:33:42.430  2009  2049 V RKMC    : Debug Print: ProbeResolutions width:1280 height:720 ScreenWidth:3840 ScreenHeight:2160 fps:60.000000
06-28 01:33:42.430  2009  2049 V RKMC    : Debug Print: SysModeToResolution w:3840 h:2160 r:50
06-28 01:33:42.430  2009  2049 V RKMC    : Debug Print: ProbeResolutions width:1280 height:720 ScreenWidth:3840 ScreenHeight:2160 fps:50.000000
06-28 01:33:42.430  2009  2049 V RKMC    : Debug Print: SysModeToResolution w:3840 h:2160 r:30
06-28 01:33:42.430  2009  2049 V RKMC    : Debug Print: ProbeResolutions width:1280 height:720 ScreenWidth:3840 ScreenHeight:2160 fps:30.000000
06-28 01:33:42.431  2009  2049 V RKMC    : Debug Print: SysModeToResolution w:3840 h:2160 r:25
06-28 01:33:42.431  2009  2049 V RKMC    : Debug Print: ProbeResolutions width:1280 height:720 ScreenWidth:3840 ScreenHeight:2160 fps:25.000000
06-28 01:33:42.431  2009  2049 V RKMC    : Debug Print: SysModeToResolution w:3840 h:2160 r:24
06-28 01:33:42.431  2009  2049 V RKMC    : Debug Print: ProbeResolutions width:1280 height:720 ScreenWidth:3840 ScreenHeight:2160 fps:24.000000
06-28 01:33:42.431  2009  2049 V RKMC    : Debug Print: SysModeToResolution w:1920 h:1080 r:60
06-28 01:33:42.432  2009  2049 V RKMC    : Debug Print: ProbeResolutions width:1280 height:720 ScreenWidth:1920 ScreenHeight:1080 fps:60.000000
06-28 01:33:42.432  2009  2049 V RKMC    : Debug Print: SysModeToResolution w:1920 h:1080 r:50
06-28 01:33:42.432  2009  2049 V RKMC    : Debug Print: ProbeResolutions width:1280 height:720 ScreenWidth:1920 ScreenHeight:1080 fps:50.000000
06-28 01:33:42.432  2009  2049 V RKMC    : Debug Print: SysModeToResolution w:1920 h:1080 r:30
06-28 01:33:42.433  2009  2049 V RKMC    : Debug Print: ProbeResolutions width:1280 height:720 ScreenWidth:1920 ScreenHeight:1080 fps:30.000000
06-28 01:33:42.433  2009  2049 V RKMC    : Debug Print: SysModeToResolution w:1920 h:1080 r:25
06-28 01:33:42.433  2009  2049 V RKMC    : Debug Print: ProbeResolutions width:1280 height:720 ScreenWidth:1920 ScreenHeight:1080 fps:25.000000
06-28 01:33:42.433  2009  2049 V RKMC    : Debug Print: SysModeToResolution w:1920 h:1080 r:24
06-28 01:33:42.434  2009  2049 V RKMC    : Debug Print: ProbeResolutions width:1280 height:720 ScreenWidth:1920 ScreenHeight:1080 fps:24.000000
06-28 01:33:42.434  2009  2049 V RKMC    : Debug Print: SysModeToResolution w:1920 h:1080 r:60
06-28 01:33:42.434  2009  2049 V RKMC    : Debug Print: ProbeResolutions width:1280 height:720 ScreenWidth:1920 ScreenHeight:1080 fps:60.000000
06-28 01:33:42.434  2009  2049 V RKMC    : Debug Print: SysModeToResolution w:1920 h:1080 r:50
06-28 01:33:42.435  2009  2049 V RKMC    : Debug Print: ProbeResolutions width:1280 height:720 ScreenWidth:1920 ScreenHeight:1080 fps:50.000000
06-28 01:33:42.435  2009  2049 V RKMC    : Debug Print: SysModeToResolution w:1280 h:720 r:60
06-28 01:33:42.435  2009  2049 V RKMC    : Debug Print: ProbeResolutions width:1280 height:720 ScreenWidth:1280 ScreenHeight:720 fps:60.000000
06-28 01:33:42.436  2009  2049 V RKMC    : Debug Print: SysModeToResolution w:1280 h:720 r:50
06-28 01:33:42.436  2009  2049 V RKMC    : Debug Print: ProbeResolutions width:1280 height:720 ScreenWidth:1280 ScreenHeight:720 fps:50.000000
06-28 01:33:42.436  2009  2049 V RKMC    : Debug Print: SysModeToResolution w:720 h:576 r:50
06-28 01:33:42.437  2009  2049 V RKMC    : Debug Print: ProbeResolutions width:1280 height:720 ScreenWidth:720 ScreenHeight:576 fps:50.000000
06-28 01:33:42.437  2009  2049 V RKMC    : Debug Print: SysModeToResolution w:720 h:480 r:60
06-28 01:33:42.437  2009  2049 V RKMC    : Debug Print: ProbeResolutions width:1280 height:720 ScreenWidth:720 ScreenHeight:480 fps:60.000000
06-28 01:33:42.439  2009  2049 V RKMC    : Debug Print: CEGLNativeTypeAndroid: Current display refresh rate: 60.000004
06-28 01:33:42.439  2009  2049 V RKMC    : Debug Print: Current resolution: 1280x720 @ 60.00 - Full Screen
06-28 01:33:42.440  2009  2049 V RKMC    : Debug Print: static int SysfsUtils::GetString(const string&, std::string&): error reading /sys/class/display/display0.HDMI/mode
06-28 01:33:42.440  2009  2049 V RKMC    : Debug Print: SysModeToResolution w:4096 h:2160 r:60
06-28 01:33:42.440  2009  2049 V RKMC    : Debug Print: CEGLNativeTypeRockchip current res:4096x2160-60.000000 hz
06-28 01:33:42.441  2009  2049 V RKMC    : Debug Print: Found resolution 1280 x 720 for display 0 with 4096 x 2160 @ 60.000000 Hz
06-28 01:33:42.441  2009  2049 V RKMC    : Debug Print: Found resolution 1280 x 720 for display 0 with 4096 x 2160 @ 50.000000 Hz
06-28 01:33:42.441  2009  2049 V RKMC    : Debug Print: Found resolution 1280 x 720 for display 0 with 4096 x 2160 @ 30.000000 Hz
06-28 01:33:42.441  2009  2049 V RKMC    : Debug Print: Found resolution 1280 x 720 for display 0 with 4096 x 2160 @ 25.000000 Hz
06-28 01:33:42.442  2009  2049 V RKMC    : Debug Print: Found resolution 1280 x 720 for display 0 with 4096 x 2160 @ 24.000000 Hz
06-28 01:33:42.442  2009  2049 V RKMC    : Debug Print: Found resolution 1280 x 720 for display 0 with 3840 x 2160 @ 60.000000 Hz
06-28 01:33:42.442  2009  2049 V RKMC    : Debug Print: Found resolution 1280 x 720 for display 0 with 3840 x 2160 @ 50.000000 Hz
06-28 01:33:42.442  2009  2049 V RKMC    : Debug Print: Found resolution 1280 x 720 for display 0 with 3840 x 2160 @ 30.000000 Hz
06-28 01:33:42.442  2009  2049 V RKMC    : Debug Print: Found resolution 1280 x 720 for display 0 with 3840 x 2160 @ 25.000000 Hz
06-28 01:33:42.442  2009  2049 V RKMC    : Debug Print: Found resolution 1280 x 720 for display 0 with 3840 x 2160 @ 24.000000 Hz
06-28 01:33:42.443  2009  2049 V RKMC    : Debug Print: Found resolution 1280 x 720 for display 0 with 1920 x 1080 @ 60.000000 Hz
06-28 01:33:42.443  2009  2049 V RKMC    : Debug Print: Found resolution 1280 x 720 for display 0 with 1920 x 1080 @ 50.000000 Hz
06-28 01:33:42.443  2009  2049 V RKMC    : Debug Print: Found resolution 1280 x 720 for display 0 with 1920 x 1080 @ 30.000000 Hz
06-28 01:33:42.443  2009  2049 V RKMC    : Debug Print: Found resolution 1280 x 720 for display 0 with 1920 x 1080 @ 25.000000 Hz
06-28 01:33:42.443  2009  2049 V RKMC    : Debug Print: Found resolution 1280 x 720 for display 0 with 1920 x 1080 @ 24.000000 Hz
06-28 01:33:42.444  2009  2049 V RKMC    : Debug Print: Found resolution 1280 x 720 for display 0 with 1920 x 1080i @ 60.000000 Hz
06-28 01:33:42.444  2009  2049 V RKMC    : Debug Print: Found resolution 1280 x 720 for display 0 with 1920 x 1080i @ 50.000000 Hz
06-28 01:33:42.444  2009  2049 V RKMC    : Debug Print: Found resolution 1280 x 720 for display 0 with 1280 x 720 @ 60.000000 Hz
06-28 01:33:42.444  2009  2049 V RKMC    : Debug Print: Found resolution 1280 x 720 for display 0 with 1280 x 720 @ 50.000000 Hz
06-28 01:33:42.444  2009  2049 V RKMC    : Debug Print: Found resolution 1280 x 720 for display 0 with 720 x 576 @ 50.000000 Hz
06-28 01:33:42.445  2009  2049 V RKMC    : Debug Print: Found resolution 1280 x 720 for display 0 with 720 x 480 @ 60.000000 Hz
06-28 01:33:42.445  2009  2049 V RKMC    : Debug Print: Found (1280x720@60.000000) at 16, setting to RES_DESKTOP at 16
06-28 01:33:42.445  2009  2049 V RKMC    : Debug Print: Checking resolution 16
06-28 01:33:42.445  2009  2049 V RKMC    : Debug Print: CEGLNativeTypeRockchip res:4096x2160-60.000000 hz
06-28 01:33:42.445  2009  2049 V RKMC    : Debug Print: CEGLNativeTypeRockchip SetDisplayResolution 4096x2160p-60(YCbCr420)
06-28 01:33:42.445  2009  2049 V RKMC    : Debug Print: static int SysfsUtils::GetString(const string&, std::string&): error reading /sys/class/display/display0.HDMI/3dmode
06-28 01:33:42.449  2009  2049 V RKMC    : Debug Print: bool CWinSystemEGL::CreateWindow(RESOLUTION_INFO&): Created surface of size 1280x720
06-28 01:33:42.452  2009  2049 I [Gralloc]:  ion device open success! fd = 55
06-28 01:33:42.452  1711  1906 I Finsky  : [73] oaa.b(6): Already at the latest configurations for experiment package com.google.android.finsky.regular.
06-28 01:33:42.454  2009  2049 V RKMC    : Debug Print: GL_VENDOR = ARM
06-28 01:33:42.454  2009  2049 V RKMC    : Debug Print: GL_RENDERER = Mali-450 MP
06-28 01:33:42.455  2009  2049 V RKMC    : Debug Print: GL_VERSION = OpenGL ES 2.0
06-28 01:33:42.455  2009  2049 V RKMC    : Debug Print: GL_SHADING_LANGUAGE_VERSION = OpenGL ES GLSL ES 1.00
06-28 01:33:42.455  2009  2049 V RKMC    : Debug Print: GLES: Extension Support Test - GL_NVX_gpu_memory_info NO
06-28 01:33:42.455  2009  2049 V RKMC    : Debug Print: GL_EXTENSIONS = GL_EXT_debug_marker GL_OES_texture_npot GL_OES_vertex_array_object GL_OES_compressed_ETC1_RGB8_texture GL_EXT_compressed_ETC1_RGB8_sub_texture GL_OES_standard_derivatives GL_OES_EGL_image GL_OES_depth24 GL_ARM_rgba8 GL_ARM_mali_shader_binary GL_OES_depth_texture GL_OES_packed_depth_stencil GL_EXT_texture_format_BGRA8888 GL_OES_vertex_half_float GL_EXT_blend_minmax GL_OES_EGL_image_external GL_OES_EGL_sync GL_OES_rgb8_rgba8 GL_EXT_multisampled_render_to_texture GL_EXT_discard_framebuffer GL_OES_get_program_binary GL_ARM_mali_program_binary GL_EXT_shader_texture_lod GL_EXT_robustness GL_OES_depth_texture_cube_map GL_KHR_debug GL_ARM_shader_framebuffer_fetch GL_ARM_shader_framebuffer_fetch_depth_stencil GL_OES_mapbuffer GL_KHR_no_error
06-28 01:33:42.456  2009  2049 V RKMC    : Debug Print: GLES: Extension Support Test - GL_EXT_texture_format_BGRA8888 YES
06-28 01:33:42.456  2009  2049 V RKMC    : Debug Print: GLES: Extension Support Test - GL_IMG_texture_format_BGRA8888 NO
06-28 01:33:42.456  2009  2049 V RKMC    : Debug Print: GLES: Extension Support Test - GL_APPLE_texture_format_BGRA8888 NO
06-28 01:33:42.459  2009  2049 V RKMC    : Debug Print: GL: Vertex Shader compilation log:
06-28 01:33:42.460  2009  2049 V RKMC    : Debug Print: GL: Vertex Shader compiled successfully
06-28 01:33:42.460  2009  2049 V RKMC    : Debug Print: GL: Pixel Shader compilation log:
06-28 01:33:42.460  2009  2049 V RKMC    : Debug Print: GL: Fragment Shader compiled successfully
06-28 01:33:42.461  2009  2049 V RKMC    : Debug Print: GUI Shader [guishader_frag_default.glsl]- Initialise successful : 0xd1383a00
06-28 01:33:42.466  2009  2049 V RKMC    : Debug Print: GL: Vertex Shader compilation log:
06-28 01:33:42.467  2009  2049 V RKMC    : Debug Print: GL: Vertex Shader compiled successfully
06-28 01:33:42.467  2009  2049 V RKMC    : Debug Print: GL: Pixel Shader compilation log:
06-28 01:33:42.467  2009  2049 V RKMC    : Debug Print: GL: Fragment Shader compiled successfully
06-28 01:33:42.468  2009  2049 V RKMC    : Debug Print: GUI Shader [guishader_frag_texture.glsl]- Initialise successful : 0xd1383c00
06-28 01:33:42.469  2009  2049 V RKMC    : Debug Print: GL: Vertex Shader compilation log:
06-28 01:33:42.469  2009  2049 V RKMC    : Debug Print: GL: Vertex Shader compiled successfully
06-28 01:33:42.470  2009  2049 V RKMC    : Debug Print: GL: Pixel Shader compilation log:
06-28 01:33:42.470  2009  2049 V RKMC    : Debug Print: GL: Fragment Shader compiled successfully
06-28 01:33:42.470  2009  2049 V RKMC    : Debug Print: GUI Shader [guishader_frag_multi.glsl]- Initialise successful : 0xd1383d80
06-28 01:33:42.472  2009  2049 V RKMC    : Debug Print: GL: Vertex Shader compilation log:
06-28 01:33:42.472  2009  2049 V RKMC    : Debug Print: GL: Vertex Shader compiled successfully
06-28 01:33:42.472  2009  2049 V RKMC    : Debug Print: GL: Pixel Shader compilation log:
06-28 01:33:42.473  2009  2049 V RKMC    : Debug Print: GL: Fragment Shader compiled successfully
06-28 01:33:42.473  2009  2049 V RKMC    : Debug Print: GUI Shader [guishader_frag_fonts.glsl]- Initialise successful : 0xd1383f00
06-28 01:33:42.474  2009  2049 V RKMC    : Debug Print: GL: Vertex Shader compilation log:
06-28 01:33:42.475  2009  2049 V RKMC    : Debug Print: GL: Vertex Shader compiled successfully
06-28 01:33:42.475  2009  2049 V RKMC    : Debug Print: GL: Pixel Shader compilation log:
06-28 01:33:42.475  2009  2049 V RKMC    : Debug Print: GL: Fragment Shader compiled successfully
06-28 01:33:42.476  2009  2049 V RKMC    : Debug Print: GUI Shader [guishader_frag_texture_noblend.glsl]- Initialise successful : 0xec5eb680
