06-27 18:46:09.748   372   479 I ActivityManager: Waited long enough for: ServiceRecord{db5281e u0 com.android.providers.media/.MediaScannerService}
06-27 18:46:09.759   943  1200 I GCoreUlr: Successfully accounts update
06-27 18:46:09.760   943  1808 I GCoreUlr: Unbound from all signal providers.
06-27 18:46:09.769   943  1858 W awmy    : Empty context buffer. Thus might mean that the context is not synced down.
06-27 18:46:09.769   943  1858 W awhk    : Empty context model while retrieving upload opt-in status!
06-27 18:46:09.804   943  1845 I MagicTether: [HostValidator] InvalidHost. MobileData: false, Tethering: true, whitelist: false, ble: false
06-27 18:46:09.809   943  1825 E WorkSourceUtil: Could not find package: com.google.android.gms.stats.eastworld
06-27 18:46:09.886   943   943 I art     : Rejecting re-init on previously-failed class java.lang.Class<agat>: java.lang.NoClassDefFoundError: Failed resolution of: Landroid/net/ConnectivityManager$OnTetheringEntitlementResultListener;
06-27 18:46:09.886   943   943 I art     :   at com.google.android.gms.magictether.host.HotspotEnabler afzm.a(android.content.Context) (:com.google.android.gms@17785019@17.7.85 (040400-253824076):1)
06-27 18:46:09.886   943   943 I art     :   at void afyy.<init>(android.content.Context) (:com.google.android.gms@17785019@17.7.85 (040400-253824076):-1)
06-27 18:46:09.886   943   943 I art     :   at afyy afyy.a(android.content.Context) (:com.google.android.gms@17785019@17.7.85 (040400-253824076):5)
06-27 18:46:09.886   943   943 I art     :   at void com.google.android.gms.magictether.host.TetherListenerChimeraService.a(android.content.Context, boolean) (:com.google.android.gms@17785019@17.7.85 (040400-253824076):5)
06-27 18:46:09.886   943   943 I art     :   at void com.google.android.gms.magictether.host.TetherListenerChimeraService.onDestroy() (:com.google.android.gms@17785019@17.7.85 (040400-253824076):2)
06-27 18:46:09.886   943   943 I art     :   at void qmj.onDestroy() (:com.google.android.gms@17785019@17.7.85 (040400-253824076):2)
06-27 18:46:09.886   943   943 I art     :   at void android.app.ActivityThread.handleStopService(android.os.IBinder) (ActivityThread.java:3357)
06-27 18:46:09.886   943   943 I art     :   at void android.app.ActivityThread.-wrap27(android.app.ActivityThread, android.os.IBinder) (ActivityThread.java:-1)
06-27 18:46:09.886   943   943 I art     :   at void android.app.ActivityThread$H.handleMessage(android.os.Message) (ActivityThread.java:1588)
06-27 18:46:09.886   943   943 I art     :   at void android.os.Handler.dispatchMessage(android.os.Message) (Handler.java:102)
06-27 18:46:09.886   943   943 I art     :   at void android.os.Looper.loop() (Looper.java:154)
06-27 18:46:09.886   943   943 I art     :   at void android.app.ActivityThread.main(java.lang.String[]) (ActivityThread.java:6121)
06-27 18:46:09.886   943   943 I art     :   at java.lang.Object java.lang.reflect.Method.invoke!(java.lang.Object, java.lang.Object[]) (Method.java:-2)
06-27 18:46:09.886   943   943 I art     :   at void com.android.internal.os.ZygoteInit$MethodAndArgsCaller.run() (ZygoteInit.java:905)
06-27 18:46:09.886   943   943 I art     :   at void com.android.internal.os.ZygoteInit.main(java.lang.String[]) (ZygoteInit.java:795)
06-27 18:46:09.886   943   943 I art     : Caused by: java.lang.ClassNotFoundException: Didn't find class "android.net.ConnectivityManager$OnTetheringEntitlementResultListener" on path: DexPathList[[zip file "/system/framework/com.android.location.provider.jar", zip file "/system/framework/com.android.media.remotedisplay.jar", zip file "/data/app/com.google.android.gms-2/base.apk"],nativeLibraryDirectories=[/data/app/com.google.android.gms-2/lib/arm64, /data/app/com.google.android.gms-2/base.apk!/lib/arm64-v8a, /system/lib64, /vendor/lib64]]
06-27 18:46:09.886   943   943 I art     :   at java.lang.Class dalvik.system.BaseDexClassLoader.findClass(java.lang.String) (BaseDexClassLoader.java:56)
06-27 18:46:09.886   943   943 I art     :   at java.lang.Class java.lang.ClassLoader.loadClass(java.lang.String, boolean) (ClassLoader.java:380)
06-27 18:46:09.886   943   943 I art     :   at java.lang.Class java.lang.ClassLoader.loadClass(java.lang.String) (ClassLoader.java:312)
06-27 18:46:09.886   943   943 I art     :   at com.google.android.gms.magictether.host.HotspotEnabler afzm.a(android.content.Context) (:com.google.android.gms@17785019@17.7.85 (040400-253824076):1)
06-27 18:46:09.886   943   943 I art     :   at void afyy.<init>(android.content.Context) (:com.google.android.gms@17785019@17.7.85 (040400-253824076):-1)
06-27 18:46:09.886   943   943 I art     :   at afyy afyy.a(android.content.Context) (:com.google.android.gms@17785019@17.7.85 (040400-253824076):5)
06-27 18:46:09.886   943   943 I art     :   at void com.google.android.gms.magictether.host.TetherListenerChimeraService.a(android.content.Context, boolean) (:com.google.android.gms@17785019@17.7.85 (040400-253824076):5)
06-27 18:46:09.886   943   943 I art     :   at void com.google.android.gms.magictether.host.TetherListenerChimeraService.onDestroy() (:com.google.android.gms@17785019@17.7.85 (040400-253824076):2)
06-27 18:46:09.886   943   943 I art     :   at void qmj.onDestroy() (:com.google.android.gms@17785019@17.7.85 (040400-253824076):2)
06-27 18:46:09.886   943   943 I art     :   at void android.app.ActivityThread.handleStopService(android.os.IBinder) (ActivityThread.java:3357)
06-27 18:46:09.886   943   943 I art     :   at void android.app.ActivityThread.-wrap27(android.app.ActivityThread, android.os.IBinder) (ActivityThread.java:-1)
06-27 18:46:09.886   943   943 I art     :   at void android.app.ActivityThread$H.handleMessage(android.os.Message) (ActivityThread.java:1588)
06-27 18:46:09.886   943   943 I art     :   at void android.os.Handler.dispatchMessage(android.os.Message) (Handler.java:102)
06-27 18:46:09.886   943   943 I art     :   at void android.os.Looper.loop() (Looper.java:154)
06-27 18:46:09.886   943   943 I art     :   at void android.app.ActivityThread.main(java.lang.String[]) (ActivityThread.java:6121)
06-27 18:46:09.886   943   943 I art     :   at java.lang.Object java.lang.reflect.Method.invoke!(java.lang.Object, java.lang.Object[]) (Method.java:-2)
06-27 18:46:09.886   943   943 I art     :   at void com.android.internal.os.ZygoteInit$MethodAndArgsCaller.run() (ZygoteInit.java:905)
06-27 18:46:09.886   943   943 I art     :   at void com.android.internal.os.ZygoteInit.main(java.lang.String[]) (ZygoteInit.java:795)
06-27 18:46:09.886   943   943 I art     : 
06-27 18:46:09.887   943  1858 W awmy    : Empty context buffer. Thus might mean that the context is not synced down.
06-27 18:46:09.887   943  1858 W awhk    : Empty context model while retrieving upload opt-in status!
06-27 18:46:09.908  1410  1702 W iceDescriptorBinderImpl: Regular parsing failed: Can't parse device type string (namespace/type/version): urn:dial-multiscreen-org:service:dial:1
06-27 18:46:09.918   943  1858 W awmy    : Empty context buffer. Thus might mean that the context is not synced down.
06-27 18:46:09.918   943  1858 W awhk    : Empty context model while retrieving upload opt-in status!
06-27 18:46:09.943  1602  1602 I IntentService[D: type=1400 audit(0.0:53): avc: denied { read } for name="/" dev="tmpfs" ino=6146 scontext=u:r:priv_app:s0:c512,c768 tcontext=u:object_r:device:s0 tclass=dir permissive=1
06-27 18:46:09.943  1602  1602 I IntentService[D: type=1400 audit(0.0:54): avc: denied { open } for path="/dev" dev="tmpfs" ino=6146 scontext=u:r:priv_app:s0:c512,c768 tcontext=u:object_r:device:s0 tclass=dir permissive=1
06-27 18:46:09.978   943   943 W ChimeraUtils: Non Chimera context
06-27 18:46:10.004  1121  1778 W Conscrypt: Could not set socket write timeout: java.net.SocketException: Socket closed
06-27 18:46:10.005  1121  1778 W Conscrypt: 	at com.google.android.gms.org.conscrypt.Platform.setSocketWriteTimeout(:com.google.android.gms@17785019@17.7.85 (040400-253824076):2)
06-27 18:46:10.005  1121  1778 W Conscrypt: 	at com.google.android.gms.org.conscrypt.ConscryptFileDescriptorSocket.setSoWriteTimeout(:com.google.android.gms@17785019@17.7.85 (040400-253824076):2)
06-27 18:46:10.020   943   959 I art     : Background partial concurrent mark sweep GC freed 54010(3MB) AllocSpace objects, 20(468KB) LOS objects, 39% free, 8MB/13MB, paused 4.801ms total 155.491ms
06-27 18:46:10.039   943  1566 W art     : Before Android 4.1, method double java.util.concurrent.ThreadLocalRandom.internalNextDouble(double, double) would have incorrectly overridden the package-private method in java.util.Random
06-27 18:46:10.039   943  1566 W art     : Before Android 4.1, method int java.util.concurrent.ThreadLocalRandom.internalNextInt(int, int) would have incorrectly overridden the package-private method in java.util.Random
06-27 18:46:10.039   943  1566 W art     : Before Android 4.1, method long java.util.concurrent.ThreadLocalRandom.internalNextLong(long, long) would have incorrectly overridden the package-private method in java.util.Random
06-27 18:46:10.059   943   943 I GCoreUlr: Unbound from all signal providers.
06-27 18:46:10.059   943   943 I GCoreUlr: Stopping handler for UlrDispSvcFast
06-27 18:46:10.074   943  1846 I GCoreUlr: Successfully accounts update
06-27 18:46:10.126  1602  1616 I mali_so : [File] : hardware/rockchip/driver/./src/base/arch/arch_011_udd/base_arch_main.c; [Line] : 565; [Func] : deal_with_version_affairs_rk_ext;
06-27 18:46:10.126  1602  1616 I mali_so : arm_release_ver of this mali_so is 'r7p0-00rel1', rk_so_ver is '1@2' for 3328h_android_7.1, built at '15:47:51', on 'Jun 28 2017'.
06-27 18:46:10.126  1602  1616 I mali_so : [File] : hardware/rockchip/driver/./src/base/arch/arch_011_udd/base_arch_main.c; [Line] : 578; [Func] : deal_with_version_affairs_rk_ext;
06-27 18:46:10.126  1602  1616 I mali_so : mali_ver_property has been set to 'r7p0-00rel1-5-1@2', to return.
06-27 18:46:10.157  1410  1597 W art     : Long monitor contention with owner cling-45 (1696) at boolean org.fourthline.cling.registry.RegistryImpl.update(org.fourthline.cling.model.meta.RemoteDeviceIdentity)(RegistryImpl.java:-1) waiters=0 in boolean org.fourthline.cling.registry.RegistryImpl.update(org.fourthline.cling.model.meta.RemoteDeviceIdentity) for 579ms
06-27 18:46:10.184  1602  1616 I mali_so : [File] : hardware/rockchip/driver/./src/base/arch/arch_011_udd/base_arch_main.c; [Line] : 565; [Func] : deal_with_version_affairs_rk_ext;
06-27 18:46:10.184  1602  1616 I mali_so : arm_release_ver of this mali_so is 'r7p0-00rel1', rk_so_ver is '1@2' for 3328h_android_7.1, built at '15:47:51', on 'Jun 28 2017'.
06-27 18:46:10.184  1602  1616 I mali_so : [File] : hardware/rockchip/driver/./src/base/arch/arch_011_udd/base_arch_main.c; [Line] : 578; [Func] : deal_with_version_affairs_rk_ext;
06-27 18:46:10.184  1602  1616 I mali_so : mali_ver_property has been set to 'r7p0-00rel1-5-1@2', to return.
06-27 18:46:10.188   943  1858 W awmy    : Empty context buffer. Thus might mean that the context is not synced down.
06-27 18:46:10.188   943  1858 W awhk    : Empty context model while retrieving upload opt-in status!
06-27 18:46:10.216  1602  1654 I mali_so : [File] : hardware/rockchip/driver/./src/base/arch/arch_011_udd/base_arch_main.c; [Line] : 565; [Func] : deal_with_version_affairs_rk_ext;
06-27 18:46:10.216  1602  1654 I mali_so : arm_release_ver of this mali_so is 'r7p0-00rel1', rk_so_ver is '1@2' for 3328h_android_7.1, built at '15:47:51', on 'Jun 28 2017'.
06-27 18:46:10.216  1602  1654 I mali_so : [File] : hardware/rockchip/driver/./src/base/arch/arch_011_udd/base_arch_main.c; [Line] : 578; [Func] : deal_with_version_affairs_rk_ext;
06-27 18:46:10.216  1602  1654 I mali_so : mali_ver_property has been set to 'r7p0-00rel1-5-1@2', to return.
06-27 18:46:10.221  1410  1471 W art     : Long monitor contention with owner cling-45 (1696) at boolean org.fourthline.cling.registry.RegistryImpl.update(org.fourthline.cling.model.meta.RemoteDeviceIdentity)(RegistryImpl.java:-1) waiters=1 in void org.fourthline.cling.registry.RegistryImpl.maintain() for 633ms
06-27 18:46:10.223  1410  1692 W art     : Long monitor contention with owner cling-45 (1696) at boolean org.fourthline.cling.registry.RegistryImpl.update(org.fourthline.cling.model.meta.RemoteDeviceIdentity)(RegistryImpl.java:-1) waiters=2 in boolean org.fourthline.cling.registry.RegistryImpl.update(org.fourthline.cling.model.meta.RemoteDeviceIdentity) for 631ms
06-27 18:46:10.224  1410  1697 W art     : Long monitor contention with owner cling-45 (1696) at boolean org.fourthline.cling.registry.RegistryImpl.update(org.fourthline.cling.model.meta.RemoteDeviceIdentity)(RegistryImpl.java:-1) waiters=3 in boolean org.fourthline.cling.registry.RegistryImpl.update(org.fourthline.cling.model.meta.RemoteDeviceIdentity) for 631ms
06-27 18:46:10.227  1410  1508 W art     : Long monitor contention with owner cling-45 (1696) at boolean org.fourthline.cling.registry.RegistryImpl.update(org.fourthline.cling.model.meta.RemoteDeviceIdentity)(RegistryImpl.java:-1) waiters=4 in boolean org.fourthline.cling.registry.RegistryImpl.update(org.fourthline.cling.model.meta.RemoteDeviceIdentity) for 635ms
06-27 18:46:10.246  1602  1654 I mali_so : [File] : hardware/rockchip/driver/./src/base/arch/arch_011_udd/base_arch_main.c; [Line] : 565; [Func] : deal_with_version_affairs_rk_ext;
06-27 18:46:10.246  1602  1654 I mali_so : arm_release_ver of this mali_so is 'r7p0-00rel1', rk_so_ver is '1@2' for 3328h_android_7.1, built at '15:47:51', on 'Jun 28 2017'.
06-27 18:46:10.246  1602  1654 I mali_so : [File] : hardware/rockchip/driver/./src/base/arch/arch_011_udd/base_arch_main.c; [Line] : 578; [Func] : deal_with_version_affairs_rk_ext;
06-27 18:46:10.246  1602  1654 I mali_so : mali_ver_property has been set to 'r7p0-00rel1-5-1@2', to return.
06-27 18:46:10.330  1410  1685 W art     : Long monitor contention with owner cling-45 (1696) at boolean org.fourthline.cling.registry.RegistryImpl.update(org.fourthline.cling.model.meta.RemoteDeviceIdentity)(RegistryImpl.java:-1) waiters=5 in boolean org.fourthline.cling.registry.RegistryImpl.update(org.fourthline.cling.model.meta.RemoteDeviceIdentity) for 736ms
06-27 18:46:10.331  1410  1510 W art     : Long monitor contention with owner cling-45 (1696) at boolean org.fourthline.cling.registry.RegistryImpl.update(org.fourthline.cling.model.meta.RemoteDeviceIdentity)(RegistryImpl.java:-1) waiters=6 in boolean org.fourthline.cling.registry.RegistryImpl.update(org.fourthline.cling.model.meta.RemoteDeviceIdentity) for 564ms
06-27 18:46:10.332  1410  1690 W art     : Long monitor contention with owner cling-45 (1696) at boolean org.fourthline.cling.registry.RegistryImpl.update(org.fourthline.cling.model.meta.RemoteDeviceIdentity)(RegistryImpl.java:-1) waiters=7 in boolean org.fourthline.cling.registry.RegistryImpl.update(org.fourthline.cling.model.meta.RemoteDeviceIdentity) for 565ms
06-27 18:46:10.339   943   943 D lvjinhua:  Failed while trying resolve alarm filter file, not exists
06-27 18:46:10.339  1410  1512 W art     : Long monitor contention with owner cling-45 (1696) at boolean org.fourthline.cling.registry.RegistryImpl.update(org.fourthline.cling.model.meta.RemoteDeviceIdentity)(RegistryImpl.java:-1) waiters=8 in boolean org.fourthline.cling.registry.RegistryImpl.update(org.fourthline.cling.model.meta.RemoteDeviceIdentity) for 502ms
06-27 18:46:10.342  1602  1616 D lvjinhua:  Failed while trying resolve alarm filter file, not exists
06-27 18:46:10.346  1410  1509 W art     : Long monitor contention with owner cling-45 (1696) at boolean org.fourthline.cling.registry.RegistryImpl.update(org.fourthline.cling.model.meta.RemoteDeviceIdentity)(RegistryImpl.java:-1) waiters=9 in boolean org.fourthline.cling.registry.RegistryImpl.update(org.fourthline.cling.model.meta.RemoteDeviceIdentity) for 508ms
06-27 18:46:10.351  1410  1693 W art     : Long monitor contention with owner cling-45 (1696) at boolean org.fourthline.cling.registry.RegistryImpl.update(org.fourthline.cling.model.meta.RemoteDeviceIdentity)(RegistryImpl.java:-1) waiters=10 in boolean org.fourthline.cling.registry.RegistryImpl.update(org.fourthline.cling.model.meta.RemoteDeviceIdentity) for 516ms
06-27 18:46:10.352  1410  1701 W art     : Long monitor contention with owner cling-45 (1696) at boolean org.fourthline.cling.registry.RegistryImpl.update(org.fourthline.cling.model.meta.RemoteDeviceIdentity)(RegistryImpl.java:-1) waiters=11 in boolean org.fourthline.cling.registry.RegistryImpl.update(org.fourthline.cling.model.meta.RemoteDeviceIdentity) for 514ms
06-27 18:46:10.355  1410  1596 W art     : Long monitor contention with owner cling-45 (1696) at boolean org.fourthline.cling.registry.RegistryImpl.update(org.fourthline.cling.model.meta.RemoteDeviceIdentity)(RegistryImpl.java:-1) waiters=12 in boolean org.fourthline.cling.registry.RegistryImpl.update(org.fourthline.cling.model.meta.RemoteDeviceIdentity) for 444ms
06-27 18:46:10.362  1410  1598 W art     : Long monitor contention with owner cling-31 (1597) at boolean org.fourthline.cling.registry.RegistryImpl.update(org.fourthline.cling.model.meta.RemoteDeviceIdentity)(RegistryImpl.java:-1) waiters=14 in boolean org.fourthline.cling.registry.RegistryImpl.update(org.fourthline.cling.model.meta.RemoteDeviceIdentity) for 199ms
06-27 18:46:10.363  1410  1689 W art     : Long monitor contention with owner cling-31 (1597) at boolean org.fourthline.cling.registry.RegistryImpl.update(org.fourthline.cling.model.meta.RemoteDeviceIdentity)(RegistryImpl.java:-1) waiters=15 in boolean org.fourthline.cling.registry.RegistryImpl.update(org.fourthline.cling.model.meta.RemoteDeviceIdentity) for 195ms
06-27 18:46:10.364  1410  1577 W art     : Long monitor contention with owner cling-31 (1597) at boolean org.fourthline.cling.registry.RegistryImpl.update(org.fourthline.cling.model.meta.RemoteDeviceIdentity)(RegistryImpl.java:-1) waiters=17 in boolean org.fourthline.cling.registry.RegistryImpl.update(org.fourthline.cling.model.meta.RemoteDeviceIdentity) for 187ms
06-27 18:46:10.365  1410  1494 W art     : Long monitor contention with owner cling-31 (1597) at boolean org.fourthline.cling.registry.RegistryImpl.update(org.fourthline.cling.model.meta.RemoteDeviceIdentity)(RegistryImpl.java:-1) waiters=18 in boolean org.fourthline.cling.registry.RegistryImpl.update(org.fourthline.cling.model.meta.RemoteDeviceIdentity) for 187ms
06-27 18:46:10.366  1410  1599 W art     : Long monitor contention with owner cling-31 (1597) at boolean org.fourthline.cling.registry.RegistryImpl.update(org.fourthline.cling.model.meta.RemoteDeviceIdentity)(RegistryImpl.java:-1) waiters=19 in boolean org.fourthline.cling.registry.RegistryImpl.removeDevice(org.fourthline.cling.model.meta.RemoteDevice) for 184ms
06-27 18:46:10.369  1410  1534 W art     : Long monitor contention with owner cling-31 (1597) at boolean org.fourthline.cling.registry.RegistryImpl.update(org.fourthline.cling.model.meta.RemoteDeviceIdentity)(RegistryImpl.java:-1) waiters=20 in boolean org.fourthline.cling.registry.RegistryImpl.update(org.fourthline.cling.model.meta.RemoteDeviceIdentity) for 174ms
06-27 18:46:10.451   943  1858 W awmy    : Empty context buffer. Thus might mean that the context is not synced down.
06-27 18:46:10.451   943  1858 W awhk    : Empty context model while retrieving upload opt-in status!
06-27 18:46:10.477  1410  1702 W iceDescriptorBinderImpl: Removing leading garbage didn't work: Can't parse device type string (namespace/type/version): urn:dial-multiscreen-org:service:dial:1
06-27 18:46:10.477  1410  1702 W trieveRemoteDescriptors: Could not hydrate device or its services from descriptor: (RemoteDevice) Identity: (RemoteDeviceIdentity) UDN: uuid:b3ba70e0-c7c4-4f76-abd6-aedd12d4df47, Descriptor: http://192.168.1.10:1293/, Root: true
06-27 18:46:10.477  1410  1702 W trieveRemoteDescriptors: Cause was: org.fourthline.cling.model.types.InvalidValueException: Can't parse device type string (namespace/type/version): urn:dial-multiscreen-org:service:dial:1
06-27 18:46:10.489   943  1858 W awmy    : Empty context buffer. Thus might mean that the context is not synced down.
06-27 18:46:10.489   943  1858 W awhk    : Empty context model while retrieving upload opt-in status!
06-27 18:46:10.521  1410  1575 W art     : Long monitor contention with owner cling-31 (1597) at boolean org.fourthline.cling.registry.RegistryImpl.update(org.fourthline.cling.model.meta.RemoteDeviceIdentity)(RegistryImpl.java:-1) waiters=21 in boolean org.fourthline.cling.registry.RegistryImpl.update(org.fourthline.cling.model.meta.RemoteDeviceIdentity) for 327ms
06-27 18:46:10.523  1121  1557 I Icing   : Post-init done
06-27 18:46:10.528   943  1140 W awmy    : Empty context buffer. Thus might mean that the context is not synced down.
06-27 18:46:10.528   943  1140 W awhk    : Empty context model while retrieving upload opt-in status!
06-27 18:46:10.543  1410  1513 W art     : Long monitor contention with owner cling-56 (1850) at boolean org.fourthline.cling.registry.RegistryImpl.update(org.fourthline.cling.model.meta.RemoteDeviceIdentity)(RegistryImpl.java:-1) waiters=10 in boolean org.fourthline.cling.registry.RegistryImpl.update(org.fourthline.cling.model.meta.RemoteDeviceIdentity) for 137ms
06-27 18:46:10.589  1410  1707 W art     : Long monitor contention with owner cling-31 (1597) at boolean org.fourthline.cling.registry.RegistryImpl.update(org.fourthline.cling.model.meta.RemoteDeviceIdentity)(RegistryImpl.java:-1) waiters=22 in boolean org.fourthline.cling.registry.RegistryImpl.update(org.fourthline.cling.model.meta.RemoteDeviceIdentity) for 390ms
06-27 18:46:10.590  1410  1695 W art     : Long monitor contention with owner cling-52 (1704) at boolean org.fourthline.cling.registry.RegistryImpl.update(org.fourthline.cling.model.meta.RemoteDeviceIdentity)(RegistryImpl.java:-1) waiters=25 in boolean org.fourthline.cling.registry.RegistryImpl.update(org.fourthline.cling.model.meta.RemoteDeviceIdentity) for 107ms
06-27 18:46:10.596  1410  1574 W art     : Long monitor contention with owner cling-31 (1597) at boolean org.fourthline.cling.registry.RegistryImpl.update(org.fourthline.cling.model.meta.RemoteDeviceIdentity)(RegistryImpl.java:-1) waiters=23 in boolean org.fourthline.cling.registry.RegistryImpl.update(org.fourthline.cling.model.meta.RemoteDeviceIdentity) for 399ms
06-27 18:46:10.597  1410  1576 W art     : Long monitor contention with owner cling-31 (1597) at boolean org.fourthline.cling.registry.RegistryImpl.update(org.fourthline.cling.model.meta.RemoteDeviceIdentity)(RegistryImpl.java:-1) waiters=24 in boolean org.fourthline.cling.registry.RegistryImpl.update(org.fourthline.cling.model.meta.RemoteDeviceIdentity) for 387ms
06-27 18:46:10.598  1410  1579 W art     : Long monitor contention with owner cling-31 (1597) at boolean org.fourthline.cling.registry.RegistryImpl.update(org.fourthline.cling.model.meta.RemoteDeviceIdentity)(RegistryImpl.java:-1) waiters=25 in boolean org.fourthline.cling.registry.RegistryImpl.update(org.fourthline.cling.model.meta.RemoteDeviceIdentity) for 387ms
06-27 18:46:10.599  1410  1511 W art     : Long monitor contention with owner cling-12 (1508) at boolean org.fourthline.cling.registry.RegistryImpl.update(org.fourthline.cling.model.meta.RemoteDeviceIdentity)(RegistryImpl.java:-1) waiters=26 in boolean org.fourthline.cling.registry.RegistryImpl.update(org.fourthline.cling.model.meta.RemoteDeviceIdentity) for 380ms
06-27 18:46:10.599  1410  1594 W art     : Long monitor contention with owner cling-56 (1850) at boolean org.fourthline.cling.registry.RegistryImpl.update(org.fourthline.cling.model.meta.RemoteDeviceIdentity)(RegistryImpl.java:-1) waiters=8 in boolean org.fourthline.cling.registry.RegistryImpl.update(org.fourthline.cling.model.meta.RemoteDeviceIdentity) for 231ms
06-27 18:46:10.600  1410  1534 W art     : Long monitor contention with owner cling-56 (1850) at boolean org.fourthline.cling.registry.RegistryImpl.update(org.fourthline.cling.model.meta.RemoteDeviceIdentity)(RegistryImpl.java:-1) waiters=8 in boolean org.fourthline.cling.registry.RegistryImpl.update(org.fourthline.cling.model.meta.RemoteDeviceIdentity) for 231ms
06-27 18:46:10.885   943  1770 W Conscrypt: Could not set socket write timeout: java.net.SocketException: Socket closed
06-27 18:46:10.886   943  1770 W Conscrypt: 	at com.google.android.gms.org.conscrypt.Platform.setSocketWriteTimeout(:com.google.android.gms@17785019@17.7.85 (040400-253824076):2)
06-27 18:46:10.886   943  1770 W Conscrypt: 	at com.google.android.gms.org.conscrypt.ConscryptFileDescriptorSocket.setSoWriteTimeout(:com.google.android.gms@17785019@17.7.85 (040400-253824076):2)
06-27 18:46:10.940   943  1858 W awmy    : Empty context buffer. Thus might mean that the context is not synced down.
06-27 18:46:10.940   943  1858 W awhk    : Empty context model while retrieving upload opt-in status!
06-27 18:46:10.953   943  1770 W Conscrypt: Could not set socket write timeout: java.net.SocketException: Socket closed
06-27 18:46:10.953   943  1770 W Conscrypt: 	at com.google.android.gms.org.conscrypt.Platform.setSocketWriteTimeout(:com.google.android.gms@17785019@17.7.85 (040400-253824076):2)
06-27 18:46:10.953   943  1770 W Conscrypt: 	at com.google.android.gms.org.conscrypt.ConscryptFileDescriptorSocket.setSoWriteTimeout(:com.google.android.gms@17785019@17.7.85 (040400-253824076):2)
06-27 18:46:10.968  1121  1540 I CheckinUtil: Classify the device as TV.
06-27 18:46:10.977  1410  1594 W iceDescriptorBinderImpl: Regular parsing failed: Can't parse device type string (namespace/type/version): urn:dial-multiscreen-org:service:dial:1
06-27 18:46:10.984  1410  1878 W iceDescriptorBinderImpl: Regular parsing failed: Can't parse device type string (namespace/type/version): urn:dial-multiscreen-org:service:dial:1
06-27 18:46:11.011   943   961 I Auth    : [ReflectiveChannelBinder] Successfully bound channel!
06-27 18:46:11.049   943   961 W Conscrypt: Could not set socket write timeout: java.net.SocketException: Socket closed
06-27 18:46:11.050   943   961 W Conscrypt: 	at com.google.android.gms.org.conscrypt.Platform.setSocketWriteTimeout(:com.google.android.gms@17785019@17.7.85 (040400-253824076):2)
06-27 18:46:11.050   943   961 W Conscrypt: 	at com.google.android.gms.org.conscrypt.ConscryptFileDescriptorSocket.setSoWriteTimeout(:com.google.android.gms@17785019@17.7.85 (040400-253824076):2)
06-27 18:46:11.064  1121  1540 I CheckinConnFactory: Get token from PseudonymousIdApi: 186=RfDJDFTkklAO3IOVWI0NZKkMONZgS4whrEPhMOoCj5bLvLzSvWJmVbP_9LQ24zBSdfWC25DzzWH6NETqwjWUm6Jyxgny9LzULW6hrQyDY0gUefhqn4RmOpDqrEw3HGCKKOXeoFoQBhRlCBoboWawVOcZGFX5yR6wh7L6ZTkl1vE
06-27 18:46:11.082   943   961 W Conscrypt: Could not set socket write timeout: java.net.SocketException: Socket closed
06-27 18:46:11.084   943   961 W Conscrypt: 	at com.google.android.gms.org.conscrypt.Platform.setSocketWriteTimeout(:com.google.android.gms@17785019@17.7.85 (040400-253824076):2)
06-27 18:46:11.084   943   961 W Conscrypt: 	at com.google.android.gms.org.conscrypt.ConscryptFileDescriptorSocket.setSoWriteTimeout(:com.google.android.gms@17785019@17.7.85 (040400-253824076):2)
06-27 18:46:11.086   943  1140 W awmy    : Empty context buffer. Thus might mean that the context is not synced down.
06-27 18:46:11.087   943  1140 W awhk    : Empty context model while retrieving upload opt-in status!
06-27 18:46:11.107  1410  1594 W iceDescriptorBinderImpl: Removing leading garbage didn't work: Can't parse device type string (namespace/type/version): urn:dial-multiscreen-org:service:dial:1
06-27 18:46:11.108  1410  1594 W trieveRemoteDescriptors: Could not hydrate device or its services from descriptor: (RemoteDevice) Identity: (RemoteDeviceIdentity) UDN: uuid:b3ba70e0-c7c4-4f76-abd6-aedd12d4df47, Descriptor: http://192.168.1.10:1293/, Root: true
06-27 18:46:11.108  1410  1594 W trieveRemoteDescriptors: Cause was: org.fourthline.cling.model.types.InvalidValueException: Can't parse device type string (namespace/type/version): urn:dial-multiscreen-org:service:dial:1
06-27 18:46:11.150   943  1140 W awmy    : Empty context buffer. Thus might mean that the context is not synced down.
06-27 18:46:11.150   943  1140 W awhk    : Empty context model while retrieving upload opt-in status!
06-27 18:46:11.151  1121  1540 I CheckinRequestProcessor: set cookie as: NID=186=RfDJDFTkklAO3IOVWI0NZKkMONZgS4whrEPhMOoCj5bLvLzSvWJmVbP_9LQ24zBSdfWC25DzzWH6NETqwjWUm6Jyxgny9LzULW6hrQyDY0gUefhqn4RmOpDqrEw3HGCKKOXeoFoQBhRlCBoboWawVOcZGFX5yR6wh7L6ZTkl1vE
06-27 18:46:11.158   943  1198 I InstantApps: DomainFilterImpl: Domain filter response size: 221
06-27 18:46:11.175  1435  1447 W art     : Suspending all threads took: 122.461ms
06-27 18:46:11.179   943  1198 I InstantApps: DomainFilterImpl: Account = home@romanr.info is ineligible from using Instant apps
06-27 18:46:11.193  1121  1540 W Conscrypt: Could not set socket write timeout: java.net.SocketException: Socket closed
06-27 18:46:11.195  1121  1540 W Conscrypt: 	at com.google.android.gms.org.conscrypt.Platform.setSocketWriteTimeout(:com.google.android.gms@17785019@17.7.85 (040400-253824076):2)
06-27 18:46:11.195  1121  1540 W Conscrypt: 	at com.google.android.gms.org.conscrypt.ConscryptFileDescriptorSocket.setSoWriteTimeout(:com.google.android.gms@17785019@17.7.85 (040400-253824076):2)
06-27 18:46:11.222   943  1140 W awmy    : Empty context buffer. Thus might mean that the context is not synced down.
06-27 18:46:11.222   943  1140 W awhk    : Empty context model while retrieving upload opt-in status!
06-27 18:46:11.246  1410  1700 W art     : Long monitor contention with owner cling-64 (1883) at boolean org.fourthline.cling.registry.RegistryImpl.update(org.fourthline.cling.model.meta.RemoteDeviceIdentity)(RegistryImpl.java:-1) waiters=6 in boolean org.fourthline.cling.registry.RegistryImpl.update(org.fourthline.cling.model.meta.RemoteDeviceIdentity) for 169ms
06-27 18:46:11.246   943   961 I Auth    : [BroadcastManager] Broadcasting account services changed.
06-27 18:46:11.263  1410  1596 W iceDescriptorBinderImpl: Regular parsing failed: Can't parse device type string (namespace/type/version): urn:dial-multiscreen-org:service:dial:1
06-27 18:46:11.277  1410  1506 W art     : Long monitor contention with owner cling-64 (1883) at boolean org.fourthline.cling.registry.RegistryImpl.update(org.fourthline.cling.model.meta.RemoteDeviceIdentity)(RegistryImpl.java:-1) waiters=12 in boolean org.fourthline.cling.registry.RegistryImpl.update(org.fourthline.cling.model.meta.RemoteDeviceIdentity) for 163ms
06-27 18:46:11.281  1410  1878 W iceDescriptorBinderImpl: Removing leading garbage didn't work: Can't parse device type string (namespace/type/version): urn:dial-multiscreen-org:service:dial:1
06-27 18:46:11.281  1410  1878 W trieveRemoteDescriptors: Could not hydrate device or its services from descriptor: (RemoteDevice) Identity: (RemoteDeviceIdentity) UDN: uuid:b3ba70e0-c7c4-4f76-abd6-aedd12d4df47, Descriptor: http://192.168.1.10:1293/, Root: true
06-27 18:46:11.281  1410  1878 W trieveRemoteDescriptors: Cause was: org.fourthline.cling.model.types.InvalidValueException: Can't parse device type string (namespace/type/version): urn:dial-multiscreen-org:service:dial:1
06-27 18:46:11.289  1121  1540 W Conscrypt: Could not set socket write timeout: java.net.SocketException: Socket closed
06-27 18:46:11.290  1121  1540 W Conscrypt: 	at com.google.android.gms.org.conscrypt.Platform.setSocketWriteTimeout(:com.google.android.gms@17785019@17.7.85 (040400-253824076):2)
06-27 18:46:11.290  1121  1540 W Conscrypt: 	at com.google.android.gms.org.conscrypt.ConscryptFileDescriptorSocket.setSoWriteTimeout(:com.google.android.gms@17785019@17.7.85 (040400-253824076):2)
06-27 18:46:11.320  1121  1191 I Auth    : [SupervisedAccountIntentOperation] onHandleIntent(): com.google.android.gms.auth.ACCOUNT_SERVICES_CHANGED
06-27 18:46:11.320  1121  1191 I Auth    : [SupervisedAccountIntentOperation] This operation is disabled
06-27 18:46:11.345   943  1858 W awmy    : Empty context buffer. Thus might mean that the context is not synced down.
06-27 18:46:11.346   943  1858 W awhk    : Empty context model while retrieving upload opt-in status!
06-27 18:46:11.391  1121  1778 W SubscribedFeeds: Hard error: byhc: Received 401 status code: <HTML>
06-27 18:46:11.391  1121  1778 W SubscribedFeeds: <HEAD>
06-27 18:46:11.391  1121  1778 W SubscribedFeeds: <TITLE>Service &lt;mail&gt; disabled by G Suite admin.</TITLE>
06-27 18:46:11.391  1121  1778 W SubscribedFeeds: </HEAD>
06-27 18:46:11.391  1121  1778 W SubscribedFeeds: <BODY BGCOLOR="#FFFFFF" TEXT="#000000">
06-27 18:46:11.391  1121  1778 W SubscribedFeeds: <H1>Service &lt;mail&gt; disabled by G Suite admin.</H1>
06-27 18:46:11.391  1121  1778 W SubscribedFeeds: <H2>Error 401</H2>
06-27 18:46:11.391  1121  1778 W SubscribedFeeds: </BODY>
06-27 18:46:11.391  1121  1778 W SubscribedFeeds: </HTML>
06-27 18:46:11.404   372   478 D SyncManager: failed sync operation JobId: 101413, home@romanr.info u0 (com.google), subscribedfeeds, SERVER, reason: 10008, SyncResult: stats [ numAuthExceptions: 1]
06-27 18:46:11.406   372   478 D SyncManager: not retrying sync operation because the error is a hard error: JobId: 101413, home@romanr.info u0 (com.google), subscribedfeeds, SERVER, reason: 10008
06-27 18:46:11.414  1435  1435 D ProfilesDefinitionParser: Parsing Profiles definition
06-27 18:46:11.414  1435  1435 D ProfilesDefinitionParser: Parsing profile definition for profile 1
06-27 18:46:11.423   943  1140 W awmy    : Empty context buffer. Thus might mean that the context is not synced down.
06-27 18:46:11.423   943  1140 W awhk    : Empty context model while retrieving upload opt-in status!
06-27 18:46:11.471  1121  1540 I CheckinRequestProcessor: updateCheckinIdTokenFileFromResponse, Reading existing AID
06-27 18:46:11.494  1410  1702 W art     : Long monitor contention with owner cling-48 (1700) at boolean org.fourthline.cling.registry.RegistryImpl.update(org.fourthline.cling.model.meta.RemoteDeviceIdentity)(RegistryImpl.java:-1) waiters=1 in boolean org.fourthline.cling.registry.RegistryImpl.update(org.fourthline.cling.model.meta.RemoteDeviceIdentity) for 134ms
06-27 18:46:11.506  1121  1540 I CheckinRequestProcessor: CheckinNowTaskTag : Checkin Succeeded: https://android.googleapis.com/checkin (fragment #1): 
06-27 18:46:11.518  1410  1575 W art     : Long monitor contention with owner cling-48 (1700) at boolean org.fourthline.cling.registry.RegistryImpl.update(org.fourthline.cling.model.meta.RemoteDeviceIdentity)(RegistryImpl.java:-1) waiters=0 in boolean org.fourthline.cling.registry.RegistryImpl.update(org.fourthline.cling.model.meta.RemoteDeviceIdentity) for 154ms
06-27 18:46:11.527   943  1140 W awmy    : Empty context buffer. Thus might mean that the context is not synced down.
06-27 18:46:11.527   943  1140 W awhk    : Empty context model while retrieving upload opt-in status!
06-27 18:46:11.542   372   479 W BroadcastQueue: Permission Denial: broadcasting Intent { act=com.google.android.checkin.CHECKIN_COMPLETE flg=0x10 (has extras) } from com.google.android.gms (pid=1121, uid=10008) is not exported from uid 10014 due to receiver com.android.vending/com.google.android.finsky.checkin.CheckinReceiver
06-27 18:46:11.563  1410  1422 W art     : Suspending all threads took: 17.285ms
06-27 18:46:11.642   943  1140 W awmy    : Empty context buffer. Thus might mean that the context is not synced down.
06-27 18:46:11.642   943  1140 W awhk    : Empty context model while retrieving upload opt-in status!
06-27 18:46:11.665  1410  1596 W iceDescriptorBinderImpl: Removing leading garbage didn't work: Can't parse device type string (namespace/type/version): urn:dial-multiscreen-org:service:dial:1
06-27 18:46:11.666  1410  1596 W trieveRemoteDescriptors: Could not hydrate device or its services from descriptor: (RemoteDevice) Identity: (RemoteDeviceIdentity) UDN: uuid:b3ba70e0-c7c4-4f76-abd6-aedd12d4df47, Descriptor: http://192.168.1.10:1293/, Root: true
06-27 18:46:11.666  1410  1596 W trieveRemoteDescriptors: Cause was: org.fourthline.cling.model.types.InvalidValueException: Can't parse device type string (namespace/type/version): urn:dial-multiscreen-org:service:dial:1
06-27 18:46:11.682   372   479 I ActivityManager: Waited long enough for: ServiceRecord{2c3d22e u0 com.rockchip.devicetest/.service.TestService}
06-27 18:46:11.691   943  1858 W awmy    : Empty context buffer. Thus might mean that the context is not synced down.
06-27 18:46:11.691   943  1858 W awhk    : Empty context model while retrieving upload opt-in status!
06-27 18:46:11.867  1410  1507 W iceDescriptorBinderImpl: Regular parsing failed: Can't parse device type string (namespace/type/version): urn:dial-multiscreen-org:service:dial:1
06-27 18:46:11.870  1410  1574 W iceDescriptorBinderImpl: Regular parsing failed: Can't parse device type string (namespace/type/version): urn:dial-multiscreen-org:service:dial:1
06-27 18:46:12.004  1410  1871 W iceDescriptorBinderImpl: Regular parsing failed: Can't parse device type string (namespace/type/version): urn:dial-multiscreen-org:service:dial:1
06-27 18:46:12.013  1410  1702 W art     : Long monitor contention with owner cling-30 (1596) at boolean org.fourthline.cling.registry.RegistryImpl.update(org.fourthline.cling.model.meta.RemoteDeviceIdentity)(RegistryImpl.java:-1) waiters=2 in boolean org.fourthline.cling.registry.RegistryImpl.update(org.fourthline.cling.model.meta.RemoteDeviceIdentity) for 202ms
06-27 18:46:12.016  1410  1579 W art     : Long monitor contention with owner cling-30 (1596) at boolean org.fourthline.cling.registry.RegistryImpl.update(org.fourthline.cling.model.meta.RemoteDeviceIdentity)(RegistryImpl.java:-1) waiters=6 in boolean org.fourthline.cling.registry.RegistryImpl.update(org.fourthline.cling.model.meta.RemoteDeviceIdentity) for 198ms
06-27 18:46:12.020   943  1858 W awmy    : Empty context buffer. Thus might mean that the context is not synced down.
06-27 18:46:12.021   943  1858 W awhk    : Empty context model while retrieving upload opt-in status!
06-27 18:46:12.095  1410  1507 W iceDescriptorBinderImpl: Removing leading garbage didn't work: Can't parse device type string (namespace/type/version): urn:dial-multiscreen-org:service:dial:1
06-27 18:46:12.096  1410  1507 W trieveRemoteDescriptors: Could not hydrate device or its services from descriptor: (RemoteDevice) Identity: (RemoteDeviceIdentity) UDN: uuid:b3ba70e0-c7c4-4f76-abd6-aedd12d4df47, Descriptor: http://192.168.1.10:1293/, Root: true
06-27 18:46:12.096  1410  1507 W trieveRemoteDescriptors: Cause was: org.fourthline.cling.model.types.InvalidValueException: Can't parse device type string (namespace/type/version): urn:dial-multiscreen-org:service:dial:1
06-27 18:46:12.098  1410  1574 W iceDescriptorBinderImpl: Removing leading garbage didn't work: Can't parse device type string (namespace/type/version): urn:dial-multiscreen-org:service:dial:1
06-27 18:46:12.099  1410  1574 W trieveRemoteDescriptors: Could not hydrate device or its services from descriptor: (RemoteDevice) Identity: (RemoteDeviceIdentity) UDN: uuid:b3ba70e0-c7c4-4f76-abd6-aedd12d4df47, Descriptor: http://192.168.1.10:1293/, Root: true
06-27 18:46:12.099  1410  1574 W trieveRemoteDescriptors: Cause was: org.fourthline.cling.model.types.InvalidValueException: Can't parse device type string (namespace/type/version): urn:dial-multiscreen-org:service:dial:1
06-27 18:46:12.105  1410  1871 W iceDescriptorBinderImpl: Removing leading garbage didn't work: Can't parse device type string (namespace/type/version): urn:dial-multiscreen-org:service:dial:1
06-27 18:46:12.105  1410  1871 W trieveRemoteDescriptors: Could not hydrate device or its services from descriptor: (RemoteDevice) Identity: (RemoteDeviceIdentity) UDN: uuid:b3ba70e0-c7c4-4f76-abd6-aedd12d4df47, Descriptor: http://192.168.1.10:1293/, Root: true
06-27 18:46:12.105  1410  1871 W trieveRemoteDescriptors: Cause was: org.fourthline.cling.model.types.InvalidValueException: Can't parse device type string (namespace/type/version): urn:dial-multiscreen-org:service:dial:1
06-27 18:46:12.140   943  1228 I NetworkScheduler: ignoring stale queue check message
06-27 18:46:12.154  1435  1435 D SystemDeviceService: [handleAutoRun] auto start mediarender. 
06-27 18:46:12.204   943  1624 I VacuumService: Vacuum at: now=1561650372203 tag=VacuumService
06-27 18:46:12.361  1602  1875 I mali_so : [File] : hardware/rockchip/driver/./src/base/arch/arch_011_udd/base_arch_main.c; [Line] : 565; [Func] : deal_with_version_affairs_rk_ext;
06-27 18:46:12.361  1602  1875 I mali_so : arm_release_ver of this mali_so is 'r7p0-00rel1', rk_so_ver is '1@2' for 3328h_android_7.1, built at '15:47:51', on 'Jun 28 2017'.
06-27 18:46:12.361  1602  1875 I mali_so : [File] : hardware/rockchip/driver/./src/base/arch/arch_011_udd/base_arch_main.c; [Line] : 578; [Func] : deal_with_version_affairs_rk_ext;
06-27 18:46:12.361  1602  1875 I mali_so : mali_ver_property has been set to 'r7p0-00rel1-5-1@2', to return.
06-27 18:46:12.379  1602  1875 I mali_so : [File] : hardware/rockchip/driver/./src/base/arch/arch_011_udd/base_arch_main.c; [Line] : 565; [Func] : deal_with_version_affairs_rk_ext;
06-27 18:46:12.379  1602  1875 I mali_so : arm_release_ver of this mali_so is 'r7p0-00rel1', rk_so_ver is '1@2' for 3328h_android_7.1, built at '15:47:51', on 'Jun 28 2017'.
06-27 18:46:12.379  1602  1875 I mali_so : [File] : hardware/rockchip/driver/./src/base/arch/arch_011_udd/base_arch_main.c; [Line] : 578; [Func] : deal_with_version_affairs_rk_ext;
06-27 18:46:12.379  1602  1875 I mali_so : mali_ver_property has been set to 'r7p0-00rel1-5-1@2', to return.
06-27 18:46:12.582   943  1858 W awmy    : Empty context buffer. Thus might mean that the context is not synced down.
06-27 18:46:12.582   943  1858 W awhk    : Empty context model while retrieving upload opt-in status!
06-27 18:46:12.603  1410  1422 W art     : Suspending all threads took: 7.053ms
06-27 18:46:12.630  1121  1557 W Conscrypt: Could not set socket write timeout: java.net.SocketException: Socket closed
06-27 18:46:12.632  1121  1557 W Conscrypt: 	at com.google.android.gms.org.conscrypt.Platform.setSocketWriteTimeout(:com.google.android.gms@17785019@17.7.85 (040400-253824076):2)
06-27 18:46:12.632  1121  1557 W Conscrypt: 	at com.google.android.gms.org.conscrypt.ConscryptFileDescriptorSocket.setSoWriteTimeout(:com.google.android.gms@17785019@17.7.85 (040400-253824076):2)
06-27 18:46:12.681  1121  1563 W Conscrypt: Could not set socket write timeout: java.net.SocketException: Socket closed
06-27 18:46:12.681  1121  1563 W Conscrypt: 	at com.google.android.gms.org.conscrypt.Platform.setSocketWriteTimeout(:com.google.android.gms@17785019@17.7.85 (040400-253824076):2)
06-27 18:46:12.681  1121  1563 W Conscrypt: 	at com.google.android.gms.org.conscrypt.ConscryptFileDescriptorSocket.setSoWriteTimeout(:com.google.android.gms@17785019@17.7.85 (040400-253824076):2)
06-27 18:46:12.717  1121  1557 W Conscrypt: Could not set socket write timeout: java.net.SocketException: Socket closed
06-27 18:46:12.717  1121  1557 W Conscrypt: 	at com.google.android.gms.org.conscrypt.Platform.setSocketWriteTimeout(:com.google.android.gms@17785019@17.7.85 (040400-253824076):2)
06-27 18:46:12.717  1121  1557 W Conscrypt: 	at com.google.android.gms.org.conscrypt.ConscryptFileDescriptorSocket.setSoWriteTimeout(:com.google.android.gms@17785019@17.7.85 (040400-253824076):2)
06-27 18:46:12.738  1435  1435 D Device  : Say byebye on 192.168.1.200
06-27 18:46:12.764  1121  1563 W Conscrypt: Could not set socket write timeout: java.net.SocketException: Socket closed
06-27 18:46:12.765  1121  1563 W Conscrypt: 	at com.google.android.gms.org.conscrypt.Platform.setSocketWriteTimeout(:com.google.android.gms@17785019@17.7.85 (040400-253824076):2)
06-27 18:46:12.765  1121  1563 W Conscrypt: 	at com.google.android.gms.org.conscrypt.ConscryptFileDescriptorSocket.setSoWriteTimeout(:com.google.android.gms@17785019@17.7.85 (040400-253824076):2)
06-27 18:46:12.923  1410  1422 W art     : Suspending all threads took: 37.449ms
06-27 18:46:12.963  1435  1435 D Device  : Say byebye on 192.168.1.200
06-27 18:46:13.071  1121  1557 W Conscrypt: Could not set socket write timeout: java.net.SocketException: Socket closed
06-27 18:46:13.071  1121  1557 W Conscrypt: 	at com.google.android.gms.org.conscrypt.Platform.setSocketWriteTimeout(:com.google.android.gms@17785019@17.7.85 (040400-253824076):2)
06-27 18:46:13.071  1121  1557 W Conscrypt: 	at com.google.android.gms.org.conscrypt.ConscryptFileDescriptorSocket.setSoWriteTimeout(:com.google.android.gms@17785019@17.7.85 (040400-253824076):2)
06-27 18:46:13.129  1121  1557 W Conscrypt: Could not set socket write timeout: java.net.SocketException: Socket closed
06-27 18:46:13.129  1121  1557 W Conscrypt: 	at com.google.android.gms.org.conscrypt.Platform.setSocketWriteTimeout(:com.google.android.gms@17785019@17.7.85 (040400-253824076):2)
06-27 18:46:13.129  1121  1557 W Conscrypt: 	at com.google.android.gms.org.conscrypt.ConscryptFileDescriptorSocket.setSoWriteTimeout(:com.google.android.gms@17785019@17.7.85 (040400-253824076):2)
06-27 18:46:13.393  1170  1182 W art     : Suspending all threads took: 96.144ms
06-27 18:46:13.567  1170  1208 I art     : Waiting for a blocking GC DisableMovingGc
06-27 18:46:13.569  1410  1873 I DeviceMonitorService: remoteDeviceAdded->device->descriptionURL:http://192.168.1.200:38389/deviceDescription/MediaServer
06-27 18:46:13.570  1410  1873 I DeviceMonitorService: remoteDeviceAdded->device->Udn:dcd0b32c-512e-ddb3-ffff-ffffb717f98f
06-27 18:46:13.584  1435  1435 D SystemDeviceService: [handleAutoRun] auto start mediaserver. 
06-27 18:46:13.591  1170  1208 I art     : WaitForGcToComplete blocked for 23.753ms for cause DisableMovingGc
06-27 18:46:13.591  1170  1208 I art     : Starting a blocking GC DisableMovingGc
06-27 18:46:13.619   372   509 I InputReader: 1--1-----KeyCode=22, scanCode=106
06-27 18:46:13.619   372   509 I InputReader: 1--22-----KeyCode=22, scanCode=106
06-27 18:46:13.619   372   509 I InputReader: KeyCode=22, scanCode=106
06-27 18:46:13.620   372   509 D WindowManager: interceptKeyTq keycode=22 interactive=true keyguardActive=false policyFlags=22000000
06-27 18:46:13.621   372   508 D WindowManager: interceptKeyTi keyCode=22 down=true repeatCount=0 keyguardOn=false mHomePressed=false canceled=false
06-27 18:46:13.690   372   479 I ActivityManager: Waited long enough for: ServiceRecord{a1ede90 u0 android.rockchip.update.service/.RKUpdateService}
06-27 18:46:13.806   372   509 I InputReader: 1--1-----KeyCode=22, scanCode=106
06-27 18:46:13.806   372   509 D WindowManager: interceptKeyTq keycode=22 interactive=true keyguardActive=false policyFlags=22000000
06-27 18:46:13.807   372   508 D WindowManager: interceptKeyTi keyCode=22 down=false repeatCount=0 keyguardOn=false mHomePressed=false canceled=false
06-27 18:46:14.005   372   479 I ActivityManager: Waited long enough for: ServiceRecord{7ddf1fd u0 com.example.changeled/.ScreenService}
06-27 18:46:14.227   372   509 I InputReader: 1--1-----KeyCode=22, scanCode=106
06-27 18:46:14.227   372   509 I InputReader: 1--22-----KeyCode=22, scanCode=106
06-27 18:46:14.227   372   509 I InputReader: KeyCode=22, scanCode=106
06-27 18:46:14.227   372   509 D WindowManager: interceptKeyTq keycode=22 interactive=true keyguardActive=false policyFlags=22000000
06-27 18:46:14.228   372   508 D WindowManager: interceptKeyTi keyCode=22 down=true repeatCount=0 keyguardOn=false mHomePressed=false canceled=false
06-27 18:46:14.319   372   509 I InputReader: 1--1-----KeyCode=22, scanCode=106
06-27 18:46:14.319   372   509 D WindowManager: interceptKeyTq keycode=22 interactive=true keyguardActive=false policyFlags=22000000
06-27 18:46:14.320   372   508 D WindowManager: interceptKeyTi keyCode=22 down=false repeatCount=0 keyguardOn=false mHomePressed=false canceled=false
06-27 18:46:14.337   943  1858 W awmy    : Empty context buffer. Thus might mean that the context is not synced down.
06-27 18:46:14.337   943  1858 W awhk    : Empty context model while retrieving upload opt-in status!
06-27 18:46:14.636   372   509 I InputReader: 1--1-----KeyCode=0, scanCode=232
06-27 18:46:14.637   372   509 I InputReader: 1--22-----KeyCode=23, scanCode=232
06-27 18:46:14.637   372   509 I InputReader: KeyCode=23, scanCode=232
06-27 18:46:14.637   372   509 D WindowManager: interceptKeyTq keycode=23 interactive=true keyguardActive=false policyFlags=22000000
06-27 18:46:14.637   372   508 D WindowManager: interceptKeyTi keyCode=23 down=true repeatCount=0 keyguardOn=false mHomePressed=false canceled=false
06-27 18:46:14.725   372   509 I InputReader: 1--1-----KeyCode=0, scanCode=232
06-27 18:46:14.726   372   509 D WindowManager: interceptKeyTq keycode=23 interactive=true keyguardActive=false policyFlags=22000000
06-27 18:46:14.726   372   508 D WindowManager: interceptKeyTi keyCode=23 down=false repeatCount=0 keyguardOn=false mHomePressed=false canceled=false
06-27 18:46:14.741   372   854 I ActivityManager: START u0 {act=android.intent.action.MAIN cat=[android.intent.category.LAUNCHER] flg=0x10000000 pkg=com.android.rockchip cmp=com.android.rockchip/.RockExplorer} from uid 10053 on display 0
06-27 18:46:14.785   372  1433 I ActivityManager: Start proc 1974:com.android.rockchip/1000 for activity com.android.rockchip/.RockExplorer
06-27 18:46:14.863  1974  1974 I art     : Starting a blocking GC AddRemoveAppImageSpace
06-27 18:46:14.864  1974  1974 W System  : ClassLoader referenced unknown path: /system/app/RkExplorer/lib/arm64
06-27 18:46:14.902  1974  1974 D StorageUtils: %%%%%%%%%%-------- using at ics4.0.3 ----------!!!
06-27 18:46:14.916  1974  1974 D RkExplorer: Activity LifeCycle: onCreate
