06-27 20:45:41.320   861   883 E sdcard  : opendir /mnt/media_rw/e14e8b4a-c6c3-4546-b069-dfbdf64d0b66/lost+found failed: Permission denied
06-27 20:45:41.394  1444  1444 W ActivityThread: ClassLoader.loadClass: The class loader returned by Thread.getContextClassLoader() may fail for processes that host multiple applications. You should explicitly specify a context class loader. For example: Thread.setContextClassLoader(getClass().getClassLoader());
06-27 20:45:41.411  1422  1472 I FileScanThread: mTmpFileInfos->size:0
06-27 20:45:41.412  1422  1472 I FileScanThread: FileScanThread end time:1561657541412
06-27 20:45:41.412  1422  1472 I FileScanThread: FileScanThread total time:0s
06-27 20:45:41.939  1422  1434 W art     : Suspending all threads took: 10.493ms
06-27 20:45:42.160  1422  1422 I JettyServletContainer: Registering UPnP servlet under context path: /upnp
06-27 20:45:42.171  1422  1422 I DatagramIO: Creating bound socket (for datagram input/output) on: 192.168.1.200/192.168.1.200
06-27 20:45:42.233  1422  1422 I StreamClient: Starting Jetty HttpClient...
06-27 20:45:42.262  1422  1422 I UpnpServiceImpl: <<< UPnP service started successfully
06-27 20:45:42.263  1422  1484 I JettyServletContainer: Starting Jetty server... 
06-27 20:45:42.263  1422  1484 I Server  : jetty-8.y.z-SNAPSHOT
06-27 20:45:42.308  1422  1422 I Router  : Connectivity change detected...
06-27 20:45:42.308  1422  1422 I Router  : EXTRA_NO_CONNECTIVITY: false
06-27 20:45:42.308  1422  1422 I Router  : EXTRA_REASON: null
06-27 20:45:42.308  1422  1422 I Router  : EXTRA_IS_FAILOVER: false
06-27 20:45:42.309  1422  1422 I Router  : EXTRA_NETWORK_INFO: [type: Ethernet[], state: CONNECTED/CONNECTED, reason: (unspecified), extra: b2:db:08:28:f0:d0, failover: false, available: true, roaming: false, metered: false]
06-27 20:45:42.309  1422  1422 I Router  : EXTRA_OTHER_NETWORK_INFO: none
06-27 20:45:42.309  1422  1422 I Router  : EXTRA_EXTRA_INFO: b2:db:08:28:f0:d0
06-27 20:45:42.309  1422  1422 I Router  : No actual network change... ignoring event!
06-27 20:45:42.310  1422  1422 I NetWorkChangeReceiver: onReceive->intent->action:android.net.conn.CONNECTIVITY_CHANGE
06-27 20:45:42.310  1422  1422 W ContextImpl: Calling a method in the system process without a qualified user: android.app.ContextImpl.startService:1357 android.content.ContextWrapper.startService:613 android.content.ContextWrapper.startService:613 com.rockchips.mediacenter.service.NetWorkChangeReceiver.onReceive:27 android.app.ActivityThread.handleReceiver:3041 
06-27 20:45:42.318  1422  1471 I NetWorCheckThread: NetWorkCheckThread->isConnected:true
06-27 20:45:42.322  1422  1471 I NetWorCheckThread: NetWorkCheckThread->smbStr:
06-27 20:45:42.322  1422  1471 I NetWorCheckThread: NetWorkCheckThread->smbInfos:null
06-27 20:45:42.340   416  1173 W BroadcastQueue: Unable to launch app net.dinglisch.android.taskerm/10055 for broadcast Intent { act=android.intent.action.TIME_SET flg=0x24000010 }: process is bad
06-27 20:45:42.503  1444  1444 D SystemDeviceService: [isHostInterfaceChanged] bindAddresses/addrs is null. 
06-27 20:45:42.589  1128  1139 W art     : Suspending all threads took: 19.917ms
06-27 20:45:42.654  1422  1434 W art     : Suspending all threads took: 53.665ms
06-27 20:45:42.683  1128  1221 W ChimeraUtils: Non Chimera context
06-27 20:45:42.757  1422  1484 I AbstractConnector: Started SocketConnector@192.168.1.200:49825
06-27 20:45:42.857  1128  1493 I SystemUpdate: [Installation,ReceiverIntentOperation] Received intent: Intent { act=android.intent.action.TIME_SET flg=0x24000010 cmp=com.google.android.gms/.chimera.GmsIntentOperationService$PersistentTrustedReceiver }.
06-27 20:45:42.897  1128  1221 I Auth    : [WorkAccount] update authenticator enabled for boot or update
06-27 20:45:42.908   894  1117 I GeofencerStateMachine: removeGeofences: removeRequest=RemoveGeofencingRequest[REMOVE_BY_PENDING_INTENT pendingIntent=PendingIntent[creatorPackage=com.google.android.gms], packageName=com.google.android.gms]
06-27 20:45:42.934  1128  1128 E ConnectivityChangeRecei: Ignoring connectivity change
06-27 20:45:43.007   894  1209 W art     : Long monitor contention with owner main (894) at java.lang.Object java.util.HashMap.get(java.lang.Object)(HashMap.java:-1) waiters=1 in fga evt.C() for 144ms
06-27 20:45:43.063   894   894 W ChimeraUtils: Non Chimera context
06-27 20:45:43.064  1128  1508 I Auth    : [FRP,FrpUpdateIntentOperation] Frp is not supported for this device / user
06-27 20:45:43.077   894  1208 W ctxmgr  : [TimeFilter.Builder]startTimeMillis must be >= 0.  Clamping to 0.
06-27 20:45:43.152   894   894 W ChimeraUtils: Non Chimera context
06-27 20:45:43.153  1128  1493 W art     : Verification of void awsd.a(int) took 292.268ms
06-27 20:45:43.161  1128  1504 I IcingInternalCorpora: Received calendar change notification.
06-27 20:45:43.163  1128  1202 W ChimeraUtils: Non Chimera context
06-27 20:45:43.179  1128  1493 W ChimeraUtils: Non Chimera context
06-27 20:45:43.183  1128  1493 W ChimeraUtils: Non Chimera context
06-27 20:45:43.186   894  1225 E ctxmgr  : [FencePendingIntentCache]Expected to find a PendingIntent for pendingIntentKey=11296354-98b3-4852-a30d-d24516c563b3 [CONTEXT service_id=47 ]
06-27 20:45:43.187   894  1225 I ctxmgr  : [FencePendingIntentCache]com.google.android.gms not whitelisted [CONTEXT service_id=47 ]
06-27 20:45:43.226   894  1397 I Auth    : [WorkAccountServiceImpl] init work authenticator
06-27 20:45:43.234   894   894 W ChimeraUtils: Non Chimera context
06-27 20:45:43.234  1128  1139 I art     : Background partial concurrent mark sweep GC freed 8467(848KB) AllocSpace objects, 11(220KB) LOS objects, 39% free, 5MB/8MB, paused 4.533ms total 162.178ms
06-27 20:45:43.273   894   894 E GmsRequestQueue: Tried to stop global GMSCore RequestQueue. This is likely unintended, so ignoring.
06-27 20:45:43.297   416  1173 D ConnectivityService: listenForNetwork for uid/pid:10008/1128 NetworkRequest [ LISTEN id=4, [ Capabilities: INTERNET&NOT_RESTRICTED&TRUSTED&NOT_VPN] ]
06-27 20:45:43.297   416   532 D ConnectivityService: rematching NetworkAgentInfo [Ethernet () - 100]
06-27 20:45:43.298   416   532 D ConnectivityService:  network has: [ Transports: ETHERNET Capabilities: INTERNET&NOT_RESTRICTED&TRUSTED&NOT_VPN&VALIDATED&FOREGROUND LinkUpBandwidth>=100000Kbps LinkDnBandwidth>=100000Kbps]
06-27 20:45:43.298   416   532 D ConnectivityService: Network NetworkAgentInfo [Ethernet () - 100] was already satisfying request 1. No change.
06-27 20:45:43.298   416   532 D ConnectivityService: sending notification AVAILABLE for NetworkRequest [ LISTEN id=4, [ Capabilities: INTERNET&NOT_RESTRICTED&TRUSTED&NOT_VPN] ]
06-27 20:45:43.315  1128  1508 I SystemUpdate: [Execution,InstallationEventIntentOperation] Handling event of type 6.
06-27 20:45:43.408  1128  1222 I SystemUpdate: [Execution,InstallationIntentOperation] Received intent: Intent { act=com.google.android.gms.update.INSTALL_UPDATE cat=[targeted_intent_op_prefix:.update.execution.InstallationIntentOperation] cmp=com.google.android.gms/.chimera.GmsIntentOperationService }.
06-27 20:45:43.418  1128  1222 I SystemUpdate: [Execution,ExecutionManager] Action finished-execution executed for 0.00 seconds.
06-27 20:45:43.424   894  1517 W WakefulBroadcastReceiv.: No active wake lock id #1
06-27 20:45:43.438  1128  1507 W art     : Long monitor contention with owner [efx] processing qmh for action android.intent.action.TIME_SET (1493) at void com.google.android.gms.update.control.ReceiverIntentOperation.onHandleIntent(android.content.Intent)(:com.google.android.gms@17785019@17.7.85 (040400-253824076):5) waiters=0 in void efy.run() for 379ms
06-27 20:45:43.439  1128  1507 I SystemUpdate: [Installation,ReceiverIntentOperation] Received intent: Intent { act=com.google.android.gms.update.BASE_MODULE_INIT cat=[targeted_intent_op_prefix:.update.control.ReceiverIntentOperation] cmp=com.google.android.gms/.chimera.GmsIntentOperationService }.
06-27 20:45:43.501  1128  1493 I SystemUpdate: [Execution,InstallationEventIntentOperation] Handling event of type 1.
06-27 20:45:43.505  1128  1504 I SystemUpdate: [Execution,InstallationIntentOperation] Received intent: Intent { act=com.google.android.gms.update.INSTALL_UPDATE cat=[targeted_intent_op_prefix:.update.execution.InstallationIntentOperation] cmp=com.google.android.gms/.chimera.GmsIntentOperationService }.
06-27 20:45:43.508  1128  1504 I SystemUpdate: [Execution,ExecutionManager] Action finished-execution executed for 0.00 seconds.
06-27 20:45:43.516  1128  1508 I Auth    : [SupervisedAccountIntentOperation] onHandleIntent(): android.intent.action.BOOT_COMPLETED
06-27 20:45:43.534  1128  1508 I Auth    : [SupervisedAccountIntentOperation] This operation is disabled
06-27 20:45:43.559   894  1127 E LockboxBrokerService: Could not query UDC's getDeviceDataUploadOptInStatus; 15 null
06-27 20:45:43.571  1128  1549 W ChimeraUtils: Non Chimera context
06-27 20:45:43.600   894  1551 I Auth    : [AccountStateSyncher] performSync(account=<ELLIDED:43248440>)
06-27 20:45:43.610   894   894 E BluetoothAdapter: Bluetooth binder is null
06-27 20:45:43.612   894  1160 W GCoreFlp: No location to return for getLastLocation()
06-27 20:45:43.631  1128  1141 W System  : ClassLoader referenced unknown path: 
06-27 20:45:43.631  1128  1141 W System  : ClassLoader referenced unknown path: /system/priv-app/GoogleServicesFramework/lib/arm64
06-27 20:45:43.633  1128  1141 D ApplicationLoaders: ignored Vulkan layer search path /system/priv-app/GoogleServicesFramework/lib/arm64:/system/priv-app/GoogleServicesFramework/GoogleServicesFramework.apk!/lib/arm64-v8a:/system/lib64:/vendor/lib64 for namespace 0x74c29e70f0
06-27 20:45:43.737  1128  1549 E GmsRequestQueue: Tried to stop global GMSCore RequestQueue. This is likely unintended, so ignoring.
06-27 20:45:43.754   894  1160 W GCoreFlp: No location to return for getLastLocation()
06-27 20:45:43.761  1128  1549 I Authzen : [AuthZenEventHandler] Handling event: android.intent.action.BOOT_COMPLETED
06-27 20:45:43.765  1128  1493 W ChimeraUtils: Non Chimera context
06-27 20:45:43.766  1128  1549 I Authzen : [SyncManager] Sync requested for event 0, account <ELLIDED:37972742>, and components 3, with reason 1
06-27 20:45:43.766  1128  1549 I Authzen : [SyncManager] Triggering AuthZen registration check...
06-27 20:45:43.782  1128  1549 I Authzen : [irm] Opening database auth.proximity.permit_store...
06-27 20:45:43.813  1128  1493 I AutofillModuleInitInten: AutofillModuleInitIntentOperation onInitRuntimeState(2) [CONTEXT service_id=177 ]
06-27 20:45:43.833   894  1199 W awmy    : Empty context buffer. Thus might mean that the context is not synced down.
06-27 20:45:43.834   894  1199 W awhk    : Empty context model while retrieving upload opt-in status!
06-27 20:45:43.922   894  1199 W awmy    : Empty context buffer. Thus might mean that the context is not synced down.
06-27 20:45:43.923   894  1199 W awhk    : Empty context model while retrieving upload opt-in status!
06-27 20:45:43.930  1128  1552 I Icing   : Storage manager: low false usage 1.70MB avail 3.28GB capacity 4.79GB
06-27 20:45:43.949  1128  1508 V Backup  : [SettingsModuleInit] onInitRuntimeState
06-27 20:45:43.951  1128  1493 V Backup  : [MigrateUtil] Clearing migrate temp dir: /data/user/0/com.google.android.gms/files/migrate_dir
06-27 20:45:43.958  1128  1508 V Backup  : [NoBackupNotification] Disabled, not scheduling
06-27 20:45:43.964  1128  1493 D Backup  : [MigrateCleaner] D2D transport was not selected, not selecting cloud transport.
06-27 20:45:43.967  1128  1222 I Backup  : [TargetEnabler] Setting target components to enabled = false
06-27 20:45:43.978  1128  1508 V Backup  : [BackupAccountChangedIO] Ignoring received intent, action = android.intent.action.BOOT_COMPLETED
06-27 20:45:43.980  1128  1508 D CAR.SETUP: onInitRuntimeState: Intent { act=android.intent.action.BOOT_COMPLETED flg=0x9000010 cmp=com.google.android.gms/.chimera.GmsIntentOperationService (has extras) }
06-27 20:45:43.983  1128  1222 I Backup  : [SourceEnabler] Setting source components to enabled = true
06-27 20:45:43.984  1128  1222 V Backup  : [MigrateUtil] Using pre-O select transport api
06-27 20:45:43.994   894  1117 I GeofencerStateMachine: removeGeofences: removeRequest=RemoveGeofencingRequest[REMOVE_BY_PENDING_INTENT pendingIntent=PendingIntent[creatorPackage=com.google.android.gms], packageName=com.google.android.gms]
06-27 20:45:44.068   894  1199 W awmy    : Empty context buffer. Thus might mean that the context is not synced down.
06-27 20:45:44.068   894  1199 W awhk    : Empty context model while retrieving upload opt-in status!
06-27 20:45:44.092  1128  1508 I CAR.SETUP: update Car DrivingMode components to false
06-27 20:45:44.097  1128  1222 V Backup  : [GmsBackupScheduler] Scheduled task to run in 1440 minutes, while idle: true, require charging: true, require wifi: true
06-27 20:45:44.156  1128  1476 D lvjinhua:  Failed while trying resolve alarm filter file, not exists
06-27 20:45:44.157  1128  1222 V Backup  : [GmsBackupSchedulerLog] Logging to Clearcut eventCode: 30, event: # muj@222b0411
06-27 20:45:44.163  1128  1222 V Backup  : [MmsBackupScheduler] Disabled, not scheduling.
06-27 20:45:44.164  1128  1222 V Backup  : [MmsBackupSchedulerLog] Logging is disabled.
06-27 20:45:44.165  1128  1222 I ChromeSync: [Sync,SyncIntentOperation] Handling the intent: Intent { act=android.intent.action.BOOT_COMPLETED flg=0x9000010 cmp=com.google.android.gms/.chimera.GmsIntentOperationService (has extras) }.
06-27 20:45:44.170  1128  1476 I CryptauthV2: [EnrollKeyName] ClientName calling Cryptauth is AuthzenAccountRegistration
06-27 20:45:44.216   894   906 W art     : Suspending all threads took: 9.198ms
06-27 20:45:44.232   894   906 I art     : Background sticky concurrent mark sweep GC freed 18848(1457KB) AllocSpace objects, 9(236KB) LOS objects, 20% free, 7MB/9MB, paused 13.367ms total 113.385ms
06-27 20:45:44.247  1422  1510 W iceDescriptorBinderImpl: Regular parsing failed: Can't parse device type string (namespace/type/version): urn:dial-multiscreen-org:service:dial:1
06-27 20:45:44.250  1128  1493 I constellation: [intent_handler] Received onBootCompleted intent
06-27 20:45:44.264  1128  1128 I Checkin : [CheckinChimeraService] onStartCommand
06-27 20:45:44.278  1128  1139 I art     : Background partial concurrent mark sweep GC freed 14196(1066KB) AllocSpace objects, 13(260KB) LOS objects, 40% free, 6MB/10MB, paused 7.680ms total 91.734ms
06-27 20:45:44.303  1128  1493 I constellation: [reboot_checker] Reboot checker check status.
06-27 20:45:44.333  1128  1543 I CheckinCompat: Disabling old GoogleServicesFramework version
06-27 20:45:44.416  1328  1339 W art     : Suspending all threads took: 6.224ms
06-27 20:45:44.430  1128  1128 D lvjinhua:  Failed while trying resolve alarm filter file, not exists
06-27 20:45:44.435  1162  1177 W art     : Suspending all threads took: 13.862ms
06-27 20:45:44.435  1128  1128 I Checkin : [CheckinChimeraService] runCheckinOnNewThread
06-27 20:45:44.436  1128  1128 I Checkin : [CheckinChimeraService] Check queued to run. Is task waiting: false
06-27 20:45:44.456   416   460 I ActivityManager: Start proc 1598:com.google.android.gms.unstable/u0a8 for service com.google.android.gms/.droidguard.DroidGuardService
06-27 20:45:44.463  1128  1128 I Checkin : [CheckinChimeraService] Run checkin on new thread return:1
06-27 20:45:44.464  1128  1468 I CheckinChimeraService: Starting Checkin Task: CheckinNowTaskTag Reason : 1 Force : false UserId: 0
06-27 20:45:44.469  1128  1222 I Fido    : [FidoInitIntentOperation] Initializing Fido module, InitRuntimeState=2
06-27 20:45:44.475  1128  1221 I Ads     : Parental control value is stale. Refreshing.
06-27 20:45:44.497   416   460 I ActivityManager: Start proc 1612:com.android.vending/u0a14 for service com.android.vending/com.google.android.finsky.contentfilterui.ContentFiltersService
06-27 20:45:44.500  1128  1221 I Ads     : Initialized AdMob in container 17.7.85 (040400-253824076)
06-27 20:45:44.551  1128  1476 W art     : Before Android 4.1, method double java.util.concurrent.ThreadLocalRandom.internalNextDouble(double, double) would have incorrectly overridden the package-private method in java.util.Random
06-27 20:45:44.551  1128  1476 W art     : Before Android 4.1, method int java.util.concurrent.ThreadLocalRandom.internalNextInt(int, int) would have incorrectly overridden the package-private method in java.util.Random
06-27 20:45:44.551  1128  1476 W art     : Before Android 4.1, method long java.util.concurrent.ThreadLocalRandom.internalNextLong(long, long) would have incorrectly overridden the package-private method in java.util.Random
06-27 20:45:44.591  1128  1493 I constellation: [reboot_checker] Reboot Sync didn't run.
06-27 20:45:44.591  1128  1493 I constellation: [intent_handler] on init with intent Intent { act=android.intent.action.BOOT_COMPLETED flg=0x9000010 cmp=com.google.android.gms/.chimera.GmsIntentOperationService (has extras) }
06-27 20:45:44.611  1297  1308 I art     : HomogeneousSpaceCompact marksweep + semispace GC freed 4674(317KB) AllocSpace objects, 0(0B) LOS objects, 39% free, 2MB/4MB, paused 1.560s total 1.560s
06-27 20:45:44.721  1128  1468 I EventLogChimeraService: Accumulating logs since 1561655577005
06-27 20:45:44.745   416   532 D ConnectivityService: handlePromptUnvalidated 100
06-27 20:45:44.767   894   906 I art     : Background partial concurrent mark sweep GC freed 39808(3MB) AllocSpace objects, 2(48KB) LOS objects, 39% free, 6MB/11MB, paused 5.831ms total 120.794ms
06-27 20:45:44.880  1598  1598 W DynamiteModule: Local module descriptor class for providerinstaller not found.
06-27 20:45:44.895  1598  1598 W ProviderHelper: Unknown dynamite feature providerinstaller
06-27 20:45:44.902  1598  1598 I DynamiteModule: Considering local module providerinstaller:0 and remote module providerinstaller:0
06-27 20:45:44.903  1598  1598 W ProviderInstaller: Failed to load providerinstaller module: No acceptable module found. Local version is 0 and remote version is 0.
06-27 20:45:44.906  1128  1493 W ChimeraUtils: Non Chimera context
06-27 20:45:44.909  1128  1504 I Icing   : Using TV flags by method 2
06-27 20:45:44.917  1598  1598 V NativeCrypto: Registering com/google/android/gms/org/conscrypt/NativeCrypto's 284 native methods...
06-27 20:45:44.965  1598  1598 D NetworkSecurityConfig: Using Network Security Config from resource network_security_config debugBuild: false
06-27 20:45:44.977  1598  1598 I ProviderInstaller: Installed default security provider GmsCore_OpenSSL
06-27 20:45:44.999  1422  1510 W iceDescriptorBinderImpl: Removing leading garbage didn't work: Can't parse device type string (namespace/type/version): urn:dial-multiscreen-org:service:dial:1
06-27 20:45:45.022   894   894 I Fido    : [CableAuthenticatorChimeraService] Registering broadcast receiver.
06-27 20:45:45.025  1128  1139 W art     : Suspending all threads took: 7.347ms
06-27 20:45:45.039  1128  1139 I art     : Background partial concurrent mark sweep GC freed 17285(1441KB) AllocSpace objects, 17(340KB) LOS objects, 39% free, 6MB/10MB, paused 11.967ms total 101.457ms
06-27 20:45:45.127  1598  1598 W Primes  : Primes not initialized, returning default (no-op) Primes instance which will ignore all calls. Please call Primes.initialize(...) before using any Primes API.
06-27 20:45:45.169  1422  1510 W trieveRemoteDescriptors: Could not hydrate device or its services from descriptor: (RemoteDevice) Identity: (RemoteDeviceIdentity) UDN: uuid:b3ba70e0-c7c4-4f76-abd6-aedd12d4df47, Descriptor: http://192.168.1.10:1962/, Root: true
06-27 20:45:45.170  1422  1510 W trieveRemoteDescriptors: Cause was: org.fourthline.cling.model.types.InvalidValueException: Can't parse device type string (namespace/type/version): urn:dial-multiscreen-org:service:dial:1
06-27 20:45:45.180  1128  1504 I MobileDataHub: Scheduling periodic tasks
06-27 20:45:45.265  1128  1324 W DriveInitializer: Awaiting to be initialized
06-27 20:45:45.280  1128  1552 W native  : model-utils.cc:23 No CRC32, most likely an old model; skip CRC32 check
06-27 20:45:45.371  1128  1507 I MagicTether: [HostValidator] InvalidHost. MobileData: false, Tethering: true, whitelist: false, ble: false
06-27 20:45:45.401  1128  1595 I IcingInternalCorpora: EventIndexer: starting incremental update
06-27 20:45:45.404  1128  1595 I IcingInternalCorpora: EventIndexer: 0 added, 0 removed, 0 changed, 0 unchanged, 0 errors.
06-27 20:45:45.405  1128  1552 I native  : model-api.cc:46 Registered model under key tmp-segmentation-model
06-27 20:45:45.408  1422  1515 W iceDescriptorBinderImpl: Regular parsing failed: Can't parse device type string (namespace/type/version): urn:dial-multiscreen-org:service:dial:1
06-27 20:45:45.477  1128  1595 I IcingInternalCorpora: EventIndexer: finished after 76 ms.
06-27 20:45:45.524  1128  1552 I native  : permission-checker.cc:74 Creating PermissionChecker based on ACL with config_version 1 having 5 permissions defined.
06-27 20:45:45.525   894  1523 E LockboxBrokerService: Could not connect to UDC
06-27 20:45:45.534  1444  1455 W art     : Suspending all threads took: 11.274ms
06-27 20:45:45.542  1128  1552 W native  : words-map.cc:29 generic::invalid_argument: Empty URI
06-27 20:45:45.542  1128  1552 W native  : words-map.cc:33 WordsMap was not properly initialized
06-27 20:45:45.618  1422  1434 W art     : Suspending all threads took: 175.452ms
06-27 20:45:45.703  1328  1339 W art     : Suspending all threads took: 20.463ms
06-27 20:45:45.910  1444  1455 W art     : Suspending all threads took: 5.574ms
06-27 20:45:45.910  1128  1468 I CheckinRequestProcessor: Gmscore running on device, checkin will use Gmscore context
06-27 20:45:45.930  1128  1468 I CheckinRequestBuilder: Checkin reason type: 1 attempt count: 1
06-27 20:45:46.156   894  1160 W GCoreFlp: No location to return for getLastLocation()
06-27 20:45:46.206  1128  1468 I CheckinRequestBuilder: Unknown state of subscriptions on the device
06-27 20:45:46.297   416   509 I InputReader: 1--1-----KeyCode=82, scanCode=139
06-27 20:45:46.298   416   509 I InputReader: 1--22-----KeyCode=82, scanCode=139
06-27 20:45:46.298   416   509 I InputReader: KeyCode=82, scanCode=139
06-27 20:45:46.298   416   509 D WindowManager: interceptKeyTq keycode=82 interactive=true keyguardActive=false policyFlags=22000000
06-27 20:45:46.335  1422  1515 W iceDescriptorBinderImpl: Removing leading garbage didn't work: Can't parse device type string (namespace/type/version): urn:dial-multiscreen-org:service:dial:1
06-27 20:45:46.336  1422  1515 W trieveRemoteDescriptors: Could not hydrate device or its services from descriptor: (RemoteDevice) Identity: (RemoteDeviceIdentity) UDN: uuid:b3ba70e0-c7c4-4f76-abd6-aedd12d4df47, Descriptor: http://192.168.1.10:1962/, Root: true
06-27 20:45:46.336  1422  1515 W trieveRemoteDescriptors: Cause was: org.fourthline.cling.model.types.InvalidValueException: Can't parse device type string (namespace/type/version): urn:dial-multiscreen-org:service:dial:1
06-27 20:45:46.372   416   508 D WindowManager: interceptKeyTi keyCode=82 down=true repeatCount=0 keyguardOn=false mHomePressed=false canceled=false
06-27 20:45:46.375  1128  1622 I ChromeSync: [Sync,SyncAdapter] Successfully synced in 952 milliseconds with request: qwu{account=<hide PII>, eventType=101, waitForInitialization=false, zipitVersionInfo=null}.
06-27 20:45:46.472   894   906 W art     : Suspending all threads took: 9.649ms
06-27 20:45:46.483   416   509 I InputReader: 1--1-----KeyCode=82, scanCode=139
06-27 20:45:46.483   416   509 D WindowManager: interceptKeyTq keycode=82 interactive=true keyguardActive=false policyFlags=22000000
06-27 20:45:46.484   416   508 D WindowManager: interceptKeyTi keyCode=82 down=false repeatCount=0 keyguardOn=false mHomePressed=false canceled=false
06-27 20:45:46.490   894   906 I art     : Background sticky concurrent mark sweep GC freed 30512(3MB) AllocSpace objects, 15(288KB) LOS objects, 36% free, 7MB/11MB, paused 12.773ms total 282.511ms
06-27 20:45:46.578  1128  1139 I art     : Background partial concurrent mark sweep GC freed 22457(1697KB) AllocSpace objects, 30(600KB) LOS objects, 39% free, 7MB/12MB, paused 7.777ms total 436.940ms
06-27 20:45:46.596  1128  1222 I MobileDataPlan: Periodic service false update false CPID management false [CONTEXT service_id=158 ]
06-27 20:45:46.611  1128  1222 W ChimeraUtils: Non Chimera context
06-27 20:45:46.612  1128  1222 I MobileDataPlan: Periodic service will not be started. [CONTEXT service_id=158 ]
06-27 20:45:46.620  1128  1222 I MobileDataPlan: Periodic Gcore Registration will not be started. [CONTEXT service_id=158 ]
06-27 20:45:46.627  1128  1222 I MobileDataPlan: Module is initialized with flag 10. [CONTEXT service_id=158 ]
06-27 20:45:46.642  1422  1560 W iceDescriptorBinderImpl: Regular parsing failed: Can't parse device type string (namespace/type/version): urn:dial-multiscreen-org:service:dial:1
06-27 20:45:46.688  1128  1656 I ContentMaintenance: Internal cache bytes used: 0; limit: 100000000; download size: 0
06-27 20:45:46.723  1128  1656 I RealtimeCacheCleanup: Beginning Realtime garbage collection.
06-27 20:45:46.783  1128  1687 I FA-SVC  : App measurement is starting up, version: 17785
06-27 20:45:46.831  1598  1666 D lvjinhua:  Failed while trying resolve alarm filter file, not exists
06-27 20:45:46.841  1422  1434 W art     : Suspending all threads took: 27.224ms
06-27 20:45:46.854   416   854 W ActivityManager: Unable to start service Intent { act=com.google.android.gms.nearby.discovery:ACTION_INIT_MESSAGES_PATH cmp=com.google.android.gms/.nearby.discovery.service.DiscoveryService } U=0: not found
06-27 20:45:46.863  1128  1656 I RealtimeCacheCleanup: Finished Realtime garbage collection.
06-27 20:45:46.870   894  1523 E LockboxBrokerService: Could not connect to UDC
06-27 20:45:46.988  1128  1595 I PinnedContentDownloader: Finished downloading pinned content.
06-27 20:45:47.024  1422  1560 W iceDescriptorBinderImpl: Removing leading garbage didn't work: Can't parse device type string (namespace/type/version): urn:dial-multiscreen-org:service:dial:1
06-27 20:45:47.025  1422  1560 W trieveRemoteDescriptors: Could not hydrate device or its services from descriptor: (RemoteDevice) Identity: (RemoteDeviceIdentity) UDN: uuid:b3ba70e0-c7c4-4f76-abd6-aedd12d4df47, Descriptor: http://192.168.1.10:1962/, Root: true
06-27 20:45:47.025  1422  1560 W trieveRemoteDescriptors: Cause was: org.fourthline.cling.model.types.InvalidValueException: Can't parse device type string (namespace/type/version): urn:dial-multiscreen-org:service:dial:1
06-27 20:45:47.103  1128  1552 I Icing   : updateResources: need to parse acsi{com.google.android.gms}
06-27 20:45:47.145  1612  1685 I Finsky  : [29] nzt.a(41): Started reading experiment flags from file [SKocQA9EQQFTb-1gQsc5WsjVhGA].
06-27 20:45:47.163  1612  1685 I Finsky  : [29] nzt.a(42): Finished reading experiment flags from file [SKocQA9EQQFTb-1gQsc5WsjVhGA].
06-27 20:45:47.194  1128  1508 W MDM     : [114] agur.c: Device admin action is a no-op. Action: true
06-27 20:45:47.222   416   848 I ActivityManager: Start proc 1707:com.google.android.gms.ui/u0a8 for service com.google.android.gms/.chimera.UiIntentOperationService
06-27 20:45:47.305  1612  1704 I Finsky  : [31] nzt.a(41): Started reading experiment flags from file [C998-Gi6f_UjQFYCyTEyUpsNKd8].
06-27 20:45:47.309  1128  1504 I PeopleInitIntentOp: Not initializing debuggability
06-27 20:45:47.338  1422  1491 W iceDescriptorBinderImpl: Regular parsing failed: Can't parse device type string (namespace/type/version): urn:dial-multiscreen-org:service:dial:1
06-27 20:45:47.361  1128  1504 V SmartDevice: [service,SmartDeviceIntentHandlers] OnUpgradeOrBootOperation got intent: Intent { act=android.intent.action.BOOT_COMPLETED flg=0x9000010 cmp=com.google.android.gms/.chimera.GmsIntentOperationService (has extras) } with flag 2
06-27 20:45:47.363  1128  1504 W ChimeraUtils: Non Chimera context
06-27 20:45:47.418  1612  1704 I Finsky  : [31] nzt.a(42): Finished reading experiment flags from file [C998-Gi6f_UjQFYCyTEyUpsNKd8].
06-27 20:45:47.446  1422  1434 W art     : Suspending all threads took: 23.748ms
06-27 20:45:47.468  1612  1612 I Finsky  : [1] nzt.a(41): Started reading experiment flags from file [v6B-2IolLQRBwrwPhscSaeg04As].
06-27 20:45:47.498  1128  1222 I TelephonySpam: TelephonySpamInit - On boot completed TelephonySpam module initialized
06-27 20:45:47.498  1128  1222 I TelephonySpam: TelephonySpamInit - onModuleUpdated TelephonySpam module initialized
06-27 20:45:47.501  1612  1612 I Finsky  : [1] nzt.a(42): Finished reading experiment flags from file [v6B-2IolLQRBwrwPhscSaeg04As].
06-27 20:45:47.508  1128  1222 I TelephonySpam: SpamListSync - scheduleSyncTasks
06-27 20:45:47.508  1128  1222 I TelephonySpam: SpamListSync - schedulePeriodicTask
06-27 20:45:47.526  1422  1491 W iceDescriptorBinderImpl: Removing leading garbage didn't work: Can't parse device type string (namespace/type/version): urn:dial-multiscreen-org:service:dial:1
06-27 20:45:47.531  1128  1504 I SubscribedFeeds: Collected 11 certs in 71ms
06-27 20:45:47.538  1612  1612 I Finsky  : [1] qah.<init>(8): Resetting scheduler db
06-27 20:45:47.555  1128  1222 I TelephonySpam: SpamListSync - scheduleOneTimeTask
06-27 20:45:47.569  1128  1222 I TelephonySpam: ShortCodeSync - Schedule Short Code Sync Tasks
06-27 20:45:47.569  1128  1222 I TelephonySpam: ShortCodeSync - Schedule Short Code Periodic Task
06-27 20:45:47.581   894   894 W ChimeraUtils: Non Chimera context
06-27 20:45:47.588  1128  1222 I TelephonySpam: ShortCodeSync - Schedule Short Code One Time Task
06-27 20:45:47.606   894   909 W art     : Long monitor contention with owner main (894) at long com.google.android.gms.leveldb.LevelDb.nativeOpen(java.lang.String, boolean, boolean, int, int, int, int, int, boolean, int)(:com.google.android.gms@17785019@17.7.85 (040400-253824076):-2) waiters=0 in com.google.android.chimera.ContentProvider eew.b() for 348ms
06-27 20:45:47.617  1612  1681 I Finsky  : [25] dgq.X(6): Not a unicorn account
06-27 20:45:47.664  1707  1707 W DynamiteModule: Local module descriptor class for providerinstaller not found.
06-27 20:45:47.676  1612  1681 W PrimesInit: Primes instant initialization
06-27 20:45:47.688  1612  1742 W Primes  : background initialization
06-27 20:45:47.705  1707  1707 W ProviderHelper: Unknown dynamite feature providerinstaller
06-27 20:45:47.708  1128  1656 I TelephonySpam: TelephonySpamInit - Creating a looper to listen to call state changes.
06-27 20:45:47.718  1128  1222 I UdcContextInitChimeraSe: Scheduling context registration change job.
06-27 20:45:47.733  1612  1681 I Finsky  : [25] dgq.aR(9): Disable SystemUpdateActivity, because Android is lower than Q
06-27 20:45:47.735  1612  1683 I cr_CronetLibraryLoader: Cronet version: 76.0.3800.0, arch: armv8l
06-27 20:45:47.738  1598  1666 I mali_so : [File] : hardware/rockchip/driver/./src/base/arch/arch_011_udd/base_arch_main.c; [Line] : 565; [Func] : deal_with_version_affairs_rk_ext;
06-27 20:45:47.738  1598  1666 I mali_so : arm_release_ver of this mali_so is 'r7p0-00rel1', rk_so_ver is '1@2' for 3328h_android_7.1, built at '15:47:51', on 'Jun 28 2017'.
06-27 20:45:47.738  1598  1666 I mali_so : [File] : hardware/rockchip/driver/./src/base/arch/arch_011_udd/base_arch_main.c; [Line] : 578; [Func] : deal_with_version_affairs_rk_ext;
06-27 20:45:47.738  1598  1666 I mali_so : mali_ver_property has been set to 'r7p0-00rel1-5-1@2', to return.
06-27 20:45:47.739  1612  1681 I Finsky  : [25] dgq.aR(11): Set SystemUpdateActivity enabled state to 2
06-27 20:45:47.746   416  1627 D ConnectivityService: listenForNetwork for uid/pid:10014/1612 NetworkRequest [ LISTEN id=5, [ Capabilities: INTERNET&NOT_RESTRICTED&TRUSTED] ]
06-27 20:45:47.747   416   532 D ConnectivityService: rematching NetworkAgentInfo [Ethernet () - 100]
06-27 20:45:47.747   416   532 D ConnectivityService:  network has: [ Transports: ETHERNET Capabilities: INTERNET&NOT_RESTRICTED&TRUSTED&NOT_VPN&VALIDATED&FOREGROUND LinkUpBandwidth>=100000Kbps LinkDnBandwidth>=100000Kbps]
06-27 20:45:47.747   416   532 D ConnectivityService: Network NetworkAgentInfo [Ethernet () - 100] was already satisfying request 1. No change.
06-27 20:45:47.747   416   532 D ConnectivityService: sending notification AVAILABLE for NetworkRequest [ LISTEN id=5, [ Capabilities: INTERNET&NOT_RESTRICTED&TRUSTED] ]
06-27 20:45:47.748  1707  1707 I DynamiteModule: Considering local module providerinstaller:0 and remote module providerinstaller:0
06-27 20:45:47.749  1707  1707 W ProviderInstaller: Failed to load providerinstaller module: No acceptable module found. Local version is 0 and remote version is 0.
06-27 20:45:47.775  1707  1707 V NativeCrypto: Registering com/google/android/gms/org/conscrypt/NativeCrypto's 284 native methods...
06-27 20:45:47.788  1598  1666 I mali_so : [File] : hardware/rockchip/driver/./src/base/arch/arch_011_udd/base_arch_main.c; [Line] : 565; [Func] : deal_with_version_affairs_rk_ext;
06-27 20:45:47.788  1598  1666 I mali_so : arm_release_ver of this mali_so is 'r7p0-00rel1', rk_so_ver is '1@2' for 3328h_android_7.1, built at '15:47:51', on 'Jun 28 2017'.
06-27 20:45:47.788  1598  1666 I mali_so : [File] : hardware/rockchip/driver/./src/base/arch/arch_011_udd/base_arch_main.c; [Line] : 578; [Func] : deal_with_version_affairs_rk_ext;
06-27 20:45:47.788  1598  1666 I mali_so : mali_ver_property has been set to 'r7p0-00rel1-5-1@2', to return.
06-27 20:45:47.809  1598  1611 I mali_so : [File] : hardware/rockchip/driver/./src/base/arch/arch_011_udd/base_arch_main.c; [Line] : 565; [Func] : deal_with_version_affairs_rk_ext;
06-27 20:45:47.809  1598  1611 I mali_so : arm_release_ver of this mali_so is 'r7p0-00rel1', rk_so_ver is '1@2' for 3328h_android_7.1, built at '15:47:51', on 'Jun 28 2017'.
06-27 20:45:47.809  1598  1611 I mali_so : [File] : hardware/rockchip/driver/./src/base/arch/arch_011_udd/base_arch_main.c; [Line] : 578; [Func] : deal_with_version_affairs_rk_ext;
06-27 20:45:47.809  1598  1611 I mali_so : mali_ver_property has been set to 'r7p0-00rel1-5-1@2', to return.
06-27 20:45:47.815  1422  1491 W trieveRemoteDescriptors: Could not hydrate device or its services from descriptor: (RemoteDevice) Identity: (RemoteDeviceIdentity) UDN: uuid:b3ba70e0-c7c4-4f76-abd6-aedd12d4df47, Descriptor: http://192.168.1.10:1962/, Root: true
06-27 20:45:47.816  1422  1491 W trieveRemoteDescriptors: Cause was: org.fourthline.cling.model.types.InvalidValueException: Can't parse device type string (namespace/type/version): urn:dial-multiscreen-org:service:dial:1
06-27 20:45:47.820  1612  1681 W Settings: Setting download_manager_max_bytes_over_mobile has moved from android.provider.Settings.Secure to android.provider.Settings.Global.
06-27 20:45:47.836  1598  1611 I mali_so : [File] : hardware/rockchip/driver/./src/base/arch/arch_011_udd/base_arch_main.c; [Line] : 565; [Func] : deal_with_version_affairs_rk_ext;
06-27 20:45:47.836  1598  1611 I mali_so : arm_release_ver of this mali_so is 'r7p0-00rel1', rk_so_ver is '1@2' for 3328h_android_7.1, built at '15:47:51', on 'Jun 28 2017'.
06-27 20:45:47.836  1612  1682 D lvjinhua:  Failed while trying resolve alarm filter file, not exists
06-27 20:45:47.836  1598  1611 I mali_so : [File] : hardware/rockchip/driver/./src/base/arch/arch_011_udd/base_arch_main.c; [Line] : 578; [Func] : deal_with_version_affairs_rk_ext;
06-27 20:45:47.836  1598  1611 I mali_so : mali_ver_property has been set to 'r7p0-00rel1-5-1@2', to return.
06-27 20:45:47.840  1707  1707 D NetworkSecurityConfig: Using Network Security Config from resource network_security_config debugBuild: false
06-27 20:45:47.849  1707  1707 I ProviderInstaller: Installed default security provider GmsCore_OpenSSL
06-27 20:45:47.866  1612  1681 I Finsky  : [25] ncv.a(8): SettingNotFoundException, fall through to G.downloadBytesOverMobileMaximum
06-27 20:45:47.867  1612  1681 W Settings: Setting download_manager_recommended_max_bytes_over_mobile has moved from android.provider.Settings.Secure to android.provider.Settings.Global.
06-27 20:45:47.872  1612  1681 I Finsky  : [25] ncv.a(11): SettingNotFoundException, fall through to G.downloadBytesOverMobileRecommended
06-27 20:45:47.884  1598  1598 I Binder:1598_2: type=1400 audit(0.0:61): avc: denied { read } for name="/" dev="tmpfs" ino=6203 scontext=u:r:priv_app:s0:c512,c768 tcontext=u:object_r:device:s0 tclass=dir permissive=1
06-27 20:45:47.884  1598  1598 I Binder:1598_2: type=1400 audit(0.0:62): avc: denied { open } for path="/dev" dev="tmpfs" ino=6203 scontext=u:r:priv_app:s0:c512,c768 tcontext=u:object_r:device:s0 tclass=dir permissive=1
06-27 20:45:47.935   894   894 I ChimeraSrvcProxy: com.google.android.gms.chimera.PersistentBoundBrokerService returning NullBinder for action com.google.android.gms.ipa.mediastoreindexer.PERSISTENT_START
06-27 20:45:47.951   894  1127 E LockboxBrokerService: Could not connect to UDC
06-27 20:45:47.968   894   894 I ChimeraSrvcProxy: com.google.android.gms.chimera.PersistentBoundBrokerService returning NullBinder for action com.google.android.gms.ipa.smsindexer.PERSISTENT_START
06-27 20:45:47.976  1598  1611 D lvjinhua:  Failed while trying resolve alarm filter file, not exists
06-27 20:45:48.008   894   906 I art     : Background partial concurrent mark sweep GC freed 38065(2MB) AllocSpace objects, 20(704KB) LOS objects, 40% free, 7MB/11MB, paused 8.890ms total 112.618ms
06-27 20:45:48.020   894   894 E BluetoothAdapter: Bluetooth binder is null
06-27 20:45:48.020   894   894 E BluetoothAdapter: Bluetooth binder is null
06-27 20:45:48.023   894   894 E BluetoothAdapter: Bluetooth binder is null
06-27 20:45:48.023   894   894 E BluetoothAdapter: Bluetooth binder is null
06-27 20:45:48.026   894   894 E BluetoothAdapter: Bluetooth binder is null
06-27 20:45:48.026   894   894 E BluetoothAdapter: Bluetooth binder is null
06-27 20:45:48.028  1707  1707 W Primes  : Primes not initialized, returning default (no-op) Primes instance which will ignore all calls. Please call Primes.initialize(...) before using any Primes API.
06-27 20:45:48.029   894   894 E BluetoothAdapter: Bluetooth binder is null
06-27 20:45:48.029   894   894 E BluetoothAdapter: Bluetooth binder is null
06-27 20:45:48.031   894   894 E BluetoothAdapter: Bluetooth binder is null
06-27 20:45:48.032   894   894 E BluetoothAdapter: Bluetooth binder is null
06-27 20:45:48.034   894   894 E BluetoothAdapter: Bluetooth binder is null
06-27 20:45:48.035   894   894 E BluetoothAdapter: Bluetooth binder is null
06-27 20:45:48.053  1612  1682 I Finsky  : [26] vbv.d(1): Setup app restrictions monitor
06-27 20:45:48.056  1612  1682 I Finsky  : [26] vdo.a(5): Device wide unknown source restriction is changed.
06-27 20:45:48.123   416   488 W art     : Long monitor contention with owner android.bg (478) at boolean android.os.MessageQueue.enqueueMessage(android.os.Message, long)(MessageQueue.java:541) waiters=0 in android.os.Message android.os.MessageQueue.next() for 236ms
06-27 20:45:48.150  1612  1742 I PrimesTesting: GserviceFlagsSupplier.get()
06-27 20:45:48.172  1128  1139 W art     : Suspending all threads took: 5.811ms
06-27 20:45:48.174  1612  1683 I Finsky  : [27] cru.a(129): Opt out Play Pass user: home@romanr.info
06-27 20:45:48.195  1128  1222 I Wear_Controller: Wear requires a companion app to be installed.
06-27 20:45:48.195  1128  1222 I Wear_Controller: onStartup - Wear is not available on this device.
06-27 20:45:48.209  1128  1139 I art     : Background sticky concurrent mark sweep GC freed 24264(2MB) AllocSpace objects, 23(452KB) LOS objects, 30% free, 8MB/12MB, paused 8.995ms total 131.129ms
06-27 20:45:48.223  1128  1202 I Vision  : Supported ABIS: [arm64-v8a, armeabi-v7a, armeabi]
06-27 20:45:48.293   894  1585 I NetRec  : [125] BootCompletedOrAppUpdatedIntentOperation.onHandleIntent: onBootCompleted()
06-27 20:45:48.312   894   894 I rcs     : [RcsBindingManager] Checking if we should rebind to previous service. Attempt 0
06-27 20:45:48.312   894   894 I rcs     : [RcsBindingManager] No valid settings for binding.
06-27 20:45:48.324   416   478 W art     : Long monitor contention with owner Binder:416_5 (854) at void com.android.server.am.ActivityManagerService.appendDropBoxProcessHeaders(com.android.server.am.ProcessRecord, java.lang.String, java.lang.StringBuilder)(ActivityManagerService.java:13984) waiters=0 in android.content.IIntentSender com.android.server.am.ActivityManagerService.getIntentSender(int, java.lang.String, android.os.IBinder, java.lang.String, int, android.content.Intent[], java.lang.String[], int, android.os.Bundle, int) for 199ms
06-27 20:45:48.378   894  1585 I NetRec  : [125] BootCompletedOrAppUpdatedIntentOperation.onHandleIntent: Scheduling CleanupDatabaseTask
06-27 20:45:48.399   894  1585 I NetRec  : [125] alcm.b: onConfigChanged()
06-27 20:45:48.405  1128  1476 E BluetoothAdapter: Bluetooth binder is null
06-27 20:45:48.408  1128  1476 E BluetoothAdapter: Bluetooth binder is null
06-27 20:45:48.419   894  1585 I NetRec  : [125] alcm.b: Cancelling all NetRec GCM tasks
06-27 20:45:48.474   894   894 D lvjinhua:  Failed while trying resolve alarm filter file, not exists
06-27 20:45:48.524  1444  1455 W art     : Suspending all threads took: 1.081s
06-27 20:45:48.582   894   894 I Wear_Controller: Wear requires a companion app to be installed.
06-27 20:45:48.582   894   894 I WearableService: onCreate: Wearable Services not starting. Wear is not available on this device.
06-27 20:45:48.610  1612  1632 I art     : Background partial concurrent mark sweep GC freed 10499(763KB) AllocSpace objects, 8(160KB) LOS objects, 39% free, 3MB/5MB, paused 6.153ms total 696.561ms
06-27 20:45:48.648   894  1523 W WearableService: onGetService: Wear is not available on this device.
06-27 20:45:48.656  1128  1705 E MDM     : [190] agur.a: Couldn't connect to Google API client: rem{statusCode=API_UNAVAILABLE, resolution=null, message=null}
06-27 20:45:48.681  1128  1468 I CheckinUtil: Classify the device as TV.
06-27 20:45:48.744   894   906 I art     : Background sticky concurrent mark sweep GC freed 40489(4MB) AllocSpace objects, 19(584KB) LOS objects, 27% free, 8MB/11MB, paused 6.008ms total 320.848ms
06-27 20:45:48.755  1612  1635 I Finsky  : [19] bgc.a(1): Received content filters request from sharedUserId=com.google.uid.shared:10008
06-27 20:45:48.758  1128  1549 I Authzen : [SyncManager] avoiding sync because the last sync was too recent
06-27 20:45:48.758  1128  1549 I Authzen : [TransactionCache] Clearing transaction cache
06-27 20:45:48.804  1612  1612 I Finsky  : [1] khj.a(41): Installer: Attempting to start installer
06-27 20:45:48.854  1422  1491 W iceDescriptorBinderImpl: Regular parsing failed: Can't parse device type string (namespace/type/version): urn:dial-multiscreen-org:service:dial:1
06-27 20:45:48.900  1612  1734 I Finsky  : [39] mkj.a(13): Loaded library for account: [rGICDVw8vLQT9a_kAVxbdua02fY]
06-27 20:45:48.901  1612  1734 I Finsky  : [39] mkj.a(15): Finished loading 1 libraries.
06-27 20:45:48.916  1612  1612 I Finsky  : [1] kgq.<init>(8): Not checking if recovering from paused session because experiment is off
06-27 20:45:48.961   894  1825 I GCoreUlr: Starting service, intent=Intent { act=com.google.android.location.reporting.ACTION_UPDATE_WORLD cmp=com.google.android.gms/com.google.android.location.reporting.service.DispatchingService (has extras) }, extras=Bundle[{receiverAction=init, is_boot=true}]
06-27 20:45:48.965   894  1397 D lvjinhua:  Failed while trying resolve alarm filter file, not exists
06-27 20:45:48.969   894  1793 I NetRec  : [143] ClearDatabaseService.onHandleIntent: Clearing score cache
06-27 20:45:48.993  1128  1504 I Vision  : Details: ocr_arm64_v8a.zip, eef0f328b471a7ddd7197ba013d6462194ac8566
06-27 20:45:48.999   894  1590 E aujk    : Error retrieving account [CONTEXT service_id=79 ]
06-27 20:45:48.999   894  1590 E aujk    : java.lang.IllegalStateException: No current tap-and-pay account
06-27 20:45:48.999   894  1590 E aujk    : 	at atod.b(:com.google.android.gms@17785019@17.7.85 (040400-253824076):4)
06-27 20:45:48.999   894  1590 E aujk    : 	at atod.a(:com.google.android.gms@17785019@17.7.85 (040400-253824076):1)
06-27 20:45:48.999   894  1590 E aujk    : 	at aujk.a(:com.google.android.gms@17785019@17.7.85 (040400-253824076):82)
06-27 20:45:48.999   894  1590 E aujk    : 	at com.google.android.gms.tapandpay.gcmtask.TapAndPayGcmTaskChimeraService.a(:com.google.android.gms@17785019@17.7.85 (040400-253824076):3)
06-27 20:45:48.999   894  1590 E aujk    : 	at com.google.android.gms.tapandpay.gcmtask.TapAndPayGcmTaskChimeraService.a(:com.google.android.gms@17785019@17.7.85 (040400-253824076):1)
06-27 20:45:48.999   894  1590 E aujk    : 	at atya.e(:com.google.android.gms@17785019@17.7.85 (040400-253824076):6)
06-27 20:45:48.999   894  1590 E aujk    : 	at atya.a(:com.google.android.gms@17785019@17.7.85 (040400-253824076):1)
06-27 20:45:48.999   894  1590 E aujk    : 	at com.google.android.gms.tapandpay.init.TapAndPayInitIntentOperation.onHandleIntent(:com.google.android.gms@17785019@17.7.85 (040400-253824076):4)
06-27 20:45:48.999   894  1590 E aujk    : 	at com.google.android.chimera.IntentOperation.onHandleIntent(:com.google.android.gms@17785019@17.7.85 (040400-253824076):2)
06-27 20:45:48.999   894  1590 E aujk    : 	at qmh.onHandleIntent(:com.google.android.gms@17785019@17.7.85 (040400-253824076):4)
06-27 20:45:48.999   894  1590 E aujk    : 	at efy.run(:com.google.android.gms@17785019@17.7.85 (040400-253824076):10)
06-27 20:45:48.999   894  1590 E aujk    : 	at efx.run(:com.google.android.gms@17785019@17.7.85 (040400-253824076):9)
06-27 20:45:48.999   894  1590 E aujk    : 	at java.util.concurrent.ThreadPoolExecutor.runWorker(ThreadPoolExecutor.java:1133)
06-27 20:45:48.999   894  1590 E aujk    : 	at java.util.concurrent.ThreadPoolExecutor$Worker.run(ThreadPoolExecutor.java:607)
06-27 20:45:48.999   894  1590 E aujk    : 	at java.lang.Thread.run(Thread.java:761)
06-27 20:45:49.012  1128  1468 W CheckinConnFactory: Fail to connect to GoogleApiClient error : rem{statusCode=TIMEOUT, resolution=null, message=null}
06-27 20:45:49.035   894  1590 I atxb    : getInstance: new instance created [CONTEXT service_id=79 ]
06-27 20:45:49.047  1128  1504 I Vision  : Engine already satisfied by existing download for ocr
06-27 20:45:49.055  1422  1491 W iceDescriptorBinderImpl: Removing leading garbage didn't work: Can't parse device type string (namespace/type/version): urn:dial-multiscreen-org:service:dial:1
06-27 20:45:49.055  1422  1491 W trieveRemoteDescriptors: Could not hydrate device or its services from descriptor: (RemoteDevice) Identity: (RemoteDeviceIdentity) UDN: uuid:b3ba70e0-c7c4-4f76-abd6-aedd12d4df47, Descriptor: http://192.168.1.10:1962/, Root: true
06-27 20:45:49.056  1422  1491 W trieveRemoteDescriptors: Cause was: org.fourthline.cling.model.types.InvalidValueException: Can't parse device type string (namespace/type/version): urn:dial-multiscreen-org:service:dial:1
06-27 20:45:49.072  1612  1638 I Finsky  : [20] bgc.a(1): Received content filters request from sharedUserId=com.google.uid.shared:10008
06-27 20:45:49.118   894  1225 I UdcContextInitChimeraSe: Scheduling UDC settings cache sync.
06-27 20:45:49.196   894  1225 I UdcContextInitChimeraSe: Scheduling UDC periodic settings cache sync.
06-27 20:45:49.204  1612  1612 I Finsky  : [1] khj.a(263): Installer kick - no action, not running yet
06-27 20:45:49.209  1612  1612 I Finsky  : [1] khj.a(263): Installer kick - no action, not running yet
06-27 20:45:49.222   894   894 E BluetoothAdapter: Bluetooth binder is null
06-27 20:45:49.225   894   894 D lvjinhua:  Failed while trying resolve alarm filter file, not exists
06-27 20:45:49.258   894  1209 W awmy    : Empty context buffer. Thus might mean that the context is not synced down.
06-27 20:45:49.258   894  1209 W awhk    : Empty context model while retrieving upload opt-in status!
06-27 20:45:49.272  1422  1568 W iceDescriptorBinderImpl: Regular parsing failed: Can't parse device type string (namespace/type/version): urn:dial-multiscreen-org:service:dial:1
06-27 20:45:49.282   894  1225 I aufc    : Maintaining payment bundles [CONTEXT service_id=79 ]
06-27 20:45:49.293   894  1225 I aufc    : Finished maintaining payment bundles [CONTEXT service_id=79 ]
06-27 20:45:49.320  1612  1685 D NetworkSecurityConfig: No Network Security Config specified, using platform default
06-27 20:45:49.336  1612  1612 I Finsky  : [1] kjm.a(4): Installer: Installer starting, recovering 0 running downloads
06-27 20:45:49.375  1612  1837 I Finsky  : [73] kjz.run(2): Installer: Installer starting, cleaning up sessions.
06-27 20:45:49.395  1128  1829 I Ads     : Successfully received play store parental controls the result.
06-27 20:45:49.436   416   509 I InputReader: 1--1-----KeyCode=82, scanCode=139
06-27 20:45:49.437   416   509 I InputReader: 1--22-----KeyCode=82, scanCode=139
06-27 20:45:49.437   416   509 I InputReader: KeyCode=82, scanCode=139
06-27 20:45:49.438   416   509 D WindowManager: interceptKeyTq keycode=82 interactive=true keyguardActive=false policyFlags=22000000
06-27 20:45:49.438   416   508 D WindowManager: interceptKeyTi keyCode=82 down=true repeatCount=0 keyguardOn=false mHomePressed=false canceled=false
06-27 20:45:49.461   894  1781 I GCoreUlr: WorldUpdater received intent Intent { act=com.google.android.location.reporting.ACTION_UPDATE_WORLD cmp=com.google.android.gms/com.google.android.location.reporting.service.DispatchingService (has extras) } with receiverAction init
06-27 20:45:49.467  1128  1468 I CheckinRequestProcessor: cookie is null
