06-26 20:00:08.874   416   416 E hdmicec : int hdmi_cec_device_open(const struct hw_module_t *, const char *, struct hw_device_t **) open error!
06-26 20:00:08.874   416   416 I hdmicec : int hdmi_cec_device_open(const struct hw_module_t *, const char *, struct hw_device_t **) dev->fd = -1
06-26 20:00:08.875   416   416 I hdmicec : Initializing UEVENT Thread
06-26 20:00:08.875   416   416 I hdmicec : rockchip hdmi cec modules loaded
06-26 20:00:08.875   416   416 I hdmicec : void hdmi_cec_register_event_callback(const struct hdmi_cec_device *, event_callback_t, void *)
06-26 20:00:08.875   416   544 E hdmicec : void *uevent_loop(void *):not able to open cec state node
06-26 20:00:08.876   416   416 I hdmicec : void hdmi_cec_set_option(const struct hdmi_cec_device *, int, int)
06-26 20:00:08.877   416   416 I hdmicec : void hdmi_cec_set_option(const struct hdmi_cec_device *, int, int)
06-26 20:00:08.884   416   416 I hdmicec : void hdmi_cec_clear_logical_address(const struct hdmi_cec_device *)
06-26 20:00:08.884   416   416 E hdmicec : void hdmi_cec_clear_logical_address(const struct hdmi_cec_device *) open error!
06-26 20:00:08.884   416   416 I hdmicec : void hdmi_cec_clear_logical_address(const struct hdmi_cec_device *)
06-26 20:00:08.884   416   416 E hdmicec : void hdmi_cec_clear_logical_address(const struct hdmi_cec_device *) open error!
06-26 20:00:08.885   416   543 I hdmicec : int hdmi_cec_send_message(const struct hdmi_cec_device *, const cec_message_t *)
06-26 20:00:08.885   416   543 I hdmicec : int hdmi_cec_send_message(const struct hdmi_cec_device *, const cec_message_t *)
06-26 20:00:08.885   416   543 I hdmicec : int hdmi_cec_send_message(const struct hdmi_cec_device *, const cec_message_t *)
06-26 20:00:08.885   416   416 I HdmiControlService: Device does not support MHL-control.
06-26 20:00:08.886   416   416 I hdmicec : void hdmi_cec_get_port_info(const struct hdmi_cec_device *, struct hdmi_port_info **, int *)
06-26 20:00:08.886   416   416 E hdmicec : hdmi_cec_get_port_info open HDMI_DEV_PATH error
06-26 20:00:08.886   416   416 I hdmicec : void hdmi_cec_get_port_info(const struct hdmi_cec_device *, struct hdmi_port_info **, int *) end
06-26 20:00:08.892   416   416 I SystemServiceManager: Starting com.android.server.tv.TvInputManagerService
06-26 20:00:08.900   416   416 I SystemServiceManager: Starting com.android.server.media.MediaResourceMonitorService
06-26 20:00:08.902   416   416 I SystemServer: StartMediaRouterService
06-26 20:00:08.904   416   416 I SystemServiceManager: Starting com.android.server.trust.TrustManagerService
06-26 20:00:08.906   416   416 I SystemServer: DisplayDeviceManagementService Service
06-26 20:00:08.908   416   416 D DisplayDeviceManagementService: DisplayDeviceManagementService start
06-26 20:00:08.909   416   416 I SystemServer: StartBackgroundDexOptService
06-26 20:00:08.910   416   416 I SystemServiceManager: Starting com.android.server.pm.ShortcutService$Lifecycle
06-26 20:00:08.916   416   416 I SystemServiceManager: Starting com.android.server.pm.LauncherAppsService
06-26 20:00:08.918   416   416 I SystemServiceManager: Starting com.android.server.media.projection.MediaProjectionManagerService
06-26 20:00:08.921   416   416 V MediaRouter: Adding route: RouteInfo{ name=Phone, description=null, status=null, category=RouteCategory{ name=null types=ROUTE_TYPE_LIVE_AUDIO ROUTE_TYPE_LIVE_VIDEO  groupable=false }, supportedTypes=ROUTE_TYPE_LIVE_AUDIO ROUTE_TYPE_LIVE_VIDEO , presentationDisplay=null }
06-26 20:00:08.924   416   416 V MediaRouter: Updating audio routes: AudioRoutesInfo{ type=SPEAKER }
06-26 20:00:08.926   416   416 V MediaRouter: Selecting route: RouteInfo{ name=Phone, description=null, status=null, category=RouteCategory{ name=null types=ROUTE_TYPE_LIVE_AUDIO ROUTE_TYPE_LIVE_VIDEO  groupable=false }, supportedTypes=ROUTE_TYPE_LIVE_AUDIO ROUTE_TYPE_LIVE_VIDEO , presentationDisplay=null }
06-26 20:00:08.928   416   542 I mali_so : [File] : hardware/rockchip/driver/./src/base/arch/arch_011_udd/base_arch_main.c; [Line] : 565; [Func] : deal_with_version_affairs_rk_ext;
06-26 20:00:08.928   416   542 I mali_so : arm_release_ver of this mali_so is 'r7p0-00rel1', rk_so_ver is '1@2' for 3328h_android_7.1, built at '15:47:51', on 'Jun 28 2017'.
06-26 20:00:08.928   416   542 I mali_so : [File] : hardware/rockchip/driver/./src/base/arch/arch_011_udd/base_arch_main.c; [Line] : 578; [Func] : deal_with_version_affairs_rk_ext;
06-26 20:00:08.928   416   542 I mali_so : mali_ver_property has been set to 'r7p0-00rel1-5-1@2', to return.
06-26 20:00:08.933   416   416 I SystemServiceManager: Starting com.android.server.MmsServiceBroker
06-26 20:00:08.937   416   542 D AssetAtlas: Rendered atlas in 70.64ms (0.00+70.64ms)
06-26 20:00:08.966   416   416 E LockSettingsStorage: Cannot read file java.io.FileNotFoundException: /data/system/gatekeeper.password.key: open failed: ENOENT (No such file or directory)
06-26 20:00:08.966   416   416 E LockSettingsStorage: Cannot read file java.io.FileNotFoundException: /data/system/password.key: open failed: ENOENT (No such file or directory)
06-26 20:00:08.968   416   416 E LockSettingsStorage: Cannot read file java.io.FileNotFoundException: /data/system/gatekeeper.pattern.key: open failed: ENOENT (No such file or directory)
06-26 20:00:08.968   416   416 E LockSettingsStorage: Cannot read file java.io.FileNotFoundException: /data/system/gatekeeper.gesture.key: open failed: ENOENT (No such file or directory)
06-26 20:00:08.969   416   416 E LockSettingsStorage: Cannot read file java.io.FileNotFoundException: /data/system/gesture.key: open failed: ENOENT (No such file or directory)
06-26 20:00:08.969   416   416 I SystemServiceManager: Starting phase 480
06-26 20:00:08.983   416   416 I DevicePolicyManagerService: Set ro.device_owner property to false
06-26 20:00:08.987   416   416 W ShortcutService: Clock rewound
06-26 20:00:08.987   416   416 I SystemServiceManager: Starting phase 500
06-26 20:00:08.994   416   416 D ConnectivityMetricsLoggerService: onBootPhase: PHASE_SYSTEM_SERVICES_READY
06-26 20:00:08.998   416   416 D ConnectivityService: listenForNetwork for uid/pid:1000/416 NetworkRequest [ LISTEN id=3, [] ]
06-26 20:00:09.003   416   416 I WifiService: WifiService starting up with Wi-Fi disabled
06-26 20:00:09.007   416   416 I WifiScanningService: Starting wifiscanner
06-26 20:00:09.025   416   416 I RttService: Registering rttmanager
06-26 20:00:09.030   416   416 I EthernetServiceImpl: Starting Ethernet service
06-26 20:00:09.032   416   416 D EthernetNetworkFactory: EthernetNetworkFactory start eth\d
06-26 20:00:09.033   416   416 D Ethernet: Registering NetworkFactory
06-26 20:00:09.033   416   532 D ConnectivityService: Got NetworkFactory Messenger for Ethernet
06-26 20:00:09.033   416   532 D ConnectivityService: NetworkFactory connected
06-26 20:00:09.034   416   551 D Ethernet: got request NetworkRequest [ REQUEST id=1, [ Capabilities: INTERNET&NOT_RESTRICTED&TRUSTED&NOT_VPN] ] with score 0
06-26 20:00:09.036   416   416 D EthernetNetworkFactory: Started tracking interface eth0
06-26 20:00:09.036   416   416 D EthernetNetworkFactory: setInterfaceUp: eth0
06-26 20:00:09.039   204   476 D CommandListener: Setting iface cfg
06-26 20:00:09.039   204   476 D CommandListener: Trying to bring up eth0
06-26 20:00:09.076   192   192 I audioserver: type=1400 audit(0.0:36): avc: denied { read } for scontext=u:r:audioserver:s0 tcontext=u:r:audioserver:s0 tclass=netlink_kobject_uevent_socket permissive=1
06-26 20:00:09.118   416   416 I PppoeServiceImpl: Starting Pppoe service
06-26 20:00:09.120   416   416 D ZenLog  : config: cleanUpZenRules,ZenModeConfig[user=0,allowCalls=true,allowRepeatCallers=false,allowMessages=false,allowCallsFrom=contacts,allowMessagesFrom=contacts,allowReminders=true,allowEvents=true,allowWhenScreenOff=true,allowWhenScreenOn=true,automaticRules={25a6dd96a24b4df6bd3088c7e3097477=ZenRule[enabled=false,snoozing=false,name=Weekend,zenMode=ZEN_MODE_ALARMS,conditionId=condition://android/schedule?days=6.7&start=23.30&end=10.0&exitAtAlarm=false,condition=Condition[id=condition://android/schedule?days=6.7&start=23.30&end=10.0&exitAtAlarm=false,summary=...,line1=...,line2=...,icon=0,state=STATE_FALSE,flags=2],component=ComponentInfo{android/com.android.server.notification.ScheduleConditionProvider},id=25a6dd96a24b4df6bd3088c7e3097477,creationTime=171343,enabler=null], a39688c18c6949eb93d2d819ff254056=ZenRule[enabled=false,snoozing=false,name=Weeknight,zenMode=ZEN_MODE_ALARMS,conditionId=condition://android/schedule?days=1.2.3.4.5&start=22.0&end=7.0&exitAtAlarm=false,condition=Condition[id=condition://android/schedule?days=1.2.3.4.5&start=22.0&end=7.0&exitAtAlarm=false,summary=...,line1=...,line2=...,icon=0,state=STATE_FALSE,flags=2],component=ComponentInfo{android/com.android.server.notification.ScheduleConditionProvider},id=a39688c18c6949eb93d2d819ff254056,creationTime=171343,enabler=null], 5d561a952c594803b5e4af64eefc6361=ZenRule[enabled=false,snoozing=false,name=Event,zenMode=ZEN_MODE_ALARMS,conditionId=condition://android/event?userId=-10000&calendar=&reply=1,condition=Condition[id=condition://android/event?userId=-10000&calendar=&reply=1,summary=...,line1=...,line2=...,icon=0,state=STATE_FALSE,flags=2],component=ComponentInfo{android/com.android.server.notification.EventConditionProvider},id=5d561a952c594803b5e4af64eefc6361,creationTime=171344,enabler=null]},manualRule=null],Diff[]
06-26 20:00:09.121   416   416 D ZenLog  : set_zen_mode: off,onSystemReady
06-26 20:00:09.123   192   245 D PermissionCache: checking android.permission.CAPTURE_AUDIO_HOTWORD for uid=1000 => granted (171 us)
06-26 20:00:09.124   416   416 W SoundTriggerHelper: listModules status=0, # of modules=0
06-26 20:00:09.124   416   416 D ContextHubSystemService: onBootPhase: PHASE_SYSTEM_SERVICES_READY
06-26 20:00:09.154   416   416 V UserManagerService: Found /data/user_de/0 with serial number 0
06-26 20:00:09.154   416   416 V UserManagerService: Found /data/user/0 with serial number 0
06-26 20:00:09.155   416   488 W KeyguardServiceDelegate: onScreenTurningOn(): no keyguard service!
06-26 20:00:09.155   416   416 V UserManagerService: Found /data/system_de/0 with serial number 0
06-26 20:00:09.155   416   416 V UserManagerService: Found /data/system_ce/0 with serial number 0
06-26 20:00:09.197   416   416 D ActivityManager: OK, system ready!
06-26 20:00:09.198   416   416 I ActivityManager: System now ready
06-26 20:00:09.203   416   479 I SystemServer: Making services ready
06-26 20:00:09.203   416   479 I SystemServiceManager: Starting phase 550
06-26 20:00:09.207   416   479 W ActivityManager: Unable to start service Intent { act=com.android.ITelecomService cmp=com.android.server.telecom/.components.TelecomService } U=0: not found
06-26 20:00:09.208   416   416 W VoiceInteractionManagerService: no available voice interaction services found for user 0
06-26 20:00:09.209   416   416 W VoiceInteractionManagerService: no available voice recognition services found for user 0
06-26 20:00:09.213   416   416 I Zygote  : Process: zygote socket opened, supported ABIS: arm64-v8a
06-26 20:00:09.224   416   416 I ActivityManager: Start proc 619:com.android.systemui/u0a19 for added application com.android.systemui
06-26 20:00:09.225   416   416 I ActivityManager: START u0 {act=android.intent.action.MAIN cat=[android.intent.category.HOME] flg=0x10000100 cmp=com.android.tv.settings/.system.FallbackHome} from uid 0 on display 0
06-26 20:00:09.227   416   416 W System  : ClassLoader referenced unknown path: 
06-26 20:00:09.229   416   416 D ApplicationLoaders: ignored Vulkan layer search path /system/priv-app/TvSettings/lib/arm64:/system/priv-app/TvSettings/TvSettings.apk!/lib/arm64-v8a:/system/lib64:/vendor/lib64 for namespace 0x74df0b6160
06-26 20:00:09.236   416   416 I ActivityManager: Loaded persisted task ids for user 0
06-26 20:00:09.254   416   416 I ActivityManager: Start proc 633:com.android.tv.settings/1000 for activity com.android.tv.settings/.system.FallbackHome
06-26 20:00:09.258   416   416 I SystemServer: Enabled StrictMode for system server main thread.
06-26 20:00:09.263   416   416 D ConditionProviders.SCP: onConnected
06-26 20:00:09.263   416   416 D ZenLog  : set_zen_mode: off,readXml
06-26 20:00:09.264   416   416 D ConditionProviders: Subscribing to condition://android/schedule?days=6.7&start=23.30&end=10.0&exitAtAlarm=false with ComponentInfo{android/com.android.server.notification.ScheduleConditionProvider}
06-26 20:00:09.264   416   416 D ZenLog  : subscribe: condition://android/schedule?days=6.7&start=23.30&end=10.0&exitAtAlarm=false,ok
06-26 20:00:09.265   416   416 D ConditionProviders: Subscribing to condition://android/schedule?days=1.2.3.4.5&start=22.0&end=7.0&exitAtAlarm=false with ComponentInfo{android/com.android.server.notification.ScheduleConditionProvider}
06-26 20:00:09.265   416   416 D ZenLog  : subscribe: condition://android/schedule?days=1.2.3.4.5&start=22.0&end=7.0&exitAtAlarm=false,ok
06-26 20:00:09.265   416   416 D ConditionProviders: Subscribing to condition://android/event?userId=-10000&calendar=&reply=1 with ComponentInfo{android/com.android.server.notification.EventConditionProvider}
06-26 20:00:09.265   416   416 D ZenLog  : subscribe: condition://android/event?userId=-10000&calendar=&reply=1,ok
06-26 20:00:09.273   416   479 E InputMethodManagerService: Ignoring updateSystemUiLocked due to an invalid token. uid:1000 token:null
06-26 20:00:09.273   416   479 I InputMethodManagerService: All the enabled IMEs are gone. Reset default enabled IMEs.
06-26 20:00:09.273   416   479 W InputMethodUtils: Found no fallback locale. imis=[]
06-26 20:00:09.273   416   479 W InputMethodUtils: No software keyboard is found. imis=[] systemLocale=en_US fallbackLocale=null
06-26 20:00:09.274   416   514 D MountService: Thinking about init, mSystemReady=true, mDaemonConnected=true
06-26 20:00:09.274   416   514 D MountService: Setting up emulation state, initlocked=false
06-26 20:00:09.274   416   514 D CryptdConnector: SND -> {2 cryptfs unlock_user_key 0 0 ! !}
06-26 20:00:09.275   416   479 W TextServicesManagerService: no available spell checker services found
06-26 20:00:09.276   155   170 D vold    : e4crypt_unlock_user_key 0 serial=0 token_present=0
06-26 20:00:09.276   416   516 D CryptdConnector: RCV <- {200 2 Command succeeded}
06-26 20:00:09.277   192   541 D AudioHardwareTiny: adev_set_parameters: kvpairs = A2dpSuspended=false
06-26 20:00:09.277   416   514 D MountService: Thinking about reset, mSystemReady=true, mDaemonConnected=true
06-26 20:00:09.278   416   539 E BluetoothAdapter: Bluetooth binder is null
06-26 20:00:09.278   416   514 D VoldConnector: SND -> {4 volume reset}
06-26 20:00:09.279   416   515 D VoldConnector: RCV <- {651 emulated 7}
06-26 20:00:09.279   416   479 D UsbAlsaManager: Adding ALSA device AlsaDevice: [card: 2, device: 0, type: 1]
06-26 20:00:09.279   416   515 D VoldConnector: RCV <- {659 emulated}
06-26 20:00:09.279   416   479 D UsbAlsaManager: Adding ALSA device AlsaDevice: [card: 0, device: 0, type: 1]
06-26 20:00:09.279   416   479 D UsbAlsaManager: Adding ALSA device AlsaDevice: [card: 1, device: 0, type: 1]
06-26 20:00:09.280   416   515 D VoldConnector: RCV <- {650 emulated 2 "" ""}
06-26 20:00:09.280   416   515 D VoldConnector: RCV <- {651 emulated 0}
06-26 20:00:09.281   416   479 W MountService: No primary storage defined yet; hacking together a stub
06-26 20:00:09.281   416   515 D VoldConnector: RCV <- {651 public:8,1 7}
06-26 20:00:09.281   416   515 D VoldConnector: RCV <- {659 public:8,1}
06-26 20:00:09.281   416   515 D VoldConnector: RCV <- {649 disk:8,0}
06-26 20:00:09.282   416   515 D VoldConnector: RCV <- {640 disk:8,0 8}
06-26 20:00:09.283   155   169 V vold    : /system/bin/sgdisk
06-26 20:00:09.283   155   169 V vold    :     --android-dump
06-26 20:00:09.283   155   169 V vold    :     /dev/block/vold/disk:8,0
06-26 20:00:09.285   416   484 V MountService: Found primary storage at VolumeInfo{emulated}:
06-26 20:00:09.285   416   484 V MountService:     type=EMULATED diskId=null partGuid=null mountFlags=0 mountUserId=-1 
06-26 20:00:09.285   416   484 V MountService:     state=UNMOUNTED 
06-26 20:00:09.285   416   484 V MountService:     fsType=null fsUuid=null fsLabel=null 
06-26 20:00:09.285   416   484 V MountService:     path=null internalPath=null 
06-26 20:00:09.286   416   515 D VoldConnector: RCV <- {641 disk:8,0 500867006464}
06-26 20:00:09.287   416   515 D VoldConnector: RCV <- {642 disk:8,0 Generic 
06-26 20:00:09.287   416   515 D VoldConnector: }
06-26 20:00:09.288   416   515 D VoldConnector: RCV <- {644 disk:8,0 /sys//devices/usb.25/ff600000.dwc3/xhci-hcd.0.auto/usb1/1-1/1-1:1.0/host0/target0:0:0/0:0:0:0/block/sda}
06-26 20:00:09.288   416   479 I SystemServer: WebViewFactory preparation
06-26 20:00:09.296   416   416 I hdmicec : int hdmi_cec_get_physical_address(const struct hdmi_cec_device *, uint16_t *)
06-26 20:00:09.296   416   416 I hdmicec : int hdmi_cec_get_physical_address(const struct hdmi_cec_device *, uint16_t *)
06-26 20:00:09.296   416   416 I hdmicec : void hdmi_cec_get_vendor_id(const struct hdmi_cec_device *, uint32_t *)
06-26 20:00:09.296   416   416 I hdmicec : int hdmi_cec_add_logical_address(const struct hdmi_cec_device *, cec_logical_address_t)
06-26 20:00:09.296   416   416 I hdmicec : int hdmi_cec_get_physical_address(const struct hdmi_cec_device *, uint16_t *)
06-26 20:00:09.298   416   539 E BluetoothAdapter: Bluetooth binder is null
06-26 20:00:09.302   192   245 I AudioFlinger: systemReady
06-26 20:00:09.302   416   416 I hdmicec : void hdmi_cec_get_vendor_id(const struct hdmi_cec_device *, uint32_t *)
06-26 20:00:09.303   416   543 I hdmicec : int hdmi_cec_send_message(const struct hdmi_cec_device *, const cec_message_t *)
06-26 20:00:09.304   416   543 I hdmicec : int hdmi_cec_send_message(const struct hdmi_cec_device *, const cec_message_t *)
06-26 20:00:09.304   416   543 W HdmiCecController: Failed to send <Report Physical Address> src: 4, dst: 15, params: FF FF 04
06-26 20:00:09.306   416   543 I hdmicec : int hdmi_cec_send_message(const struct hdmi_cec_device *, const cec_message_t *)
06-26 20:00:09.306   416   543 I hdmicec : int hdmi_cec_send_message(const struct hdmi_cec_device *, const cec_message_t *)
06-26 20:00:09.307   416   543 W HdmiCecController: Failed to send <Device Vendor Id> src: 4, dst: 15, params: 00 00 01
06-26 20:00:09.314   155   169 V vold    : DISK mbr
06-26 20:00:09.314   155   169 V vold    : 
06-26 20:00:09.314   155   169 V vold    : PART 1 83
06-26 20:00:09.314   155   169 V vold    : 
06-26 20:00:09.315   155   169 I vold    : type =83
06-26 20:00:09.316   416   655 D UsbHostManager: Added device UsbDevice[mName=/dev/bus/usb/001/002,mVendorId=1507,mProductId=1846,mClass=0,mSubclass=0,mProtocol=0,mManufacturerName=Generic,mProductName=USB Storage,mVersion=2.0,mSerialNumber=000000000272,mConfigurations=[
06-26 20:00:09.316   416   655 D UsbHostManager: UsbConfiguration[mId=1,mName=null,mAttributes=128,mMaxPower=49,mInterfaces=[
06-26 20:00:09.316   416   655 D UsbHostManager: UsbInterface[mId=0,mAlternateSetting=0,mName=null,mClass=8,mSubclass=6,mProtocol=80,mEndpoints=[
06-26 20:00:09.316   416   655 D UsbHostManager: UsbEndpoint[mAddress=129,mAttributes=2,mMaxPacketSize=512,mInterval=0]
06-26 20:00:09.316   416   655 D UsbHostManager: UsbEndpoint[mAddress=2,mAttributes=2,mMaxPacketSize=512,mInterval=0]]]]
06-26 20:00:09.316   416   515 D VoldConnector: RCV <- {650 public:8,1 0 "disk:8,0" ""}
06-26 20:00:09.317   416   655 W ContextImpl: Calling a method in the system process without a qualified user: android.app.ContextImpl.sendBroadcast:877 com.android.server.usb.UsbSettingsManager.deviceAttached:739 com.android.server.usb.UsbHostManager.endUsbDeviceAdded:225 com.android.server.usb.UsbHostManager.monitorUsbHostBus:-2 com.android.server.usb.UsbHostManager.-wrap0:-1 
06-26 20:00:09.317   416   515 D VoldConnector: RCV <- {651 public:8,1 0}
06-26 20:00:09.317   416   484 D xzj     : -----for all public volume is visible-----
06-26 20:00:09.318   416   515 D VoldConnector: RCV <- {643 disk:8,0}
06-26 20:00:09.318   416   515 D VoldConnector: RCV <- {200 4 Command succeeded}
06-26 20:00:09.319   416   514 D VoldConnector: SND -> {5 volume user_added 0 0}
06-26 20:00:09.320   416   515 D VoldConnector: RCV <- {200 5 Command succeeded}
06-26 20:00:09.321   416   514 D VoldConnector: SND -> {6 volume mount emulated 3 -1}
06-26 20:00:09.323   416   515 D VoldConnector: RCV <- {651 emulated 1}
06-26 20:00:09.323   155   169 V vold    : Waiting for FUSE to spin up...
06-26 20:00:09.325   416   479 D WebViewFactory: Setting new address space to 123264240
06-26 20:00:09.325   416   515 D VoldConnector: RCV <- {656 emulated /data/media}
06-26 20:00:09.326   416   515 D VoldConnector: RCV <- {655 emulated /storage/emulated}
06-26 20:00:09.332   416   655 D UsbHostManager: Added device UsbDevice[mName=/dev/bus/usb/005/002,mVendorId=4951,mProductId=4096,mClass=0,mSubclass=0,mProtocol=0,mManufacturerName=HL 0000 00 00 00 01,mProductName=Smart Control,mVersion=1.16,mSerialNumber=null,mConfigurations=[
06-26 20:00:09.332   416   655 D UsbHostManager: UsbConfiguration[mId=1,mName=null,mAttributes=160,mMaxPower=100,mInterfaces=[
06-26 20:00:09.332   416   655 D UsbHostManager: UsbInterface[mId=0,mAlternateSetting=0,mName=null,mClass=3,mSubclass=0,mProtocol=1,mEndpoints=[
06-26 20:00:09.332   416   655 D UsbHostManager: UsbEndpoint[mAddress=129,mAttributes=3,mMaxPacketSize=32,mInterval=8]]
06-26 20:00:09.332   416   655 D UsbHostManager: UsbInterface[mId=1,mAlternateSetting=0,mName=null,mClass=3,mSubclass=0,mProtocol=2,mEndpoints=[
06-26 20:00:09.332   416   655 D UsbHostManager: UsbEndpoint[mAddress=130,mAttributes=3,mMaxPacketSize=32,mInterval=8]]
06-26 20:00:09.332   416   655 D UsbHostManager: UsbInterface[mId=2,mAlternateSetting=0,mName=null,mClass=3,mSubclass=0,mProtocol=0,mEndpoints=[
06-26 20:00:09.332   416   655 D UsbHostManager: UsbEndpoint[mAddress=131,mAttributes=3,mMaxPacketSize=32,mInterval=8]]]]
06-26 20:00:09.332   416   655 W ContextImpl: Calling a method in the system process without a qualified user: android.app.ContextImpl.sendBroadcast:877 com.android.server.usb.UsbSettingsManager.deviceAttached:739 com.android.server.usb.UsbHostManager.endUsbDeviceAdded:225 com.android.server.usb.UsbHostManager.monitorUsbHostBus:-2 com.android.server.usb.UsbHostManager.-wrap0:-1 
06-26 20:00:09.374   155   169 V vold    : Waiting for FUSE to spin up...
06-26 20:00:09.420   633   633 I art     : Starting a blocking GC AddRemoveAppImageSpace
06-26 20:00:09.424   155   169 V vold    : Waiting for FUSE to spin up...
06-26 20:00:09.428   416   661 E WVMExtractor: Failed to open libwvm.so: dlopen failed: library "libwvm.so" not found
06-26 20:00:09.445   416   661 I MediaCodec: callingProcessName:system_server
06-26 20:00:09.446   203   203 I MediaPlayerService: MediaPlayerService::getOMX
06-26 20:00:09.450   657   657 W sdcard  : Device explicitly disabled sdcardfs
06-26 20:00:09.458   203   203 I libstagefrighthw: OMX IL core libOMX_Core.so: declares component OMX.rk.video_decoder.avc
06-26 20:00:09.459   203   203 I libstagefrighthw: OMX IL core libOMX_Core.so: declares component OMX.rk.video_decoder.m4v
06-26 20:00:09.459   203   203 I libstagefrighthw: OMX IL core libOMX_Core.so: declares component OMX.rk.video_decoder.h263
06-26 20:00:09.459   203   203 I libstagefrighthw: OMX IL core libOMX_Core.so: declares component OMX.rk.video_decoder.flv1
06-26 20:00:09.459   203   203 I libstagefrighthw: OMX IL core libOMX_Core.so: declares component OMX.rk.video_decoder.m2v
06-26 20:00:09.459   203   203 I libstagefrighthw: OMX IL core libOMX_Core.so: declares component OMX.rk.video_decoder.rv
06-26 20:00:09.459   203   203 I libstagefrighthw: OMX IL core libOMX_Core.so: declares component OMX.rk.video_decoder.vp8
06-26 20:00:09.459   203   203 I libstagefrighthw: OMX IL core libOMX_Core.so: declares component OMX.rk.video_decoder.vc1
06-26 20:00:09.459   203   203 I libstagefrighthw: OMX IL core libOMX_Core.so: declares component OMX.rk.video_decoder.wmv3
06-26 20:00:09.459   203   203 I libstagefrighthw: OMX IL core libOMX_Core.so: declares component OMX.rk.video_decoder.vp6
06-26 20:00:09.459   203   203 I libstagefrighthw: OMX IL core libOMX_Core.so: declares component OMX.rk.video_decoder.hevc
06-26 20:00:09.459   203   203 I libstagefrighthw: OMX IL core libOMX_Core.so: declares component OMX.rk.video_decoder.mjpeg
06-26 20:00:09.459   203   203 I libstagefrighthw: OMX IL core libOMX_Core.so: declares component OMX.rk.video_decoder.avc.secure
06-26 20:00:09.459   203   203 I libstagefrighthw: OMX IL core libOMX_Core.so: declares component OMX.rk.video_decoder.vp9
06-26 20:00:09.459   203   203 I libstagefrighthw: OMX IL core libOMX_Core.so: declares component OMX.rk.video_encoder.avc
06-26 20:00:09.459   203   203 I libstagefrighthw: OMX IL core libOMX_Core.so: declares component OMX.rk.video_encoder.vp8
06-26 20:00:09.459   203   203 I libstagefrighthw: OMX IL core libOMX_Core.so: declares component OMX.rk.video_encoder.hevc
06-26 20:00:09.459   203   203 I libstagefrighthw: OMX IL core libOMX_Core.so: contains 17 components
06-26 20:00:09.467   200   200 I vpu_api : dlopen vpu lib success
06-26 20:00:09.469   200   200 I libstagefrighthw: OMX IL core libOMX_Core.so: declares component OMX.rk.video_decoder.avc
06-26 20:00:09.469   200   200 I libstagefrighthw: OMX IL core libOMX_Core.so: declares component OMX.rk.video_decoder.m4v
06-26 20:00:09.470   200   200 I libstagefrighthw: OMX IL core libOMX_Core.so: declares component OMX.rk.video_decoder.h263
06-26 20:00:09.470   200   200 I libstagefrighthw: OMX IL core libOMX_Core.so: declares component OMX.rk.video_decoder.flv1
06-26 20:00:09.470   200   200 I libstagefrighthw: OMX IL core libOMX_Core.so: declares component OMX.rk.video_decoder.m2v
06-26 20:00:09.470   200   200 I libstagefrighthw: OMX IL core libOMX_Core.so: declares component OMX.rk.video_decoder.rv
06-26 20:00:09.470   200   200 I libstagefrighthw: OMX IL core libOMX_Core.so: declares component OMX.rk.video_decoder.vp8
06-26 20:00:09.470   200   200 I libstagefrighthw: OMX IL core libOMX_Core.so: declares component OMX.rk.video_decoder.vc1
06-26 20:00:09.470   200   200 I libstagefrighthw: OMX IL core libOMX_Core.so: declares component OMX.rk.video_decoder.wmv3
06-26 20:00:09.470   200   200 I libstagefrighthw: OMX IL core libOMX_Core.so: declares component OMX.rk.video_decoder.vp6
06-26 20:00:09.470   200   200 I libstagefrighthw: OMX IL core libOMX_Core.so: declares component OMX.rk.video_decoder.hevc
06-26 20:00:09.470   200   200 I libstagefrighthw: OMX IL core libOMX_Core.so: declares component OMX.rk.video_decoder.mjpeg
06-26 20:00:09.470   200   200 I libstagefrighthw: OMX IL core libOMX_Core.so: declares component OMX.rk.video_decoder.avc.secure
06-26 20:00:09.470   200   200 I libstagefrighthw: OMX IL core libOMX_Core.so: declares component OMX.rk.video_decoder.vp9
06-26 20:00:09.470   200   200 I libstagefrighthw: OMX IL core libOMX_Core.so: declares component OMX.rk.video_encoder.avc
06-26 20:00:09.470   200   200 I libstagefrighthw: OMX IL core libOMX_Core.so: declares component OMX.rk.video_encoder.vp8
06-26 20:00:09.470   200   200 I libstagefrighthw: OMX IL core libOMX_Core.so: declares component OMX.rk.video_encoder.hevc
06-26 20:00:09.470   200   200 I libstagefrighthw: OMX IL core libOMX_Core.so: contains 17 components
06-26 20:00:09.470   203   203 I OMXClient: MuxOMX ctor
06-26 20:00:09.473   203   203 I MediaPlayerService: MediaPlayerService::getOMX
06-26 20:00:09.473   203   203 I OMXClient: MuxOMX ctor
06-26 20:00:09.474   200   200 I OMXMaster: makeComponentInstance(OMX.google.mp3.decoder) in mediacodec process
06-26 20:00:09.475   416   515 D VoldConnector: RCV <- {651 emulated 2}
06-26 20:00:09.476   416   515 D VoldConnector: RCV <- {200 6 Command succeeded}
06-26 20:00:09.477   416   514 D VoldConnector: SND -> {7 volume mount public:8,1 2 0}
06-26 20:00:09.478   155   169 V vold    : /system/bin/blkid
06-26 20:00:09.478   155   169 V vold    :     -c
06-26 20:00:09.478   155   169 V vold    :     /dev/null
06-26 20:00:09.478   155   169 V vold    :     -s
06-26 20:00:09.478   155   169 V vold    :     TYPE
06-26 20:00:09.478   155   169 V vold    :     -s
06-26 20:00:09.478   155   169 V vold    :     UUID
06-26 20:00:09.478   155   169 V vold    :     -s
06-26 20:00:09.478   155   169 V vold    :     LABEL
06-26 20:00:09.478   155   169 V vold    :     /dev/block/vold/public:8,1
06-26 20:00:09.478   416   515 D VoldConnector: RCV <- {651 public:8,1 1}
06-26 20:00:09.483   416   416 D RttService: SCAN_AVAILABLE : 1
06-26 20:00:09.483   416   530 I WifiScanningService: wifi driver unloaded
06-26 20:00:09.484   416   416 D ZenLog  : set_zen_mode: off,cleanUpZenRules
06-26 20:00:09.485   416   531 D RttService: DefaultState got{ when=0 what=160513 target=com.android.internal.util.StateMachine$SmHandler }
06-26 20:00:09.490   416   416 I hdmicec : int hdmi_cec_is_connected(const struct hdmi_cec_device *, int)
06-26 20:00:09.503   416   479 I Zygote  : Process: zygote socket opened, supported ABIS: armeabi-v7a,armeabi
06-26 20:00:09.504   151   407 I art     : Starting a blocking GC HeapTrim
06-26 20:00:09.507   416   416 I art     : Thread[1,tid=416,Native,Thread*=0x74db23fa00,peer=0x75dad000,"main"] recursive attempt to load library "/system/lib64/libmedia_jni.so"
06-26 20:00:09.507   151   151 I art     : Starting a blocking GC Background
06-26 20:00:09.508   416   416 D MtpDeviceJNI: register_android_mtp_MtpDevice
06-26 20:00:09.509   416   416 I art     : Thread[1,tid=416,Native,Thread*=0x74db23fa00,peer=0x75dad000,"main"] recursive attempt to load library "/system/lib64/libmedia_jni.so"
06-26 20:00:09.511   416   416 I art     : Thread[1,tid=416,Native,Thread*=0x74db23fa00,peer=0x75dad000,"main"] recursive attempt to load library "/system/lib64/libmedia_jni.so"
06-26 20:00:09.523   203   203 I Binder:203_1: type=1400 audit(0.0:37): avc: denied { search } for name="416" dev="proc" ino=9126 scontext=u:r:mediaserver:s0 tcontext=u:r:system_server:s0 tclass=dir permissive=1
06-26 20:00:09.523   203   203 I Binder:203_1: type=1400 audit(0.0:38): avc: denied { read } for name="cmdline" dev="proc" ino=6909 scontext=u:r:mediaserver:s0 tcontext=u:r:system_server:s0 tclass=file permissive=1
06-26 20:00:09.523   203   203 I Binder:203_1: type=1400 audit(0.0:39): avc: denied { open } for path="/proc/416/cmdline" dev="proc" ino=6909 scontext=u:r:mediaserver:s0 tcontext=u:r:system_server:s0 tclass=file permissive=1
06-26 20:00:09.525   203   267 I MediaPlayerService: processName cmdline:/proc/416/cmdline
06-26 20:00:09.526   155   169 V vold    : /dev/block/vold/public:8,1: LABEL="512Gb ext4" UUID="e14e8b4a-c6c3-4546-b069-dfbdf64d0b66" TYPE="ext4" 
06-26 20:00:09.526   155   169 V vold    : 
06-26 20:00:09.527   416   515 D VoldConnector: RCV <- {652 public:8,1 ext4}
06-26 20:00:09.527   416   515 D VoldConnector: RCV <- {653 public:8,1 e14e8b4a-c6c3-4546-b069-dfbdf64d0b66}
06-26 20:00:09.528   416   515 D VoldConnector: RCV <- {654 public:8,1 512Gb ext4}
06-26 20:00:09.528   416   515 D VoldConnector: RCV <- {656 public:8,1 /mnt/media_rw/e14e8b4a-c6c3-4546-b069-dfbdf64d0b66}
06-26 20:00:09.529   416   515 D VoldConnector: RCV <- {655 public:8,1 /storage/e14e8b4a-c6c3-4546-b069-dfbdf64d0b66}
06-26 20:00:09.533   203   675 E WVMExtractor: Failed to open libwvm.so: dlopen failed: library "libwvm.so" not found
06-26 20:00:09.544   203   674 D NuPlayerDriver: notifyListener_l(0xf0820a80), (1, 0, 0), loop setting(0, 0)
06-26 20:00:09.545   416   416 D MediaPlayer: setSubtitleAnchor in MediaPlayer
06-26 20:00:09.552   416   416 D Ringtone: Successfully created local player
06-26 20:00:09.552   203   267 D NuPlayerDriver: reset(0xf0820a80) at state 4
06-26 20:00:09.552   203   267 D NuPlayerDriver: notifyListener_l(0xf0820a80), (8, 0, 0), loop setting(0, 0)
06-26 20:00:09.553   203   674 D NuPlayerDriver: notifyResetComplete(0xf0820a80)
06-26 20:00:09.555   203   672 D NuPlayerDriver: reset(0xf0820a80) at state 0
06-26 20:00:09.559   203   203 I MediaPlayerService: MediaPlayerService::getOMX
06-26 20:00:09.561   203   203 I OMXClient: MuxOMX ctor
06-26 20:00:09.561   200   679 I OMXMaster: makeComponentInstance(OMX.google.amrnb.decoder) in mediacodec process
06-26 20:00:09.564   203   673 I MediaPlayerService: processName cmdline:/proc/416/cmdline
06-26 20:00:09.575   416   479 W ActivityManager: Slow operation: 83ms so far, now at startProcess: returned from zygote!
06-26 20:00:09.575   416   479 W ActivityManager: Slow operation: 83ms so far, now at startProcess: done updating battery stats
06-26 20:00:09.576   416   479 W ActivityManager: Slow operation: 83ms so far, now at startProcess: building log message
06-26 20:00:09.576   416   479 I ActivityManager: Start proc 686:WebViewLoader-armeabi-v7a/1037 [android.webkit.WebViewFactory$RelroFileCreator] for 
06-26 20:00:09.576   416   479 W ActivityManager: Slow operation: 83ms so far, now at startProcess: starting to update pids map
06-26 20:00:09.576   416   479 W ActivityManager: Slow operation: 83ms so far, now at startProcess: done updating pids map
06-26 20:00:09.576   416   479 W ActivityManager: Slow operation: 84ms so far, now at startProcess: done starting proc!
06-26 20:00:09.577   203   203 I MediaPlayerService: MediaPlayerService::getOMX
06-26 20:00:09.578   203   203 I OMXClient: MuxOMX ctor
06-26 20:00:09.578   200   679 I OMXMaster: makeComponentInstance(OMX.google.amrwb.decoder) in mediacodec process
06-26 20:00:09.581   203   680 D NuPlayerDriver: notifyListener_l(0xf0820a80), (1, 0, 0), loop setting(0, 0)
06-26 20:00:09.581   416   416 D MediaPlayer: setSubtitleAnchor in MediaPlayer
06-26 20:00:09.583   203   203 I MediaPlayerService: MediaPlayerService::getOMX
06-26 20:00:09.584   416   416 D Ringtone: Successfully created local player
06-26 20:00:09.584   203   203 I OMXClient: MuxOMX ctor
06-26 20:00:09.584   200   679 I OMXMaster: makeComponentInstance(OMX.google.aac.decoder) in mediacodec process
06-26 20:00:09.586   203   673 D NuPlayerDriver: start(0xf0820a80), state is 4, eos is 0
06-26 20:00:09.586   203   680 I GenericSource: start
06-26 20:00:09.587   416   479 I ActivityManager: Start proc 695:WebViewLoader-arm64-v8a/1037 [android.webkit.WebViewFactory$RelroFileCreator] for 
06-26 20:00:09.589   416   479 D NetworkManagement: enabling bandwidth control
06-26 20:00:09.593   619   619 V SystemUIService: Starting SystemUI services for user 0.
06-26 20:00:09.602   203   203 I MediaPlayerService: MediaPlayerService::getOMX
06-26 20:00:09.602   416   416 D ConditionProviders.SCP: onSubscribe condition://android/schedule?days=6.7&start=23.30&end=10.0&exitAtAlarm=false
06-26 20:00:09.603   203   203 I OMXClient: MuxOMX ctor
06-26 20:00:09.603   200   224 I OMXMaster: makeComponentInstance(OMX.google.g711.alaw.decoder) in mediacodec process
06-26 20:00:09.604   416   416 D ConditionProviders.SCP: setRegistered true
06-26 20:00:09.606   203   203 I NPDecoder: type=1400 audit(0.0:40): avc: denied { search } for name="416" dev="proc" ino=9126 scontext=u:r:mediaserver:s0 tcontext=u:r:system_server:s0 tclass=dir permissive=1
06-26 20:00:09.606   203   203 I NPDecoder: type=1400 audit(0.0:41): avc: denied { read } for name="cmdline" dev="proc" ino=6909 scontext=u:r:mediaserver:s0 tcontext=u:r:system_server:s0 tclass=file permissive=1
06-26 20:00:09.606   203   203 I NPDecoder: type=1400 audit(0.0:42): avc: denied { open } for path="/proc/416/cmdline" dev="proc" ino=6909 scontext=u:r:mediaserver:s0 tcontext=u:r:system_server:s0 tclass=file permissive=1
06-26 20:00:09.606   416   416 D ConditionProviders.SCP: notifyCondition condition://android/schedule?days=6.7&start=23.30&end=10.0&exitAtAlarm=false STATE_FALSE reason=!meetsSchedule
06-26 20:00:09.608   686   686 V WebViewFactory: RelroFileCreator (64bit = false),  32-bit lib: /data/app/com.android.chrome-1/base.apk!/lib/armeabi-v7a/libmonochrome_base.so, 64-bit lib: /data/app/com.android.chrome-1/base.apk!/lib/arm64-v8a/libmonochrome_base.so
06-26 20:00:09.610   203   723 I MediaCodec: callingProcessName:system_server
06-26 20:00:09.615   695   695 V WebViewFactory: RelroFileCreator (64bit = true),  32-bit lib: /data/app/com.android.chrome-1/base.apk!/lib/armeabi-v7a/libmonochrome_base.so, 64-bit lib: /data/app/com.android.chrome-1/base.apk!/lib/arm64-v8a/libmonochrome_base.so
06-26 20:00:09.615   619   619 D lvjinhua:  Failed while trying resolve alarm filter file, not exists
06-26 20:00:09.627   633   633 I [Gralloc]:  ion device open success! fd = 44
06-26 20:00:09.658   619   619 V MediaRouter: Adding route: RouteInfo{ name=Phone, description=null, status=null, category=RouteCategory{ name=null types=ROUTE_TYPE_LIVE_AUDIO ROUTE_TYPE_LIVE_VIDEO  groupable=false }, supportedTypes=ROUTE_TYPE_LIVE_AUDIO ROUTE_TYPE_LIVE_VIDEO , presentationDisplay=null }
06-26 20:00:09.664   633   725 I mali_so : [File] : hardware/rockchip/driver/./src/base/arch/arch_011_udd/base_arch_main.c; [Line] : 565; [Func] : deal_with_version_affairs_rk_ext;
06-26 20:00:09.664   633   725 I mali_so : arm_release_ver of this mali_so is 'r7p0-00rel1', rk_so_ver is '1@2' for 3328h_android_7.1, built at '15:47:51', on 'Jun 28 2017'.
06-26 20:00:09.664   633   725 I mali_so : [File] : hardware/rockchip/driver/./src/base/arch/arch_011_udd/base_arch_main.c; [Line] : 578; [Func] : deal_with_version_affairs_rk_ext;
06-26 20:00:09.664   633   725 I mali_so : mali_ver_property has been set to 'r7p0-00rel1-5-1@2', to return.
06-26 20:00:09.665   619   619 V MediaRouter: Updating audio routes: AudioRoutesInfo{ type=SPEAKER }
06-26 20:00:09.672   633   725 I OpenGLRenderer: Initialized EGL, version 1.4
06-26 20:00:09.672   633   725 D OpenGLRenderer: Swap behavior 1
06-26 20:00:09.675   619   619 V MediaRouter: Selecting route: RouteInfo{ name=Phone, description=null, status=null, category=RouteCategory{ name=null types=ROUTE_TYPE_LIVE_AUDIO ROUTE_TYPE_LIVE_VIDEO  groupable=false }, supportedTypes=ROUTE_TYPE_LIVE_AUDIO ROUTE_TYPE_LIVE_VIDEO , presentationDisplay=null }
06-26 20:00:09.694   155   169 D Vold    : Running /system/bin/e2fsck on /dev/block/vold/public:8,1
06-26 20:00:09.694   155   169 V vold    : /system/bin/e2fsck
06-26 20:00:09.694   155   169 V vold    :     -y
06-26 20:00:09.694   155   169 V vold    :     /dev/block/vold/public:8,1
06-26 20:00:09.710   416   486 I ActivityManager: Displayed com.android.tv.settings/.system.FallbackHome: +468ms
06-26 20:00:09.721   203   203 I MediaPlayerService: MediaPlayerService::getOMX
06-26 20:00:09.722   203   203 I OMXClient: MuxOMX ctor
06-26 20:00:09.723   200   679 I OMXMaster: makeComponentInstance(OMX.google.g711.mlaw.decoder) in mediacodec process
06-26 20:00:09.729   619   619 V FingerprintManager: FingerprintManagerService was null
06-26 20:00:09.733   619   619 W FingerprintManager: isFingerprintHardwareDetected(): Service not connected!
06-26 20:00:09.733   619   619 W FingerprintManager: addLockoutResetCallback(): Service not connected!
06-26 20:00:09.733   416   416 I System  : Loaded time zone names for "" in 125ms (113ms in ICU)
06-26 20:00:09.756   739   739 I e2fsck  : type=1400 audit(0.0:43): avc: denied { getattr } for path="/dev/block/vold/public:8,1" dev="tmpfs" ino=11559 scontext=u:r:fsck:s0 tcontext=u:object_r:vold_device:s0 tclass=blk_file permissive=1
06-26 20:00:09.756   739   739 I e2fsck  : type=1400 audit(0.0:44): avc: denied { getattr } for path="/dev/block/zram0" dev="tmpfs" ino=6383 scontext=u:r:fsck:s0 tcontext=u:object_r:zram_device:s0 tclass=blk_file permissive=1
06-26 20:00:09.756   739   739 I e2fsck  : type=1400 audit(0.0:45): avc: denied { read } for name="public:8,1" dev="tmpfs" ino=11559 scontext=u:r:fsck:s0 tcontext=u:object_r:vold_device:s0 tclass=blk_file permissive=1
06-26 20:00:09.756   739   739 I e2fsck  : type=1400 audit(0.0:46): avc: denied { open } for path="/dev/block/vold/public:8,1" dev="tmpfs" ino=11559 scontext=u:r:fsck:s0 tcontext=u:object_r:vold_device:s0 tclass=blk_file permissive=1
06-26 20:00:09.759   155   169 I e2fsck  : e2fsck 1.42.9 (28-Dec-2013)
06-26 20:00:09.760   739   739 I e2fsck  : type=1400 audit(0.0:47): avc: denied { write } for name="public:8,1" dev="tmpfs" ino=11559 scontext=u:r:fsck:s0 tcontext=u:object_r:vold_device:s0 tclass=blk_file permissive=1
06-26 20:00:09.760   739   739 I e2fsck  : type=1400 audit(0.0:48): avc: denied { ioctl } for path="/dev/block/vold/public:8,1" dev="tmpfs" ino=11559 ioctlcmd=127c scontext=u:r:fsck:s0 tcontext=u:object_r:vold_device:s0 tclass=blk_file permissive=1
06-26 20:00:09.760   619   744 E WVMExtractor: Failed to open libwvm.so: dlopen failed: library "libwvm.so" not found
06-26 20:00:09.770   416   416 I System  : Loaded time zone names for "en_US" in 36ms (30ms in ICU)
06-26 20:00:09.771   416   416 D ConditionProviders.SCP: Scheduling evaluate for Wed Jun 26 23:30:00 GMT+03:00 2019 (1561581000000), in +3h29m50s395ms, now=Wed Jun 26 20:00:09 GMT+03:00 2019 (1561568409605)
06-26 20:00:09.772   416   416 D ConditionProviders.SCP: onSubscribe condition://android/schedule?days=1.2.3.4.5&start=22.0&end=7.0&exitAtAlarm=false
06-26 20:00:09.773   416   416 D ConditionProviders.SCP: notifyCondition condition://android/schedule?days=6.7&start=23.30&end=10.0&exitAtAlarm=false STATE_FALSE reason=!meetsSchedule
06-26 20:00:09.773   416   416 D ConditionProviders.SCP: notifyCondition condition://android/schedule?days=1.2.3.4.5&start=22.0&end=7.0&exitAtAlarm=false STATE_FALSE reason=!meetsSchedule
06-26 20:00:09.774   416   416 D ConditionProviders.SCP: Scheduling evaluate for Wed Jun 26 22:00:00 GMT+03:00 2019 (1561575600000), in +1h59m50s228ms, now=Wed Jun 26 20:00:09 GMT+03:00 2019 (1561568409772)
06-26 20:00:09.775   416   416 W ContextImpl: Calling a method in the system process without a qualified user: android.app.ContextImpl.startService:1357 com.android.server.content.SyncManager$13.run:658 android.os.Handler.handleCallback:755 android.os.Handler.dispatchMessage:95 android.os.Looper.loop:154 
06-26 20:00:09.796   619   744 I MediaCodec: callingProcessName:com.android.systemui
06-26 20:00:09.816   416   478 I SyncManager: Got SyncJobService instance.
06-26 20:00:09.843   203   203 I MediaPlayerService: MediaPlayerService::getOMX
06-26 20:00:09.844   203   203 I OMXClient: MuxOMX ctor
06-26 20:00:09.844   200   200 I OMXMaster: makeComponentInstance(OMX.google.vorbis.decoder) in mediacodec process
06-26 20:00:09.863   695   695 I art     : System.exit called, status: 0
06-26 20:00:09.863   695   695 I AndroidRuntime: VM exiting with result code 0, cleanup skipped.
06-26 20:00:09.882   416   479 W NetworkManagement: setDataSaverMode(): already false
06-26 20:00:09.910   619   619 I vol.Events: writeEvent collection_started
06-26 20:00:09.919   619   619 W Vibrator: Failed to vibrate; no vibrator service.
06-26 20:00:09.926   203   203 I MediaPlayerService: MediaPlayerService::getOMX
06-26 20:00:09.927   203   203 I OMXClient: MuxOMX ctor
06-26 20:00:09.927   200   200 I OMXMaster: makeComponentInstance(OMX.google.opus.decoder) in mediacodec process
06-26 20:00:09.957   686   686 I art     : System.exit called, status: 0
06-26 20:00:09.958   686   686 I AndroidRuntime: VM exiting with result code 0, cleanup skipped.
06-26 20:00:10.008   416   479 D NetworkPolicy: setRestrictBackgroundUL(): false
06-26 20:00:10.009   416   479 W NetworkManagement: setDataSaverMode(): already false
06-26 20:00:10.013   203   203 I MediaPlayerService: MediaPlayerService::getOMX
06-26 20:00:10.014   203   203 I OMXClient: MuxOMX ctor
06-26 20:00:10.014   200   200 I OMXMaster: makeComponentInstance(OMX.google.raw.decoder) in mediacodec process
06-26 20:00:10.018   203   203 I MediaPlayerService: MediaPlayerService::getOMX
06-26 20:00:10.019   203   203 I OMXClient: MuxOMX ctor
06-26 20:00:10.019   200   224 I OMXMaster: makeComponentInstance(OMX.google.aac.encoder) in mediacodec process
06-26 20:00:10.031   203   203 I MediaPlayerService: MediaPlayerService::getOMX
06-26 20:00:10.032   203   203 I OMXClient: MuxOMX ctor
06-26 20:00:10.032   200   679 I OMXMaster: makeComponentInstance(OMX.google.amrnb.encoder) in mediacodec process
06-26 20:00:10.039   203   203 I MediaPlayerService: MediaPlayerService::getOMX
06-26 20:00:10.040   203   203 I OMXClient: MuxOMX ctor
06-26 20:00:10.041   200   200 I OMXMaster: makeComponentInstance(OMX.google.amrwb.encoder) in mediacodec process
06-26 20:00:10.048   203   203 I MediaPlayerService: MediaPlayerService::getOMX
06-26 20:00:10.049   203   203 I OMXClient: MuxOMX ctor
06-26 20:00:10.049   200   224 I OMXMaster: makeComponentInstance(OMX.google.flac.encoder) in mediacodec process
06-26 20:00:10.099   619   762 I vol.Events: writeEvent level_changed STREAM_ALARM 6
06-26 20:00:10.102   619   762 I vol.Events: writeEvent level_changed STREAM_BLUETOOTH_SCO 7
06-26 20:00:10.107   619   762 I vol.Events: writeEvent level_changed STREAM_MUSIC 11
06-26 20:00:10.115   619   762 I vol.Events: writeEvent level_changed STREAM_RING 7
06-26 20:00:10.117   619   762 I vol.Events: writeEvent level_changed STREAM_SYSTEM 2
06-26 20:00:10.125   619   762 I vol.Events: writeEvent level_changed STREAM_VOICE_CALL 4
06-26 20:00:10.127   203   203 I MediaPlayerService: MediaPlayerService::getOMX
06-26 20:00:10.128   619   762 I vol.Events: writeEvent external_ringer_mode_changed normal
06-26 20:00:10.128   203   203 I OMXClient: MuxOMX ctor
06-26 20:00:10.128   200   224 I OMXMaster: makeComponentInstance(OMX.rk.video_decoder.avc) in mediacodec process
06-26 20:00:10.129   200   224 E ROCKCHIP_RM: Rockchip_OMX_Check_Resource(282): pRockchipComponent->codecType 1, Line:282
06-26 20:00:10.141   203   203 W ACodec  : [OMX.rk.video_decoder.avc] stopping checking profiles after 32: 8/1
06-26 20:00:10.142   200   224 E ROCKCHIP_VIDEO_DECCONTROL: Rkvpu_OMX_GetExtensionIndex(1959): OMX_IndexParamdescribeColorFormat get 
06-26 20:00:10.144   200   224 E ROCKCHIP_VIDEO_DECCONTROL: Rkvpu_OMX_GetExtensionIndex(1959): OMX_IndexParamdescribeColorFormat get 
06-26 20:00:10.146   200   224 E OMXNodeInstance: getExtensionIndex(c8000e:rk._decoder.avc, OMX.google.android.index.configureVideoTunnelMode) ERROR: BadParameter(0x80001005)
06-26 20:00:10.146   200   200 W OMXNodeInstance: [c8000e:rk._decoder.avc] component does not support metadata mode; using fallback
06-26 20:00:10.149   203   203 I MediaPlayerService: MediaPlayerService::getOMX
06-26 20:00:10.151   203   203 I OMXClient: MuxOMX ctor
06-26 20:00:10.151   200   679 I OMXMaster: makeComponentInstance(OMX.rk.video_decoder.m2v) in mediacodec process
06-26 20:00:10.152   200   679 E ROCKCHIP_RM: Rockchip_OMX_Check_Resource(282): pRockchipComponent->codecType 1, Line:282
06-26 20:00:10.154   200   200 E ROCKCHIP_VIDEO_DECCONTROL: Rkvpu_OMX_GetExtensionIndex(1959): OMX_IndexParamdescribeColorFormat get 
06-26 20:00:10.155   200   679 E ROCKCHIP_VIDEO_DECCONTROL: Rkvpu_OMX_GetExtensionIndex(1959): OMX_IndexParamdescribeColorFormat get 
06-26 20:00:10.155   619   619 I [Gralloc]:  ion device open success! fd = 53
06-26 20:00:10.155   416   480 W WindowManager: Keyguard drawn timeout. Setting mKeyguardDrawComplete
06-26 20:00:10.158   200   200 E OMXNodeInstance: getExtensionIndex(c8000f:rk._decoder.m2v, OMX.google.android.index.configureVideoTunnelMode) ERROR: BadParameter(0x80001005)
06-26 20:00:10.158   200   679 W OMXNodeInstance: [c8000f:rk._decoder.m2v] component does not support metadata mode; using fallback
06-26 20:00:10.161   203   203 I MediaPlayerService: MediaPlayerService::getOMX
06-26 20:00:10.162   203   203 I OMXClient: MuxOMX ctor
06-26 20:00:10.163   200   679 I OMXMaster: makeComponentInstance(OMX.rk.video_decoder.vp8) in mediacodec process
06-26 20:00:10.163   200   679 E ROCKCHIP_RM: Rockchip_OMX_Check_Resource(282): pRockchipComponent->codecType 1, Line:282
06-26 20:00:10.165   200   200 E ROCKCHIP_VIDEO_DECCONTROL: Rkvpu_OMX_GetExtensionIndex(1959): OMX_IndexParamdescribeColorFormat get 
06-26 20:00:10.168   200   679 E ROCKCHIP_VIDEO_DECCONTROL: Rkvpu_OMX_GetExtensionIndex(1959): OMX_IndexParamdescribeColorFormat get 
06-26 20:00:10.169   200   200 E OMXNodeInstance: getExtensionIndex(c80010:rk._decoder.vp8, OMX.google.android.index.configureVideoTunnelMode) ERROR: BadParameter(0x80001005)
06-26 20:00:10.170   200   200 W OMXNodeInstance: [c80010:rk._decoder.vp8] component does not support metadata mode; using fallback
06-26 20:00:10.173   203   203 I MediaPlayerService: MediaPlayerService::getOMX
06-26 20:00:10.174   203   203 I OMXClient: MuxOMX ctor
06-26 20:00:10.174   200   679 I OMXMaster: makeComponentInstance(OMX.rk.video_decoder.h263) in mediacodec process
06-26 20:00:10.175   200   679 E ROCKCHIP_RM: Rockchip_OMX_Check_Resource(282): pRockchipComponent->codecType 1, Line:282
06-26 20:00:10.182   200   679 E ROCKCHIP_VIDEO_DECCONTROL: Rkvpu_OMX_GetExtensionIndex(1959): OMX_IndexParamdescribeColorFormat get 
06-26 20:00:10.183   619   619 D StorageNotification: Notifying about private volume: VolumeInfo{private}:
06-26 20:00:10.183   619   619 D StorageNotification:     type=PRIVATE diskId=null partGuid=null mountFlags=0 mountUserId=-1 
06-26 20:00:10.183   619   619 D StorageNotification:     state=MOUNTED 
06-26 20:00:10.183   619   619 D StorageNotification:     fsType=null fsUuid=null fsLabel=null 
06-26 20:00:10.183   619   619 D StorageNotification:     path=/data internalPath=null 
06-26 20:00:10.184   200   679 E ROCKCHIP_VIDEO_DECCONTROL: Rkvpu_OMX_GetExtensionIndex(1959): OMX_IndexParamdescribeColorFormat get 
06-26 20:00:10.185   619   619 D StorageNotification: Notifying about public volume: VolumeInfo{public:8,1}:
