06-27 19:49:21.413   420   508 D WindowManager: interceptKeyTq keycode=19 interactive=true keyguardActive=false policyFlags=22000000
06-27 19:49:21.413   420   507 D WindowManager: interceptKeyTi keyCode=19 down=false repeatCount=0 keyguardOn=false mHomePressed=false canceled=false
06-27 19:49:22.366   877  1123 W awmy    : Empty context buffer. Thus might mean that the context is not synced down.
06-27 19:49:22.366   877  1123 W awhk    : Empty context model while retrieving upload opt-in status!
06-27 19:49:22.582   420   508 I InputReader: 1--1-----KeyCode=20, scanCode=108
06-27 19:49:22.582   420   508 I InputReader: 1--22-----KeyCode=20, scanCode=108
06-27 19:49:22.583   420   508 I InputReader: KeyCode=20, scanCode=108
06-27 19:49:22.583   420   508 D WindowManager: interceptKeyTq keycode=20 interactive=true keyguardActive=false policyFlags=22000000
06-27 19:49:22.583   420   507 D WindowManager: interceptKeyTi keyCode=20 down=true repeatCount=0 keyguardOn=false mHomePressed=false canceled=false
06-27 19:49:22.769   420   508 I InputReader: 1--1-----KeyCode=20, scanCode=108
06-27 19:49:22.770   420   508 D WindowManager: interceptKeyTq keycode=20 interactive=true keyguardActive=false policyFlags=22000000
06-27 19:49:22.770   420   507 D WindowManager: interceptKeyTi keyCode=20 down=false repeatCount=0 keyguardOn=false mHomePressed=false canceled=false
06-27 19:49:22.980   420   508 I InputReader: 1--1-----KeyCode=20, scanCode=108
06-27 19:49:22.982   420   508 I InputReader: 1--22-----KeyCode=20, scanCode=108
06-27 19:49:22.982   420   508 I InputReader: KeyCode=20, scanCode=108
06-27 19:49:22.982   420   508 D WindowManager: interceptKeyTq keycode=20 interactive=true keyguardActive=false policyFlags=22000000
06-27 19:49:22.983   420   507 D WindowManager: interceptKeyTi keyCode=20 down=true repeatCount=0 keyguardOn=false mHomePressed=false canceled=false
06-27 19:49:23.072   420   508 I InputReader: 1--1-----KeyCode=20, scanCode=108
06-27 19:49:23.074   420   508 D WindowManager: interceptKeyTq keycode=20 interactive=true keyguardActive=false policyFlags=22000000
06-27 19:49:23.074   420   507 D WindowManager: interceptKeyTi keyCode=20 down=false repeatCount=0 keyguardOn=false mHomePressed=false canceled=false
06-27 19:49:23.179   420   508 I InputReader: 1--1-----KeyCode=20, scanCode=108
06-27 19:49:23.180   420   508 I InputReader: 1--22-----KeyCode=20, scanCode=108
06-27 19:49:23.180   420   508 I InputReader: KeyCode=20, scanCode=108
06-27 19:49:23.181   420   508 D WindowManager: interceptKeyTq keycode=20 interactive=true keyguardActive=false policyFlags=22000000
06-27 19:49:23.181   420   507 D WindowManager: interceptKeyTi keyCode=20 down=true repeatCount=0 keyguardOn=false mHomePressed=false canceled=false
06-27 19:49:23.269   420   508 I InputReader: 1--1-----KeyCode=20, scanCode=108
06-27 19:49:23.270   420   508 D WindowManager: interceptKeyTq keycode=20 interactive=true keyguardActive=false policyFlags=22000000
06-27 19:49:23.270   420   507 D WindowManager: interceptKeyTi keyCode=20 down=false repeatCount=0 keyguardOn=false mHomePressed=false canceled=false
06-27 19:49:23.377   420   508 I InputReader: 1--1-----KeyCode=20, scanCode=108
06-27 19:49:23.378   420   508 I InputReader: 1--22-----KeyCode=20, scanCode=108
06-27 19:49:23.378   420   508 I InputReader: KeyCode=20, scanCode=108
06-27 19:49:23.378   420   508 D WindowManager: interceptKeyTq keycode=20 interactive=true keyguardActive=false policyFlags=22000000
06-27 19:49:23.378   420   507 D WindowManager: interceptKeyTi keyCode=20 down=true repeatCount=0 keyguardOn=false mHomePressed=false canceled=false
06-27 19:49:23.469   420   508 I InputReader: 1--1-----KeyCode=20, scanCode=108
06-27 19:49:23.470   420   508 D WindowManager: interceptKeyTq keycode=20 interactive=true keyguardActive=false policyFlags=22000000
06-27 19:49:23.470   420   507 D WindowManager: interceptKeyTi keyCode=20 down=false repeatCount=0 keyguardOn=false mHomePressed=false canceled=false
06-27 19:49:23.583   420   508 I InputReader: 1--1-----KeyCode=20, scanCode=108
06-27 19:49:23.584   420   508 I InputReader: 1--22-----KeyCode=20, scanCode=108
06-27 19:49:23.584   420   508 I InputReader: KeyCode=20, scanCode=108
06-27 19:49:23.584   420   508 D WindowManager: interceptKeyTq keycode=20 interactive=true keyguardActive=false policyFlags=22000000
06-27 19:49:23.585   420   507 D WindowManager: interceptKeyTi keyCode=20 down=true repeatCount=0 keyguardOn=false mHomePressed=false canceled=false
06-27 19:49:23.672   420   508 I InputReader: 1--1-----KeyCode=20, scanCode=108
06-27 19:49:23.673   420   508 D WindowManager: interceptKeyTq keycode=20 interactive=true keyguardActive=false policyFlags=22000000
06-27 19:49:23.674   420   507 D WindowManager: interceptKeyTi keyCode=20 down=false repeatCount=0 keyguardOn=false mHomePressed=false canceled=false
06-27 19:49:23.766   420   508 I InputReader: 1--1-----KeyCode=20, scanCode=108
06-27 19:49:23.767   420   508 I InputReader: 1--22-----KeyCode=20, scanCode=108
06-27 19:49:23.767   420   508 I InputReader: KeyCode=20, scanCode=108
06-27 19:49:23.768   420   508 D WindowManager: interceptKeyTq keycode=20 interactive=true keyguardActive=false policyFlags=22000000
06-27 19:49:23.769   420   507 D WindowManager: interceptKeyTi keyCode=20 down=true repeatCount=0 keyguardOn=false mHomePressed=false canceled=false
06-27 19:49:23.856   420   508 I InputReader: 1--1-----KeyCode=20, scanCode=108
06-27 19:49:23.857   420   508 D WindowManager: interceptKeyTq keycode=20 interactive=true keyguardActive=false policyFlags=22000000
06-27 19:49:23.858   420   507 D WindowManager: interceptKeyTi keyCode=20 down=false repeatCount=0 keyguardOn=false mHomePressed=false canceled=false
06-27 19:49:23.987   420   508 I InputReader: 1--1-----KeyCode=20, scanCode=108
06-27 19:49:23.988   420   508 I InputReader: 1--22-----KeyCode=20, scanCode=108
06-27 19:49:23.988   420   508 I InputReader: KeyCode=20, scanCode=108
06-27 19:49:23.988   420   508 D WindowManager: interceptKeyTq keycode=20 interactive=true keyguardActive=false policyFlags=22000000
06-27 19:49:23.988   420   507 D WindowManager: interceptKeyTi keyCode=20 down=true repeatCount=0 keyguardOn=false mHomePressed=false canceled=false
06-27 19:49:24.078   420   508 I InputReader: 1--1-----KeyCode=20, scanCode=108
06-27 19:49:24.079   420   508 D WindowManager: interceptKeyTq keycode=20 interactive=true keyguardActive=false policyFlags=22000000
06-27 19:49:24.080   420   507 D WindowManager: interceptKeyTi keyCode=20 down=false repeatCount=0 keyguardOn=false mHomePressed=false canceled=false
06-27 19:49:24.461   420   508 I InputReader: 1--1-----KeyCode=0, scanCode=232
06-27 19:49:24.462   420   508 I InputReader: 1--22-----KeyCode=23, scanCode=232
06-27 19:49:24.462   420   508 I InputReader: KeyCode=23, scanCode=232
06-27 19:49:24.462   420   508 D WindowManager: interceptKeyTq keycode=23 interactive=true keyguardActive=false policyFlags=22000000
06-27 19:49:24.463   420   507 D WindowManager: interceptKeyTi keyCode=23 down=true repeatCount=0 keyguardOn=false mHomePressed=false canceled=false
06-27 19:49:24.552   420   508 I InputReader: 1--1-----KeyCode=0, scanCode=232
06-27 19:49:24.552   420   508 D WindowManager: interceptKeyTq keycode=23 interactive=true keyguardActive=false policyFlags=22000000
06-27 19:49:24.553   420   507 D WindowManager: interceptKeyTi keyCode=23 down=false repeatCount=0 keyguardOn=false mHomePressed=false canceled=false
06-27 19:49:25.141   420   508 I InputReader: 1--1-----KeyCode=0, scanCode=232
06-27 19:49:25.142   420   508 I InputReader: 1--22-----KeyCode=23, scanCode=232
06-27 19:49:25.142   420   508 I InputReader: KeyCode=23, scanCode=232
06-27 19:49:25.143   420   508 D WindowManager: interceptKeyTq keycode=23 interactive=true keyguardActive=false policyFlags=22000000
06-27 19:49:25.143   420   507 D WindowManager: interceptKeyTi keyCode=23 down=true repeatCount=0 keyguardOn=false mHomePressed=false canceled=false
06-27 19:49:25.232   420   508 I InputReader: 1--1-----KeyCode=0, scanCode=232
06-27 19:49:25.233   420   508 D WindowManager: interceptKeyTq keycode=23 interactive=true keyguardActive=false policyFlags=22000000
06-27 19:49:25.234   420   507 D WindowManager: interceptKeyTi keyCode=23 down=false repeatCount=0 keyguardOn=false mHomePressed=false canceled=false
06-27 19:49:27.781  2349  2349 I dex2oat : dex2oat took 7.360s (threads: 4) arena alloc=389KB (399296B) java alloc=10MB (10926936B) native alloc=14MB (15307080B) free=3MB (3174072B)
06-27 19:49:27.801   420   492 I PackageManager.DexOptimizer: Running dexopt (dex2oat) on: /data/app/vmdl1746758067.tmp/base.apk pkg=com.android.chrome isa=arm64 vmSafeMode=false debuggable=false target-filter=interpret-only oatDir = /data/app/vmdl1746758067.tmp/oat sharedLibraries=null
06-27 19:49:27.841  2365  2365 I dex2oat : /system/bin/dex2oat --compiler-filter=interpret-only
06-27 19:49:33.208  2365  2365 I dex2oat : dex2oat took 5.366s (threads: 4) arena alloc=389KB (399296B) java alloc=17MB (17957456B) native alloc=17MB (18379720B) free=2019KB (2067512B)
06-27 19:49:33.232   420   478 I ActivityManager: Force stopping com.android.chrome appid=10028 user=-1: installPackageLI
06-27 19:49:33.233   420   478 I ActivityManager: Killing 2160:net.dinglisch.android.taskerm/u0a55 (adj 200): stop com.android.chrome
06-27 19:49:33.234   420   478 D ActivityManager: cleanUpApplicationRecord -- 2160
06-27 19:49:33.235   420   478 W ActivityManager: Scheduling restart of crashed service net.dinglisch.android.taskerm/.MonitorService in 1000ms
06-27 19:49:33.237   420   420 W TelecomManager: Telecom Service not found.
06-27 19:49:33.256   420   492 W PackageManager: Trying to update system app code path from /system/app/Chrome to /data/app/com.android.chrome-1
06-27 19:49:33.257   420   492 W PackageManager: Code path for com.android.chrome changing from /system/app/Chrome to /data/app/com.android.chrome-1
06-27 19:49:33.257   420   492 W PackageManager: Resource path for com.android.chrome changing from /system/app/Chrome to /data/app/com.android.chrome-1
06-27 19:49:33.268   420   492 W PackageManager: Permission com.android.chrome.permission.DEBUG from package com.android.chrome in an unknown group android.permission-group.DEVELOPMENT_TOOLS
06-27 19:49:33.294   420   476 D ConnectivityService: ConnectivityService NetworkRequestInfo binderDied(NetworkRequest [ LISTEN id=8, [ Capabilities: INTERNET&NOT_RESTRICTED&TRUSTED] ], android.os.BinderProxy@c0ee879)
06-27 19:49:33.294   420   646 D GraphicsStats: Buffer count: 3
06-27 19:49:33.294   420   526 D ConnectivityService: releasing NetworkRequest [ LISTEN id=8, [ Capabilities: INTERNET&NOT_RESTRICTED&TRUSTED] ]
06-27 19:49:33.295   420   526 D ConnectivityService: sending notification RELEASED for NetworkRequest [ LISTEN id=8, [ Capabilities: INTERNET&NOT_RESTRICTED&TRUSTED] ]
06-27 19:49:33.296   420   526 E ConnectivityService: RemoteException caught trying to send a callback msg for NetworkRequest [ LISTEN id=8, [ Capabilities: INTERNET&NOT_RESTRICTED&TRUSTED] ]
06-27 19:49:33.366   420   492 W PackageManager: Unknown permission android.permission.FOREGROUND_SERVICE in package com.android.chrome
06-27 19:49:33.366   420   492 W PackageManager: Unknown permission com.chrome.permission.DEVICE_EXTRAS in package com.android.chrome
06-27 19:49:33.366   420   492 W PackageManager: Unknown permission com.google.android.apps.now.CURRENT_ACCOUNT_ACCESS in package com.android.chrome
06-27 19:49:33.366   420   492 W PackageManager: Unknown permission com.sec.enterprise.knox.MDM_CONTENT_PROVIDER in package com.android.chrome
06-27 19:49:33.460   420  1849 I ActivityManager: Killing 2230:com.android.vending:instant_app_installer/u0a14 (adj 906): empty #4
06-27 19:49:33.461   420   492 I art     : Starting a blocking GC Explicit
06-27 19:49:33.486   420  1255 D ActivityManager: cleanUpApplicationRecord -- 2230
06-27 19:49:33.529   420   492 I art     : Explicit concurrent mark sweep GC freed 33706(2021KB) AllocSpace objects, 11(336KB) LOS objects, 33% free, 7MB/11MB, paused 1.296ms total 67.959ms
06-27 19:49:33.530   193   193 E         : Couldn't opendir /data/app/vmdl1746758067.tmp: No such file or directory
06-27 19:49:33.534   420   492 I ActivityManager: Force stopping com.android.chrome appid=10028 user=0: pkg removed
06-27 19:49:33.555   420   477 W ResourceType: No known package when getting value for resource number 0x7f0802b6
06-27 19:49:33.555   420   477 W ResourceType: No known package when getting value for resource number 0x7f1303fb
06-27 19:49:33.555   420   477 W ResourceType: No known package when getting value for resource number 0x7f0802b5
06-27 19:49:33.555   420   477 W ResourceType: No known package when getting value for resource number 0x7f1300f9
06-27 19:49:33.555   420   477 W ResourceType: No known package when getting value for resource number 0x7f1303f9
06-27 19:49:33.555   420   477 W ResourceType: No known package when getting value for resource number 0x7f1302ba
06-27 19:49:33.556   420   477 E ShortcutService: Ignoring excessive intent tag.
06-27 19:49:33.561   420   478 I ActivityManager: Start proc 2375:com.android.keychain/1000 for broadcast com.android.keychain/.KeyChainBroadcastReceiver
06-27 19:49:33.598   972   984 I art     : Background partial concurrent mark sweep GC freed 3757(339KB) AllocSpace objects, 0(0B) LOS objects, 39% free, 3MB/5MB, paused 5.072ms total 59.105ms
06-27 19:49:33.607   420   420 D WebViewFactory: Setting new address space to 123264240
06-27 19:49:33.622   420   508 I InputReader: Reconfiguring input devices.  changes=0x00000010
06-27 19:49:33.624   420   508 I InputReader: Reconfiguring input devices.  changes=0x00000010
06-27 19:49:33.625   420   508 I InputReader: Reconfiguring input devices.  changes=0x00000010
06-27 19:49:33.732  2375  2375 I art     : Starting a blocking GC AddRemoveAppImageSpace
06-27 19:49:33.734  2375  2375 W System  : ClassLoader referenced unknown path: /system/app/KeyChain/lib/arm64
06-27 19:49:33.761  2071  2146 W Finsky  : [83] nqm.b(6): Unexpected error abandoning session=1746758067. exception=java.lang.SecurityException: Caller has no access to session 1746758067
06-27 19:49:33.763  2071  2071 I Finsky  : [1] kmj.c(4): Successful install of com.android.chrome (isid: 4zYn9Rv_SXqRTDSPV3uV5w)
06-27 19:49:33.778  2071  2071 I Finsky  : [1] nlv.b(2): Frosting ID looked up on UI thread. Caller should move to a background thread.
06-27 19:49:33.818  2375  2375 W ContextImpl: Calling a method in the system process without a qualified user: android.app.ContextImpl.startService:1357 android.content.ContextWrapper.startService:613 android.content.ContextWrapper.startService:613 com.android.keychain.KeyChainBroadcastReceiver.onReceive:12 android.app.ActivityThread.handleReceiver:3041 
06-27 19:49:33.834   420   420 E ActivityManager: Already have existing proc ProcessRecord{4bde1e9 689:WebViewLoader-armeabi-v7a/1037} when adding ProcessRecord{2e45e6e 0:WebViewLoader-armeabi-v7a/1037}
06-27 19:49:33.929   420   420 W ActivityManager: Slow operation: 94ms so far, now at startProcess: returned from zygote!
06-27 19:49:33.930   420   420 W ActivityManager: Slow operation: 94ms so far, now at startProcess: done updating battery stats
06-27 19:49:33.930   420   420 W ActivityManager: Slow operation: 95ms so far, now at startProcess: building log message
06-27 19:49:33.930   420   420 I ActivityManager: Start proc 2392:WebViewLoader-armeabi-v7a/1037 [android.webkit.WebViewFactory$RelroFileCreator] for 
06-27 19:49:33.930   420   420 W ActivityManager: Slow operation: 95ms so far, now at startProcess: starting to update pids map
06-27 19:49:33.930   420   420 W ActivityManager: Slow operation: 95ms so far, now at startProcess: done updating pids map
06-27 19:49:33.930   420   420 W ActivityManager: Slow operation: 97ms so far, now at startProcess: done starting proc!
06-27 19:49:33.931   420   420 E ActivityManager: Already have existing proc ProcessRecord{1c5cd46 713:WebViewLoader-arm64-v8a/1037} when adding ProcessRecord{fe7eb07 0:WebViewLoader-arm64-v8a/1037}
06-27 19:49:33.949   420   420 I ActivityManager: Start proc 2410:WebViewLoader-arm64-v8a/1037 [android.webkit.WebViewFactory$RelroFileCreator] for 
06-27 19:49:33.964   420  1784 I ActivityManager: Start proc 2427:android.process.acore/u0a3 for broadcast com.android.providers.contacts/.PackageIntentReceiver
06-27 19:49:33.971  2410  2410 V WebViewFactory: RelroFileCreator (64bit = true),  32-bit lib: /data/app/com.android.chrome-1/base.apk!/lib/armeabi-v7a/libmonochrome_base.so, 64-bit lib: /data/app/com.android.chrome-1/base.apk!/lib/arm64-v8a/libmonochrome_base.so
06-27 19:49:34.003   420  1707 I ActivityManager: Killing 2071:com.android.vending/u0a14 (adj 906): empty #4
06-27 19:49:34.047   420   460 D ConnectivityService: ConnectivityService NetworkRequestInfo binderDied(NetworkRequest [ LISTEN id=6, [ Capabilities: INTERNET&NOT_RESTRICTED&TRUSTED] ], android.os.BinderProxy@2bd05cc)
06-27 19:49:34.048   420   526 D ConnectivityService: releasing NetworkRequest [ LISTEN id=6, [ Capabilities: INTERNET&NOT_RESTRICTED&TRUSTED] ]
06-27 19:49:34.048   420  1849 D ActivityManager: cleanUpApplicationRecord -- 2071
06-27 19:49:34.049   420   526 D ConnectivityService: sending notification RELEASED for NetworkRequest [ LISTEN id=6, [ Capabilities: INTERNET&NOT_RESTRICTED&TRUSTED] ]
06-27 19:49:34.049   420   526 E ConnectivityService: RemoteException caught trying to send a callback msg for NetworkRequest [ LISTEN id=6, [ Capabilities: INTERNET&NOT_RESTRICTED&TRUSTED] ]
06-27 19:49:34.054  2392  2392 V WebViewFactory: RelroFileCreator (64bit = false),  32-bit lib: /data/app/com.android.chrome-1/base.apk!/lib/armeabi-v7a/libmonochrome_base.so, 64-bit lib: /data/app/com.android.chrome-1/base.apk!/lib/arm64-v8a/libmonochrome_base.so
06-27 19:49:34.184  2410  2410 I art     : System.exit called, status: 0
06-27 19:49:34.184  2410  2410 I AndroidRuntime: VM exiting with result code 0, cleanup skipped.
06-27 19:49:34.195  2427  2427 W System  : ClassLoader referenced unknown path: /system/priv-app/ContactsProvider/lib/arm64
06-27 19:49:34.249   420   478 I ActivityManager: Start proc 2451:net.dinglisch.android.taskerm/u0a55 for service net.dinglisch.android.taskerm/.MonitorService
06-27 19:49:34.272  2392  2392 I art     : System.exit called, status: 0
06-27 19:49:34.273  2392  2392 I AndroidRuntime: VM exiting with result code 0, cleanup skipped.
06-27 19:49:34.273   420   477 W Searchables: No global search activity found
06-27 19:49:34.283   420   477 W Searchables: No global search activity found
06-27 19:49:34.284   420   477 W VoiceInteractionManagerService: no available voice recognition services found for user 0
06-27 19:49:34.360  2451  2451 W System  : ClassLoader referenced unknown path: /data/app/net.dinglisch.android.taskerm-1/lib/arm64
06-27 19:49:34.431  2427  2427 I ContactsPerf: VoicemailContentProvider.onCreate start
06-27 19:49:34.461  2427  2427 I ContactsPerf: VoicemailContentProvider.onCreate finish
06-27 19:49:34.480  2427  2427 W System  : ClassLoader referenced unknown path: /system/app/UserDictionaryProvider/lib/arm64
06-27 19:49:34.481  2427  2427 D ApplicationLoaders: ignored Vulkan layer search path /system/app/UserDictionaryProvider/lib/arm64:/system/lib64:/vendor/lib64 for namespace 0x74932430f0
06-27 19:49:34.507   420   978 W BroadcastQueue: Unable to launch app com.android.vending/10014 for broadcast Intent { act=android.intent.action.PACKAGE_REMOVED dat=package:com.android.chrome flg=0x4000010 (has extras) }: process is bad
06-27 19:49:34.519  2451  2451 D TaskerApp: getClipText: trying with rx from TaskerApp: main
06-27 19:49:34.576   420   460 I ActivityManager: Start proc 2482:com.popcornhour.tvlauncher/u0a20 for broadcast com.popcornhour.tvlauncher/.receiver.AppChangeReceiver
06-27 19:49:34.851  2482  2482 I art     : Starting a blocking GC AddRemoveAppImageSpace
06-27 19:49:34.859  2482  2482 W System  : ClassLoader referenced unknown path: /system/priv-app/TVLauncher/lib/arm64
06-27 19:49:34.861  2451  2476 I LicenseChecker: Using cached license response
06-27 19:49:35.191  2482  2506 D         : ----->com.android.chrome          <ThreadName= pool-1-thread-1,ThreadId= 163,JavaName= InstalledApp.java,LineNumber= 51,>
06-27 19:49:35.374  1130  2510 I AppsUpload: Received intent with action android.intent.action.PACKAGE_REMOVED
06-27 19:49:35.448   420   476 W BroadcastQueue: Unable to launch app com.android.vending/10014 for broadcast Intent { act=android.intent.action.PACKAGE_ADDED dat=package:com.android.chrome flg=0x4000010 (has extras) }: process is bad
06-27 19:49:35.475  2451  2457 I art     : Method exceeds compiler instruction limit: 32773 in net.dinglisch.android.taskerm.m[] net.dinglisch.android.taskerm.n.m()
06-27 19:49:35.580  2451  2477 E BluetoothAdapter: Bluetooth binder is null
06-27 19:49:35.581  2451  2477 E BluetoothAdapter: Bluetooth binder is null
06-27 19:49:35.599   191   191 E CameraService: No camera be found ! check again...
06-27 19:49:35.599   191   191 I CameraService: CameraService process starting
06-27 19:49:35.621   191   191 D CameraHal: createInstance(1011): This machine have not dvp/mipi camera!!
06-27 19:49:35.621   191   191 E CameraHal: camera_get_number_of_cameras(772): board profiles cam num 0
06-27 19:49:35.621   191   191 E CameraHal: camera_get_number_of_cameras(837): Open /dev/video0 failed! strr: No such file or directory
06-27 19:49:35.621   191   191 D CameraHal: camera_get_number_of_cameras(1224): camera_get_number_of_cameras(1224): Current board have 0 cameras attached.
06-27 19:49:35.621   191   191 D CameraHal: camera_get_number_of_cameras(1227): meida_profiles_xml_control time (15827)us
06-27 19:49:35.621   191   191 I CameraService: Loaded "RK29_ICS_CameraHal_Module" camera module
06-27 19:49:35.623   191   191 D CameraHal: createInstance(1011): This machine have not dvp/mipi camera!!
06-27 19:49:35.623   191   191 E CameraHal: camera_get_number_of_cameras(772): board profiles cam num 0
06-27 19:49:35.623   191   191 E CameraHal: camera_get_number_of_cameras(837): Open /dev/video0 failed! strr: No such file or directory
06-27 19:49:35.623   191   191 D CameraHal: camera_get_number_of_cameras(1224): camera_get_number_of_cameras(1224): Current board have 0 cameras attached.
06-27 19:49:35.623   191   191 D CameraHal: camera_get_number_of_cameras(1227): meida_profiles_xml_control time (1526)us
06-27 19:49:35.624   191   191 D CameraHal: createInstance(1011): This machine have not dvp/mipi camera!!
06-27 19:49:35.625   191   191 E CameraHal: camera_get_number_of_cameras(772): board profiles cam num 0
06-27 19:49:35.625   191   191 E CameraHal: camera_get_number_of_cameras(837): Open /dev/video0 failed! strr: No such file or directory
06-27 19:49:35.625   191   191 D CameraHal: camera_get_number_of_cameras(1224): camera_get_number_of_cameras(1224): Current board have 0 cameras attached.
06-27 19:49:35.625   191   191 D CameraHal: camera_get_number_of_cameras(1227): meida_profiles_xml_control time (1680)us
06-27 19:49:35.626   191   494 W CameraService: doUserSwitch: Received notification of user switch with no updated user IDs.
06-27 19:49:35.627  2451  2477 I CameraManagerGlobal: Connecting to camera service
06-27 19:49:35.749   420  1849 W BroadcastQueue: Unable to launch app com.google.android.partnersetup/10011 for broadcast Intent { act=android.intent.action.PACKAGE_ADDED dat=package:com.android.chrome flg=0x4000010 (has extras) }: process is bad
06-27 19:49:35.750   420   478 W BroadcastQueue: Unable to launch app com.google.android.partnersetup/10011 for broadcast Intent { act=android.intent.action.PACKAGE_ADDED dat=package:com.android.chrome flg=0x4000010 (has extras) }: process is bad
06-27 19:49:35.772   420   478 I ActivityManager: Start proc 2522:com.openhourlab.pkginstaller/u0a13 for broadcast com.openhourlab.pkginstaller/.service.receiver.AppChangeReceiver
06-27 19:49:35.781  2451  2477 W Vibrator: Failed to vibrate; no vibrator service.
06-27 19:49:35.853  2522  2522 I art     : Starting a blocking GC AddRemoveAppImageSpace
06-27 19:49:35.855  2522  2522 W System  : ClassLoader referenced unknown path: /system/priv-app/PackageInstallerLizard/lib/arm64
06-27 19:49:35.855   877   893 I art     : Background sticky concurrent mark sweep GC freed 38273(2MB) AllocSpace objects, 9(288KB) LOS objects, 19% free, 11MB/14MB, paused 4.687ms total 167.561ms
06-27 19:49:35.910  1130  2480 I Auth    : [SupervisedAccountIntentOperation] onHandleIntent(): android.intent.action.PACKAGE_ADDED
06-27 19:49:35.921  1130  2515 I ChromeSync: [Sync,SyncIntentOperation] Handling the intent: Intent { act=android.intent.action.PACKAGE_ADDED dat=package:com.android.chrome flg=0x4000010 cmp=com.google.android.gms/.chimera.GmsIntentOperationService (has extras) }.
06-27 19:49:35.934  1130  2480 I Auth    : [SupervisedAccountIntentOperation] This operation is disabled
06-27 19:49:36.113  2451  2477 V NFC     : this device does not have NFC support
06-27 19:49:36.284  1130  2514 I AppsUpload: Received intent with action android.intent.action.PACKAGE_ADDED
06-27 19:49:36.314  2451  2520 W art     : Long monitor contention with owner RxCachedThreadScheduler-2 (2477) at java.lang.Integer java.lang.Integer.valueOf(int)(Integer.java:668) waiters=0 in void net.dinglisch.android.taskerm.ax.c(android.content.Context) for 852ms
06-27 19:49:36.364  2451  2519 D lvjinhua:  Failed while trying resolve alarm filter file, not exists
06-27 19:49:36.389   191   494 E CameraService: No camera be found ! check again...
06-27 19:49:36.389   191   494 I CameraService: CameraService process starting
06-27 19:49:36.393   191   494 D CameraHal: createInstance(1011): This machine have not dvp/mipi camera!!
06-27 19:49:36.393   191   494 E CameraHal: camera_get_number_of_cameras(772): board profiles cam num 0
06-27 19:49:36.393   191   494 E CameraHal: camera_get_number_of_cameras(837): Open /dev/video0 failed! strr: No such file or directory
06-27 19:49:36.393   191   494 D CameraHal: camera_get_number_of_cameras(1224): camera_get_number_of_cameras(1224): Current board have 0 cameras attached.
06-27 19:49:36.393   191   494 D CameraHal: camera_get_number_of_cameras(1227): meida_profiles_xml_control time (2412)us
06-27 19:49:36.393   191   494 I CameraService: Loaded "RK29_ICS_CameraHal_Module" camera module
06-27 19:49:36.395   191   494 D CameraHal: createInstance(1011): This machine have not dvp/mipi camera!!
06-27 19:49:36.395   191   494 E CameraHal: camera_get_number_of_cameras(772): board profiles cam num 0
06-27 19:49:36.395   191   494 E CameraHal: camera_get_number_of_cameras(837): Open /dev/video0 failed! strr: No such file or directory
06-27 19:49:36.396   191   494 D CameraHal: camera_get_number_of_cameras(1224): camera_get_number_of_cameras(1224): Current board have 0 cameras attached.
06-27 19:49:36.396   191   494 D CameraHal: camera_get_number_of_cameras(1227): meida_profiles_xml_control time (2813)us
06-27 19:49:36.397   191   494 D CameraHal: createInstance(1011): This machine have not dvp/mipi camera!!
06-27 19:49:36.397   191   494 E CameraHal: camera_get_number_of_cameras(772): board profiles cam num 0
06-27 19:49:36.397   191   494 E CameraHal: camera_get_number_of_cameras(837): Open /dev/video0 failed! strr: No such file or directory
06-27 19:49:36.397   191   494 D CameraHal: camera_get_number_of_cameras(1224): camera_get_number_of_cameras(1224): Current board have 0 cameras attached.
06-27 19:49:36.397   191   494 D CameraHal: camera_get_number_of_cameras(1227): meida_profiles_xml_control time (1895)us
06-27 19:49:36.399   191   191 W CameraService: doUserSwitch: Received notification of user switch with no updated user IDs.
06-27 19:49:36.408  2451  2520 W Vibrator: Failed to vibrate; no vibrator service.
06-27 19:49:36.467  2451  2520 V NFC     : this device does not have NFC support
06-27 19:49:36.513  2482  2506 D darientoh: AppsDao isExists: exist??? com.android.chrome / 0
06-27 19:49:36.513  2482  2506 D         : ----->! existscom.android.chrome          <ThreadName= pool-1-thread-1,ThreadId= 163,JavaName= InstalledApp.java,LineNumber= 53,>
06-27 19:49:36.573  2482  2506 D         : ----->com.android.vending          <ThreadName= pool-1-thread-1,ThreadId= 163,JavaName= InstalledApp.java,LineNumber= 51,>
06-27 19:49:36.574  2482  2506 D darientoh: AppsDao isExists: exist??? com.android.vending / 1
06-27 19:49:36.671  2522  2522 D AppChangeReceiver: received: Intent { act=android.intent.action.PACKAGE_ADDED dat=package:com.android.chrome flg=0x4000010 cmp=com.openhourlab.pkginstaller/.service.receiver.AppChangeReceiver (has extras) }
06-27 19:49:36.671  2522  2522 D AppChangeReceiver: packageName: com.android.chrome
06-27 19:49:36.711  1130  1543 I Icing   : IndexChimeraService.getServiceInterface callingPackage=com.google.android.gms componentName=AppsCorpus serviceId=36
06-27 19:49:36.721  2451  2451 I handlerProfiles: type=1400 audit(0.0:63): avc: denied { read } for name="devices" dev="sysfs" ino=7018 scontext=u:r:untrusted_app:s0:c512,c768 tcontext=u:object_r:sysfs:s0 tclass=dir permissive=1
06-27 19:49:36.721  2451  2451 I handlerProfiles: type=1400 audit(0.0:64): avc: denied { open } for path="/sys/bus/usb/devices" dev="sysfs" ino=7018 scontext=u:r:untrusted_app:s0:c512,c768 tcontext=u:object_r:sysfs:s0 tclass=dir permissive=1
06-27 19:49:36.725  2451  2451 I handlerProfiles: type=1400 audit(0.0:65): avc: denied { getattr } for path="/sys/devices/usb.25/ff600000.dwc3/xhci-hcd.0.auto/usb1/1-1/dev" dev="sysfs" ino=14662 scontext=u:r:untrusted_app:s0:c512,c768 tcontext=u:object_r:sysfs:s0 tclass=file permissive=1
06-27 19:49:36.728  2451  2451 I handlerProfiles: type=1400 audit(0.0:66): avc: denied { read } for name="bDeviceClass" dev="sysfs" ino=14673 scontext=u:r:untrusted_app:s0:c512,c768 tcontext=u:object_r:sysfs:s0 tclass=file permissive=1
06-27 19:49:36.728  2451  2451 I handlerProfiles: type=1400 audit(0.0:67): avc: denied { open } for path="/sys/devices/usb.25/ff600000.dwc3/xhci-hcd.0.auto/usb1/1-1/bDeviceClass" dev="sysfs" ino=14673 scontext=u:r:untrusted_app:s0:c512,c768 tcontext=u:object_r:sysfs:s0 tclass=file permissive=1
06-27 19:49:36.770  2482  2482 D         : ----->receivercom.android.chrome          <ThreadName= main,ThreadId= 1,JavaName= AppChangeReceiver.java,LineNumber= 34,>
06-27 19:49:36.784   420   476 I ActivityManager: Start proc 2572:com.svox.pico/u0a39 for broadcast com.svox.pico/.VoiceDataInstallerReceiver
06-27 19:49:36.785   420   476 I ActivityManager: Killing 2375:com.android.keychain/1000 (adj 906): empty #4
06-27 19:49:36.791  2482  2508 D darientoh: AppsDao isExists: exist??? com.android.chrome / 1
06-27 19:49:36.807  2482  2506 D         : ----->com.google.android.youtube.tv          <ThreadName= pool-1-thread-1,ThreadId= 163,JavaName= InstalledApp.java,LineNumber= 51,>
06-27 19:49:36.817  2482  2506 D darientoh: AppsDao isExists: exist??? com.google.android.youtube.tv / 1
06-27 19:49:36.835  1130  2570 I Icing   : IndexChimeraService.getServiceInterface callingPackage=com.google.android.gms componentName=AppsCorpus serviceId=32
06-27 19:49:36.850   420  1256 D ActivityManager: cleanUpApplicationRecord -- 2375
06-27 19:49:36.942  1130  1555 I Icing   : Not sending global search app notification. Search app not installed or not signed properly.
06-27 19:49:36.946  2572  2572 I art     : Starting a blocking GC AddRemoveAppImageSpace
06-27 19:49:37.027  2482  2506 D         : ----->com.rockchips.mediacenter          <ThreadName= pool-1-thread-1,ThreadId= 163,JavaName= InstalledApp.java,LineNumber= 51,>
06-27 19:49:37.030  2482  2506 D darientoh: AppsDao isExists: exist??? com.rockchips.mediacenter / 1
06-27 19:49:37.037  2482  2506 D         : ----->net.dinglisch.android.taskerm          <ThreadName= pool-1-thread-1,ThreadId= 163,JavaName= InstalledApp.java,LineNumber= 51,>
06-27 19:49:37.038  2482  2506 D darientoh: AppsDao isExists: exist??? net.dinglisch.android.taskerm / 1
06-27 19:49:37.059  2482  2506 D         : ----->org.cosinus.launchertv          <ThreadName= pool-1-thread-1,ThreadId= 163,JavaName= InstalledApp.java,LineNumber= 51,>
06-27 19:49:37.060  2482  2506 D darientoh: AppsDao isExists: exist??? org.cosinus.launchertv / 1
06-27 19:49:37.066   420  1255 I ActivityManager: Killing 2427:android.process.acore/u0a3 (adj 906): empty #4
06-27 19:49:37.071  2482  2506 D         : ----->com.android.calculator2          <ThreadName= pool-1-thread-1,ThreadId= 163,JavaName= InstalledApp.java,LineNumber= 51,>
06-27 19:49:37.073  2482  2506 D darientoh: AppsDao isExists: exist??? com.android.calculator2 / 1
06-27 19:49:37.089  1130  2559 I GmscoreIpa: Using TV flags by method 2
06-27 19:49:37.132  2482  2506 D         : ----->com.android.rockchip          <ThreadName= pool-1-thread-1,ThreadId= 163,JavaName= InstalledApp.java,LineNumber= 51,>
06-27 19:49:37.134  2482  2506 D darientoh: AppsDao isExists: exist??? com.android.rockchip / 1
06-27 19:49:37.159  2482  2506 D         : ----->com.cloudmedia.uhd_hdr_benchmark          <ThreadName= pool-1-thread-1,ThreadId= 163,JavaName= InstalledApp.java,LineNumber= 51,>
06-27 19:49:37.160  2482  2506 D darientoh: AppsDao isExists: exist??? com.cloudmedia.uhd_hdr_benchmark / 1
06-27 19:49:37.162   420   460 D ActivityManager: cleanUpApplicationRecord -- 2427
06-27 19:49:37.180  2482  2506 D         : ----->com.rk_itvui.allapp          <ThreadName= pool-1-thread-1,ThreadId= 163,JavaName= InstalledApp.java,LineNumber= 51,>
06-27 19:49:37.188   191  2550 E CameraService: No camera be found ! check again...
06-27 19:49:37.188   191  2550 I CameraService: CameraService process starting
06-27 19:49:37.191  2482  2506 D darientoh: AppsDao isExists: exist??? com.rk_itvui.allapp / 1
06-27 19:49:37.194   191  2550 D CameraHal: createInstance(1011): This machine have not dvp/mipi camera!!
06-27 19:49:37.194   191  2550 E CameraHal: camera_get_number_of_cameras(772): board profiles cam num 0
06-27 19:49:37.195   191  2550 E CameraHal: camera_get_number_of_cameras(837): Open /dev/video0 failed! strr: No such file or directory
06-27 19:49:37.195   191  2550 D CameraHal: camera_get_number_of_cameras(1224): camera_get_number_of_cameras(1224): Current board have 0 cameras attached.
06-27 19:49:37.195   191  2550 D CameraHal: camera_get_number_of_cameras(1227): meida_profiles_xml_control time (4077)us
06-27 19:49:37.195   191  2550 I CameraService: Loaded "RK29_ICS_CameraHal_Module" camera module
06-27 19:49:37.199   191  2550 D CameraHal: createInstance(1011): This machine have not dvp/mipi camera!!
06-27 19:49:37.199   191  2550 E CameraHal: camera_get_number_of_cameras(772): board profiles cam num 0
06-27 19:49:37.199   191  2550 E CameraHal: camera_get_number_of_cameras(837): Open /dev/video0 failed! strr: No such file or directory
06-27 19:49:37.199   191  2550 D CameraHal: camera_get_number_of_cameras(1224): camera_get_number_of_cameras(1224): Current board have 0 cameras attached.
06-27 19:49:37.199   191  2550 D CameraHal: camera_get_number_of_cameras(1227): meida_profiles_xml_control time (4132)us
06-27 19:49:37.202  2522  2522 D AppChangeReceiver: received: Intent { act=android.intent.action.PACKAGE_REPLACED dat=package:com.android.chrome flg=0x4000010 cmp=com.openhourlab.pkginstaller/.service.receiver.AppChangeReceiver (has extras) }
06-27 19:49:37.202  2522  2522 D AppChangeReceiver: packageName: com.android.chrome
06-27 19:49:37.204   191  2550 D CameraHal: createInstance(1011): This machine have not dvp/mipi camera!!
06-27 19:49:37.204   191  2550 E CameraHal: camera_get_number_of_cameras(772): board profiles cam num 0
06-27 19:49:37.204   191  2550 E CameraHal: camera_get_number_of_cameras(837): Open /dev/video0 failed! strr: No such file or directory
06-27 19:49:37.204   191  2550 D CameraHal: camera_get_number_of_cameras(1224): camera_get_number_of_cameras(1224): Current board have 0 cameras attached.
06-27 19:49:37.204   191  2550 D CameraHal: camera_get_number_of_cameras(1227): meida_profiles_xml_control time (5042)us
06-27 19:49:37.206   191   494 W CameraService: doUserSwitch: Received notification of user switch with no updated user IDs.
06-27 19:49:37.218  2451  2588 W Vibrator: Failed to vibrate; no vibrator service.
06-27 19:49:37.261  2482  2506 D         : ----->com.rockchip.wfd          <ThreadName= pool-1-thread-1,ThreadId= 163,JavaName= InstalledApp.java,LineNumber= 51,>
06-27 19:49:37.267  2451  2594 D lvjinhua:  Failed while trying resolve alarm filter file, not exists
06-27 19:49:37.278  1130  2480 I AppsUpload: Received intent with action android.intent.action.PACKAGE_REPLACED
06-27 19:49:37.281  2451  2588 V NFC     : this device does not have NFC support
06-27 19:49:37.321  2482  2506 D darientoh: AppsDao isExists: exist??? com.rockchip.wfd / 1
06-27 19:49:37.322  2482  2506 D         : ----->org.xbmc.rkmc          <ThreadName= pool-1-thread-1,ThreadId= 163,JavaName= InstalledApp.java,LineNumber= 51,>
06-27 19:49:37.323  2482  2506 D darientoh: AppsDao isExists: exist??? org.xbmc.rkmc / 1
06-27 19:49:37.326   420  1707 I ActivityManager: Start proc 2598:com.android.chrome/u0a28 for service com.android.chrome/com.google.ipc.invalidation.ticl.android2.channel.GcmRegistrationTaskService
06-27 19:49:37.383  2482  2506 D         : ----->com.termux          <ThreadName= pool-1-thread-1,ThreadId= 163,JavaName= InstalledApp.java,LineNumber= 51,>
06-27 19:49:37.385  2482  2506 D darientoh: AppsDao isExists: exist??? com.termux / 1
06-27 19:49:37.507  2482  2506 D         : ----->com.termux.boot          <ThreadName= pool-1-thread-1,ThreadId= 163,JavaName= InstalledApp.java,LineNumber= 51,>
06-27 19:49:37.509  2482  2506 D darientoh: AppsDao isExists: exist??? com.termux.boot / 1
06-27 19:49:37.509  2482  2506 D         : ----->net.dinglisch.android.taskerm          <ThreadName= pool-1-thread-1,ThreadId= 163,JavaName= InstalledApp.java,LineNumber= 51,>
06-27 19:49:37.512  2482  2506 D darientoh: AppsDao isExists: exist??? net.dinglisch.android.taskerm / 1
06-27 19:49:37.514   191   191 E CameraService: No camera be found ! check again...
06-27 19:49:37.514   191   191 I CameraService: CameraService process starting
06-27 19:49:37.518   191   191 D CameraHal: createInstance(1011): This machine have not dvp/mipi camera!!
06-27 19:49:37.518   191   191 E CameraHal: camera_get_number_of_cameras(772): board profiles cam num 0
06-27 19:49:37.518   191   191 E CameraHal: camera_get_number_of_cameras(837): Open /dev/video0 failed! strr: No such file or directory
06-27 19:49:37.518   191   191 D CameraHal: camera_get_number_of_cameras(1224): camera_get_number_of_cameras(1224): Current board have 0 cameras attached.
06-27 19:49:37.518   191   191 D CameraHal: camera_get_number_of_cameras(1227): meida_profiles_xml_control time (2029)us
06-27 19:49:37.518   191   191 I CameraService: Loaded "RK29_ICS_CameraHal_Module" camera module
06-27 19:49:37.520   191   191 D CameraHal: createInstance(1011): This machine have not dvp/mipi camera!!
06-27 19:49:37.520   191   191 E CameraHal: camera_get_number_of_cameras(772): board profiles cam num 0
06-27 19:49:37.520   191   191 E CameraHal: camera_get_number_of_cameras(837): Open /dev/video0 failed! strr: No such file or directory
06-27 19:49:37.521   191   191 D CameraHal: camera_get_number_of_cameras(1224): camera_get_number_of_cameras(1224): Current board have 0 cameras attached.
06-27 19:49:37.521   191   191 D CameraHal: camera_get_number_of_cameras(1227): meida_profiles_xml_control time (2104)us
06-27 19:49:37.522   191   191 D CameraHal: createInstance(1011): This machine have not dvp/mipi camera!!
06-27 19:49:37.522   191   191 E CameraHal: camera_get_number_of_cameras(772): board profiles cam num 0
06-27 19:49:37.522   191   191 E CameraHal: camera_get_number_of_cameras(837): Open /dev/video0 failed! strr: No such file or directory
06-27 19:49:37.522   191   191 D CameraHal: camera_get_number_of_cameras(1224): camera_get_number_of_cameras(1224): Current board have 0 cameras attached.
06-27 19:49:37.523   191   191 D CameraHal: camera_get_number_of_cameras(1227): meida_profiles_xml_control time (1932)us
06-27 19:49:37.524   191  2551 W CameraService: doUserSwitch: Received notification of user switch with no updated user IDs.
06-27 19:49:37.534  2451  2612 W Vibrator: Failed to vibrate; no vibrator service.
06-27 19:49:37.583  2451  2612 V NFC     : this device does not have NFC support
06-27 19:49:37.641  1130  2510 W PeopleContactsSync: CP2 sync disabled by gservices.
06-27 19:49:37.832  2451  2596 D ApplicationLoaders: ignored Vulkan layer search path /data/app/com.android.chrome-1/lib/arm64:/data/app/com.android.chrome-1/base.apk!/lib/arm64-v8a:/data/app/com.android.chrome-1/split_config.en.apk!/lib/arm64-v8a for namespace 0x749e7d70f0
06-27 19:49:37.846  2451  2596 I WebViewFactory: Loading com.android.chrome version 75.0.3770.101 (code 377010137)
06-27 19:49:38.092  2451  2596 I cr_LibraryLoader: Time to load native libraries: 8 ms (timestamps 3321-3329)
06-27 19:49:38.182  2451  2596 I chromium: [INFO:library_loader_hooks.cc(50)] Chromium logging enabled: level = 0, default verbosity = 0
06-27 19:49:38.182  2451  2596 I cr_LibraryLoader: Expected native library version number "75.0.3770.101", actual native library version number "75.0.3770.101"
06-27 19:49:38.188  1130  1470 W art     : Long monitor contention with owner lowpool[0] (1555) at boolean java.io.UnixFileSystem.rename0(java.io.File, java.io.File)(UnixFileSystem.java:-2) waiters=1 in long adpm.p(java.lang.String) for 1.747s
06-27 19:49:38.190  1130  1651 W art     : Long monitor contention with owner lowpool[0] (1555) at boolean java.io.UnixFileSystem.rename0(java.io.File, java.io.File)(UnixFileSystem.java:-2) waiters=0 in long adpm.p(java.lang.String) for 2.188s
06-27 19:49:38.295  2451  2621 W System  : ClassLoader referenced unknown path: 
06-27 19:49:38.297  2451  2621 D ApplicationLoaders: ignored Vulkan layer search path /data/app/com.android.chrome-1/lib/arm64:/data/app/com.android.chrome-1/base.apk!/lib/arm64-v8a:/data/app/com.android.chrome-1/split_config.en.apk!/lib/arm64-v8a for namespace 0x749e7d7160
06-27 19:49:38.321   420   476 I ActivityManager: Start proc 2625:com.android.chrome:webview_service/u0a28 for service com.android.chrome/org.chromium.android_webview.services.VariationsSeedServer
06-27 19:49:38.373   420   646 I ActivityManager: START u0 {act=net.dinglisch.android.tasker.SS flg=0x18840004 cmp=net.dinglisch.android.taskerm/.SceneActivity (has extras)} from uid 10055 on display 0
06-27 19:49:38.433  2451  2451 D lvjinhua:  Failed while trying resolve alarm filter file, not exists
06-27 19:49:38.448  1130  1543 W art     : Long monitor contention with owner lowpool[0] (1555) at boolean java.io.UnixFileSystem.rename0(java.io.File, java.io.File)(UnixFileSystem.java:-2) waiters=2 in acsi acsl.c(java.lang.String) for 1.521s
06-27 19:49:38.449  1130  2570 W art     : Long monitor contention with owner lowpool[0] (1555) at boolean java.io.UnixFileSystem.rename0(java.io.File, java.io.File)(UnixFileSystem.java:-2) waiters=3 in acsi acsl.c(java.lang.String) for 1.522s
06-27 19:49:38.457  1130  1470 W art     : Long monitor contention with owner lowpool[0] (1555) at void acsp.a(acuc, actj, acsz)(:com.google.android.gms@17785019@17.7.85 (040400-253824076):149) waiters=3 in long adpm.p(java.lang.String) for 260ms
06-27 19:49:38.569  1130  1555 I Icing   : updateResources: need to parse acsi{com.android.chrome}
06-27 19:49:38.664  2451  2451 I [Gralloc]:  ion device open success! fd = 62
06-27 19:49:38.687   420   460 I ActivityManager: Killing 2572:com.svox.pico/u0a39 (adj 906): empty #4
06-27 19:49:38.699   420   460 I ActivityManager: Killing 2522:com.openhourlab.pkginstaller/u0a13 (adj 906): empty #4
06-27 19:49:38.710  2451  2647 I mali_so : [File] : hardware/rockchip/driver/./src/base/arch/arch_011_udd/base_arch_main.c; [Line] : 565; [Func] : deal_with_version_affairs_rk_ext;
06-27 19:49:38.710  2451  2647 I mali_so : arm_release_ver of this mali_so is 'r7p0-00rel1', rk_so_ver is '1@2' for 3328h_android_7.1, built at '15:47:51', on 'Jun 28 2017'.
06-27 19:49:38.710  2451  2647 I mali_so : [File] : hardware/rockchip/driver/./src/base/arch/arch_011_udd/base_arch_main.c; [Line] : 578; [Func] : deal_with_version_affairs_rk_ext;
06-27 19:49:38.710  2451  2647 I mali_so : mali_ver_property has been set to 'r7p0-00rel1-5-1@2', to return.
06-27 19:49:38.712  2451  2647 I OpenGLRenderer: Initialized EGL, version 1.4
06-27 19:49:38.712  2451  2647 D OpenGLRenderer: Swap behavior 1
06-27 19:49:38.750   420  1255 D ActivityManager: cleanUpApplicationRecord -- 2572
06-27 19:49:38.780   420  1850 D ActivityManager: cleanUpApplicationRecord -- 2522
06-27 19:49:38.799  2451  2451 I cr_BrowserStartup: Initializing chromium process, singleProcess=true
06-27 19:49:38.810  2451  2451 W ResourceType: Failure getting entry for 0x7f130537 (t=18 e=1335) (error -2147483647)
06-27 19:49:38.951  2625  2655 D NetworkSecurityConfig: Using Network Security Config from resource network_security_config debugBuild: false
06-27 19:49:39.058   877  1123 W awmy    : Empty context buffer. Thus might mean that the context is not synced down.
06-27 19:49:39.059   877  1123 W awhk    : Empty context model while retrieving upload opt-in status!
06-27 19:49:39.070  2451  2451 E chromium: [ERROR:filesystem_posix.cc(89)] stat /data/user/0/net.dinglisch.android.taskerm/cache/WebView/Crashpad: No such file or directory (2)
06-27 19:49:39.070  2451  2451 E chromium: [ERROR:filesystem_posix.cc(62)] mkdir /data/user/0/net.dinglisch.android.taskerm/cache/WebView/Crashpad: No such file or directory (2)
06-27 19:49:39.153   420  1256 D ConnectivityService: listenForNetwork for uid/pid:10055/2451 NetworkRequest [ LISTEN id=9, [ Capabilities: INTERNET&NOT_RESTRICTED&TRUSTED] ]
06-27 19:49:39.154   420   526 D ConnectivityService: rematching NetworkAgentInfo [Ethernet () - 100]
06-27 19:49:39.154   420   526 D ConnectivityService:  network has: [ Transports: ETHERNET Capabilities: INTERNET&NOT_RESTRICTED&TRUSTED&NOT_VPN&VALIDATED&FOREGROUND LinkUpBandwidth>=100000Kbps LinkDnBandwidth>=100000Kbps]
06-27 19:49:39.154   420   526 D ConnectivityService: Network NetworkAgentInfo [Ethernet () - 100] was already satisfying request 1. No change.
06-27 19:49:39.154   420   526 D ConnectivityService: sending notification AVAILABLE for NetworkRequest [ LISTEN id=9, [ Capabilities: INTERNET&NOT_RESTRICTED&TRUSTED] ]
06-27 19:49:39.202   877  1202 W awmy    : Empty context buffer. Thus might mean that the context is not synced down.
06-27 19:49:39.202   877  1202 W awhk    : Empty context model while retrieving upload opt-in status!
06-27 19:49:39.335  2451  2672 E libEGL  : validate_display:99 error 3008 (EGL_BAD_DISPLAY)
06-27 19:49:39.336  2451  2672 E chromium: [ERROR:gl_surface_egl.cc(343)] eglChooseConfig failed with error EGL_BAD_ATTRIBUTE
06-27 19:49:39.348  2451  2451 W View    : requestLayout() improperly called by net.dinglisch.android.taskerm.MyRelativeLayout{2d5aa07 V.E...... ......ID 415,172-865,547} during layout: running second layout pass
06-27 19:49:39.348  2451  2451 W View    : requestLayout() improperly called by net.dinglisch.android.taskerm.MyWebView{731b734 VFEDHVCL. ......I. 0,0-0,0} during layout: running second layout pass
06-27 19:49:39.553  2625  2655 I cr_VariationsSeedFetch: Fetched first run seed in 723 ms
06-27 19:49:39.656   420  1707 D ConnectivityService: listenForNetwork for uid/pid:10055/2451 NetworkRequest [ LISTEN id=10, [ Capabilities: INTERNET&NOT_RESTRICTED&TRUSTED] ]
06-27 19:49:39.659  2451  2672 E chromium: [ERROR:gl_surface_egl.cc(343)] eglChooseConfig failed with error EGL_BAD_ATTRIBUTE
06-27 19:49:39.659   420   526 D ConnectivityService: rematching NetworkAgentInfo [Ethernet () - 100]
06-27 19:49:39.659   420   526 D ConnectivityService:  network has: [ Transports: ETHERNET Capabilities: INTERNET&NOT_RESTRICTED&TRUSTED&NOT_VPN&VALIDATED&FOREGROUND LinkUpBandwidth>=100000Kbps LinkDnBandwidth>=100000Kbps]
06-27 19:49:39.659   420   526 D ConnectivityService: Network NetworkAgentInfo [Ethernet () - 100] was already satisfying request 1. No change.
06-27 19:49:39.660   420   526 D ConnectivityService: sending notification AVAILABLE for NetworkRequest [ LISTEN id=10, [ Capabilities: INTERNET&NOT_RESTRICTED&TRUSTED] ]
06-27 19:49:39.733  2451  2451 I Choreographer: Skipped 62 frames!  The application may be doing too much work on its main thread.
06-27 19:49:39.830  2451  2451 W View    : requestLayout() improperly called by net.dinglisch.android.taskerm.MyRelativeLayout{2d5aa07 V.E...... ......ID 0,0-450,375} during second layout pass: posting in next frame
06-27 19:49:39.830  2451  2451 W View    : requestLayout() improperly called by net.dinglisch.android.taskerm.MyWebView{731b734 VFEDHVCL. .F....ID 0,0-450,375} during second layout pass: posting in next frame
06-27 19:49:39.831   420   485 I ActivityManager: Displayed net.dinglisch.android.taskerm/.SceneActivity: +1s433ms
06-27 19:49:39.851  2451  2672 I VideoCapabilities: Unsupported profile 4 for video/mp4v-es
06-27 19:49:39.867  2451  2672 W cr_MediaCodecUtil: HW encoder for video/avc is not available on this device.
06-27 19:49:40.015  1130  1555 I Icing   : Not sending global search app notification. Search app not installed or not signed properly.
06-27 19:49:40.292  2451  2457 I art     : Do partial code cache collection, code=29KB, data=30KB
06-27 19:49:40.293  2451  2457 I art     : After code cache collection, code=28KB, data=29KB
06-27 19:49:40.293  2451  2457 I art     : Increasing code cache capacity to 128KB
06-27 19:49:41.120  1130  1555 I Icing   : Usage reports ok 0, Failed Usage reports 0, indexed 0, rejected 0
