06-26 20:00:06.555   426   426 W PackageManager: Unknown permission android.permission.CONTROL_KEYGUARD_SECURE_NOTIFICATIONS in package com.google.android.gms
06-26 20:00:06.555   426   426 W PackageManager: Unknown permission com.google.android.gm.permission.READ_GMAIL in package com.google.android.gms
06-26 20:00:06.555   426   426 W PackageManager: Unknown permission com.android.launcher.permission.PRELOAD_WORKSPACE in package com.google.android.partnersetup
06-26 20:00:06.555   426   426 W PackageManager: Not granting permission android.permission.DELETE_PACKAGES to package com.svox.pico (protectionLevel=18 flags=0x3808be45)
06-26 20:00:06.555   426   426 W PackageManager: Not granting permission android.permission.CONTROL_KEYGUARD to package com.google.android.gsf.login (protectionLevel=2 flags=0x3048be45)
06-26 20:00:06.555   426   426 W PackageManager: Unknown permission com.android.vending.billing.IBillingAccountService.BIND2 in package com.google.android.gsf.login
06-26 20:00:06.556   426   426 W PackageManager: Unknown permission com.android.launcher.permission.READ_SETTINGS in package com.android.settings
06-26 20:00:06.556   426   426 W PackageManager: Unknown permission com.android.launcher.permission.WRITE_SETTINGS in package com.android.settings
06-26 20:00:06.556   426   426 W PackageManager: Not granting permission android.permission.WRITE_EXTERNAL_STORAGE to package com.termux because it was previously installed without
06-26 20:00:06.556   426   426 W PackageManager: Unknown permission android.permission.FOREGROUND_SERVICE in package com.termux
06-26 20:00:06.556   426   426 W PackageManager: Not granting permission android.permission.READ_EXTERNAL_STORAGE to package com.termux because it was previously installed without
06-26 20:00:06.557   426   426 W PackageManager: Unknown permission com.android.launcher.permission.READ_SETTINGS in package com.DeviceTest
06-26 20:00:06.557   426   426 W PackageManager: Unknown permission com.google.android.gallery3d.permission.GALLERY_PROVIDER in package com.android.bluetooth
06-26 20:00:06.557   426   426 W PackageManager: Unknown permission com.android.gallery3d.permission.GALLERY_PROVIDER in package com.android.bluetooth
06-26 20:00:06.557   426   426 W PackageManager: Unknown permission android.permission.PROCESS_PHONE_ACCOUNT_REGISTRATION in package com.android.providers.contacts
06-26 20:00:06.557   426   426 V PackageManager: reconcileAppsData for null u0 0x3
06-26 20:00:06.935   426   426 V PackageManager: reconcileAppsData finished 72 packages
06-26 20:00:07.044   426   426 D PackageManager: Ephemeral resolver NOT found; no matching intent filters
06-26 20:00:07.044   426   426 I PackageManager: Ephemeral deactivated; missing resolver and installer
06-26 20:00:07.083   426   426 I SystemServer: StartOtaDexOptService
06-26 20:00:07.088   426   426 I SystemServer: StartUserManagerService
06-26 20:00:07.089   426   426 I SystemServiceManager: Starting com.android.server.pm.UserManagerService$LifeCycle
06-26 20:00:07.100   426   426 I SystemServiceManager: Starting com.android.server.BatteryService
06-26 20:00:07.105   426   426 I SystemServiceManager: Starting com.android.server.usage.UsageStatsService
06-26 20:00:07.115   426   426 I SystemServiceManager: Starting com.android.server.webkit.WebViewUpdateService
06-26 20:00:07.119   426   426 I SystemServer: isBox stop some start....
06-26 20:00:07.120   426   426 I SystemServer: Reading configuration...
06-26 20:00:07.120   426   426 I SystemServer: StartSchedulingPolicyService
06-26 20:00:07.121   426   426 I SystemServiceManager: Starting com.android.server.telecom.TelecomLoaderService
06-26 20:00:07.122   426   426 I SystemServer: StartTelephonyRegistry
06-26 20:00:07.127   426   426 I SystemServer: StartEntropyMixer
06-26 20:00:07.129   426   426 I EntropyMixer: Writing entropy...
06-26 20:00:07.140   426   426 I SystemServer: Camera Service
06-26 20:00:07.141   426   426 I SystemServiceManager: Starting com.android.server.camera.CameraService
06-26 20:00:07.142   426   500 I ServiceThread: Enabled StrictMode logging for CameraService_proxy looper.
06-26 20:00:07.144   426   426 I SystemServer: StartAccountManagerService
06-26 20:00:07.144   426   426 I SystemServiceManager: Starting com.android.server.accounts.AccountManagerService$Lifecycle
06-26 20:00:07.152   426   426 I SystemServer: StartContentService
06-26 20:00:07.153   426   426 I SystemServiceManager: Starting com.android.server.content.ContentService$Lifecycle
06-26 20:00:07.155   426   426 I SystemServer: InstallSystemProviders
06-26 20:00:07.186   426   426 I SystemServer: StartConsumerIrService
06-26 20:00:07.187   426   426 I SystemServer: StartAlarmManagerService
06-26 20:00:07.187   426   426 I SystemServiceManager: Starting com.android.server.AlarmManagerService
06-26 20:00:07.196   426   426 I SystemServer: InitWatchdog
06-26 20:00:07.197   426   426 I SystemServer: StartInputManagerService
06-26 20:00:07.197   426   426 I InputManager: Initializing input manager, mUseDevInputEventForAudioJack=false
06-26 20:00:07.199   426   426 I SystemServer: StartWindowManagerService
06-26 20:00:07.214   426   488 I WindowManager: No existing display settings /data/system/display_settings.xml; starting empty
06-26 20:00:07.246   426   426 I SystemServer: StartVrManagerService
06-26 20:00:07.246   426   426 I SystemServiceManager: Starting com.android.server.vr.VrManagerService
06-26 20:00:07.251   426   426 I InputManager: Starting input manager
06-26 20:00:07.255   426   426 I SystemServer: No Bluetooth Service (Bluetooth Hardware Not Present)
06-26 20:00:07.255   426   426 I SystemServer: ConnectivityMetricsLoggerService
06-26 20:00:07.256   426   426 I SystemServiceManager: Starting com.android.server.connectivity.MetricsLoggerService
06-26 20:00:07.257   426   426 I SystemServer: IpConnectivityMetrics
06-26 20:00:07.257   426   426 I SystemServiceManager: Starting com.android.server.connectivity.IpConnectivityMetrics
06-26 20:00:07.258   426   426 I SystemServer: PinnerService
06-26 20:00:07.259   426   426 I SystemServiceManager: Starting com.android.server.PinnerService
06-26 20:00:07.260   426   426 I SystemServiceManager: Starting com.android.server.InputMethodManagerService$Lifecycle
06-26 20:00:07.269   426   426 I InputMethodManagerService: All the enabled IMEs are gone. Reset default enabled IMEs.
06-26 20:00:07.269   426   426 W InputMethodUtils: Found no fallback locale. imis=[]
06-26 20:00:07.269   426   426 W InputMethodUtils: No software keyboard is found. imis=[] fallbackLocale=null
06-26 20:00:07.272   426   426 I SystemServer: StartAccessibilityManagerService
06-26 20:00:07.280   426   426 I ActivityManager: Config changes=1df8 {1.0 ?mcc?mnc [en_US] ldltr sw720dp w1280dp h720dp 160dpi xlrg long land ?uimode ?night -touch -keyb/v/h dpad/v s.2}
06-26 20:00:07.285   426   480 E PinnerService: Could not pin file /system/framework/arm64/boot-framework.oat with error open failed: ENOENT (No such file or directory)
06-26 20:00:07.285   426   480 E PinnerService: Failed to pin file = /system/framework/arm64/boot-framework.oat
06-26 20:00:07.286   426   480 E PinnerService: Could not pin file /system/framework/oat/arm64/services.odex with error open failed: ENOENT (No such file or directory)
06-26 20:00:07.286   426   480 E PinnerService: Failed to pin file = /system/framework/oat/arm64/services.odex
06-26 20:00:07.286   426   480 E PinnerService: Could not pin file /system/framework/arm64/boot.oat with error open failed: ENOENT (No such file or directory)
06-26 20:00:07.286   426   480 E PinnerService: Failed to pin file = /system/framework/arm64/boot.oat
06-26 20:00:07.286   426   480 E PinnerService: Could not pin file /system/framework/arm64/boot-core-libart.oat with error open failed: ENOENT (No such file or directory)
06-26 20:00:07.286   426   480 E PinnerService: Failed to pin file = /system/framework/arm64/boot-core-libart.oat
06-26 20:00:07.334   426   426 I ActivityManager: Config changes=10 {1.0 ?mcc?mnc [en_US] ldltr sw720dp w1280dp h720dp 160dpi xlrg long land ?uimode ?night -touch qwerty/v/h dpad/v s.3}
06-26 20:00:07.341   426   426 I SystemServiceManager: Starting com.android.server.MountService$Lifecycle
06-26 20:00:07.359   426   426 I SystemServer: start UiModeManagerService.
06-26 20:00:07.359   426   426 I SystemServiceManager: Starting com.android.server.UiModeManagerService
06-26 20:00:07.359   426   514 D MountService: Thinking about init, mSystemReady=false, mDaemonConnected=true
06-26 20:00:07.359   426   514 D MountService: Thinking about reset, mSystemReady=false, mDaemonConnected=true
06-26 20:00:07.359   426   514 D MountService: Thinking about init, mSystemReady=false, mDaemonConnected=true
06-26 20:00:07.359   426   514 D MountService: Thinking about reset, mSystemReady=false, mDaemonConnected=true
06-26 20:00:07.360   426   514 D CryptdConnector: SND -> {1 cryptfs getfield SystemLocale}
06-26 20:00:07.361   426   516 D CryptdConnector: RCV <- {200 1 -1}
06-26 20:00:07.361   426   426 I ActivityManager: Config changes=200 {1.0 ?mcc?mnc [en_US] ldltr sw720dp w1280dp h720dp 160dpi xlrg long land television -touch qwerty/v/h dpad/v s.4}
06-26 20:00:07.363   426   514 W MountService: No primary storage mounted!
06-26 20:00:07.363   426   514 D VoldConnector: SND -> {1 asec list}
06-26 20:00:07.364   426   515 D VoldConnector: RCV <- {200 1 asec operation succeeded}
06-26 20:00:07.366   426   514 W PackageManager: Unknown permission android.permission.ACCESS_ALL_EXTERNAL_STORAGE in package com.example.changeled
06-26 20:00:07.366   426   514 W PackageManager: Not granting permission com.google.android.googleapps.permission.GOOGLE_AUTH to package com.android.providers.calendar (protectionLevel=2 flags=0x30083e45)
06-26 20:00:07.366   426   514 W PackageManager: Not granting permission com.google.android.googleapps.permission.GOOGLE_AUTH.cl to package com.android.providers.calendar (protectionLevel=2 flags=0x30083e45)
06-26 20:00:07.367   426   514 W PackageManager: Not granting permission android.permission.READ_PRIVILEGED_PHONE_STATE to package com.android.vending (protectionLevel=18 flags=0x384abec5)
06-26 20:00:07.367   426   514 W PackageManager: Not granting permission android.permission.SEND_DOWNLOAD_COMPLETED_INTENTS to package com.android.vending (protectionLevel=2 flags=0x384abec5)
06-26 20:00:07.367   426   514 W PackageManager: Unknown permission android.permission.USE_BIOMETRIC in package com.android.vending
06-26 20:00:07.367   426   514 W PackageManager: Not granting permission android.permission.BACKUP to package com.android.vending (protectionLevel=18 flags=0x384abec5)
06-26 20:00:07.367   426   514 W PackageManager: Not granting permission android.permission.CONNECTIVITY_INTERNAL to package com.android.vending (protectionLevel=18 flags=0x384abec5)
06-26 20:00:07.367   426   514 W PackageManager: Not granting permission android.permission.DUMP to package com.android.vending (protectionLevel=50 flags=0x384abec5)
06-26 20:00:07.367   426   514 W PackageManager: Unknown permission android.permission.ALLOCATE_AGGRESSIVE in package com.android.vending
06-26 20:00:07.367   426   514 W PackageManager: Not granting permission android.permission.GET_APP_OPS_STATS to package com.android.vending (protectionLevel=50 flags=0x384abec5)
06-26 20:00:07.367   426   514 W PackageManager: Not granting permission android.permission.SET_PREFERRED_APPLICATIONS to package com.android.vending (protectionLevel=2 flags=0x384abec5)
06-26 20:00:07.367   426   514 W PackageManager: Unknown permission android.permission.ACCESS_INSTANT_APPS in package com.android.vending
06-26 20:00:07.367   426   514 W PackageManager: Not granting permission android.permission.UPDATE_DEVICE_STATS to package com.android.vending (protectionLevel=18 flags=0x384abec5)
06-26 20:00:07.367   426   514 W PackageManager: Unknown permission android.permission.MANAGE_APP_OPS_MODES in package com.android.vending
06-26 20:00:07.367   426   514 W PackageManager: Unknown permission android.permission.MANAGE_ROLLBACKS in package com.android.vending
06-26 20:00:07.367   426   514 W PackageManager: Unknown permission android.permission.SET_HARMFUL_APP_WARNINGS in package com.android.vending
06-26 20:00:07.367   426   514 W PackageManager: Unknown permission com.sec.android.provider.badge.permission.READ in package com.android.vending
06-26 20:00:07.367   426   514 W PackageManager: Unknown permission com.sec.android.provider.badge.permission.WRITE in package com.android.vending
06-26 20:00:07.368   426   514 W PackageManager: Unknown permission com.htc.launcher.permission.READ_SETTINGS in package com.android.vending
06-26 20:00:07.368   426   514 W PackageManager: Unknown permission com.htc.launcher.permission.UPDATE_SHORTCUT in package com.android.vending
06-26 20:00:07.368   426   514 W PackageManager: Unknown permission com.sonyericsson.home.permission.BROADCAST_BADGE in package com.android.vending
06-26 20:00:07.368   426   514 W PackageManager: Unknown permission com.sonymobile.home.permission.PROVIDER_INSERT_BADGE in package com.android.vending
06-26 20:00:07.368   426   514 W PackageManager: Unknown permission com.anddoes.launcher.permission.UPDATE_COUNT in package com.android.vending
06-26 20:00:07.368   426   514 W PackageManager: Unknown permission com.majeur.launcher.permission.UPDATE_BADGE in package com.android.vending
06-26 20:00:07.368   426   514 W PackageManager: Unknown permission com.huawei.android.launcher.permission.CHANGE_BADGE in package com.android.vending
06-26 20:00:07.368   426   514 W PackageManager: Unknown permission com.huawei.android.launcher.permission.READ_SETTINGS in package com.android.vending
06-26 20:00:07.368   426   514 W PackageManager: Unknown permission com.huawei.android.launcher.permission.WRITE_SETTINGS in package com.android.vending
06-26 20:00:07.368   426   514 W PackageManager: Unknown permission android.permission.READ_APP_BADGE in package com.android.vending
06-26 20:00:07.368   426   514 W PackageManager: Unknown permission com.oppo.launcher.permission.READ_SETTINGS in package com.android.vending
06-26 20:00:07.368   426   514 W PackageManager: Unknown permission com.oppo.launcher.permission.WRITE_SETTINGS in package com.android.vending
06-26 20:00:07.368   426   514 W PackageManager: Unknown permission org.chromium.arc.apkcacheprovider.permission.READ_CACHE in package com.android.vending
06-26 20:00:07.368   426   514 W PackageManager: Unknown permission org.chromium.arc.apkcacheprovider.permission.WRITE_CACHE in package com.android.vending
06-26 20:00:07.368   426   514 W PackageManager: Not granting permission android.permission.SUBSTITUTE_NOTIFICATION_APP_NAME to package com.android.vending (protectionLevel=18 flags=0x384abec5)
06-26 20:00:07.368   426   514 W PackageManager: Unknown permission android.permission.READ_RUNTIME_PROFILES in package com.android.vending
06-26 20:00:07.368   426   514 W PackageManager: Unknown permission android.permission.FOREGROUND_SERVICE in package com.android.vending
06-26 20:00:07.368   426   514 W PackageManager: Not granting permission android.permission.REBOOT to package com.android.vending (protectionLevel=18 flags=0x384abec5)
06-26 20:00:07.368   426   514 W PackageManager: Unknown permission android.permission.START_ACTIVITIES_FROM_BACKGROUND in package com.android.vending
06-26 20:00:07.368   426   514 W PackageManager: Unknown permission android.permission.CHANGE_OVERLAY_PACKAGES in package com.android.vending
06-26 20:00:07.368   426   514 W PackageManager: Unknown permission android.permission.SEND_DEVICE_CUSTOMIZATION_READY in package com.android.vending
06-26 20:00:07.368   426   514 W PackageManager: Unknown permission cyanogenmod.permission.PUBLISH_CUSTOM_TILE in package net.dinglisch.android.taskerm
06-26 20:00:07.368   426   514 W PackageManager: Unknown permission android.permission.REQUEST_COMPANION_RUN_IN_BACKGROUND in package net.dinglisch.android.taskerm
06-26 20:00:07.368   426   514 W PackageManager: Unknown permission android.permission.REQUEST_COMPANION_USE_DATA_IN_BACKGROUND in package net.dinglisch.android.taskerm
06-26 20:00:07.368   426   514 W PackageManager: Not granting permission android.permission.BODY_SENSORS to package net.dinglisch.android.taskerm because it was previously installed without
06-26 20:00:07.368   426   514 W PackageManager: Not granting permission android.permission.WRITE_CALL_LOG to package net.dinglisch.android.taskerm because it was previously installed without
06-26 20:00:07.368   426   514 W PackageManager: Not granting permission android.permission.READ_CALL_LOG to package net.dinglisch.android.taskerm because it was previously installed without
06-26 20:00:07.368   426   514 W PackageManager: Not granting permission android.permission.RECEIVE_SMS to package net.dinglisch.android.taskerm because it was previously installed without
06-26 20:00:07.368   426   514 W PackageManager: Unknown permission com.latedroid.juicedefender.permission.CONTROL_JUICEDEFENDER in package net.dinglisch.android.taskerm
06-26 20:00:07.368   426   514 W PackageManager: Unknown permission com.latedroid.juicedefender.permission.TOGGLE_MOBILE_DATA in package net.dinglisch.android.taskerm
06-26 20:00:07.368   426   514 W PackageManager: Not granting permission android.permission.MODIFY_PHONE_STATE to package net.dinglisch.android.taskerm (protectionLevel=18 flags=0x1809be44)
06-26 20:00:07.368   426   514 W PackageManager: Unknown permission com.android.phone.CHANGE_NETWORK_MODE in package net.dinglisch.android.taskerm
06-26 20:00:07.368   426   514 W PackageManager: Not granting permission android.permission.WRITE_EXTERNAL_STORAGE to package net.dinglisch.android.taskerm because it was previously installed without
06-26 20:00:07.368   426   514 W PackageManager: Not granting permission android.permission.RECORD_AUDIO to package net.dinglisch.android.taskerm because it was previously installed without
06-26 20:00:07.369   426   514 W PackageManager: Not granting permission android.permission.READ_PHONE_STATE to package net.dinglisch.android.taskerm because it was previously installed without
06-26 20:00:07.369   426   514 W PackageManager: Not granting permission android.permission.SEND_SMS to package net.dinglisch.android.taskerm because it was previously installed without
06-26 20:00:07.369   426   514 W PackageManager: Not granting permission android.permission.READ_SMS to package net.dinglisch.android.taskerm because it was previously installed without
06-26 20:00:07.369   426   514 W PackageManager: Not granting permission android.permission.ACCESS_FINE_LOCATION to package net.dinglisch.android.taskerm because it was previously installed without
06-26 20:00:07.369   426   514 W PackageManager: Not granting permission android.permission.ACCESS_COARSE_LOCATION to package net.dinglisch.android.taskerm because it was previously installed without
06-26 20:00:07.369   426   514 W PackageManager: Not granting permission android.permission.CAMERA to package net.dinglisch.android.taskerm because it was previously installed without
06-26 20:00:07.369   426   514 W PackageManager: Not granting permission android.permission.PROCESS_OUTGOING_CALLS to package net.dinglisch.android.taskerm because it was previously installed without
06-26 20:00:07.369   426   514 W PackageManager: Not granting permission android.permission.READ_CONTACTS to package net.dinglisch.android.taskerm because it was previously installed without
06-26 20:00:07.369   426   514 W PackageManager: Not granting permission android.permission.WRITE_CONTACTS to package net.dinglisch.android.taskerm because it was previously installed without
06-26 20:00:07.369   426   514 W PackageManager: Not granting permission android.permission.CALL_PHONE to package net.dinglisch.android.taskerm because it was previously installed without
06-26 20:00:07.369   426   514 W PackageManager: Not granting permission android.permission.READ_CALENDAR to package net.dinglisch.android.taskerm because it was previously installed without
06-26 20:00:07.369   426   514 W PackageManager: Not granting permission android.permission.WRITE_CALENDAR to package net.dinglisch.android.taskerm because it was previously installed without
06-26 20:00:07.369   426   514 W PackageManager: Not granting permission android.permission.WRITE_SECURE_SETTINGS to package net.dinglisch.android.taskerm (protectionLevel=50 flags=0x1809be44)
06-26 20:00:07.369   426   514 W PackageManager: Not granting permission android.permission.DUMP to package net.dinglisch.android.taskerm (protectionLevel=50 flags=0x1809be44)
06-26 20:00:07.369   426   514 W PackageManager: Not granting permission android.permission.CHANGE_CONFIGURATION to package net.dinglisch.android.taskerm (protectionLevel=50 flags=0x1809be44)
06-26 20:00:07.369   426   514 W PackageManager: Not granting permission android.permission.TETHER_PRIVILEGED to package net.dinglisch.android.taskerm (protectionLevel=18 flags=0x1809be44)
06-26 20:00:07.369   426   514 W PackageManager: Unknown permission android.permission.ANSWER_PHONE_CALLS in package net.dinglisch.android.taskerm
06-26 20:00:07.369   426   514 W PackageManager: Not granting permission android.permission.CAPTURE_AUDIO_OUTPUT to package net.dinglisch.android.taskerm (protectionLevel=18 flags=0x1809be44)
06-26 20:00:07.369   426   514 W PackageManager: Unknown permission android.permission.FOREGROUND_SERVICE in package net.dinglisch.android.taskerm
06-26 20:00:07.369   426   514 W PackageManager: Unknown permission android.permission.USE_BIOMETRIC in package net.dinglisch.android.taskerm
06-26 20:00:07.369   426   514 W PackageManager: Unknown permission android.permission.SET_MEDIA_KEY_LISTENER in package net.dinglisch.android.taskerm
06-26 20:00:07.369   426   514 W PackageManager: Unknown permission android.permission.READ_CLIPBOARD_IN_BACKGROUND in package net.dinglisch.android.taskerm
06-26 20:00:07.369   426   514 W PackageManager: Unknown permission android.permission.SET_VOLUME_KEY_LONG_PRESS_LISTENER in package net.dinglisch.android.taskerm
06-26 20:00:07.369   426   514 W PackageManager: Not granting permission android.permission.READ_EXTERNAL_STORAGE to package net.dinglisch.android.taskerm because it was previously installed without
06-26 20:00:07.370   426   514 W PackageManager: Unknown permission android.Manifest.permission.INJECT_EVENTS in package com.rockchip.devicetest
06-26 20:00:07.370   426   514 W PackageManager: Unknown permission com.rockchips.mediacenter.localscan.PROTECT in package com.rockchips.mediacenter
06-26 20:00:07.370   426   514 W PackageManager: Unknown permission com.rockchips.android.airsharing.PROTECT in package com.rockchips.mediacenter
06-26 20:00:07.370   426   514 W PackageManager: Unknown permission com.android.permission.airsharing_play_interface in package com.rockchips.mediacenter
06-26 20:00:07.370   426   514 W PackageManager: Unknown permission com.android.permission.airsharing_mediabrowser_interface in package com.rockchips.mediacenter
06-26 20:00:07.370   426   514 W PackageManager: Unknown permission com.rockchips.mediacenter.dlna_server in package com.rockchips.mediacenter
06-26 20:00:07.370   426   514 W PackageManager: Unknown permission com.rockchips.mediacenter.localscan_server in package com.rockchips.mediacenter
06-26 20:00:07.370   426   514 W PackageManager: Unknown permission com.android.rockchips.permission.MEDIACENTER_SEND_RECV in package com.rockchips.mediacenter
06-26 20:00:07.370   426   514 W PackageManager: Unknown permission android.permission.ACCESS_SUPERUSER in package com.rockchips.mediacenter
06-26 20:00:07.370   426   514 W PackageManager: Not granting permission android.permission.INTERACT_ACROSS_USERS to package com.google.android.syncadapters.contacts (protectionLevel=50 flags=0x38083e45)
06-26 20:00:07.370   426   514 W PackageManager: Unknown permission com.google.android.syncadapters.contacts.permission.GAL_SEARCH in package com.google.android.syncadapters.contacts
06-26 20:00:07.370   426   514 W PackageManager: Unknown permission android.permission.FOREGROUND_SERVICE in package com.android.chrome
06-26 20:00:07.370   426   514 W PackageManager: Unknown permission com.chrome.permission.DEVICE_EXTRAS in package com.android.chrome
06-26 20:00:07.370   426   514 W PackageManager: Unknown permission com.google.android.apps.now.CURRENT_ACCOUNT_ACCESS in package com.android.chrome
06-26 20:00:07.370   426   514 W PackageManager: Unknown permission com.sec.enterprise.knox.MDM_CONTENT_PROVIDER in package com.android.chrome
06-26 20:00:07.370   426   514 W PackageManager: Unknown permission com.google.android.permission.INSTALL_WEARABLE_PACKAGES in package com.google.android.packageinstaller
06-26 20:00:07.371   426   514 W PackageManager: Unknown permission android.permission.FOREGROUND_SERVICE in package com.google.android.gms
06-26 20:00:07.371   426   514 W PackageManager: Unknown permission android.permission.START_ACTIVITIES_FROM_BACKGROUND in package com.google.android.gms
06-26 20:00:07.371   426   514 W PackageManager: Unknown permission android.permission.REMOTE_DISPLAY_PROVIDER in package com.google.android.gms
06-26 20:00:07.371   426   514 W PackageManager: Not granting permission android.permission.DISPATCH_PROVISIONING_MESSAGE to package com.google.android.gms (protectionLevel=18 flags=0xb8483ec5)
06-26 20:00:07.371   426   514 W PackageManager: Unknown permission android.permission.RECOVER_KEYSTORE in package com.google.android.gms
06-26 20:00:07.371   426   514 W PackageManager: Unknown permission android.permission.PRE_FACTORY_RESET in package com.google.android.gms
06-26 20:00:07.371   426   514 W PackageManager: Unknown permission com.google.android.apps.enterprise.dmagent.permission.AutoSyncPermission in package com.google.android.gms
06-26 20:00:07.371   426   514 W PackageManager: Unknown permission android.permission.ALLOCATE_AGGRESSIVE in package com.google.android.gms
06-26 20:00:07.371   426   514 W PackageManager: Unknown permission android.car.permission.CAR_POWER in package com.google.android.gms
06-26 20:00:07.371   426   514 W PackageManager: Unknown permission com.google.android.wearable.WRITE_SETTINGS in package com.google.android.gms
06-26 20:00:07.371   426   514 W PackageManager: Unknown permission com.felicanetworks.mfc.permission.MFC_ACCESS in package com.google.android.gms
06-26 20:00:07.371   426   514 W PackageManager: Unknown permission com.felicanetworks.mfc.mfi.permission.MFI_ACCESS in package com.google.android.gms
06-26 20:00:07.371   426   514 W PackageManager: Unknown permission android.permission.ACCESS_BACKGROUND_LOCATION in package com.google.android.gms
06-26 20:00:07.371   426   514 W PackageManager: Unknown permission com.google.android.googlequicksearchbox.permission.PAUSE_HOTWORD in package com.google.android.gms
06-26 20:00:07.371   426   514 W PackageManager: Unknown permission android.permission.CONTROL_DISPLAY_SATURATION in package com.google.android.gms
06-26 20:00:07.371   426   514 W PackageManager: Unknown permission com.google.android.hangouts.START_HANGOUT in package com.google.android.gms
06-26 20:00:07.371   426   514 W PackageManager: Unknown permission android.car.permission.CAR_ENERGY in package com.google.android.gms
06-26 20:00:07.371   426   514 W PackageManager: Unknown permission android.car.permission.CAR_ENERGY_PORTS in package com.google.android.gms
06-26 20:00:07.371   426   514 W PackageManager: Unknown permission android.car.permission.CAR_EXTERIOR_LIGHTS in package com.google.android.gms
06-26 20:00:07.371   426   514 W PackageManager: Unknown permission android.car.permission.CAR_INFO in package com.google.android.gms
06-26 20:00:07.371   426   514 W PackageManager: Unknown permission android.car.permission.CAR_MILEAGE in package com.google.android.gms
06-26 20:00:07.371   426   514 W PackageManager: Unknown permission android.car.permission.CAR_TIRES in package com.google.android.gms
06-26 20:00:07.371   426   514 W PackageManager: Unknown permission android.car.permission.CONTROL_CAR_CLIMATE in package com.google.android.gms
06-26 20:00:07.371   426   514 W PackageManager: Unknown permission android.car.permission.CONTROL_CAR_DOORS in package com.google.android.gms
06-26 20:00:07.371   426   514 W PackageManager: Unknown permission android.car.permission.CONTROL_CAR_EXTERIOR_LIGHTS in package com.google.android.gms
06-26 20:00:07.371   426   514 W PackageManager: Unknown permission android.car.permission.CONTROL_CAR_MIRRORS in package com.google.android.gms
06-26 20:00:07.371   426   514 W PackageManager: Unknown permission android.car.permission.CONTROL_CAR_SEATS in package com.google.android.gms
06-26 20:00:07.371   426   514 W PackageManager: Unknown permission android.car.permission.CONTROL_CAR_WINDOWS in package com.google.android.gms
06-26 20:00:07.372   426   514 W PackageManager: Not granting permission android.permission.MODIFY_DAY_NIGHT_MODE to package com.google.android.gms (protectionLevel=18 flags=0xb8483ec5)
06-26 20:00:07.372   426   514 W PackageManager: Unknown permission com.google.android.permission.ACCESSIBILITY_SCAN_SERVICE in package com.google.android.gms
06-26 20:00:07.372   426   514 W PackageManager: Not granting permission android.permission.START_TASKS_FROM_RECENTS to package com.google.android.gms (protectionLevel=18 flags=0xb8483ec5)
06-26 20:00:07.372   426   514 W PackageManager: Not granting permission android.permission.MANAGE_ACTIVITY_STACKS to package com.google.android.gms (protectionLevel=18 flags=0xb8483ec5)
06-26 20:00:07.372   426   514 W PackageManager: Unknown permission android.permission.ACTIVITY_EMBEDDING in package com.google.android.gms
06-26 20:00:07.372   426   514 W PackageManager: Unknown permission android.permission.PROVIDE_RESOLVER_RANKER_SERVICE in package com.google.android.gms
06-26 20:00:07.372   426   514 W PackageManager: Unknown permission com.google.android.clockwork.settings.SHOW_FACTORY_RESET_CONFIRMATION in package com.google.android.gms
06-26 20:00:07.372   426   514 W PackageManager: Unknown permission com.google.android.wearable.READ_SETTINGS in package com.google.android.gms
06-26 20:00:07.372   426   514 W PackageManager: Unknown permission android.permission.READ_MEDIA_AUDIO in package com.google.android.gms
06-26 20:00:07.372   426   514 W PackageManager: Unknown permission android.permission.READ_MEDIA_IMAGES in package com.google.android.gms
06-26 20:00:07.372   426   514 W PackageManager: Unknown permission android.permission.READ_MEDIA_VIDEO in package com.google.android.gms
06-26 20:00:07.372   426   514 W PackageManager: Unknown permission android.permission.SUBSTITUTE_SHARE_TARGET_APP_NAME_AND_ICON in package com.google.android.gms
06-26 20:00:07.372   426   514 W PackageManager: Unknown permission android.permission.ACTIVITY_RECOGNITION in package com.google.android.gms
06-26 20:00:07.372   426   514 W PackageManager: Unknown permission android.permission.MANAGE_SUBSCRIPTION_PLANS in package com.google.android.gms
06-26 20:00:07.372   426   514 W PackageManager: Unknown permission android.permission.READ_DEVICE_CONFIG in package com.google.android.gms
06-26 20:00:07.372   426   514 W PackageManager: Unknown permission android.permission.WRITE_DEVICE_CONFIG in package com.google.android.gms
06-26 20:00:07.372   426   514 W PackageManager: Unknown permission com.google.android.apps.now.OPT_IN_WIZARD in package com.google.android.gms
06-26 20:00:07.372   426   514 W PackageManager: Unknown permission com.google.android.setupwizard.SETUP_COMPAT_SERVICE in package com.google.android.gms
06-26 20:00:07.372   426   514 W PackageManager: Unknown permission com.google.android.gms.game.notifications.permission.WRITE in package com.google.android.gms
06-26 20:00:07.372   426   514 W PackageManager: Unknown permission com.google.android.launcher.permission.RECEIVE_LAUNCH_BROADCASTS in package com.google.android.gms
06-26 20:00:07.372   426   514 W PackageManager: Unknown permission android.permission.RESET_PASSWORD in package com.google.android.gms
06-26 20:00:07.372   426   514 W PackageManager: Unknown permission android.permission.LOCK_DEVICE in package com.google.android.gms
06-26 20:00:07.372   426   514 W PackageManager: Unknown permission android.permission.CONTROL_KEYGUARD_SECURE_NOTIFICATIONS in package com.google.android.gms
06-26 20:00:07.372   426   514 W PackageManager: Unknown permission com.google.android.gm.permission.READ_GMAIL in package com.google.android.gms
06-26 20:00:07.373   426   514 W PackageManager: Unknown permission com.android.launcher.permission.PRELOAD_WORKSPACE in package com.google.android.partnersetup
06-26 20:00:07.373   426   514 W PackageManager: Not granting permission android.permission.DELETE_PACKAGES to package com.svox.pico (protectionLevel=18 flags=0x3808be45)
06-26 20:00:07.373   426   514 W PackageManager: Not granting permission android.permission.CONTROL_KEYGUARD to package com.google.android.gsf.login (protectionLevel=2 flags=0x3048be45)
06-26 20:00:07.373   426   514 W PackageManager: Unknown permission com.android.vending.billing.IBillingAccountService.BIND2 in package com.google.android.gsf.login
06-26 20:00:07.374   426   514 W PackageManager: Unknown permission com.android.launcher.permission.READ_SETTINGS in package com.android.settings
06-26 20:00:07.374   426   514 W PackageManager: Unknown permission com.android.launcher.permission.WRITE_SETTINGS in package com.android.settings
06-26 20:00:07.374   426   514 W PackageManager: Not granting permission android.permission.WRITE_EXTERNAL_STORAGE to package com.termux because it was previously installed without
06-26 20:00:07.374   426   514 W PackageManager: Unknown permission android.permission.FOREGROUND_SERVICE in package com.termux
06-26 20:00:07.374   426   514 W PackageManager: Not granting permission android.permission.READ_EXTERNAL_STORAGE to package com.termux because it was previously installed without
06-26 20:00:07.375   426   514 W PackageManager: Unknown permission com.android.launcher.permission.READ_SETTINGS in package com.DeviceTest
06-26 20:00:07.375   426   514 W PackageManager: Unknown permission com.google.android.gallery3d.permission.GALLERY_PROVIDER in package com.android.bluetooth
06-26 20:00:07.375   426   514 W PackageManager: Unknown permission com.android.gallery3d.permission.GALLERY_PROVIDER in package com.android.bluetooth
06-26 20:00:07.375   426   514 W PackageManager: Unknown permission android.permission.PROCESS_PHONE_ACCOUNT_REGISTRATION in package com.android.providers.contacts
06-26 20:00:07.395   426   480 I UsageStatsService: User[0] Rollover scheduled @ 2019-06-27 20:00:07(1561654807353)
06-26 20:00:07.474   426   514 W MountService: No primary storage mounted!
06-26 20:00:07.475   426   514 D VoldConnector: SND -> {2 asec list}
06-26 20:00:07.476   426   515 D VoldConnector: RCV <- {200 2 asec operation succeeded}
06-26 20:00:07.477   426   426 I SystemServer: StartLockSettingsService
06-26 20:00:07.477   426   426 I SystemServiceManager: Starting com.android.server.LockSettingsService$Lifecycle
06-26 20:00:07.486   426   426 I SystemServiceManager: Starting com.android.server.DeviceIdleController
06-26 20:00:07.491   426   426 I SystemServiceManager: Starting com.android.server.devicepolicy.DevicePolicyManagerService$Lifecycle
06-26 20:00:07.500   426   426 I SystemServer: StartStatusBarManagerService
06-26 20:00:07.502   426   426 I SystemServer: StartClipboardService
06-26 20:00:07.505   426   426 I SystemServer: StartNetworkManagementService
06-26 20:00:07.508   426   518 I NetworkManagement: onDaemonConnected()
06-26 20:00:07.512   426   426 I SystemServiceManager: Starting com.android.server.TextServicesManagerService$Lifecycle
06-26 20:00:07.514   426   426 W TextServicesManagerService: no available spell checker services found
06-26 20:00:07.515   426   426 I SystemServer: StartNetworkScoreService
06-26 20:00:07.517   426   426 I SystemServer: StartNetworkStatsService
06-26 20:00:07.527   426   426 I SystemServer: StartNetworkPolicyManagerService
06-26 20:00:07.533   426   426 I SystemServer: No Wi-Fi NAN Service (NAN support Not Present)
06-26 20:00:07.537   426   426 I SystemServiceManager: Starting com.android.server.wifi.p2p.WifiP2pService
06-26 20:00:07.604   426   426 I SystemServiceManager: Starting com.android.server.wifi.WifiService
06-26 20:00:07.810   426   426 I SystemServiceManager: Starting com.android.server.wifi.scanner.WifiScanningService
06-26 20:00:07.819   426   426 I SystemServiceManager: Starting com.android.server.wifi.RttService
06-26 20:00:07.822   426   426 I SystemServer: StartEthernetService
06-26 20:00:07.822   426   426 I SystemServiceManager: Starting com.android.server.ethernet.EthernetService
06-26 20:00:07.825   426   426 I SystemServer: StartPppoeService
06-26 20:00:07.826   426   426 I SystemServiceManager: Starting com.android.server.pppoe.PppoeService
06-26 20:00:07.831   426   426 I SystemServer: StartConnectivityService
06-26 20:00:07.838   426   426 D ConnectivityService: ConnectivityService starting up
06-26 20:00:07.841   426   426 D ConnectivityService: wifiOnly=true
06-26 20:00:07.841   426   426 D ConnectivityService: naString=wifi,1,1,2,-1,true config=android.net.NetworkConfig@48b9565
06-26 20:00:07.841   426   426 D ConnectivityService: naString=mobile,0,0,0,-1,true config=android.net.NetworkConfig@811923a
06-26 20:00:07.841   426   426 D ConnectivityService: networkAttributes - ignoring mobile as this dev is wifiOnly 0
06-26 20:00:07.842   426   426 D ConnectivityService: naString=mobile_mms,2,0,2,60000,true config=android.net.NetworkConfig@ce51eeb
06-26 20:00:07.842   426   426 D ConnectivityService: networkAttributes - ignoring mobile as this dev is wifiOnly 2
06-26 20:00:07.842   426   426 D ConnectivityService: naString=mobile_supl,3,0,2,60000,true config=android.net.NetworkConfig@1bbf448
06-26 20:00:07.842   426   426 D ConnectivityService: networkAttributes - ignoring mobile as this dev is wifiOnly 3
06-26 20:00:07.842   426   426 D ConnectivityService: naString=mobile_dun,4,0,2,60000,true config=android.net.NetworkConfig@92522e1
06-26 20:00:07.842   426   426 D ConnectivityService: networkAttributes - ignoring mobile as this dev is wifiOnly 4
06-26 20:00:07.842   426   426 D ConnectivityService: naString=mobile_hipri,5,0,3,60000,true config=android.net.NetworkConfig@769806
06-26 20:00:07.842   426   426 D ConnectivityService: networkAttributes - ignoring mobile as this dev is wifiOnly 5
06-26 20:00:07.842   426   426 D ConnectivityService: naString=mobile_fota,10,0,2,60000,true config=android.net.NetworkConfig@f74bec7
06-26 20:00:07.842   426   426 D ConnectivityService: networkAttributes - ignoring mobile as this dev is wifiOnly 10
06-26 20:00:07.842   426   426 D ConnectivityService: naString=mobile_ims,11,0,2,60000,true config=android.net.NetworkConfig@bc00cf4
06-26 20:00:07.842   426   426 D ConnectivityService: networkAttributes - ignoring mobile as this dev is wifiOnly 11
06-26 20:00:07.842   426   426 D ConnectivityService: naString=mobile_cbs,12,0,2,60000,true config=android.net.NetworkConfig@d700c1d
06-26 20:00:07.842   426   426 D ConnectivityService: networkAttributes - ignoring mobile as this dev is wifiOnly 12
06-26 20:00:07.842   426   426 D ConnectivityService: naString=bluetooth,7,7,0,-1,true config=android.net.NetworkConfig@7d42e92
06-26 20:00:07.842   426   426 D ConnectivityService: naString=ethernet,9,9,9,-1,true config=android.net.NetworkConfig@2748063
06-26 20:00:07.842   426   426 D ConnectivityService: mNetworksDefined=4
06-26 20:00:07.842   426   426 E ConnectivityService: Ignoring protectedNetwork 10
06-26 20:00:07.842   426   426 E ConnectivityService: Ignoring protectedNetwork 11
06-26 20:00:07.842   426   426 E ConnectivityService: Ignoring protectedNetwork 12
06-26 20:00:07.842   426   426 E ConnectivityService: Ignoring protectedNetwork 14
06-26 20:00:07.842   426   426 E ConnectivityService: Ignoring protectedNetwork 15
06-26 20:00:07.855   426   426 I SystemServer: StartNsdService
06-26 20:00:07.859   426   426 I SystemServer: StartUpdateLockService
06-26 20:00:07.861   426   426 I SystemServiceManager: Starting com.android.server.RecoverySystemService
06-26 20:00:07.863   426   426 I SystemServiceManager: Starting com.android.server.notification.NotificationManagerService
06-26 20:00:07.881   426   426 D ConditionProviders.SCP: new ScheduleConditionProvider()
06-26 20:00:07.888   426   426 D ZenLog  : config: readXml,ZenModeConfig[user=0,allowCalls=true,allowRepeatCallers=false,allowMessages=false,allowCallsFrom=contacts,allowMessagesFrom=contacts,allowReminders=true,allowEvents=true,allowWhenScreenOff=true,allowWhenScreenOn=true,automaticRules={25a6dd96a24b4df6bd3088c7e3097477=ZenRule[enabled=false,snoozing=false,name=Weekend,zenMode=ZEN_MODE_ALARMS,conditionId=condition://android/schedule?days=6.7&start=23.30&end=10.0&exitAtAlarm=false,condition=Condition[id=condition://android/schedule?days=6.7&start=23.30&end=10.0&exitAtAlarm=false,summary=...,line1=...,line2=...,icon=0,state=STATE_FALSE,flags=2],component=ComponentInfo{android/com.android.server.notification.ScheduleConditionProvider},id=25a6dd96a24b4df6bd3088c7e3097477,creationTime=171343,enabler=null], a39688c18c6949eb93d2d819ff254056=ZenRule[enabled=false,snoozing=false,name=Weeknight,zenMode=ZEN_MODE_ALARMS,conditionId=condition://android/schedule?days=1.2.3.4.5&start=22.0&end=7.0&exitAtAlarm=false,condition=Condition[id=condition://android/schedule?days=1.2.3.4.5&start=22.0&end=7.0&exitAtAlarm=false,summary=...,line1=...,line2=...,icon=0,state=STATE_FALSE,flags=2],component=ComponentInfo{android/com.android.server.notification.ScheduleConditionProvider},id=a39688c18c6949eb93d2d819ff254056,creationTime=171343,enabler=null], 5d561a952c594803b5e4af64eefc6361=ZenRule[enabled=false,snoozing=false,name=Event,zenMode=ZEN_MODE_ALARMS,conditionId=condition://android/event?userId=-10000&calendar=&reply=1,condition=Condition[id=condition://android/event?userId=-10000&calendar=&reply=1,summary=...,line1=...,line2=...,icon=0,state=STATE_FALSE,flags=2],component=ComponentInfo{android/com.android.server.notification.EventConditionProvider},id=5d561a952c594803b5e4af64eefc6361,creationTime=171344,enabler=null]},manualRule=null],Diff[automaticRule[7e3091abae3a472ea35b1b82f7b4cc7c]:delete,automaticRule[d901d88496f2400d9e19e4481064f876]:delete,automaticRule[25a6dd96a24b4df6bd3088c7e3097477]:insert,automaticRule[8c5e52522fc141768d6c6eb0d49f6e5a]:delete,automaticRule[a39688c18c6949eb93d2d819ff254056]:insert,automaticRule[5d561a952c594803b5e4af64eefc6361]:insert]
06-26 20:00:07.902   426   426 D ZenLog  : set_zen_mode: off,init
06-26 20:00:07.906   426   426 I SystemServiceManager: Starting com.android.server.storage.DeviceStorageMonitorService
06-26 20:00:07.909   426   426 I SystemServer: StartLocationManagerService
06-26 20:00:07.912   426   426 I SystemServer: StartCountryDetectorService
06-26 20:00:07.913   426   426 I SystemServer: StartSearchManagerService
06-26 20:00:07.914   426   426 I SystemServiceManager: Starting com.android.server.search.SearchManagerService$Lifecycle
06-26 20:00:07.917   426   426 I SystemServiceManager: Starting com.android.server.DropBoxManagerService
06-26 20:00:07.919   426   426 I SystemServer: StartAudioService
06-26 20:00:07.919   426   426 I SystemServiceManager: Starting com.android.server.audio.AudioService$Lifecycle
06-26 20:00:07.961   426   426 I SystemServer: StartWiredAccessoryManager
06-26 20:00:07.962   426   426 W WiredAccessoryManager: This kernel does not have wired headset support
06-26 20:00:07.963   426   426 W WiredAccessoryManager: This kernel does not have dp audio support
06-26 20:00:07.963   426   426 I SystemServiceManager: Starting com.android.server.usb.UsbService$Lifecycle
06-26 20:00:07.970   426   426 I UsbDeviceManager: Setting USB config to mtp
06-26 20:00:07.979   426   426 I SystemServer: StartSerialService
06-26 20:00:07.982   426   426 I SystemServiceManager: Starting com.android.server.twilight.TwilightService
06-26 20:00:07.983   426   426 I SystemServiceManager: Starting com.android.server.job.JobSchedulerService
06-26 20:00:07.987   426   426 D JobStore: Start tag: job-info
06-26 20:00:07.988   426   426 W JobStore: Periodic job for uid='1000' persisted run-time is too big [49:04:35, 50:16:35]. Clamping to [24:00:11,25:12:11]
06-26 20:00:07.989   426   426 W JobStore: Periodic job for uid='1000' persisted run-time is too big [49:04:35, 50:16:35]. Clamping to [24:00:11,25:12:11]
06-26 20:00:07.990   426   426 W JobStore: Periodic job for uid='1000' persisted run-time is too big [49:04:35, 50:16:35]. Clamping to [24:00:11,25:12:11]
06-26 20:00:07.990   426   426 W JobStore: Periodic job for uid='1000' persisted run-time is too big [49:04:35, 50:16:35]. Clamping to [24:00:11,25:12:11]
06-26 20:00:07.991   426   426 W JobStore: Periodic job for uid='1000' persisted run-time is too big [49:04:35, 50:16:35]. Clamping to [24:00:11,25:12:11]
06-26 20:00:07.992   426   426 W JobStore: Periodic job for uid='1000' persisted run-time is too big [73:04:35, 75:28:35]. Clamping to [48:00:11,50:24:11]
06-26 20:00:07.993   426   426 W JobStore: Periodic job for uid='1000' persisted run-time is too big [49:04:35, 50:16:35]. Clamping to [24:00:11,25:12:11]
06-26 20:00:07.993   426   426 W JobStore: Periodic job for uid='1000' persisted run-time is too big [182:04:35, 189:55:35]. Clamping to [157:00:11,164:51:11]
06-26 20:00:07.994   426   426 W JobStore: Periodic job for uid='1000' persisted run-time is too big [49:04:35, 50:16:35]. Clamping to [24:00:11,25:12:11]
06-26 20:00:07.995   426   426 W JobStore: Periodic job for uid='1000' persisted run-time is too big [49:04:35, 50:16:35]. Clamping to [24:00:11,25:12:11]
06-26 20:00:07.995   426   426 W JobStore: Periodic job for uid='1000' persisted run-time is too big [49:04:35, 50:16:35]. Clamping to [24:00:11,25:12:11]
06-26 20:00:07.997   426   426 W JobStore: Periodic job for uid='1000' persisted run-time is too big [26:04:35, 26:09:35]. Clamping to [1:00:11,1:05:11]
06-26 20:00:07.997   426   426 W JobStore: Periodic job for uid='1000' persisted run-time is too big [49:04:35, 50:16:35]. Clamping to [24:00:11,25:12:11]
06-26 20:00:07.998   426   426 W JobStore: Periodic job for uid='1000' persisted run-time is too big [49:04:35, 50:16:35]. Clamping to [24:00:11,25:12:11]
06-26 20:00:07.999   426   426 W JobStore: Periodic job for uid='1000' persisted run-time is too big [49:04:35, 50:16:35]. Clamping to [24:00:11,25:12:11]
06-26 20:00:08.010   426   426 I SystemServiceManager: Starting com.android.server.soundtrigger.SoundTriggerService
06-26 20:00:08.013   426   426 I SystemServiceManager: Starting com.android.server.backup.BackupManagerService$Lifecycle
06-26 20:00:08.020   426   426 I SystemServiceManager: Starting com.android.server.appwidget.AppWidgetService
06-26 20:00:08.025   426   426 I SystemServiceManager: Starting com.android.server.voiceinteraction.VoiceInteractionManagerService
06-26 20:00:08.028   426   426 I SystemServer: Gesture Launcher Service
06-26 20:00:08.028   426   426 I SystemServiceManager: Starting com.android.server.GestureLauncherService
06-26 20:00:08.029   426   426 I SystemServiceManager: Starting com.android.server.SensorNotificationService
06-26 20:00:08.029   426   426 I SystemServiceManager: Starting com.android.server.ContextHubSystemService
06-26 20:00:08.030   426   426 I SystemServer: StartDiskStatsService
06-26 20:00:08.033   426   426 I SystemServer: StartSamplingProfilerService
06-26 20:00:08.044   426   426 I SystemServer: StartNetworkTimeUpdateService
06-26 20:00:08.046   426   426 I SystemServer: StartCommonTimeManagementService
06-26 20:00:08.048   426   426 I SystemServer: CertBlacklister
06-26 20:00:08.049   426   426 I SystemServiceManager: Starting com.android.server.emergency.EmergencyAffordanceService
06-26 20:00:08.051   426   426 I SystemServiceManager: Starting com.android.server.dreams.DreamManagerService
06-26 20:00:08.055   426   426 I SystemServer: StartAssetAtlasService
06-26 20:00:08.059   426   426 I SystemServiceManager: Starting com.android.server.restrictions.RestrictionsManagerService
06-26 20:00:08.062   426   426 I SystemServiceManager: Starting com.android.server.media.MediaSessionService
06-26 20:00:08.068   426   426 I SystemServiceManager: Starting com.android.server.hdmi.HdmiControlService
06-26 20:00:08.081   426   426 I HdmiControlService: Device does not support MHL-control.
06-26 20:00:08.088   426   426 I SystemServiceManager: Starting com.android.server.tv.TvInputManagerService
06-26 20:00:08.095   426   426 I SystemServiceManager: Starting com.android.server.media.MediaResourceMonitorService
06-26 20:00:08.097   426   426 I SystemServer: StartMediaRouterService
06-26 20:00:08.099   426   426 I SystemServiceManager: Starting com.android.server.trust.TrustManagerService
06-26 20:00:08.101   426   426 I SystemServer: DisplayDeviceManagementService Service
06-26 20:00:08.103   426   426 D DisplayDeviceManagementService: DisplayDeviceManagementService start
06-26 20:00:08.103   426   426 I SystemServer: StartBackgroundDexOptService
06-26 20:00:08.105   426   426 I SystemServiceManager: Starting com.android.server.pm.ShortcutService$Lifecycle
06-26 20:00:08.110   426   426 I SystemServiceManager: Starting com.android.server.pm.LauncherAppsService
06-26 20:00:08.112   426   426 I SystemServiceManager: Starting com.android.server.media.projection.MediaProjectionManagerService
06-26 20:00:08.121   426   426 I SystemServiceManager: Starting com.android.server.MmsServiceBroker
