06-28 01:46:47.117   476  2360 I PackageManager.DexOptimizer: Running dexopt (dex2oat) on: /system/app/PrintSpooler/PrintSpooler.apk pkg=com.android.printspooler isa=arm64 vmSafeMode=false debuggable=false target-filter=verify-profile oatDir = null sharedLibraries=null
06-28 01:46:47.166  2440  2440 I dex2oat : /system/bin/dex2oat --compiler-filter=verify-profile --profile-file-fd=7
06-28 01:46:47.351  2440  2440 I dex2oat : Explicit concurrent mark sweep GC freed 2049(557KB) AllocSpace objects, 0(0B) LOS objects, 99% free, 920B/1024KB, paused 129us total 5.803ms
06-28 01:46:47.505  2440  2440 I dex2oat : dex2oat took 340.682ms (threads: 4) arena alloc=0B (0B) java alloc=8KB (8816B) native alloc=752KB (770152B) free=1807KB (1851288B)
06-28 01:46:47.518   476  2360 I PackageManager.DexOptimizer: Running dexopt (dex2oat) on: /system/app/BasicDreams/BasicDreams.apk pkg=com.android.dreams.basic isa=arm64 vmSafeMode=false debuggable=false target-filter=verify-profile oatDir = null sharedLibraries=null
06-28 01:46:47.567  2445  2445 I dex2oat : /system/bin/dex2oat --compiler-filter=verify-profile --profile-file-fd=7
06-28 01:46:47.656  2445  2445 I dex2oat : Explicit concurrent mark sweep GC freed 42(41KB) AllocSpace objects, 0(0B) LOS objects, 99% free, 920B/1024KB, paused 126us total 3.887ms
06-28 01:46:47.794  2445  2445 I dex2oat : dex2oat took 227.865ms (threads: 4) arena alloc=48B (48B) java alloc=8KB (8816B) native alloc=341KB (349704B) free=1194KB (1223160B)
06-28 01:46:47.804   476  2360 I PackageManager.DexOptimizer: Running dexopt (dex2oat) on: /system/app/webview/webview.apk pkg=com.android.webview isa=arm vmSafeMode=false debuggable=false target-filter=verify-profile oatDir = null sharedLibraries=null
06-28 01:46:47.852  2450  2450 I dex2oat : /system/bin/dex2oat --compiler-filter=verify-profile --profile-file-fd=7
06-28 01:46:47.869  2348  2352 W dex2oat : Compilation of void com.google.android.gms.ads.nonagon.load.service.c.b(com.google.android.gms.ads.internal.request.aq, com.google.android.gms.ads.internal.request.ak) took 123.468ms
06-28 01:46:48.023  2348  2350 W dex2oat : Compilation of aaf com.google.android.gms.ads.nonagon.render.bc.a(com.google.android.gms.ads.nonagon.transaction.j, com.google.android.gms.ads.nonagon.transaction.b, org.json.JSONObject) took 290.791ms
06-28 01:46:48.132  2450  2450 I dex2oat : Explicit concurrent mark sweep GC freed 4494(703KB) AllocSpace objects, 0(0B) LOS objects, 99% free, 904B/1024KB, paused 122us total 6.406ms
06-28 01:46:48.309  2450  2450 I dex2oat : dex2oat took 458.224ms (threads: 4) arena alloc=0B (0B) java alloc=8KB (8800B) native alloc=996KB (1019936B) free=2MB (2650080B)
06-28 01:46:48.317   476  2360 I PackageManager.DexOptimizer: Running dexopt (dex2oat) on: /system/app/webview/webview.apk pkg=com.android.webview isa=arm64 vmSafeMode=false debuggable=false target-filter=verify-profile oatDir = null sharedLibraries=null
06-28 01:46:48.363  2455  2455 I dex2oat : /system/bin/dex2oat --compiler-filter=verify-profile --profile-file-fd=7
06-28 01:46:48.654  2455  2455 I dex2oat : Explicit concurrent mark sweep GC freed 4496(1073KB) AllocSpace objects, 0(0B) LOS objects, 99% free, 904B/1024KB, paused 141us total 6.767ms
06-28 01:46:48.670  2348  2350 W dex2oat : Compilation of jh iq.b(android.content.Context, boolean) took 183.513ms
06-28 01:46:48.835  2455  2455 I dex2oat : dex2oat took 472.733ms (threads: 4) arena alloc=0B (0B) java alloc=8KB (8800B) native alloc=1298KB (1329224B) free=2MB (2340792B)
06-28 01:46:48.856   476  2360 I PackageManager.DexOptimizer: Running dexopt (dex2oat) on: /system/app/GoogleContactsSyncAdapter/GoogleContactsSyncAdapter.apk pkg=com.google.android.syncadapters.contacts isa=arm64 vmSafeMode=false debuggable=false target-filter=verify-profile oatDir = null sharedLibraries=null
06-28 01:46:48.896  2348  2350 W dex2oat : Compilation of ahb iq.a(android.content.Context, android.view.View, android.app.Activity) took 224.005ms
06-28 01:46:48.904  2460  2460 I dex2oat : /system/bin/dex2oat --compiler-filter=verify-profile --profile-file-fd=7
06-28 01:46:49.251  2460  2460 I dex2oat : Explicit concurrent mark sweep GC freed 7205(1156KB) AllocSpace objects, 0(0B) LOS objects, 99% free, 984B/1024KB, paused 140us total 7.199ms
06-28 01:46:49.437  2460  2460 I dex2oat : dex2oat took 535.316ms (threads: 4) arena alloc=528B (528B) java alloc=8KB (8880B) native alloc=1498KB (1534848B) free=1573KB (1610880B)
06-28 01:46:49.447   476  2360 I PackageManager.DexOptimizer: Running dexopt (dex2oat) on: /system/app/KeyChain/KeyChain.apk pkg=com.android.keychain isa=arm64 vmSafeMode=false debuggable=false target-filter=verify-profile oatDir = null sharedLibraries=null
06-28 01:46:49.493  2465  2465 I dex2oat : /system/bin/dex2oat --compiler-filter=verify-profile --profile-file-fd=7
06-28 01:46:49.520  2348  2352 W dex2oat : Compilation of boolean com.google.android.gms.ads.internal.d.a(com.google.android.gms.ads.internal.client.h, com.google.android.gms.ads.internal.csi.k, int) took 266.093ms
06-28 01:46:49.573  2465  2465 I dex2oat : Explicit concurrent mark sweep GC freed 126(54KB) AllocSpace objects, 0(0B) LOS objects, 99% free, 904B/1024KB, paused 130us total 4.960ms
06-28 01:46:49.709  2465  2465 I dex2oat : dex2oat took 217.033ms (threads: 4) arena alloc=1512B (1512B) java alloc=8KB (8800B) native alloc=342KB (350240B) free=1193KB (1222624B)
06-28 01:46:49.982   476  2360 I PackageManager.DexOptimizer: Running dexopt (dex2oat) on: /system/priv-app/GoogleServicesFramework/GoogleServicesFramework.apk pkg=com.google.android.gsf isa=arm64 vmSafeMode=false debuggable=false target-filter=verify-profile oatDir = null sharedLibraries=null
06-28 01:46:50.027  2470  2470 I dex2oat : /system/bin/dex2oat --compiler-filter=verify-profile --profile-file-fd=7
06-28 01:46:50.292  2470  2470 I dex2oat : Explicit concurrent mark sweep GC freed 4372(1262KB) AllocSpace objects, 0(0B) LOS objects, 99% free, 968B/1024KB, paused 135us total 6.575ms
06-28 01:46:50.362  2348  2350 W dex2oat : Compilation of boolean com.google.android.gms.ads.internal.bc.a(com.google.android.gms.ads.internal.state.a, com.google.android.gms.ads.internal.state.a) took 151.577ms
06-28 01:46:50.460  2470  2470 I dex2oat : dex2oat took 434.505ms (threads: 4) arena alloc=640B (640B) java alloc=8KB (8864B) native alloc=1178KB (1206288B) free=1381KB (1415152B)
06-28 01:46:50.470   476  2360 I PackageManager.DexOptimizer: Running dexopt (dex2oat) on: /system/priv-app/GooglePartnerSetup/GooglePartnerSetup.apk pkg=com.google.android.partnersetup isa=arm64 vmSafeMode=false debuggable=false target-filter=verify-profile oatDir = null sharedLibraries=null
06-28 01:46:50.495  2348  2352 W dex2oat : Compilation of boolean com.google.android.gms.ads.internal.o.a(com.google.android.gms.ads.internal.state.a, com.google.android.gms.ads.internal.state.a) took 189.653ms
06-28 01:46:50.520  2475  2475 I dex2oat : /system/bin/dex2oat --compiler-filter=verify-profile --profile-file-fd=7
06-28 01:46:50.857  2475  2475 I dex2oat : Explicit concurrent mark sweep GC freed 6110(1006KB) AllocSpace objects, 0(0B) LOS objects, 99% free, 952B/1024KB, paused 134us total 5.963ms
06-28 01:46:51.031  2475  2475 I dex2oat : dex2oat took 511.959ms (threads: 4) arena alloc=0B (0B) java alloc=8KB (8848B) native alloc=1296KB (1327408B) free=1775KB (1818320B)
06-28 01:46:51.040   476  2360 I PackageManager.DexOptimizer: Running dexopt (dex2oat) on: /system/app/PicoTts/PicoTts.apk pkg=com.svox.pico isa=arm64 vmSafeMode=false debuggable=false target-filter=verify-profile oatDir = null sharedLibraries=null
06-28 01:46:51.088  2480  2480 I dex2oat : /system/bin/dex2oat --compiler-filter=verify-profile --profile-file-fd=7
06-28 01:46:51.158  1160  1162 E sdcard  : opendir /mnt/media_rw/e14e8b4a-c6c3-4546-b069-dfbdf64d0b66/lost+found failed: Permission denied
06-28 01:46:51.160  1160  1162 E sdcard  : opendir /mnt/media_rw/e14e8b4a-c6c3-4546-b069-dfbdf64d0b66/lost+found failed: Permission denied
06-28 01:46:51.160  1465  1490 W MediaScanner: Error opening directory '/storage/e14e8b4a-c6c3-4546-b069-dfbdf64d0b66/lost+found/', skipping: Permission denied.
06-28 01:46:51.330  1465  1490 V MediaScanner: pruneDeadThumbnailFiles... android.content.ContentProviderClient$CursorWrapperInner@ad4d108
06-28 01:46:51.331  1465  1490 V MediaScanner: /pruneDeadThumbnailFiles... android.content.ContentProviderClient$CursorWrapperInner@ad4d108
06-28 01:46:51.379  2480  2480 I dex2oat : Explicit concurrent mark sweep GC freed 126(107KB) AllocSpace objects, 0(0B) LOS objects, 99% free, 904B/1024KB, paused 147us total 4.915ms
06-28 01:46:51.396  2348  2348 I dex2oat : dex2oat took 25.216s (threads: 4) arena alloc=10MB (11421560B) java alloc=3MB (3499152B) native alloc=15MB (16517008B) free=12MB (13367408B)
06-28 01:46:51.554  2480  2480 I dex2oat : dex2oat took 466.642ms (threads: 4) arena alloc=0B (0B) java alloc=8KB (8800B) native alloc=376KB (386024B) free=1671KB (1711128B)
06-28 01:46:51.621  2485  2485 I dex2oat : /system/bin/dex2oat --dex-file=/data/user_de/0/com.google.android.gms/app_chimera/m/00000008/dl-AdsFdrDynamite.integ_20290000002.apk --oat-fd=38 --oat-location=/data/user_de/0/com.google.android.gms/app_chimera/m/00000008/oat/arm64/dl-AdsFdrDynamite.integ_20290000002.dex --compiler-filter=speed
06-28 01:46:51.623   476  2360 I PackageManager.DexOptimizer: Running dexopt (dex2oat) on: /system/app/GoogleCalendarSyncAdapter/GoogleCalendarSyncAdapter.apk pkg=com.google.android.syncadapters.calendar isa=arm64 vmSafeMode=false debuggable=false target-filter=verify-profile oatDir = null sharedLibraries=null
06-28 01:46:51.665  2487  2487 I dex2oat : /system/bin/dex2oat --compiler-filter=verify-profile --profile-file-fd=7
06-28 01:46:52.019  2487  2487 I dex2oat : Explicit concurrent mark sweep GC freed 5244(1313KB) AllocSpace objects, 0(0B) LOS objects, 99% free, 984B/1024KB, paused 123us total 5.994ms
06-28 01:46:52.194  2487  2487 I dex2oat : dex2oat took 529.685ms (threads: 4) arena alloc=544B (544B) java alloc=8KB (8880B) native alloc=1064KB (1089552B) free=1495KB (1531888B)
06-28 01:46:52.203   476  2360 I PackageManager.DexOptimizer: Running dexopt (dex2oat) on: /system/app/PartnerBookmarksProvider/PartnerBookmarksProvider.apk pkg=com.android.providers.partnerbookmarks isa=arm64 vmSafeMode=false debuggable=false target-filter=verify-profile oatDir = null sharedLibraries=null
06-28 01:46:52.251  2495  2495 I dex2oat : /system/bin/dex2oat --compiler-filter=verify-profile --profile-file-fd=7
06-28 01:46:52.333  2495  2495 I dex2oat : Explicit concurrent mark sweep GC freed 75(59KB) AllocSpace objects, 0(0B) LOS objects, 99% free, 968B/1024KB, paused 120us total 3.947ms
06-28 01:46:52.472  2495  2495 I dex2oat : dex2oat took 221.875ms (threads: 4) arena alloc=0B (0B) java alloc=8KB (8864B) native alloc=342KB (350320B) free=1193KB (1222544B)
06-28 01:46:52.482   476  2360 I PackageManager.DexOptimizer: Running dexopt (dex2oat) on: /system/priv-app/GoogleLoginService/GoogleLoginService.apk pkg=com.google.android.gsf.login isa=arm64 vmSafeMode=false debuggable=false target-filter=verify-profile oatDir = null sharedLibraries=null
06-28 01:46:52.527  2500  2500 I dex2oat : /system/bin/dex2oat --compiler-filter=verify-profile --profile-file-fd=7
06-28 01:46:52.576  1775  1775 I System.out: MediaStorePolicy, update media folder size. 
06-28 01:46:53.007  2485  2485 W dex2oat : Before Android 4.1, method double java.util.concurrent.ThreadLocalRandom.internalNextDouble(double, double) would have incorrectly overridden the package-private method in java.util.Random
06-28 01:46:53.007  2485  2485 W dex2oat : Before Android 4.1, method int java.util.concurrent.ThreadLocalRandom.internalNextInt(int, int) would have incorrectly overridden the package-private method in java.util.Random
06-28 01:46:53.007  2485  2485 W dex2oat : Before Android 4.1, method long java.util.concurrent.ThreadLocalRandom.internalNextLong(long, long) would have incorrectly overridden the package-private method in java.util.Random
06-28 01:46:53.057  2500  2500 I dex2oat : Explicit concurrent mark sweep GC freed 12219(2MB) AllocSpace objects, 0(0B) LOS objects, 99% free, 952B/1024KB, paused 154us total 9.392ms
06-28 01:46:53.268  2500  2500 I dex2oat : dex2oat took 741.957ms (threads: 4) arena alloc=0B (0B) java alloc=8KB (8848B) native alloc=2MB (2631272B) free=2038KB (2087320B)
06-28 01:46:53.284   476  2360 I PackageManager.DexOptimizer: Running dexopt (dex2oat) on: /system/app/LiveWallpapersPicker/LiveWallpapersPicker.apk pkg=com.android.wallpaper.livepicker isa=arm64 vmSafeMode=false debuggable=false target-filter=verify-profile oatDir = null sharedLibraries=null
06-28 01:46:53.330  2505  2505 I dex2oat : /system/bin/dex2oat --compiler-filter=verify-profile --profile-file-fd=7
06-28 01:46:53.515  2505  2509 W dex2oat : Before Android 4.1, method android.graphics.PorterDuffColorFilter android.support.graphics.drawable.VectorDrawableCompat.updateTintFilter(android.graphics.PorterDuffColorFilter, android.content.res.ColorStateList, android.graphics.PorterDuff$Mode) would have incorrectly overridden the package-private method in android.graphics.drawable.Drawable
06-28 01:46:53.577  2505  2505 W dex2oat : Before Android 4.1, method int android.support.v7.widget.ListViewCompat.lookForSelectablePosition(int, boolean) would have incorrectly overridden the package-private method in android.widget.ListView
06-28 01:46:53.660  2505  2505 I dex2oat : Explicit concurrent mark sweep GC freed 4386(2MB) AllocSpace objects, 0(0B) LOS objects, 99% free, 952B/1024KB, paused 138us total 7.455ms
06-28 01:46:53.839  2505  2505 I dex2oat : dex2oat took 510.186ms (threads: 4) arena alloc=0B (0B) java alloc=8KB (8848B) native alloc=1185KB (1213712B) free=1374KB (1407728B)
06-28 01:46:53.864   476  2360 I PackageManager.DexOptimizer: Running dexopt (dex2oat) on: /system/app/BookmarkProvider/BookmarkProvider.apk pkg=com.android.bookmarkprovider isa=arm64 vmSafeMode=false debuggable=false target-filter=verify-profile oatDir = null sharedLibraries=null
06-28 01:46:53.908  2510  2510 I dex2oat : /system/bin/dex2oat --compiler-filter=verify-profile --profile-file-fd=7
06-28 01:46:53.982  2510  2510 I dex2oat : Explicit concurrent mark sweep GC freed 8(22KB) AllocSpace objects, 0(0B) LOS objects, 99% free, 936B/1024KB, paused 114us total 3.653ms
06-28 01:46:54.116  2510  2510 I dex2oat : dex2oat took 210.356ms (threads: 4) arena alloc=0B (0B) java alloc=8KB (8832B) native alloc=209KB (214568B) free=1326KB (1358296B)
06-28 01:46:54.172   476  2360 I PackageManager.DexOptimizer: Running dexopt (dex2oat) on: /system/app/ExactCalculator/ExactCalculator.apk pkg=com.android.calculator2 isa=arm64 vmSafeMode=false debuggable=false target-filter=verify-profile oatDir = null sharedLibraries=null
06-28 01:46:54.216  2515  2515 I dex2oat : /system/bin/dex2oat --compiler-filter=verify-profile --profile-file-fd=7
06-28 01:46:54.339  2515  2515 I dex2oat : Explicit concurrent mark sweep GC freed 1232(357KB) AllocSpace objects, 0(0B) LOS objects, 99% free, 936B/1024KB, paused 120us total 4.366ms
06-28 01:46:54.484  2515  2515 I dex2oat : dex2oat took 269.281ms (threads: 4) arena alloc=368B (368B) java alloc=8KB (8832B) native alloc=481KB (492648B) free=1566KB (1604504B)
06-28 01:46:54.503   476  2360 I PackageManager.DexOptimizer: Running dexopt (dex2oat) on: /system/vendor/bundled_persist-app/Youtube/Youtube.apk pkg=com.google.android.youtube.tv isa=arm64 vmSafeMode=false debuggable=false target-filter=verify-profile oatDir = null sharedLibraries=null
06-28 01:46:54.546  2520  2520 I dex2oat : /system/bin/dex2oat --compiler-filter=verify-profile --profile-file-fd=7
06-28 01:46:54.809  2485  2494 W dex2oat : Compilation of android.animation.Animator an.a(android.content.Context, android.content.res.Resources, android.content.res.Resources$Theme, org.xmlpull.v1.XmlPullParser, android.util.AttributeSet, android.animation.AnimatorSet, int, float) took 138.854ms
06-28 01:46:55.015  2485  2485 W dex2oat : Compilation of void as.inflate(android.content.res.Resources, org.xmlpull.v1.XmlPullParser, android.util.AttributeSet, android.content.res.Resources$Theme) took 164.427ms
06-28 01:46:55.535  2485  2493 W dex2oat : Compilation of void bv.a(android.os.Parcelable, cc) took 115.829ms
06-28 01:46:55.565  2485  2492 W dex2oat : Compilation of dq dq.a(android.content.res.Resources, int, android.content.res.Resources$Theme) took 135.595ms
06-28 01:46:55.635  2485  2494 W dex2oat : Compilation of android.graphics.Typeface dz.a(android.content.Context, android.content.res.Resources, android.util.TypedValue, int, int, ea) took 130.177ms
06-28 01:46:55.685  2485  2485 W dex2oat : Compilation of void ci.a(bv, java.util.ArrayList, java.util.ArrayList, int, int, boolean) took 435.142ms
06-28 01:46:55.709  2520  2520 I dex2oat : Explicit concurrent mark sweep GC freed 30060(6MB) AllocSpace objects, 0(0B) LOS objects, 99% free, 904B/1024KB, paused 186us total 16.210ms
06-28 01:46:55.772  2485  2493 W dex2oat : Compilation of void bv.a(bi, int, boolean) took 234.715ms
06-28 01:46:55.990  2520  2520 I dex2oat : dex2oat took 1.445s (threads: 4) arena alloc=0B (0B) java alloc=8KB (8800B) native alloc=5MB (5354544B) free=2MB (2247632B)
06-28 01:46:55.994  2485  2493 W dex2oat : Compilation of void bv.a(java.lang.String, java.io.FileDescriptor, java.io.PrintWriter, java.lang.String[]) took 177.525ms
06-28 01:46:56.011   476  2360 I PackageManager.DexOptimizer: Running dexopt (dex2oat) on: /system/priv-app/VpnDialogs/VpnDialogs.apk pkg=com.android.vpndialogs isa=arm64 vmSafeMode=false debuggable=false target-filter=verify-profile oatDir = null sharedLibraries=null
06-28 01:46:56.059  2525  2525 I dex2oat : /system/bin/dex2oat --compiler-filter=verify-profile --profile-file-fd=7
06-28 01:46:56.140  2525  2525 I dex2oat : Explicit concurrent mark sweep GC freed 50(54KB) AllocSpace objects, 0(0B) LOS objects, 99% free, 920B/1024KB, paused 144us total 3.865ms
06-28 01:46:56.280  2525  2525 I dex2oat : dex2oat took 223.413ms (threads: 4) arena alloc=0B (0B) java alloc=8KB (8816B) native alloc=341KB (349472B) free=1194KB (1223392B)
06-28 01:46:56.298   476  2360 I PackageManager.DexOptimizer: Running dexopt (dex2oat) on: /system/app/WallpaperBackup/WallpaperBackup.apk pkg=com.android.wallpaperbackup isa=arm64 vmSafeMode=false debuggable=false target-filter=verify-profile oatDir = null sharedLibraries=null
06-28 01:46:56.347  2530  2530 I dex2oat : /system/bin/dex2oat --compiler-filter=verify-profile --profile-file-fd=7
06-28 01:46:56.433  2530  2530 I dex2oat : Explicit concurrent mark sweep GC freed 7(28KB) AllocSpace objects, 0(0B) LOS objects, 99% free, 936B/1024KB, paused 123us total 3.747ms
06-28 01:46:56.564  2485  2485 W dex2oat : Compilation of hz hz.a(android.content.Context, android.content.res.Resources, org.xmlpull.v1.XmlPullParser, android.util.AttributeSet, android.content.res.Resources$Theme) took 123.585ms
06-28 01:46:56.572  2530  2530 I dex2oat : dex2oat took 226.888ms (threads: 4) arena alloc=0B (0B) java alloc=8KB (8832B) native alloc=341KB (349760B) free=1194KB (1223104B)
06-28 01:46:56.635   476  2360 I PackageManager.DexOptimizer: Running dexopt (dex2oat) on: /system/priv-app/DeviceTest/DeviceTest.apk pkg=com.DeviceTest isa=arm64 vmSafeMode=false debuggable=false target-filter=verify-profile oatDir = null sharedLibraries=null
06-28 01:46:56.685  2535  2535 I dex2oat : /system/bin/dex2oat --compiler-filter=verify-profile --profile-file-fd=7
06-28 01:46:56.806  2535  2535 I dex2oat : Explicit concurrent mark sweep GC freed 1243(918KB) AllocSpace objects, 0(0B) LOS objects, 99% free, 920B/1024KB, paused 138us total 5.684ms
06-28 01:46:56.950  2535  2535 I dex2oat : dex2oat took 265.642ms (threads: 4) arena alloc=0B (0B) java alloc=8KB (8816B) native alloc=493KB (505416B) free=1554KB (1591736B)
06-28 01:46:56.960   476  2360 I PackageManager.DexOptimizer: Running dexopt (dex2oat) on: /system/app/Bluetooth/Bluetooth.apk pkg=com.android.bluetooth isa=arm vmSafeMode=false debuggable=false target-filter=verify-profile oatDir = null sharedLibraries=/system/framework/javax.obex.jar
06-28 01:46:57.005  2540  2540 I dex2oat : /system/bin/dex2oat --compiler-filter=verify-profile --profile-file-fd=7
06-28 01:46:57.444  2485  2493 W dex2oat : Compilation of void jp.onMeasure(int, int) took 219.362ms
06-28 01:46:57.612  2540  2540 I dex2oat : Explicit concurrent mark sweep GC freed 7670(1353KB) AllocSpace objects, 0(0B) LOS objects, 99% free, 1216B/1025KB, paused 132us total 8.558ms
06-28 01:46:57.868  2540  2540 I dex2oat : dex2oat took 864.273ms (threads: 4) arena alloc=0B (0B) java alloc=8KB (9080B) native alloc=1631KB (1670872B) free=2MB (3047720B)
06-28 01:46:57.882   476  2360 I PackageManager.DexOptimizer: Running dexopt (dex2oat) on: /system/app/CaptivePortalLogin/CaptivePortalLogin.apk pkg=com.android.captiveportallogin isa=arm64 vmSafeMode=false debuggable=false target-filter=verify-profile oatDir = null sharedLibraries=null
06-28 01:46:57.932  2545  2545 I dex2oat : /system/bin/dex2oat --compiler-filter=verify-profile --profile-file-fd=7
06-28 01:46:58.010  2545  2545 I dex2oat : Explicit concurrent mark sweep GC freed 42(38KB) AllocSpace objects, 0(0B) LOS objects, 99% free, 952B/1024KB, paused 135us total 3.871ms
06-28 01:46:58.160  2545  2545 I dex2oat : dex2oat took 229.111ms (threads: 4) arena alloc=0B (0B) java alloc=8KB (8848B) native alloc=341KB (349952B) free=1194KB (1222912B)
06-28 01:46:58.248  2485  2492 W dex2oat : Compilation of aln nx.a(android.content.Context, android.view.View, android.app.Activity) took 229.506ms
06-28 01:46:58.789  2485  2485 W dex2oat : Compilation of boolean com.google.android.gms.ads.exoplayer1.j.handleMessage(android.os.Message) took 179.240ms
06-28 01:46:59.372  2485  2493 W dex2oat : Compilation of int com.google.android.gms.ads.exoplayer1.extractor.mp4.f.a(com.google.android.gms.ads.exoplayer1.extractor.e, com.google.android.gms.ads.exoplayer1.extractor.j) took 533.210ms
06-28 01:46:59.822  2485  2485 W dex2oat : Compilation of boolean com.google.android.gms.ads.exoplayer3.j.handleMessage(android.os.Message) took 494.074ms
06-28 01:46:59.874  1958  2135 I Finsky  : [24] imb.run(3): Stats for Executor: BlockingExecutor ink@6ba9306[Running, pool size = 2, active threads = 0, queued tasks = 0, completed tasks = 12]
06-28 01:46:59.875  1958  2135 I Finsky  : [24] imb.run(3): Stats for Executor: LightweightExecutor ink@2e09dc7[Running, pool size = 3, active threads = 0, queued tasks = 0, completed tasks = 62]
06-28 01:46:59.942  2485  2493 W dex2oat : Compilation of com.google.android.gms.ads.exoplayer3.metadata.c com.google.android.gms.ads.exoplayer3.extractor.mp4.l.a(com.google.android.gms.ads.exoplayer3.util.j) took 114.528ms
06-28 01:47:00.028  2485  2494 W dex2oat : Compilation of void com.google.android.gms.ads.exoplayer3.extractor.mkv.g.c(int) took 204.059ms
06-28 01:47:00.186  2485  2492 W dex2oat : Compilation of com.google.android.gms.ads.exoplayer3.extractor.mp4.q com.google.android.gms.ads.exoplayer3.extractor.mp4.d.a(com.google.android.gms.ads.exoplayer3.extractor.mp4.b, com.google.android.gms.ads.exoplayer3.extractor.mp4.c, boolean) took 355.398ms
06-28 01:47:00.234  2485  2494 W dex2oat : Compilation of java.util.List com.google.android.gms.ads.exoplayer3.mediacodec.f.a(com.google.android.gms.ads.exoplayer3.mediacodec.g, com.google.android.gms.ads.exoplayer3.mediacodec.i) took 119.528ms
06-28 01:47:00.373  2485  2492 W dex2oat : Compilation of com.google.android.gms.ads.exoplayer3.extractor.mp4.s com.google.android.gms.ads.exoplayer3.extractor.mp4.d.a(com.google.android.gms.ads.exoplayer3.extractor.mp4.q, com.google.android.gms.ads.exoplayer3.extractor.mp4.b, com.google.android.gms.ads.exoplayer3.extractor.g) took 179.806ms
06-28 01:47:00.564  2485  2492 W dex2oat : Compilation of com.google.android.gms.ads.exoplayer3.trackselection.g[] com.google.android.gms.ads.exoplayer3.trackselection.c.a(com.google.android.gms.ads.exoplayer3.w[], com.google.android.gms.ads.exoplayer3.source.ad[], int[][][]) took 120.740ms
06-28 01:47:00.929  2485  2492 W dex2oat : Compilation of com.google.android.gms.ads.internal.request.x com.google.android.gms.ads.internal.c.a(com.google.android.gms.ads.internal.client.i, android.os.Bundle, com.google.android.gms.ads.internal.state.e, int) took 113.048ms
06-28 01:47:01.158  2485  2493 W dex2oat : Compilation of boolean com.google.android.gms.ads.internal.p.b(com.google.android.gms.ads.internal.state.a, com.google.android.gms.ads.internal.state.a) took 101.558ms
06-28 01:47:01.733  2485  2493 W dex2oat : Compilation of boolean com.google.android.gms.ads.internal.bd.a(com.google.android.gms.ads.internal.state.a, com.google.android.gms.ads.internal.state.a) took 126.371ms
06-28 01:47:03.439  2485  2485 W dex2oat : Compilation of void com.google.android.gms.ads.internal.gmsg.ah.a(java.lang.Object, java.util.Map) took 137.987ms
06-28 01:47:03.489  2485  2494 W dex2oat : Compilation of void com.google.android.gms.ads.internal.gmsg.ag.a(java.lang.Object, java.util.Map) took 220.726ms
06-28 01:47:03.837  2485  2494 W dex2oat : Compilation of boolean com.google.android.gms.ads.internal.interstitial.ai.b(com.google.android.gms.ads.internal.client.i) took 125.633ms
06-28 01:47:04.159  2485  2492 W dex2oat : Compilation of boolean com.google.android.gms.ads.internal.mediation.client.f.a(int, android.os.Parcel, android.os.Parcel) took 108.182ms
06-28 01:47:04.330  1958  2135 I Finsky  : [24] imb.run(3): Stats for Executor: bgExecutor ink@89ffff4[Running, pool size = 4, active threads = 0, queued tasks = 0, completed tasks = 27]
06-28 01:47:05.117  2485  2493 W dex2oat : Compilation of com.google.android.gms.ads.internal.state.a com.google.android.gms.ads.internal.renderer.nativeads.b.a() took 129.122ms
06-28 01:47:05.460  2485  2494 W dex2oat : Compilation of void com.google.android.gms.ads.internal.request.aa.writeToParcel(android.os.Parcel, int) took 172.540ms
06-28 01:47:05.483  2485  2492 W dex2oat : Compilation of void com.google.android.gms.ads.internal.request.w.writeToParcel(android.os.Parcel, int) took 205.751ms
06-28 01:47:05.573  2485  2485 W dex2oat : Compilation of com.google.android.gms.ads.internal.request.aa com.google.android.gms.ads.internal.request.ab.a(android.os.Parcel) took 277.655ms
06-28 01:47:05.579  2485  2493 W dex2oat : Compilation of com.google.android.gms.ads.internal.request.w com.google.android.gms.ads.internal.request.y.a(android.os.Parcel) took 320.397ms
06-28 01:47:05.762  2485  2493 W dex2oat : Compilation of com.google.android.gms.ads.internal.request.aa com.google.android.gms.ads.internal.request.service.c.a(android.content.Context, com.google.android.gms.ads.internal.request.service.b, com.google.android.gms.ads.internal.request.w, java.util.concurrent.ScheduledExecutorService) took 134.309ms
06-28 01:47:05.788  2485  2494 W dex2oat : Compilation of com.google.android.gms.ads.internal.request.aa com.google.android.gms.ads.internal.request.service.h.a(android.content.Context, com.google.android.gms.ads.internal.request.w, java.lang.String) took 134.992ms
06-28 01:47:05.910  2485  2493 W dex2oat : Compilation of com.google.android.gms.ads.internal.request.aa com.google.android.gms.ads.internal.request.service.c.a(com.google.android.gms.ads.internal.request.w, android.content.Context, java.lang.String, java.lang.String, java.lang.String, java.lang.String, com.google.android.gms.ads.internal.request.service.k, com.google.android.gms.ads.internal.csi.l, com.google.android.gms.ads.internal.request.service.b) took 141.036ms
06-28 01:47:06.306  2485  2494 W dex2oat : Compilation of org.json.JSONObject com.google.android.gms.ads.internal.request.service.h.a(android.content.Context, com.google.android.gms.ads.internal.request.service.a) took 516.592ms
06-28 01:47:07.440  2485  2485 W dex2oat : Compilation of void com.google.android.gms.ads.internal.video.z.run() took 133.051ms
06-28 01:47:07.893  2485  2494 W dex2oat : Compilation of void com.google.android.gms.ads.internal.video.gmsg.e.a(java.lang.Object, java.util.Map) took 137.649ms
06-28 01:47:08.055  2485  2493 W dex2oat : Compilation of boolean com.google.android.gms.ads.internal.video.gmsg.u.a(java.lang.String) took 263.002ms
06-28 01:47:08.797  2485  2493 W dex2oat : Compilation of void com.google.android.gms.ads.nonagon.s.<init>(com.google.android.gms.ads.nonagon.b) took 112.684ms
06-28 01:47:08.821  2485  2492 W dex2oat : Compilation of void com.google.android.gms.ads.internal.webview2.h.setOnClickListener(android.view.View$OnClickListener) took 131.903ms
06-28 01:47:08.886  2485  2485 W dex2oat : Compilation of void com.google.android.gms.ads.nonagon.b.<init>(com.google.android.gms.ads.nonagon.util.g, com.google.android.gms.ads.nonagon.c, com.google.android.gms.ads.nonagon.ag, com.google.android.gms.ads.nonagon.y, com.google.android.gms.ads.nonagon.util.js.a) took 252.574ms
06-28 01:47:10.762  2485  2494 W dex2oat : Compilation of com.google.android.gms.ads.nonagon.load.service.r com.google.android.gms.ads.nonagon.load.service.p.a(java.lang.String, com.google.android.gms.ads.internal.request.service.k, org.json.JSONObject, java.lang.String) took 141.289ms
06-28 01:47:10.829  2485  2485 W dex2oat : Compilation of void com.google.android.gms.ads.nonagon.load.service.b.b(com.google.android.gms.ads.internal.request.aq, com.google.android.gms.ads.internal.request.ak) took 128.763ms
06-28 01:47:10.894  2485  2494 W dex2oat : Compilation of java.lang.Object com.google.android.gms.ads.nonagon.offline.v.a(java.lang.Object) took 105.829ms
06-28 01:47:11.263  2485  2493 W dex2oat : Compilation of aet com.google.android.gms.ads.nonagon.render.bb.a(com.google.android.gms.ads.nonagon.transaction.i, com.google.android.gms.ads.nonagon.transaction.a, org.json.JSONObject) took 284.506ms
06-28 01:47:12.194  2485  2494 W dex2oat : Compilation of void com.google.android.gms.ads.nonagon.transaction.a.<init>(android.util.JsonReader) took 198.083ms
06-28 01:47:13.104  2485  2493 W dex2oat : Compilation of boolean ug.handleMessage(android.os.Message) took 121.078ms
06-28 01:47:15.407  2485  2492 W dex2oat : Compilation of void amx.a(amu, java.lang.StringBuilder, int) took 100.136ms
06-28 01:47:15.698  2485  2485 W dex2oat : Compilation of int amy.a(java.lang.Object, byte[], int, int, int, int, int, int, long, int, long, akb) took 329.878ms
06-28 01:47:15.864  2485  2485 W dex2oat : Compilation of amy amy.a(ams, anb, amf, anz, ale, amp) took 135.214ms
06-28 01:47:16.156  2485  2485 W dex2oat : Compilation of int amy.a(java.lang.Object) took 124.023ms
06-28 01:47:16.358  2485  2485 W dex2oat : Compilation of void amy.a(java.lang.Object, anj, alc) took 159.519ms
06-28 01:47:16.535  2485  2485 W dex2oat : Compilation of void amy.a(java.lang.Object, aov) took 176.818ms
06-28 01:47:16.943  2485  2485 W dex2oat : Compilation of int amy.b(java.lang.Object) took 355.798ms
06-28 01:47:17.718  2485  2485 I dex2oat : dex2oat took 26.097s (threads: 4) arena alloc=9MB (10327624B) java alloc=4MB (4295096B) native alloc=17MB (17913872B) free=12MB (13019120B)
06-28 01:47:17.855  2557  2557 I dex2oat : /system/bin/dex2oat --dex-file=/data/user_de/0/com.google.android.gms/app_chimera/m/0000000c/DynamiteModulesA.apk --oat-fd=38 --oat-location=/data/user_de/0/com.google.android.gms/app_chimera/m/0000000c/oat/arm64/DynamiteModulesA.dex --compiler-filter=speed
06-28 01:47:18.645  2557  2561 W dex2oat : Compilation of void abt.a(abs, java.lang.StringBuilder, int) took 103.197ms
06-28 01:47:19.319  2557  2561 W dex2oat : Compilation of com.google.android.gms.dynamite.DynamiteModule com.google.android.gms.dynamite.DynamiteModule.a(android.content.Context, mm, java.lang.String) took 142.324ms
06-28 01:47:19.415  2557  2559 W dex2oat : Compilation of void ca.a(bk, java.util.ArrayList, java.util.ArrayList, int, int, boolean) took 283.423ms
06-28 01:47:19.786  2557  2560 W dex2oat : Compilation of boolean ic.handleMessage(android.os.Message) took 122.500ms
06-28 01:47:21.006  2557  2561 W dex2oat : Compilation of int abw.a(java.lang.Object, byte[], int, int, int, int, int, int, long, int, long, yt) took 342.358ms
06-28 01:47:21.221  2557  2561 W dex2oat : Compilation of abw abw.a(acf, abx, abb, acx, zx, abl) took 115.499ms
06-28 01:47:21.502  2557  2559 W dex2oat : Compilation of void bk.a(ay, int, boolean) took 273.774ms
06-28 01:47:21.692  2557  2559 W dex2oat : Compilation of void bk.a(java.lang.String, java.io.FileDescriptor, java.io.PrintWriter, java.lang.String[]) took 147.327ms
06-28 01:47:21.713  2557  2561 W dex2oat : Compilation of void abw.b(java.lang.Object, ads) took 274.407ms
06-28 01:47:22.359  2557  2561 W dex2oat : Compilation of int abw.e(java.lang.Object) took 625.696ms
06-28 01:47:22.761  2557  2557 W dex2oat : Compilation of com.google.android.gms.vision.face.internal.client.FaceParcel[] com.google.android.gms.vision.face.NativeFaceDetectorV2Impl.a(lz, rj) took 184.918ms
06-28 01:47:23.001  2557  2561 W dex2oat : Compilation of int abw.f(java.lang.Object) took 627.215ms
06-28 01:47:23.162  2557  2561 W dex2oat : Compilation of int abw.a(java.lang.Object) took 144.080ms
06-28 01:47:23.427  2557  2561 W dex2oat : Compilation of int abw.a(java.lang.Object, byte[], int, int, int, yt) took 265.022ms
06-28 01:47:23.914  2557  2560 W dex2oat : Compilation of void yf.a(adw) took 103.134ms
06-28 01:47:24.030  2557  2560 W dex2oat : Compilation of int ym.a() took 114.570ms
06-28 01:47:24.066  1465  1490 V MediaScanner: pruneDeadThumbnailFiles... android.content.ContentProviderClient$CursorWrapperInner@4dc04d
06-28 01:47:24.067  1465  1490 V MediaScanner: /pruneDeadThumbnailFiles... android.content.ContentProviderClient$CursorWrapperInner@4dc04d
06-28 01:47:24.113  2557  2561 W dex2oat : Compilation of void abw.a(java.lang.Object, aci, zv) took 685.323ms
06-28 01:47:24.242  2557  2560 W dex2oat : Compilation of void ym.a(adw) took 130.054ms
06-28 01:47:24.467  2557  2561 W dex2oat : Compilation of void abw.a(java.lang.Object, ads) took 353.388ms
06-28 01:47:24.591  2557  2561 W dex2oat : Compilation of boolean abw.a(java.lang.Object, java.lang.Object) took 123.573ms
06-28 01:47:24.756  2557  2561 W dex2oat : Compilation of void abw.b(java.lang.Object, java.lang.Object) took 145.374ms
06-28 01:47:25.023  1160  1162 E sdcard  : opendir /mnt/media_rw/e14e8b4a-c6c3-4546-b069-dfbdf64d0b66/lost+found failed: Permission denied
06-28 01:47:25.025  1160  1162 E sdcard  : opendir /mnt/media_rw/e14e8b4a-c6c3-4546-b069-dfbdf64d0b66/lost+found failed: Permission denied
06-28 01:47:25.030  1465  1490 W MediaScanner: Error opening directory '/storage/e14e8b4a-c6c3-4546-b069-dfbdf64d0b66/lost+found/', skipping: Permission denied.
06-28 01:47:25.032  2557  2557 I dex2oat : dex2oat took 7.177s (threads: 4) arena alloc=7MB (7658928B) java alloc=818KB (838096B) native alloc=4MB (4584744B) free=8MB (9046744B)
06-28 01:47:25.040  1465  1490 V MediaScanner: pruneDeadThumbnailFiles... android.content.ContentProviderClient$CursorWrapperInner@a408702
06-28 01:47:25.040  1465  1490 V MediaScanner: /pruneDeadThumbnailFiles... android.content.ContentProviderClient$CursorWrapperInner@a408702
06-28 01:47:25.179  2562  2562 I dex2oat : /system/bin/dex2oat --dex-file=/data/user_de/0/com.google.android.gms/app_chimera/m/00000010/MeasurementDynamite.apk --oat-fd=38 --oat-location=/data/user_de/0/com.google.android.gms/app_chimera/m/00000010/oat/arm64/MeasurementDynamite.dex --compiler-filter=speed
06-28 01:47:25.276  1775  1775 I System.out: MediaStorePolicy, update media folder size. 
06-28 01:47:26.215  2562  2565 W dex2oat : Compilation of void im.run() took 203.380ms
06-28 01:47:26.541  2562  2564 W dex2oat : Compilation of boolean cs.a(int, android.os.Parcel, android.os.Parcel) took 145.569ms
06-28 01:47:27.328  2562  2562 W dex2oat : Compilation of void hq.j() took 132.588ms
06-28 01:47:27.369  2562  2566 W dex2oat : Compilation of java.util.List ht.v() took 135.303ms
06-28 01:47:27.391  2562  2565 W dex2oat : Compilation of void iz.G() took 112.641ms
06-28 01:47:27.506  1465  1490 W MediaScanner: Error opening directory '/oem/media/', skipping: No such file or directory.
06-28 01:47:27.688  2562  2565 W dex2oat : Compilation of void iz.a(java.lang.String, java.lang.String, long, android.os.Bundle, boolean, boolean, boolean, java.lang.String) took 207.657ms
06-28 01:47:27.893  2562  2562 I dex2oat : dex2oat took 2.714s (threads: 4) arena alloc=3MB (3616624B) java alloc=388KB (397520B) native alloc=2MB (2158496B) free=4MB (4657248B)
06-28 01:47:27.988  2568  2568 I dex2oat : /system/bin/dex2oat --dex-file=/data/user_de/0/com.google.android.gms/app_chimera/m/0000000e/GoogleCertificates.apk --oat-fd=38 --oat-location=/data/user_de/0/com.google.android.gms/app_chimera/m/0000000e/oat/arm64/GoogleCertificates.dex --compiler-filter=speed
06-28 01:47:28.629  1775  1775 I System.out: MediaStorePolicy, update media folder size. 
06-28 01:47:28.809  2568  2572 W dex2oat : Verification of void q.c() took 686.371ms
06-28 01:47:29.173  2568  2572 W dex2oat : Verification of void q.d() took 363.104ms
06-28 01:47:29.369  2568  2572 I dex2oat : Method exceeds compiler instruction limit: 26001 in void q.c()
06-28 01:47:29.371  2568  2572 I dex2oat : Method exceeds compiler instruction limit: 19521 in void q.d()
