--------- beginning of main
06-27 00:36:57.747   188   188 W auditd  : type=2000 audit(0.0:1): initialized
06-27 00:36:58.454   188   188 I auditd  : type=1403 audit(0.0:2): policy loaded auid=4294967295 ses=4294967295
06-27 00:36:58.527     1     1 I init    : type=1400 audit(0.0:3): avc: denied { getattr } for path="/sys/kernel/debug/tracing/trace_marker" dev="debugfs" ino=150 scontext=u:r:init:s0 tcontext=u:object_r:debugfs_trace_marker:s0 tclass=file permissive=1
06-27 00:36:58.750   127   127 I ueventd : type=1400 audit(0.0:4): avc: denied { relabelfrom } for name="event2" dev="tmpfs" ino=5385 scontext=u:r:ueventd:s0 tcontext=u:object_r:input_device:s0 tclass=chr_file permissive=1
06-27 00:36:58.750   127   127 I ueventd : type=1400 audit(0.0:5): avc: denied { relabelto } for name="event2" dev="tmpfs" ino=5385 scontext=u:r:ueventd:s0 tcontext=u:object_r:input_device:s0 tclass=chr_file permissive=1
06-27 00:36:59.364   139   139 I e2fsck  : type=1400 audit(0.0:6): avc: denied { getattr } for path="/dev/block/mmcblk0p11" dev="tmpfs" ino=5413 scontext=u:r:fsck:s0 tcontext=u:object_r:block_device:s0 tclass=blk_file permissive=1
06-27 00:36:59.364   139   139 I e2fsck  : type=1400 audit(0.0:7): avc: denied { read } for name="mmcblk0p11" dev="tmpfs" ino=5413 scontext=u:r:fsck:s0 tcontext=u:object_r:block_device:s0 tclass=blk_file permissive=1
06-27 00:36:59.364   139   139 I e2fsck  : type=1400 audit(0.0:8): avc: denied { open } for path="/dev/block/mmcblk0p11" dev="tmpfs" ino=5413 scontext=u:r:fsck:s0 tcontext=u:object_r:block_device:s0 tclass=blk_file permissive=1
06-27 00:36:59.364   139   139 I e2fsck  : type=1400 audit(0.0:9): avc: denied { write } for name="mmcblk0p11" dev="tmpfs" ino=5413 scontext=u:r:fsck:s0 tcontext=u:object_r:block_device:s0 tclass=blk_file permissive=1
06-27 00:36:59.364   139   139 I e2fsck  : type=1400 audit(0.0:10): avc: denied { ioctl } for path="/dev/block/mmcblk0p11" dev="tmpfs" ino=5413 ioctlcmd=127c scontext=u:r:fsck:s0 tcontext=u:object_r:block_device:s0 tclass=blk_file permissive=1
06-27 00:37:00.688   209   209 I perfprofd: starting Android Wide Profiling daemon
06-27 00:37:00.699   209   209 E perfprofd: unable to open configuration file /data/data/com.google.android.gms/files/perfprofd.conf
06-27 00:37:00.700   209   209 I perfprofd: random seed set to 2495974335
--------- beginning of system
06-27 00:37:00.705   192   192 E DrmService: ----------------running drmservice---------------
06-27 00:37:00.705   192   192 E DrmService: get prop_board_platform,prop_board_platform = rk3328 , diff=-1
06-27 00:37:00.705   192   192 E DrmService: rknand_sys_storage open fail
06-27 00:37:00.705   192   192 E DrmService: Get HID data:
06-27 00:37:00.715   192   192 E DrmService: ----------serianno =LHAM2TCBPK
06-27 00:37:00.716   192   192 E DrmService: auto generate serialno,serialno = LHAM2TCBPK
06-27 00:37:00.725   196   196 I         : installd firing up
06-27 00:37:00.775   203   203 I gatekeeperd: Starting gatekeeperd...
06-27 00:37:00.776   203   203 W gatekeeperd: falling back to software GateKeeper
06-27 00:37:00.796   202   202 I Netd    : Netd 1.0 starting
06-27 00:37:00.797   202   202 D TetherController: Setting IP forward enable = 0
06-27 00:37:00.818   197   197 I keystore: Found keymaster0 module Keymaster OpenSSL HAL, version 2
06-27 00:37:00.818   197   197 I SoftKeymaster: system/keymaster/soft_keymaster_device.cpp, Line 131: Creating device
06-27 00:37:00.818   197   197 D SoftKeymaster: system/keymaster/soft_keymaster_device.cpp, Line 132: Device address: 0x7d82627000
06-27 00:37:00.818   197   197 I keystore: Keymaster0 module is software-only.  Using SoftKeymasterDevice instead.
06-27 00:37:00.818   197   197 I SoftKeymaster: system/keymaster/soft_keymaster_device.cpp, Line 131: Creating device
06-27 00:37:00.818   197   197 D SoftKeymaster: system/keymaster/soft_keymaster_device.cpp, Line 132: Device address: 0x7d82627400
06-27 00:37:00.989   198   198 I mediacodec: @@@ mediacodecservice starting
06-27 00:37:00.990   198   198 W /system/bin/mediacodec: libminijail: allowing syscall: clock_gettime
06-27 00:37:00.991   198   198 W /system/bin/mediacodec: libminijail: allowing syscall: connect
06-27 00:37:00.991   198   198 W /system/bin/mediacodec: libminijail: allowing syscall: fcntl64
06-27 00:37:00.991   198   198 W /system/bin/mediacodec: libminijail: allowing syscall: socket
06-27 00:37:00.991   198   198 W /system/bin/mediacodec: libminijail: allowing syscall: writev
06-27 00:37:00.992   198   198 W /system/bin/mediacodec: libminijail: logging seccomp filter failures
06-27 00:37:01.041   194   194 I cameraserver: ServiceManager: 0xf1290420
06-27 00:37:01.041   194   194 I CameraService: CameraService started (pid=194)
06-27 00:37:01.041   194   194 I CameraService: CameraService process starting
06-27 00:37:01.042   194   194 W BatteryNotifier: batterystats service unavailable!
06-27 00:37:01.042   194   194 W BatteryNotifier: batterystats service unavailable!
06-27 00:37:01.056   200   200 V MediaUtils: physMem: 1021870080
06-27 00:37:01.056   200   200 V MediaUtils: requested limit: 204374000
06-27 00:37:01.056   200   200 V MediaUtils: actual limit: 204374000
06-27 00:37:01.056   200   200 V MediaUtils: original limits: 4294967295/4294967295
06-27 00:37:01.056   200   200 V MediaUtils: new limits: 204374000/4294967295
06-27 00:37:01.057   200   200 W /system/bin/mediaextractor: libminijail: allowing syscall: clock_gettime
06-27 00:37:01.057   200   200 W /system/bin/mediaextractor: libminijail: allowing syscall: connect
06-27 00:37:01.057   200   200 W /system/bin/mediaextractor: libminijail: allowing syscall: fcntl64
06-27 00:37:01.057   200   200 W /system/bin/mediaextractor: libminijail: allowing syscall: socket
06-27 00:37:01.057   200   200 W /system/bin/mediaextractor: libminijail: allowing syscall: writev
06-27 00:37:01.105   200   200 W /system/bin/mediaextractor: libminijail: logging seccomp filter failures
06-27 00:37:01.132   193   193 I         : sMaxFastTracks = 8
06-27 00:37:01.136   193   193 I audioserver: ServiceManager: 0xe9f10420
06-27 00:37:01.136   193   193 W BatteryNotifier: batterystats service unavailable!
06-27 00:37:01.136   193   193 I AudioFlinger: Using default 3000 mSec as standby time.
06-27 00:37:01.137   193   193 I AudioPolicyService: AudioPolicyService CSTOR in new mode
06-27 00:37:01.157   193   193 I APM::ConfigParsingUtils: loadAudioPolicyConfig() loaded /system/etc/audio_policy.conf
06-27 00:37:01.158   193   193 D APM_AudioPolicyManager: cardStrategy = 6 , hasSpdif() = 1
06-27 00:37:01.159   193   193 W APM::Devices: DeviceVector::add device 00000400 already in
06-27 00:37:01.163   231   231 I audioserver: type=1400 audit(0.0:25): avc: denied { execute } for name="sh" dev="mmcblk0p13" ino=380 scontext=u:r:audioserver:s0 tcontext=u:object_r:shell_exec:s0 tclass=file permissive=1
06-27 00:37:01.163   231   231 I audioserver: type=1400 audit(0.0:26): avc: denied { read open } for path="/system/bin/sh" dev="mmcblk0p13" ino=380 scontext=u:r:audioserver:s0 tcontext=u:object_r:shell_exec:s0 tclass=file permissive=1
06-27 00:37:01.166   231   231 I audioserver: type=1400 audit(0.0:27): avc: denied { execute_no_trans } for path="/system/bin/sh" dev="mmcblk0p13" ino=380 scontext=u:r:audioserver:s0 tcontext=u:object_r:shell_exec:s0 tclass=file permissive=1
06-27 00:37:01.166   231   231 I sh      : type=1400 audit(0.0:28): avc: denied { getattr } for path="/system/bin/sh" dev="mmcblk0p13" ino=380 scontext=u:r:audioserver:s0 tcontext=u:object_r:shell_exec:s0 tclass=file permissive=1
06-27 00:37:01.180   231   231 I sh      : type=1400 audit(0.0:29): avc: denied { getattr } for path="/system/bin/toybox" dev="mmcblk0p13" ino=413 scontext=u:r:audioserver:s0 tcontext=u:object_r:toolbox_exec:s0 tclass=file permissive=1
06-27 00:37:01.180   231   231 I sh      : type=1400 audit(0.0:30): avc: denied { execute } for name="toybox" dev="mmcblk0p13" ino=413 scontext=u:r:audioserver:s0 tcontext=u:object_r:toolbox_exec:s0 tclass=file permissive=1
06-27 00:37:01.180   231   231 I sh      : type=1400 audit(0.0:31): avc: denied { read open } for path="/system/bin/toybox" dev="mmcblk0p13" ino=413 scontext=u:r:audioserver:s0 tcontext=u:object_r:toolbox_exec:s0 tclass=file permissive=1
06-27 00:37:01.180   231   231 I sh      : type=1400 audit(0.0:32): avc: denied { execute_no_trans } for path="/system/bin/toybox" dev="mmcblk0p13" ino=413 scontext=u:r:audioserver:s0 tcontext=u:object_r:toolbox_exec:s0 tclass=file permissive=1
06-27 00:37:01.234   193   193 D AudioHardwareTiny: ALSA Audio Version: V1.1.0
06-27 00:37:01.235   193   193 D alsa_route: Can not get config table for sound card0 RKRK322x, so get default config table.
06-27 00:37:01.235   193   193 D AudioHardwareTiny: read_snd_card_info buf0 = RKRK322x
06-27 00:37:01.235   193   193 D AudioHardwareTiny: read_snd_card_info buf1 = RKHDMII2S
06-27 00:37:01.235   193   193 D AudioHardwareTiny: read_snd_card_info buf2 = RKSPDIFCARD
06-27 00:37:01.235   193   193 D AudioHardwareTiny: now is 3snd card mode
06-27 00:37:01.235   193   193 D AudioHardwareTiny: pthread_create error
06-27 00:37:01.235   193   193 I AudioFlinger: loadHwModule() Loaded primary audio interface from Manta audio HW HAL (audio) handle 10
06-27 00:37:01.235   193   193 I AudioFlinger: openOutput(), module 10 Device 2, SamplingRate 48000, Format 0x000001, Channels 3, flags 2
06-27 00:37:01.235   193   193 D AudioHardwareTiny: audio hal adev_open_output_stream devices = 0x2, flags = 2, samplerate = 48000
06-27 00:37:01.235   193   193 D AudioHardwareTiny: out->config.rate = 44100, out->config.channels = 2
06-27 00:37:01.235   193   193 I AudioFlinger: HAL output buffer size 512 frames, normal sink buffer size 1024 frames
06-27 00:37:01.245   193   193 I BufferProvider: found effect "Multichannel Downmix To Stereo" from The Android Open Source Project
06-27 00:37:01.246   193   193 I AudioFlinger: Using module 10 has the primary audio interface
06-27 00:37:01.246   193   193 D AudioHardwareTiny: adev_set_mode: set_mode = 0
06-27 00:37:01.250   193   193 I audioserver: type=1400 audit(0.0:33): avc: denied { create } for scontext=u:r:audioserver:s0 tcontext=u:r:audioserver:s0 tclass=netlink_kobject_uevent_socket permissive=1
06-27 00:37:01.250   193   193 I audioserver: type=1400 audit(0.0:34): avc: denied { setopt } for scontext=u:r:audioserver:s0 tcontext=u:r:audioserver:s0 tclass=netlink_kobject_uevent_socket permissive=1
06-27 00:37:01.250   193   193 I audioserver: type=1400 audit(0.0:35): avc: denied { bind } for scontext=u:r:audioserver:s0 tcontext=u:r:audioserver:s0 tclass=netlink_kobject_uevent_socket permissive=1
06-27 00:37:01.254   193   237 I AudioFlinger: AudioFlinger's thread 0xe9983740 ready to run
06-27 00:37:01.254   193   237 W BatteryNotifier: batterystats service unavailable!
06-27 00:37:01.254   193   237 D AudioHardwareTiny: out_set_parameters: kvpairs = routing=2
06-27 00:37:01.255   193   237 W BatteryNotifier: batterystats service unavailable!
06-27 00:37:01.255   193   237 W BatteryNotifier: batterystats service unavailable!
06-27 00:37:01.255   193   237 W AudioFlinger: no wake lock to update, system not ready yet
06-27 00:37:01.256   193   193 D AudioHardwareTiny: pcm_config->rate:44100,in->requested_rate:48000,in->channel_mask:2
06-27 00:37:01.259   193   193 D AudioHardwareTiny: in->mSpeexFrameSize:560
06-27 00:37:01.261   193   239 I AudioFlinger: AudioFlinger's thread 0xe9683c80 ready to run
06-27 00:37:01.289   193   193 I bt_a2dp_hw: adev_open:  adev_open in A2dp_hw module
06-27 00:37:01.289   193   193 I AudioFlinger: loadHwModule() Loaded a2dp audio interface from A2DP Audio HW HAL (audio) handle 18
06-27 00:37:01.292   193   193 I AudioFlinger: loadHwModule() Loaded usb audio interface from USB audio HW HAL (audio) handle 26
06-27 00:37:01.295   193   193 I r_submix: adev_open(name=audio_hw_if)
06-27 00:37:01.295   193   193 I r_submix: adev_init_check()
06-27 00:37:01.295   193   193 I AudioFlinger: loadHwModule() Loaded r_submix audio interface from Wifi Display audio HAL (audio) handle 34
06-27 00:37:01.295   193   193 D r_submix: adev_open_input_stream(addr=0)
06-27 00:37:01.295   193   193 D r_submix: submix_audio_device_create_pipe_l(addr=0, idx=9)
06-27 00:37:01.295   193   193 D r_submix:   now using address 0 for route 9
06-27 00:37:01.301   193   241 I AudioFlinger: AudioFlinger's thread 0xe9603180 ready to run
06-27 00:37:01.301   193   193 D r_submix: adev_close_input_stream()
06-27 00:37:01.301   193   193 D r_submix: submix_audio_device_release_pipe_l(idx=9) addr=0
06-27 00:37:01.301   193   193 D r_submix: submix_audio_device_destroy_pipe_l(): pipe destroyed
06-27 00:37:01.302   193   193 I RadioService: RadioService
06-27 00:37:01.302   193   193 I RadioService: onFirstRef
06-27 00:37:01.302   193   193 E RadioService: couldn't load radio module radio.primary (No such file or directory)
06-27 00:37:01.303   193   193 E SoundTriggerHwService: couldn't load sound trigger module sound_trigger.primary (No such file or directory)
06-27 00:37:01.540   149   149 E vpu_api : dlopen vpu lib failed
06-27 00:37:01.549   182   182 E vpu_api : dlopen vpu lib failed
06-27 00:37:01.639   182   182 I BootAnimation: Boot_animation_process entered now!
06-27 00:37:01.640   149   149 D AndroidRuntime: >>>>>> START com.android.internal.os.ZygoteInit uid 0 <<<<<<
06-27 00:37:01.655   182   256 D libEGL  : loaded /system/lib64/egl/libGLES_mali.so
06-27 00:37:01.671   153   153 I [Gralloc]: framebuffer accessed with dma buf (fd 0x1f)
06-27 00:37:01.672   153   153 W hwcomposer: hwc skip!,1869181801,numHwLayers=1
06-27 00:37:01.694   199   199 I vpu_api : dlopen vpu lib success
06-27 00:37:01.695   199   199 I mediaserver: ServiceManager: 0xf0c10480
06-27 00:37:01.721   182   256 I mali_so : [File] : hardware/rockchip/driver/./src/base/arch/arch_011_udd/base_arch_main.c; [Line] : 565; [Func] : deal_with_version_affairs_rk_ext;
06-27 00:37:01.721   182   256 I mali_so : arm_release_ver of this mali_so is 'r7p0-00rel1', rk_so_ver is '1@2' for 3328h_android_7.1, built at '15:47:51', on 'Jun 28 2017'.
06-27 00:37:01.721   182   256 I mali_so : [File] : hardware/rockchip/driver/./src/base/arch/arch_011_udd/base_arch_main.c; [Line] : 578; [Func] : deal_with_version_affairs_rk_ext;
06-27 00:37:01.721   182   256 I mali_so : mali_ver_property has been set to 'r7p0-00rel1-5-1@2', to return.
06-27 00:37:01.726   149   149 D AndroidRuntime: CheckJNI is OFF
06-27 00:37:01.728   149   149 I art     : option[0]=-Xzygote
06-27 00:37:01.728   149   149 I art     : option[1]=-Xstacktracefile:/data/anr/traces.txt
06-27 00:37:01.728   149   149 I art     : option[2]=exit
06-27 00:37:01.728   149   149 I art     : option[3]=vfprintf
06-27 00:37:01.728   149   149 I art     : option[4]=sensitiveThread
06-27 00:37:01.728   149   149 I art     : option[5]=-verbose:gc
06-27 00:37:01.728   149   149 I art     : option[6]=-Xms16m
06-27 00:37:01.728   149   149 I art     : option[7]=-Xmx512m
06-27 00:37:01.728   149   149 I art     : option[8]=-XX:HeapGrowthLimit=192m
06-27 00:37:01.728   149   149 I art     : option[9]=-XX:HeapMinFree=512k
06-27 00:37:01.728   149   149 I art     : option[10]=-XX:HeapMaxFree=8m
06-27 00:37:01.728   149   149 I art     : option[11]=-XX:HeapTargetUtilization=0.75
06-27 00:37:01.728   149   149 I art     : option[12]=-Xusejit:true
06-27 00:37:01.728   149   149 I art     : option[13]=-Xjitsaveprofilinginfo
06-27 00:37:01.728   149   149 I art     : option[14]=-agentlib:jdwp=transport=dt_android_adb,suspend=n,server=y
06-27 00:37:01.728   149   149 I art     : option[15]=-Xlockprofthreshold:500
06-27 00:37:01.728   149   149 I art     : option[16]=-Ximage-compiler-option
06-27 00:37:01.728   149   149 I art     : option[17]=--runtime-arg
06-27 00:37:01.728   149   149 I art     : option[18]=-Ximage-compiler-option
06-27 00:37:01.728   149   149 I art     : option[19]=-Xms64m
06-27 00:37:01.729   149   149 I art     : option[20]=-Ximage-compiler-option
06-27 00:37:01.729   149   149 I art     : option[21]=--runtime-arg
06-27 00:37:01.729   149   149 I art     : option[22]=-Ximage-compiler-option
06-27 00:37:01.729   149   149 I art     : option[23]=-Xmx64m
06-27 00:37:01.729   149   149 I art     : option[24]=-Ximage-compiler-option
06-27 00:37:01.729   149   149 I art     : option[25]=--image-classes=/system/etc/preloaded-classes
06-27 00:37:01.729   149   149 I art     : option[26]=-Ximage-compiler-option
06-27 00:37:01.729   149   149 I art     : option[27]=--compiled-classes=/system/etc/compiled-classes
06-27 00:37:01.729   149   149 I art     : option[28]=-Xcompiler-option
06-27 00:37:01.729   149   149 I art     : option[29]=--runtime-arg
06-27 00:37:01.729   149   149 I art     : option[30]=-Xcompiler-option
06-27 00:37:01.729   149   149 I art     : option[31]=-Xms64m
06-27 00:37:01.729   149   149 I art     : option[32]=-Xcompiler-option
06-27 00:37:01.729   149   149 I art     : option[33]=--runtime-arg
06-27 00:37:01.729   149   149 I art     : option[34]=-Xcompiler-option
06-27 00:37:01.729   149   149 I art     : option[35]=-Xmx512m
06-27 00:37:01.729   149   149 I art     : option[36]=-Ximage-compiler-option
06-27 00:37:01.729   149   149 I art     : option[37]=--instruction-set-variant=cortex-a53
06-27 00:37:01.729   149   149 I art     : option[38]=-Xcompiler-option
06-27 00:37:01.729   149   149 I art     : option[39]=--instruction-set-variant=cortex-a53
06-27 00:37:01.729   149   149 I art     : option[40]=-Ximage-compiler-option
06-27 00:37:01.729   149   149 I art     : option[41]=--instruction-set-features=default
06-27 00:37:01.729   149   149 I art     : option[42]=-Xcompiler-option
06-27 00:37:01.729   149   149 I art     : option[43]=--instruction-set-features=default
06-27 00:37:01.729   149   149 I art     : option[44]=-Duser.locale=en-US
06-27 00:37:01.729   149   149 I art     : option[45]=--cpu-abilist=arm64-v8a
06-27 00:37:01.729   149   149 I art     : option[46]=-Xfingerprint:PopcornHour/rk3328_box/rk3328_box:7.1.2/NHG47K/qinzhe10131802:userdebug/test-keys
06-27 00:37:01.730   182   256 I [Gralloc]:  ion device open success! fd = 10
06-27 00:37:01.740   201   201 I vpu_api : dlopen vpu lib success
06-27 00:37:01.747   201   201 I mediaserver: ServiceManager: 0xf2d10480
06-27 00:37:01.747   201   201 W BatteryNotifier: batterystats service unavailable!
06-27 00:37:01.901   150   150 I vpu_api : dlopen vpu lib success
06-27 00:37:01.922   153   153 W hwcomposer: hwc skip!,0,numHwLayers=2
06-27 00:37:01.938   153   153 W hwcomposer: hwc skip!,0,numHwLayers=2
06-27 00:37:01.971   150   150 D AndroidRuntime: >>>>>> START com.android.internal.os.ZygoteInit uid 0 <<<<<<
06-27 00:37:02.004   153   153 W hwcomposer: hwc skip!,0,numHwLayers=2
06-27 00:37:02.017   150   150 D AndroidRuntime: CheckJNI is OFF
06-27 00:37:02.025   150   150 I art     : option[0]=-Xzygote
06-27 00:37:02.025   150   150 I art     : option[1]=-Xstacktracefile:/data/anr/traces.txt
06-27 00:37:02.025   150   150 I art     : option[2]=exit
06-27 00:37:02.025   150   150 I art     : option[3]=vfprintf
06-27 00:37:02.025   150   150 I art     : option[4]=sensitiveThread
06-27 00:37:02.025   150   150 I art     : option[5]=-verbose:gc
06-27 00:37:02.025   150   150 I art     : option[6]=-Xms16m
06-27 00:37:02.025   150   150 I art     : option[7]=-Xmx512m
06-27 00:37:02.025   150   150 I art     : option[8]=-XX:HeapGrowthLimit=192m
06-27 00:37:02.025   150   150 I art     : option[9]=-XX:HeapMinFree=512k
06-27 00:37:02.025   150   150 I art     : option[10]=-XX:HeapMaxFree=8m
06-27 00:37:02.025   150   150 I art     : option[11]=-XX:HeapTargetUtilization=0.75
06-27 00:37:02.025   150   150 I art     : option[12]=-Xusejit:true
06-27 00:37:02.025   150   150 I art     : option[13]=-Xjitsaveprofilinginfo
06-27 00:37:02.025   150   150 I art     : option[14]=-agentlib:jdwp=transport=dt_android_adb,suspend=n,server=y
06-27 00:37:02.025   150   150 I art     : option[15]=-Xlockprofthreshold:500
06-27 00:37:02.025   150   150 I art     : option[16]=-Ximage-compiler-option
06-27 00:37:02.025   150   150 I art     : option[17]=--runtime-arg
06-27 00:37:02.025   150   150 I art     : option[18]=-Ximage-compiler-option
06-27 00:37:02.025   150   150 I art     : option[19]=-Xms64m
06-27 00:37:02.025   150   150 I art     : option[20]=-Ximage-compiler-option
06-27 00:37:02.025   150   150 I art     : option[21]=--runtime-arg
06-27 00:37:02.025   150   150 I art     : option[22]=-Ximage-compiler-option
06-27 00:37:02.025   150   150 I art     : option[23]=-Xmx64m
06-27 00:37:02.025   150   150 I art     : option[24]=-Ximage-compiler-option
06-27 00:37:02.025   150   150 I art     : option[25]=--image-classes=/system/etc/preloaded-classes
06-27 00:37:02.025   150   150 I art     : option[26]=-Ximage-compiler-option
06-27 00:37:02.025   150   150 I art     : option[27]=--compiled-classes=/system/etc/compiled-classes
06-27 00:37:02.025   150   150 I art     : option[28]=-Xcompiler-option
06-27 00:37:02.025   150   150 I art     : option[29]=--runtime-arg
06-27 00:37:02.025   150   150 I art     : option[30]=-Xcompiler-option
06-27 00:37:02.025   150   150 I art     : option[31]=-Xms64m
06-27 00:37:02.025   150   150 I art     : option[32]=-Xcompiler-option
06-27 00:37:02.025   150   150 I art     : option[33]=--runtime-arg
06-27 00:37:02.025   150   150 I art     : option[34]=-Xcompiler-option
06-27 00:37:02.025   150   150 I art     : option[35]=-Xmx512m
06-27 00:37:02.025   150   150 I art     : option[36]=-Ximage-compiler-option
06-27 00:37:02.025   150   150 I art     : option[37]=--instruction-set-variant=cortex-a53
06-27 00:37:02.025   150   150 I art     : option[38]=-Xcompiler-option
06-27 00:37:02.025   150   150 I art     : option[39]=--instruction-set-variant=cortex-a53
06-27 00:37:02.025   150   150 I art     : option[40]=-Ximage-compiler-option
06-27 00:37:02.025   150   150 I art     : option[41]=--instruction-set-features=default
06-27 00:37:02.026   150   150 I art     : option[42]=-Xcompiler-option
06-27 00:37:02.026   150   150 I art     : option[43]=--instruction-set-features=default
06-27 00:37:02.026   150   150 I art     : option[44]=-Duser.locale=en-US
06-27 00:37:02.026   150   150 I art     : option[45]=--cpu-abilist=armeabi-v7a,armeabi
06-27 00:37:02.026   150   150 I art     : option[46]=-Xfingerprint:PopcornHour/rk3328_box/rk3328_box:7.1.2/NHG47K/qinzhe10131802:userdebug/test-keys
06-27 00:37:02.172   194   194 I vpu_api : dlopen vpu lib success
06-27 00:37:02.218   194   194 D CameraHal: createInstance(1011): This machine have not dvp/mipi camera!!
06-27 00:37:02.218   194   194 E CameraHal: camera_get_number_of_cameras(772): board profiles cam num 0
06-27 00:37:02.218   194   194 E CameraHal: camera_get_number_of_cameras(837): Open /dev/video0 failed! strr: No such file or directory
06-27 00:37:02.218   194   194 D CameraHal: camera_get_number_of_cameras(1224): camera_get_number_of_cameras(1224): Current board have 0 cameras attached.
06-27 00:37:02.218   194   194 D CameraHal: camera_get_number_of_cameras(1227): meida_profiles_xml_control time (3482)us
06-27 00:37:02.218   194   194 I CameraService: Loaded "RK29_ICS_CameraHal_Module" camera module
06-27 00:37:02.220   194   194 D CameraHal: createInstance(1011): This machine have not dvp/mipi camera!!
06-27 00:37:02.220   194   194 E CameraHal: camera_get_number_of_cameras(772): board profiles cam num 0
06-27 00:37:02.220   194   194 E CameraHal: camera_get_number_of_cameras(837): Open /dev/video0 failed! strr: No such file or directory
06-27 00:37:02.220   194   194 D CameraHal: camera_get_number_of_cameras(1224): camera_get_number_of_cameras(1224): Current board have 0 cameras attached.
06-27 00:37:02.220   194   194 D CameraHal: camera_get_number_of_cameras(1227): meida_profiles_xml_control time (2137)us
06-27 00:37:02.222   194   194 D CameraHal: createInstance(1011): This machine have not dvp/mipi camera!!
06-27 00:37:02.222   194   194 E CameraHal: camera_get_number_of_cameras(772): board profiles cam num 0
06-27 00:37:02.222   194   194 E CameraHal: camera_get_number_of_cameras(837): Open /dev/video0 failed! strr: No such file or directory
06-27 00:37:02.222   194   194 D CameraHal: camera_get_number_of_cameras(1224): camera_get_number_of_cameras(1224): Current board have 0 cameras attached.
06-27 00:37:02.222   194   194 D CameraHal: camera_get_number_of_cameras(1227): meida_profiles_xml_control time (2166)us
06-27 00:37:02.223   194   194 I ServiceManager: Waiting for service media.camera.proxy...
06-27 00:37:02.547   149   149 D ICU     : No timezone override file found: /data/misc/zoneinfo/current/icu/icu_tzdata.dat
06-27 00:37:02.850   150   150 D ICU     : No timezone override file found: /data/misc/zoneinfo/current/icu/icu_tzdata.dat
06-27 00:37:02.930   149   149 E memtrack: Couldn't load memtrack module (No such file or directory)
06-27 00:37:02.930   149   149 E android.os.Debug: failed to load memtrack module: -2
06-27 00:37:02.933   149   149 I Radio-JNI: register_android_hardware_Radio DONE
06-27 00:37:02.949   149   149 I SamplingProfilerIntegration: Profiling disabled.
06-27 00:37:02.966   149   149 I art     : Starting a blocking GC Background
06-27 00:37:02.996   149   149 I Zygote  : System server process 384 has been created
06-27 00:37:02.998   149   149 D Zygote  : begin preload
06-27 00:37:02.998   149   149 I Zygote  : Installing ICU cache reference pinning...
06-27 00:37:02.998   149   149 I Zygote  : Preloading ICU data...
06-27 00:37:03.007   384   384 D Zygote  : --------call waitForSecondaryZygote,skip this---,abiList= arm64-v8a
06-27 00:37:03.008   384   384 I InstallerConnection: connecting...
06-27 00:37:03.009   196   196 I         : new connection
06-27 00:37:03.102   149   149 I Zygote  : Preloading classes...
06-27 00:37:03.106   149   149 W Zygote  : Class not found for preloading: [Landroid.view.Display$ColorTransform;
06-27 00:37:03.223   194   194 I ServiceManager: Waiting for service media.camera.proxy...
06-27 00:37:03.293   150   150 E memtrack: Couldn't load memtrack module (No such file or directory)
06-27 00:37:03.293   150   150 E android.os.Debug: failed to load memtrack module: -2
06-27 00:37:03.295   150   150 I Radio-JNI: register_android_hardware_Radio DONE
06-27 00:37:03.327   150   150 I SamplingProfilerIntegration: Profiling disabled.
06-27 00:37:03.328   150   150 D Zygote  : begin preload
06-27 00:37:03.328   150   150 I Zygote  : Installing ICU cache reference pinning...
06-27 00:37:03.328   150   150 I Zygote  : Preloading ICU data...
06-27 00:37:03.373   384   384 I InstallerConnection: disconnecting...
06-27 00:37:03.373   196   196 E         : eof
06-27 00:37:03.373   196   196 E         : failed to read size
06-27 00:37:03.373   196   196 I         : closing connection
06-27 00:37:03.382   150   150 I Zygote  : Preloading classes...
06-27 00:37:03.390   150   150 W Zygote  : Class not found for preloading: [Landroid.view.Display$ColorTransform;
06-27 00:37:03.406   384   384 W art     : Found duplicate classes, falling back to interpreter mode for /system/framework/wifi-service.jar
06-27 00:37:03.406   384   384 W art     : Found duplicated class when checking oat files: 'Lcom/google/protobuf/nano/MessageNano;' in /system/framework/wifi-service.jar and /system/framework/services.jar
06-27 00:37:03.457   202   202 V NatController: runCmd(/system/bin/iptables -w -F natctrl_FORWARD) res=0
06-27 00:37:03.471   202   202 V NatController: runCmd(/system/bin/ip6tables -w -F natctrl_FORWARD) res=0
06-27 00:37:03.485   202   202 V NatController: runCmd(/system/bin/iptables -w -A natctrl_FORWARD -j DROP) res=0
06-27 00:37:03.497   202   202 V NatController: runCmd(/system/bin/iptables -w -t nat -F natctrl_nat_POSTROUTING) res=0
06-27 00:37:03.510   202   202 V NatController: runCmd(/system/bin/ip6tables -w -t raw -F natctrl_raw_PREROUTING) res=0
06-27 00:37:03.520   202   202 V NatController: runCmd(/system/bin/iptables -w -F natctrl_tether_counters) res=1
06-27 00:37:03.531   202   202 V NatController: runCmd(/system/bin/ip6tables -w -F natctrl_tether_counters) res=1
06-27 00:37:03.544   202   202 V NatController: runCmd(/system/bin/iptables -w -X natctrl_tether_counters) res=1
06-27 00:37:03.558   202   202 V NatController: runCmd(/system/bin/ip6tables -w -X natctrl_tether_counters) res=1
06-27 00:37:03.571   202   202 V NatController: runCmd(/system/bin/iptables -w -N natctrl_tether_counters) res=0
06-27 00:37:03.581   202   202 V NatController: runCmd(/system/bin/ip6tables -w -N natctrl_tether_counters) res=0
06-27 00:37:03.594   202   202 V NatController: runCmd(/system/bin/iptables -w -t mangle -A natctrl_mangle_FORWARD -p tcp --tcp-flags SYN SYN -j TCPMSS --clamp-mss-to-pmtu) res=0
06-27 00:37:03.607   384   384 I SystemServer: Entered the Android system server!
06-27 00:37:03.859   202   202 E Netd    : cannot find interface dummy0
06-27 00:37:03.861   202   202 D MDnsDS  : MDnsSdListener::Hander starting up
06-27 00:37:03.861   202   472 D MDnsDS  : MDnsSdListener starting to monitor
06-27 00:37:03.861   202   472 D MDnsDS  : Going to poll with pollCount 1
06-27 00:37:04.058   384   384 I SystemServiceManager: Starting com.android.server.pm.Installer
06-27 00:37:04.082   384   384 I Installer: Waiting for installd to be ready.
06-27 00:37:04.082   384   384 I InstallerConnection: connecting...
06-27 00:37:04.082   196   196 I         : new connection
06-27 00:37:04.083   384   384 I SystemServiceManager: Starting com.android.server.am.ActivityManagerService$Lifecycle
06-27 00:37:04.094   384   384 I ActivityManager: Memory class: 192
06-27 00:37:04.096   384   480 I ServiceThread: Enabled StrictMode logging for ActivityManager looper.
06-27 00:37:04.101   384   481 I ServiceThread: Enabled StrictMode logging for android.ui looper.
06-27 00:37:04.180   149   149 E Typeface: Error mapping font file /system/fonts/DroidSansFallback.ttf
06-27 00:37:04.182   150   150 E Typeface: Error mapping font file /system/fonts/DroidSansFallback.ttf
06-27 00:37:04.201   384   384 D BatteryStatsImpl: Reading daily items from /data/system/batterystats-daily.xml
06-27 00:37:04.223   194   194 I ServiceManager: Waiting for service media.camera.proxy...
06-27 00:37:04.267   193   237 W BatteryNotifier: batterystats service unavailable!
06-27 00:37:04.367   384   384 I IntentFirewall: Read new rules (A:0 B:0 S:0)
06-27 00:37:04.375   384   487 I ServiceThread: Enabled StrictMode logging for android.display looper.
06-27 00:37:04.397   384   384 D AppOps  : AppOpsService published
06-27 00:37:04.398   384   384 I SystemServiceManager: Starting com.android.server.power.PowerManagerService
06-27 00:37:04.410   384   489 I ServiceThread: Enabled StrictMode logging for PowerManagerService looper.
06-27 00:37:04.412   384   384 E PowerManagerService:  Failed while trying resolve ddr config file, not exists
06-27 00:37:04.412   384   384 E PowerManagerService-JNI: Couldn't load power module (No such file or directory)
06-27 00:37:04.412   384   384 W libsuspend: Error writing 'on' to /sys/power/state: Invalid argument
06-27 00:37:04.412   384   384 I libsuspend: Selected wakeup count
06-27 00:37:04.414   384   384 D lvjinhua:  Failed while trying resolve alarm filter file, not exists
06-27 00:37:04.415   384   384 I SystemServiceManager: Starting com.android.server.lights.LightsService
06-27 00:37:04.427   384   384 I Lights Hal: >>> Enter light_device_open:backlight
06-27 00:37:04.427   384   384 I Lights Hal: >>> Enter light_device_open:keyboard
06-27 00:37:04.427   384   384 I Lights Hal: >>> Enter light_device_open:buttons
06-27 00:37:04.427   384   384 I Lights Hal: >>> Enter light_device_open:battery
06-27 00:37:04.427   384   384 I Lights Hal: >>> Enter light_device_open:notifications
06-27 00:37:04.427   384   384 I Lights Hal: >>> Enter light_device_open:attention
06-27 00:37:04.427   384   384 I Lights Hal: >>> Enter light_device_open:bluetooth
06-27 00:37:04.427   384   384 I Lights Hal: >>> undefine light id
06-27 00:37:04.427   384   384 I Lights Hal: >>> Enter light_device_open:wifi
06-27 00:37:04.427   384   384 I Lights Hal: >>> undefine light id
06-27 00:37:04.428   384   384 I SystemServiceManager: Starting com.android.server.display.DisplayManagerService
06-27 00:37:04.436   384   384 I SystemServiceManager: Starting phase 100
06-27 00:37:04.441   384   487 I DisplayManagerService: Display device added: DisplayDeviceInfo{"Built-in Screen": uniqueId="local:0", 1280 x 720, modeId 1, defaultModeId 1, supportedModes [{id=1, width=1280, height=720, fps=60.000004}], colorMode 0, supportedColorModes [0], HdrCapabilities android.view.Display$HdrCapabilities@a69d6308, density 160, 2147483.8 x 2147483.8 dpi, appVsyncOff 1000000, presDeadline 16666666, touch INTERNAL, rotation 0, type BUILT_IN, state UNKNOWN, FLAG_DEFAULT_DISPLAY, FLAG_ROTATES_WITH_CONTENT, FLAG_SECURE, FLAG_SUPPORTS_PROTECTED_BUFFERS}
06-27 00:37:04.442   153   153 D SurfaceFlinger: Set power mode=2, type=0 flinger=0x7799231000
06-27 00:37:04.443   153   153 D SurfaceFlinger: Screen type=0 is already mode=2
06-27 00:37:04.443   384   487 E Lights Hal: write_int failed to open /sys/class/backlight/rk28_bl/brightness
06-27 00:37:04.443   384   487 E Lights Hal: write_int failed to open /sys/class/backlight/backlight/brightness
06-27 00:37:04.444   384   487 I DisplayManagerService: Display device changed state: "Built-in Screen", ON
06-27 00:37:04.444   384   384 I SystemServer: StartPackageManagerService
06-27 00:37:04.458   149   149 I art     : Thread[1,tid=149,Native,Thread*=0x7e1203fa00,peer=0x75dad000,"main"] recursive attempt to load library "/system/lib64/libmedia_jni.so"
06-27 00:37:04.458   149   149 D MtpDeviceJNI: register_android_mtp_MtpDevice
06-27 00:37:04.459   149   149 I art     : Thread[1,tid=149,Native,Thread*=0x7e1203fa00,peer=0x75dad000,"main"] recursive attempt to load library "/system/lib64/libmedia_jni.so"
06-27 00:37:04.460   149   149 I art     : Thread[1,tid=149,Native,Thread*=0x7e1203fa00,peer=0x75dad000,"main"] recursive attempt to load library "/system/lib64/libmedia_jni.so"
06-27 00:37:04.462   149   149 D MediaProfiles: CameraGroupFound(622): media_profiles_id: 0x0
06-27 00:37:04.463   149   149 E MediaProfiles: WARNING!!!! getInstance(692): cameraHal version(1.79.14) after(0.3.0x33),but don't have file(/data/camera/media_profiles.xml)
06-27 00:37:04.463   149   149 W MediaProfiles: could not find media config xml file
06-27 00:37:04.475   150   150 I art     : Thread[1,tid=150,Native,Thread*=0xeac84400,peer=0x12c070d0,"main"] recursive attempt to load library "/system/lib/libmedia_jni.so"
06-27 00:37:04.475   150   150 D MtpDeviceJNI: register_android_mtp_MtpDevice
06-27 00:37:04.476   150   150 I art     : Thread[1,tid=150,Native,Thread*=0xeac84400,peer=0x12c070d0,"main"] recursive attempt to load library "/system/lib/libmedia_jni.so"
06-27 00:37:04.476   384   493 D StrictMode: No activity manager; failed to Dropbox violation.
06-27 00:37:04.476   150   150 I art     : Thread[1,tid=150,Native,Thread*=0xeac84400,peer=0x12c070d0,"main"] recursive attempt to load library "/system/lib/libmedia_jni.so"
06-27 00:37:04.479   150   150 D MediaProfiles: CameraGroupFound(622): media_profiles_id: 0x0
06-27 00:37:04.479   150   150 E MediaProfiles: WARNING!!!! getInstance(692): cameraHal version(1.79.14) after(0.3.0x33),but don't have file(/data/camera/media_profiles.xml)
06-27 00:37:04.479   150   150 W MediaProfiles: could not find media config xml file
06-27 00:37:04.532   384   384 D SELinuxMMAC: Using policy file /system/etc/security/mac_permissions.xml
06-27 00:37:04.533   496   496 I vpu_api : dlclose vpu lib
06-27 00:37:04.536   149   149 W Zygote  : Class not found for preloading: android.view.Display$ColorTransform
06-27 00:37:04.536   149   149 W Zygote  : Class not found for preloading: android.view.Display$ColorTransform$1
06-27 00:37:04.566   150   150 W Zygote  : Class not found for preloading: android.view.Display$ColorTransform
06-27 00:37:04.567   150   150 W Zygote  : Class not found for preloading: android.view.Display$ColorTransform$1
06-27 00:37:04.609   384   384 D PackageSettings: Read domain verification for package: com.google.android.gms
06-27 00:37:04.692   149   149 I System  : Loaded time zone names for "" in 53ms (50ms in ICU)
06-27 00:37:04.721   149   149 I System  : Loaded time zone names for "en_US" in 28ms (25ms in ICU)
06-27 00:37:04.751   150   150 I System  : Loaded time zone names for "" in 69ms (66ms in ICU)
06-27 00:37:04.770   149   149 I Zygote  : ...preloaded 4158 classes in 1667ms.
06-27 00:37:04.770   149   149 I art     : VMRuntime.preloadDexCaches starting
06-27 00:37:04.789   150   150 I System  : Loaded time zone names for "en_US" in 38ms (34ms in ICU)
06-27 00:37:04.834   150   150 I Zygote  : ...preloaded 4158 classes in 1452ms.
06-27 00:37:04.834   150   150 I art     : VMRuntime.preloadDexCaches starting
06-27 00:37:04.851   384   384 E art     : DexFile_getDexOptNeeded file '/system/framework/org.apache.http.legacy.jar' does not exist
06-27 00:37:04.851   384   384 W PackageManager: Library not found: /system/framework/org.apache.http.legacy.jar
06-27 00:37:04.885   149   149 I art     : VMRuntime.preloadDexCaches strings total=284979 before=36736 after=36736
06-27 00:37:04.885   149   149 I art     : VMRuntime.preloadDexCaches types total=23634 before=7881 after=7909
06-27 00:37:04.885   149   149 I art     : VMRuntime.preloadDexCaches fields total=112603 before=41069 after=41286
06-27 00:37:04.885   149   149 I art     : VMRuntime.preloadDexCaches methods total=198201 before=82603 after=83169
06-27 00:37:04.885   149   149 I art     : VMRuntime.preloadDexCaches finished
06-27 00:37:04.885   384   384 E art     : DexFile_getDexOptNeeded file '/system/framework/org.apache.http.legacy.jar' does not exist
06-27 00:37:04.885   384   384 W PackageManager: Library not found: /system/framework/org.apache.http.legacy.jar
06-27 00:37:04.886   149   149 I Zygote  : Preloading resources...
06-27 00:37:04.891   384   384 D PackageManager: No files in app dir /vendor/overlay
06-27 00:37:04.927   149   149 W Resources: Preloaded drawable resource #0x108025c (android:drawable/dialog_background_material) that varies with configuration!!
06-27 00:37:04.946   149   149 W Resources: Preloaded color resource #0x10600ea (android:color/material_grey_800) that varies with configuration!!
06-27 00:37:04.946   149   149 W Resources: Preloaded drawable resource #0x10802c9 (android:drawable/floating_popup_background_dark) that varies with configuration!!
06-27 00:37:04.957   150   150 I art     : VMRuntime.preloadDexCaches strings total=284979 before=36736 after=36736
06-27 00:37:04.957   150   150 I art     : VMRuntime.preloadDexCaches types total=23634 before=7881 after=7909
06-27 00:37:04.957   150   150 I art     : VMRuntime.preloadDexCaches fields total=112603 before=41069 after=41286
06-27 00:37:04.957   150   150 I art     : VMRuntime.preloadDexCaches methods total=198201 before=82603 after=83169
06-27 00:37:04.957   150   150 I art     : VMRuntime.preloadDexCaches finished
06-27 00:37:04.958   150   150 I Zygote  : Preloading resources...
06-27 00:37:05.005   150   150 W Resources: Preloaded drawable resource #0x108025c (android:drawable/dialog_background_material) that varies with configuration!!
06-27 00:37:05.016   150   150 W Resources: Preloaded color resource #0x10600ea (android:color/material_grey_800) that varies with configuration!!
06-27 00:37:05.016   150   150 W Resources: Preloaded drawable resource #0x10802c9 (android:drawable/floating_popup_background_dark) that varies with configuration!!
06-27 00:37:05.051   384   384 W PackageParser: Ignoring duplicate uses-permissions/uses-permissions-sdk-m: android.permission.ACCESS_FINE_LOCATION in package: com.DeviceTest at: Binary XML file line #22
06-27 00:37:05.051   384   384 W PackageParser: Ignoring duplicate uses-permissions/uses-permissions-sdk-m: android.permission.WRITE_SETTINGS in package: com.DeviceTest at: Binary XML file line #31
06-27 00:37:05.052   384   384 W PackageParser: Ignoring duplicate uses-permissions/uses-permissions-sdk-m: android.permission.INTERNET in package: com.DeviceTest at: Binary XML file line #39
06-27 00:37:05.052   384   384 W PackageParser: Ignoring duplicate uses-permissions/uses-permissions-sdk-m: android.permission.DEVICE_POWER in package: com.DeviceTest at: Binary XML file line #43
06-27 00:37:05.074   384   384 W PackageManager: Permission android.permission.DOWNLOAD_WITHOUT_NOTIFICATION from package com.android.providers.downloads in an unknown group android.permission-group.NETWORK
06-27 00:37:05.127   149   149 I Zygote  : ...preloaded 114 resources in 241ms.
06-27 00:37:05.139   149   149 W Resources: Preloaded color resource #0x1060114 (android:color/background_cache_hint_selector_material_dark) that varies with configuration!!
06-27 00:37:05.140   149   149 W Resources: Preloaded color resource #0x1060119 (android:color/btn_default_material_dark) that varies with configuration!!
06-27 00:37:05.144   149   149 I Zygote  : ...preloaded 41 resources in 16ms.
06-27 00:37:05.146   149   149 D libEGL  : loaded /system/lib64/egl/libGLES_mali.so
06-27 00:37:05.173   150   150 I Zygote  : ...preloaded 114 resources in 214ms.
06-27 00:37:05.182   150   150 W Resources: Preloaded color resource #0x1060114 (android:color/background_cache_hint_selector_material_dark) that varies with configuration!!
06-27 00:37:05.183   150   150 W Resources: Preloaded color resource #0x1060119 (android:color/btn_default_material_dark) that varies with configuration!!
06-27 00:37:05.186   150   150 I Zygote  : ...preloaded 41 resources in 14ms.
06-27 00:37:05.201   150   150 D libEGL  : loaded /system/lib/egl/libGLES_mali.so
06-27 00:37:05.204   149   149 I Zygote  : Preloading shared libraries...
06-27 00:37:05.223   194   194 I ServiceManager: Waiting for service media.camera.proxy...
06-27 00:37:05.231   149   149 I Zygote  : Uninstalled ICU cache reference pinning...
06-27 00:37:05.237   149   149 I Zygote  : Installed AndroidKeyStoreProvider in 6ms.
06-27 00:37:05.261   149   149 I Zygote  : Warmed up JCA providers in 24ms.
06-27 00:37:05.261   149   149 D Zygote  : end preload
06-27 00:37:05.261   149   149 I art     : Waiting for a blocking GC Explicit
06-27 00:37:05.268   384   384 W PackageManager: Failed to parse /system/priv-app/GmsCore: Package com.google.android.gms at /system/priv-app/GmsCore ignored: updated version 17785019 better than this 10298440
06-27 00:37:05.277   149   149 I art     : WaitForGcToComplete blocked for 15.593ms for cause Explicit
06-27 00:37:05.277   149   149 I art     : Starting a blocking GC Explicit
06-27 00:37:05.283   150   150 I Zygote  : Preloading shared libraries...
06-27 00:37:05.292   149   149 I art     : Explicit concurrent mark sweep GC freed 64(9KB) AllocSpace objects, 0(0B) LOS objects, 39% free, 2MB/4MB, paused 257us total 14.366ms
06-27 00:37:05.292   149   149 I art     : Starting a blocking GC Explicit
06-27 00:37:05.306   149   149 I art     : Explicit concurrent mark sweep GC freed 5(128B) AllocSpace objects, 0(0B) LOS objects, 39% free, 2MB/4MB, paused 159us total 13.611ms
06-27 00:37:05.306   149   149 I Zygote  : Accepting command socket connections
06-27 00:37:05.308   150   150 I Zygote  : Uninstalled ICU cache reference pinning...
06-27 00:37:05.310   150   150 I Zygote  : Installed AndroidKeyStoreProvider in 2ms.
06-27 00:37:05.326   150   150 I Zygote  : Warmed up JCA providers in 16ms.
06-27 00:37:05.326   150   150 D Zygote  : end preload
06-27 00:37:05.326   150   150 I art     : Starting a blocking GC Explicit
06-27 00:37:05.362   150   150 I art     : Explicit concurrent mark sweep GC freed 39257(5MB) AllocSpace objects, 133(2MB) LOS objects, 40% free, 2MB/4MB, paused 339us total 35.769ms
06-27 00:37:05.367   150   150 I art     : Starting a blocking GC Explicit
06-27 00:37:05.384   150   150 I art     : Explicit concurrent mark sweep GC freed 4822(178KB) AllocSpace objects, 0(0B) LOS objects, 39% free, 2MB/4MB, paused 292us total 16.045ms
06-27 00:37:05.384   150   150 I Zygote  : Accepting command socket connections
06-27 00:37:05.409   384   384 W PackageParser: Ignoring duplicate uses-permissions/uses-permissions-sdk-m: com.google.android.providers.gsf.permission.READ_GSERVICES in package: com.google.android.partnersetup at: Binary XML file line #32
06-27 00:37:05.453   384   384 W PackageManager: Permission com.google.android.googleapps.permission.GOOGLE_AUTH from package com.google.android.gsf in an unknown group android.permission-group.ACCOUNTS
06-27 00:37:05.454   384   384 W PackageManager: Permission com.google.android.googleapps.permission.GOOGLE_AUTH.ALL_SERVICES from package com.google.android.gsf in an unknown group android.permission-group.ACCOUNTS
06-27 00:37:05.454   384   384 W PackageManager: Permission com.google.android.googleapps.permission.GOOGLE_AUTH.OTHER_SERVICES from package com.google.android.gsf in an unknown group android.permission-group.ACCOUNTS
06-27 00:37:05.454   384   384 W PackageManager: Permission com.google.android.googleapps.permission.GOOGLE_AUTH.mail from package com.google.android.gsf in an unknown group android.permission-group.ACCOUNTS
06-27 00:37:05.454   384   384 W PackageManager: Permission com.google.android.googleapps.permission.GOOGLE_AUTH.cl from package com.google.android.gsf in an unknown group android.permission-group.ACCOUNTS
06-27 00:37:05.454   384   384 W PackageManager: Permission com.google.android.googleapps.permission.GOOGLE_AUTH.android from package com.google.android.gsf in an unknown group android.permission-group.ACCOUNTS
06-27 00:37:05.454   384   384 W PackageManager: Permission com.google.android.googleapps.permission.GOOGLE_AUTH.androidsecure from package com.google.android.gsf in an unknown group android.permission-group.ACCOUNTS
06-27 00:37:05.454   384   384 W PackageManager: Permission com.google.android.googleapps.permission.GOOGLE_AUTH.sierra from package com.google.android.gsf in an unknown group android.permission-group.ACCOUNTS
06-27 00:37:05.454   384   384 W PackageManager: Permission com.google.android.googleapps.permission.GOOGLE_AUTH.sierraqa from package com.google.android.gsf in an unknown group android.permission-group.ACCOUNTS
06-27 00:37:05.454   384   384 W PackageManager: Permission com.google.android.googleapps.permission.GOOGLE_AUTH.sierrasandbox from package com.google.android.gsf in an unknown group android.permission-group.ACCOUNTS
06-27 00:37:05.454   384   384 W PackageManager: Permission com.google.android.googleapps.permission.GOOGLE_AUTH.youtube from package com.google.android.gsf in an unknown group android.permission-group.ACCOUNTS
06-27 00:37:05.454   384   384 W PackageManager: Permission com.google.android.googleapps.permission.GOOGLE_AUTH.YouTubeUser from package com.google.android.gsf in an unknown group android.permission-group.ACCOUNTS
06-27 00:37:05.454   384   384 W PackageManager: Permission com.google.android.googleapps.permission.GOOGLE_AUTH.talk from package com.google.android.gsf in an unknown group android.permission-group.ACCOUNTS
06-27 00:37:05.454   384   384 W PackageManager: Permission com.google.android.googleapps.permission.GOOGLE_AUTH.ig from package com.google.android.gsf in an unknown group android.permission-group.ACCOUNTS
06-27 00:37:05.454   384   384 W PackageManager: Permission com.google.android.googleapps.permission.GOOGLE_AUTH.lh2 from package com.google.android.gsf in an unknown group android.permission-group.ACCOUNTS
06-27 00:37:05.454   384   384 W PackageManager: Permission com.google.android.googleapps.permission.GOOGLE_AUTH.mobile from package com.google.android.gsf in an unknown group android.permission-group.ACCOUNTS
06-27 00:37:05.454   384   384 W PackageManager: Permission com.google.android.googleapps.permission.GOOGLE_AUTH.cp from package com.google.android.gsf in an unknown group android.permission-group.ACCOUNTS
06-27 00:37:05.454   384   384 W PackageManager: Permission com.google.android.googleapps.permission.GOOGLE_AUTH.adsense from package com.google.android.gsf in an unknown group android.permission-group.ACCOUNTS
06-27 00:37:05.454   384   384 W PackageManager: Permission com.google.android.googleapps.permission.GOOGLE_AUTH.adwords from package com.google.android.gsf in an unknown group android.permission-group.ACCOUNTS
06-27 00:37:05.454   384   384 W PackageManager: Permission com.google.android.googleapps.permission.GOOGLE_AUTH.blogger from package com.google.android.gsf in an unknown group android.permission-group.ACCOUNTS
06-27 00:37:05.454   384   384 W PackageManager: Permission com.google.android.googleapps.permission.GOOGLE_AUTH.dodgeball from package com.google.android.gsf in an unknown group android.permission-group.ACCOUNTS
06-27 00:37:05.454   384   384 W PackageManager: Permission com.google.android.googleapps.permission.GOOGLE_AUTH.gbase from package com.google.android.gsf in an unknown group android.permission-group.ACCOUNTS
06-27 00:37:05.454   384   384 W PackageManager: Permission com.google.android.googleapps.permission.GOOGLE_AUTH.groups2 from package com.google.android.gsf in an unknown group android.permission-group.ACCOUNTS
06-27 00:37:05.454   384   384 W PackageManager: Permission com.google.android.googleapps.permission.GOOGLE_AUTH.health from package com.google.android.gsf in an unknown group android.permission-group.ACCOUNTS
06-27 00:37:05.454   384   384 W PackageManager: Permission com.google.android.googleapps.permission.GOOGLE_AUTH.jotspot from package com.google.android.gsf in an unknown group android.permission-group.ACCOUNTS
