--------- beginning of main
01-01 03:00:00.653   186   186 W auditd  : type=2000 audit(0.0:1): initialized
01-01 03:00:01.376   186   186 I auditd  : type=1403 audit(0.0:2): policy loaded auid=4294967295 ses=4294967295
01-01 03:00:01.503     1     1 I init    : type=1400 audit(0.0:3): avc: denied { getattr } for path="/sys/kernel/debug/tracing/trace_marker" dev="debugfs" ino=150 scontext=u:r:init:s0 tcontext=u:object_r:debugfs_trace_marker:s0 tclass=file permissive=1
01-01 03:00:01.736   127   127 I ueventd : type=1400 audit(0.0:4): avc: denied { relabelfrom } for name="event4" dev="tmpfs" ino=4623 scontext=u:r:ueventd:s0 tcontext=u:object_r:input_device:s0 tclass=chr_file permissive=1
01-01 03:00:01.736   127   127 I ueventd : type=1400 audit(0.0:5): avc: denied { relabelto } for name="event4" dev="tmpfs" ino=4623 scontext=u:r:ueventd:s0 tcontext=u:object_r:input_device:s0 tclass=chr_file permissive=1
01-01 03:00:02.260   139   139 I e2fsck  : type=1400 audit(0.0:6): avc: denied { getattr } for path="/dev/block/mmcblk0p11" dev="tmpfs" ino=4682 scontext=u:r:fsck:s0 tcontext=u:object_r:block_device:s0 tclass=blk_file permissive=1
01-01 03:00:02.260   139   139 I e2fsck  : type=1400 audit(0.0:7): avc: denied { read } for name="mmcblk0p11" dev="tmpfs" ino=4682 scontext=u:r:fsck:s0 tcontext=u:object_r:block_device:s0 tclass=blk_file permissive=1
01-01 03:00:02.260   139   139 I e2fsck  : type=1400 audit(0.0:8): avc: denied { open } for path="/dev/block/mmcblk0p11" dev="tmpfs" ino=4682 scontext=u:r:fsck:s0 tcontext=u:object_r:block_device:s0 tclass=blk_file permissive=1
01-01 03:00:02.260   139   139 I e2fsck  : type=1400 audit(0.0:9): avc: denied { write } for name="mmcblk0p11" dev="tmpfs" ino=4682 scontext=u:r:fsck:s0 tcontext=u:object_r:block_device:s0 tclass=blk_file permissive=1
01-01 03:00:02.260   139   139 I e2fsck  : type=1400 audit(0.0:10): avc: denied { ioctl } for path="/dev/block/mmcblk0p11" dev="tmpfs" ino=4682 ioctlcmd=127c scontext=u:r:fsck:s0 tcontext=u:object_r:block_device:s0 tclass=blk_file permissive=1
--------- beginning of system
01-01 03:00:03.631     0   190 E DrmService: get prop_board_platform,prop_board_platform = rk3328 , diff=-1
01-01 03:00:03.631     0   190 E DrmService: rknand_sys_storage open fail
01-01 03:00:03.631     0   190 E DrmService: Get HID data:
01-01 03:00:03.650     0   190 E DrmService: ----------serianno =LHAM2TCBPK
01-01 03:00:03.651     0   190 E DrmService: auto generate serialno,serialno = LHAM2TCBPK
01-01 03:00:03.665   194   194 I         : installd firing up
01-01 03:00:03.675   203   203 I perfprofd: starting Android Wide Profiling daemon
01-01 03:00:03.679   203   203 E perfprofd: unable to open configuration file /data/data/com.google.android.gms/files/perfprofd.conf
01-01 03:00:03.679   203   203 I perfprofd: random seed set to 3332892733
01-01 03:00:03.704   195   195 I keystore: Found keymaster0 module Keymaster OpenSSL HAL, version 2
01-01 03:00:03.704   195   195 I SoftKeymaster: system/keymaster/soft_keymaster_device.cpp, Line 131: Creating device
01-01 03:00:03.704   195   195 D SoftKeymaster: system/keymaster/soft_keymaster_device.cpp, Line 132: Device address: 0x73f6c27000
01-01 03:00:03.704   195   195 I keystore: Keymaster0 module is software-only.  Using SoftKeymasterDevice instead.
01-01 03:00:03.704   195   195 I SoftKeymaster: system/keymaster/soft_keymaster_device.cpp, Line 131: Creating device
01-01 03:00:03.704   195   195 D SoftKeymaster: system/keymaster/soft_keymaster_device.cpp, Line 132: Device address: 0x73f6c27400
01-01 03:00:03.743   201   201 I gatekeeperd: Starting gatekeeperd...
01-01 03:00:03.747   200   200 I Netd    : Netd 1.0 starting
01-01 03:00:03.750   201   201 W gatekeeperd: falling back to software GateKeeper
01-01 03:00:03.757   200   200 D TetherController: Setting IP forward enable = 0
01-01 03:00:03.929   196   196 I mediacodec: @@@ mediacodecservice starting
01-01 03:00:03.943   196   196 W /system/bin/mediacodec: libminijail: allowing syscall: clock_gettime
01-01 03:00:03.943   196   196 W /system/bin/mediacodec: libminijail: allowing syscall: connect
01-01 03:00:03.943   196   196 W /system/bin/mediacodec: libminijail: allowing syscall: fcntl64
01-01 03:00:03.943   196   196 W /system/bin/mediacodec: libminijail: allowing syscall: socket
01-01 03:00:03.943   196   196 W /system/bin/mediacodec: libminijail: allowing syscall: writev
01-01 03:00:03.944   196   196 W /system/bin/mediacodec: libminijail: logging seccomp filter failures
01-01 03:00:03.957   198   198 V MediaUtils: physMem: 1021870080
01-01 03:00:03.957   198   198 V MediaUtils: requested limit: 204374000
01-01 03:00:03.957   198   198 V MediaUtils: actual limit: 204374000
01-01 03:00:03.957   198   198 V MediaUtils: original limits: 4294967295/4294967295
01-01 03:00:03.957   198   198 V MediaUtils: new limits: 204374000/4294967295
01-01 03:00:03.957   198   198 W /system/bin/mediaextractor: libminijail: allowing syscall: clock_gettime
01-01 03:00:03.957   198   198 W /system/bin/mediaextractor: libminijail: allowing syscall: connect
01-01 03:00:03.958   198   198 W /system/bin/mediaextractor: libminijail: allowing syscall: fcntl64
01-01 03:00:03.958   198   198 W /system/bin/mediaextractor: libminijail: allowing syscall: socket
01-01 03:00:03.958   198   198 W /system/bin/mediaextractor: libminijail: allowing syscall: writev
01-01 03:00:03.963   198   198 W /system/bin/mediaextractor: libminijail: logging seccomp filter failures
01-01 03:00:03.977   191   191 I         : sMaxFastTracks = 8
01-01 03:00:03.979   191   191 I audioserver: ServiceManager: 0xf1c90420
01-01 03:00:03.979   191   191 W BatteryNotifier: batterystats service unavailable!
01-01 03:00:03.979   191   191 I AudioFlinger: Using default 3000 mSec as standby time.
01-01 03:00:03.980   191   191 I AudioPolicyService: AudioPolicyService CSTOR in new mode
01-01 03:00:04.000   191   191 I APM::ConfigParsingUtils: loadAudioPolicyConfig() loaded /system/etc/audio_policy.conf
01-01 03:00:04.001   191   191 D APM_AudioPolicyManager: cardStrategy = 6 , hasSpdif() = 1
01-01 03:00:04.001   191   191 W APM::Devices: DeviceVector::add device 00000400 already in
01-01 03:00:04.003   224   224 I audioserver: type=1400 audit(0.0:24): avc: denied { execute } for name="sh" dev="mmcblk0p13" ino=380 scontext=u:r:audioserver:s0 tcontext=u:object_r:shell_exec:s0 tclass=file permissive=1
01-01 03:00:04.003   224   224 I audioserver: type=1400 audit(0.0:25): avc: denied { read open } for path="/system/bin/sh" dev="mmcblk0p13" ino=380 scontext=u:r:audioserver:s0 tcontext=u:object_r:shell_exec:s0 tclass=file permissive=1
01-01 03:00:04.003   224   224 I audioserver: type=1400 audit(0.0:26): avc: denied { execute_no_trans } for path="/system/bin/sh" dev="mmcblk0p13" ino=380 scontext=u:r:audioserver:s0 tcontext=u:object_r:shell_exec:s0 tclass=file permissive=1
01-01 03:00:04.003   224   224 I sh      : type=1400 audit(0.0:27): avc: denied { getattr } for path="/system/bin/sh" dev="mmcblk0p13" ino=380 scontext=u:r:audioserver:s0 tcontext=u:object_r:shell_exec:s0 tclass=file permissive=1
01-01 03:00:04.010   192   192 I cameraserver: ServiceManager: 0xeae10420
01-01 03:00:04.010   192   192 I CameraService: CameraService started (pid=192)
01-01 03:00:04.010   192   192 I CameraService: CameraService process starting
01-01 03:00:04.016   224   224 I sh      : type=1400 audit(0.0:28): avc: denied { getattr } for path="/system/bin/toybox" dev="mmcblk0p13" ino=413 scontext=u:r:audioserver:s0 tcontext=u:object_r:toolbox_exec:s0 tclass=file permissive=1
01-01 03:00:04.016   224   224 I sh      : type=1400 audit(0.0:29): avc: denied { execute } for name="toybox" dev="mmcblk0p13" ino=413 scontext=u:r:audioserver:s0 tcontext=u:object_r:toolbox_exec:s0 tclass=file permissive=1
01-01 03:00:04.016   224   224 I sh      : type=1400 audit(0.0:30): avc: denied { read open } for path="/system/bin/toybox" dev="mmcblk0p13" ino=413 scontext=u:r:audioserver:s0 tcontext=u:object_r:toolbox_exec:s0 tclass=file permissive=1
01-01 03:00:04.016   224   224 I sh      : type=1400 audit(0.0:31): avc: denied { execute_no_trans } for path="/system/bin/toybox" dev="mmcblk0p13" ino=413 scontext=u:r:audioserver:s0 tcontext=u:object_r:toolbox_exec:s0 tclass=file permissive=1
01-01 03:00:04.016   192   192 W BatteryNotifier: batterystats service unavailable!
01-01 03:00:04.017   192   192 W BatteryNotifier: batterystats service unavailable!
01-01 03:00:04.144   191   191 D AudioHardwareTiny: ALSA Audio Version: V1.1.0
01-01 03:00:04.144   191   191 D alsa_route: Can not get config table for sound card0 RKRK322x, so get default config table.
01-01 03:00:04.145   191   191 D AudioHardwareTiny: read_snd_card_info buf0 = RKRK322x
01-01 03:00:04.145   191   191 D AudioHardwareTiny: read_snd_card_info buf1 = RKHDMII2S
01-01 03:00:04.145   191   191 D AudioHardwareTiny: read_snd_card_info buf2 = RKSPDIFCARD
01-01 03:00:04.145   191   191 D AudioHardwareTiny: now is 3snd card mode
01-01 03:00:04.145   191   191 D AudioHardwareTiny: pthread_create error
01-01 03:00:04.145   191   191 I AudioFlinger: loadHwModule() Loaded primary audio interface from Manta audio HW HAL (audio) handle 10
01-01 03:00:04.145   191   191 I AudioFlinger: openOutput(), module 10 Device 2, SamplingRate 48000, Format 0x000001, Channels 3, flags 2
01-01 03:00:04.145   191   191 D AudioHardwareTiny: audio hal adev_open_output_stream devices = 0x2, flags = 2, samplerate = 48000
01-01 03:00:04.145   191   191 D AudioHardwareTiny: out->config.rate = 44100, out->config.channels = 2
01-01 03:00:04.145   191   191 I AudioFlinger: HAL output buffer size 512 frames, normal sink buffer size 1024 frames
01-01 03:00:04.156   191   191 I audioserver: type=1400 audit(0.0:32): avc: denied { create } for scontext=u:r:audioserver:s0 tcontext=u:r:audioserver:s0 tclass=netlink_kobject_uevent_socket permissive=1
01-01 03:00:04.156   191   191 I audioserver: type=1400 audit(0.0:33): avc: denied { setopt } for scontext=u:r:audioserver:s0 tcontext=u:r:audioserver:s0 tclass=netlink_kobject_uevent_socket permissive=1
01-01 03:00:04.156   191   191 I audioserver: type=1400 audit(0.0:34): avc: denied { bind } for scontext=u:r:audioserver:s0 tcontext=u:r:audioserver:s0 tclass=netlink_kobject_uevent_socket permissive=1
01-01 03:00:04.162   191   191 I BufferProvider: found effect "Multichannel Downmix To Stereo" from The Android Open Source Project
01-01 03:00:04.162   191   191 I AudioFlinger: Using module 10 has the primary audio interface
01-01 03:00:04.162   191   191 D AudioHardwareTiny: adev_set_mode: set_mode = 0
01-01 03:00:04.166   191   233 I AudioFlinger: AudioFlinger's thread 0xf1703b40 ready to run
01-01 03:00:04.167   191   233 W BatteryNotifier: batterystats service unavailable!
01-01 03:00:04.167   191   233 D AudioHardwareTiny: out_set_parameters: kvpairs = routing=2
01-01 03:00:04.167   191   233 W BatteryNotifier: batterystats service unavailable!
01-01 03:00:04.168   191   233 W BatteryNotifier: batterystats service unavailable!
01-01 03:00:04.168   191   233 W AudioFlinger: no wake lock to update, system not ready yet
01-01 03:00:04.168   191   191 D AudioHardwareTiny: pcm_config->rate:44100,in->requested_rate:48000,in->channel_mask:2
01-01 03:00:04.172   191   191 D AudioHardwareTiny: in->mSpeexFrameSize:560
01-01 03:00:04.177   191   234 I AudioFlinger: AudioFlinger's thread 0xf1403100 ready to run
01-01 03:00:04.179   191   191 I bt_a2dp_hw: adev_open:  adev_open in A2dp_hw module
01-01 03:00:04.179   191   191 I AudioFlinger: loadHwModule() Loaded a2dp audio interface from A2DP Audio HW HAL (audio) handle 18
01-01 03:00:04.183   191   191 I AudioFlinger: loadHwModule() Loaded usb audio interface from USB audio HW HAL (audio) handle 26
01-01 03:00:04.185   191   191 I r_submix: adev_open(name=audio_hw_if)
01-01 03:00:04.185   191   191 I r_submix: adev_init_check()
01-01 03:00:04.185   191   191 I AudioFlinger: loadHwModule() Loaded r_submix audio interface from Wifi Display audio HAL (audio) handle 34
01-01 03:00:04.185   191   191 D r_submix: adev_open_input_stream(addr=0)
01-01 03:00:04.185   191   191 D r_submix: submix_audio_device_create_pipe_l(addr=0, idx=9)
01-01 03:00:04.185   191   191 D r_submix:   now using address 0 for route 9
01-01 03:00:04.193   191   235 I AudioFlinger: AudioFlinger's thread 0xf1383580 ready to run
01-01 03:00:04.193   191   191 D r_submix: adev_close_input_stream()
01-01 03:00:04.193   191   191 D r_submix: submix_audio_device_release_pipe_l(idx=9) addr=0
01-01 03:00:04.193   191   191 D r_submix: submix_audio_device_destroy_pipe_l(): pipe destroyed
01-01 03:00:04.194   191   191 I RadioService: RadioService
01-01 03:00:04.194   191   191 I RadioService: onFirstRef
01-01 03:00:04.195   191   191 E RadioService: couldn't load radio module radio.primary (No such file or directory)
01-01 03:00:04.195   191   191 E SoundTriggerHwService: couldn't load sound trigger module sound_trigger.primary (No such file or directory)
01-01 03:00:04.524   149   149 E vpu_api : dlopen vpu lib failed
01-01 03:00:04.578   179   179 E vpu_api : dlopen vpu lib failed
01-01 03:00:04.623   179   179 I BootAnimation: Boot_animation_process entered now!
01-01 03:00:04.623   149   149 D AndroidRuntime: >>>>>> START com.android.internal.os.ZygoteInit uid 0 <<<<<<
01-01 03:00:04.647   199   199 I vpu_api : dlopen vpu lib success
01-01 03:00:04.653   199   199 I mediaserver: ServiceManager: 0xed010480
01-01 03:00:04.654   199   199 W BatteryNotifier: batterystats service unavailable!
01-01 03:00:04.654   179   249 D libEGL  : loaded /system/lib64/egl/libGLES_mali.so
01-01 03:00:04.660   153   153 I [Gralloc]: framebuffer accessed with dma buf (fd 0x1f)
01-01 03:00:04.662   153   153 W hwcomposer: hwc skip!,1869181801,numHwLayers=1
01-01 03:00:04.699   197   197 I vpu_api : dlopen vpu lib success
01-01 03:00:04.700   197   197 I mediaserver: ServiceManager: 0xeaa90480
01-01 03:00:04.709   179   249 I mali_so : [File] : hardware/rockchip/driver/./src/base/arch/arch_011_udd/base_arch_main.c; [Line] : 565; [Func] : deal_with_version_affairs_rk_ext;
01-01 03:00:04.709   179   249 I mali_so : arm_release_ver of this mali_so is 'r7p0-00rel1', rk_so_ver is '1@2' for 3328h_android_7.1, built at '15:47:51', on 'Jun 28 2017'.
01-01 03:00:04.709   179   249 I mali_so : [File] : hardware/rockchip/driver/./src/base/arch/arch_011_udd/base_arch_main.c; [Line] : 578; [Func] : deal_with_version_affairs_rk_ext;
01-01 03:00:04.709   179   249 I mali_so : mali_ver_property has been set to 'r7p0-00rel1-5-1@2', to return.
01-01 03:00:04.710   149   149 D AndroidRuntime: CheckJNI is OFF
01-01 03:00:04.711   149   149 I art     : option[0]=-Xzygote
01-01 03:00:04.711   149   149 I art     : option[1]=-Xstacktracefile:/data/anr/traces.txt
01-01 03:00:04.711   149   149 I art     : option[2]=exit
01-01 03:00:04.711   149   149 I art     : option[3]=vfprintf
01-01 03:00:04.711   149   149 I art     : option[4]=sensitiveThread
01-01 03:00:04.711   149   149 I art     : option[5]=-verbose:gc
01-01 03:00:04.711   149   149 I art     : option[6]=-Xms16m
01-01 03:00:04.711   149   149 I art     : option[7]=-Xmx512m
01-01 03:00:04.711   149   149 I art     : option[8]=-XX:HeapGrowthLimit=192m
01-01 03:00:04.711   149   149 I art     : option[9]=-XX:HeapMinFree=512k
01-01 03:00:04.711   149   149 I art     : option[10]=-XX:HeapMaxFree=8m
01-01 03:00:04.711   149   149 I art     : option[11]=-XX:HeapTargetUtilization=0.75
01-01 03:00:04.711   149   149 I art     : option[12]=-Xusejit:true
01-01 03:00:04.711   149   149 I art     : option[13]=-Xjitsaveprofilinginfo
01-01 03:00:04.711   149   149 I art     : option[14]=-agentlib:jdwp=transport=dt_android_adb,suspend=n,server=y
01-01 03:00:04.711   149   149 I art     : option[15]=-Xlockprofthreshold:500
01-01 03:00:04.711   149   149 I art     : option[16]=-Ximage-compiler-option
01-01 03:00:04.711   149   149 I art     : option[17]=--runtime-arg
01-01 03:00:04.711   149   149 I art     : option[18]=-Ximage-compiler-option
01-01 03:00:04.711   149   149 I art     : option[19]=-Xms64m
01-01 03:00:04.711   149   149 I art     : option[20]=-Ximage-compiler-option
01-01 03:00:04.711   149   149 I art     : option[21]=--runtime-arg
01-01 03:00:04.711   149   149 I art     : option[22]=-Ximage-compiler-option
01-01 03:00:04.711   149   149 I art     : option[23]=-Xmx64m
01-01 03:00:04.711   149   149 I art     : option[24]=-Ximage-compiler-option
01-01 03:00:04.711   149   149 I art     : option[25]=--image-classes=/system/etc/preloaded-classes
01-01 03:00:04.711   149   149 I art     : option[26]=-Ximage-compiler-option
01-01 03:00:04.711   149   149 I art     : option[27]=--compiled-classes=/system/etc/compiled-classes
01-01 03:00:04.711   149   149 I art     : option[28]=-Xcompiler-option
01-01 03:00:04.711   149   149 I art     : option[29]=--runtime-arg
01-01 03:00:04.712   149   149 I art     : option[30]=-Xcompiler-option
01-01 03:00:04.712   149   149 I art     : option[31]=-Xms64m
01-01 03:00:04.712   149   149 I art     : option[32]=-Xcompiler-option
01-01 03:00:04.712   149   149 I art     : option[33]=--runtime-arg
01-01 03:00:04.712   149   149 I art     : option[34]=-Xcompiler-option
01-01 03:00:04.712   149   149 I art     : option[35]=-Xmx512m
01-01 03:00:04.712   149   149 I art     : option[36]=-Ximage-compiler-option
01-01 03:00:04.712   149   149 I art     : option[37]=--instruction-set-variant=cortex-a53
01-01 03:00:04.712   149   149 I art     : option[38]=-Xcompiler-option
01-01 03:00:04.712   149   149 I art     : option[39]=--instruction-set-variant=cortex-a53
01-01 03:00:04.712   149   149 I art     : option[40]=-Ximage-compiler-option
01-01 03:00:04.712   149   149 I art     : option[41]=--instruction-set-features=default
01-01 03:00:04.712   149   149 I art     : option[42]=-Xcompiler-option
01-01 03:00:04.712   149   149 I art     : option[43]=--instruction-set-features=default
01-01 03:00:04.712   149   149 I art     : option[44]=-Duser.locale=en-US
01-01 03:00:04.712   149   149 I art     : option[45]=--cpu-abilist=arm64-v8a
01-01 03:00:04.712   149   149 I art     : option[46]=-Xfingerprint:PopcornHour/rk3328_box/rk3328_box:7.1.2/NHG47K/qinzhe10131802:userdebug/test-keys
01-01 03:00:04.720   179   249 I [Gralloc]:  ion device open success! fd = 10
01-01 03:00:04.786   150   150 I vpu_api : dlopen vpu lib success
01-01 03:00:04.878   153   153 W hwcomposer: hwc skip!,0,numHwLayers=2
01-01 03:00:04.894   153   153 W hwcomposer: hwc skip!,0,numHwLayers=2
01-01 03:00:04.960   153   153 W hwcomposer: hwc skip!,0,numHwLayers=2
01-01 03:00:04.961   150   150 D AndroidRuntime: >>>>>> START com.android.internal.os.ZygoteInit uid 0 <<<<<<
01-01 03:00:05.007   150   150 D AndroidRuntime: CheckJNI is OFF
01-01 03:00:05.009   192   192 I vpu_api : dlopen vpu lib success
01-01 03:00:05.015   150   150 I art     : option[0]=-Xzygote
01-01 03:00:05.015   150   150 I art     : option[1]=-Xstacktracefile:/data/anr/traces.txt
01-01 03:00:05.016   150   150 I art     : option[2]=exit
01-01 03:00:05.016   150   150 I art     : option[3]=vfprintf
01-01 03:00:05.016   150   150 I art     : option[4]=sensitiveThread
01-01 03:00:05.016   150   150 I art     : option[5]=-verbose:gc
01-01 03:00:05.016   150   150 I art     : option[6]=-Xms16m
01-01 03:00:05.016   150   150 I art     : option[7]=-Xmx512m
01-01 03:00:05.016   150   150 I art     : option[8]=-XX:HeapGrowthLimit=192m
01-01 03:00:05.016   150   150 I art     : option[9]=-XX:HeapMinFree=512k
01-01 03:00:05.016   150   150 I art     : option[10]=-XX:HeapMaxFree=8m
01-01 03:00:05.016   150   150 I art     : option[11]=-XX:HeapTargetUtilization=0.75
01-01 03:00:05.016   150   150 I art     : option[12]=-Xusejit:true
01-01 03:00:05.016   150   150 I art     : option[13]=-Xjitsaveprofilinginfo
01-01 03:00:05.016   150   150 I art     : option[14]=-agentlib:jdwp=transport=dt_android_adb,suspend=n,server=y
01-01 03:00:05.016   150   150 I art     : option[15]=-Xlockprofthreshold:500
01-01 03:00:05.016   150   150 I art     : option[16]=-Ximage-compiler-option
01-01 03:00:05.016   150   150 I art     : option[17]=--runtime-arg
01-01 03:00:05.016   150   150 I art     : option[18]=-Ximage-compiler-option
01-01 03:00:05.016   150   150 I art     : option[19]=-Xms64m
01-01 03:00:05.016   150   150 I art     : option[20]=-Ximage-compiler-option
01-01 03:00:05.016   150   150 I art     : option[21]=--runtime-arg
01-01 03:00:05.016   150   150 I art     : option[22]=-Ximage-compiler-option
01-01 03:00:05.016   150   150 I art     : option[23]=-Xmx64m
01-01 03:00:05.016   150   150 I art     : option[24]=-Ximage-compiler-option
01-01 03:00:05.016   150   150 I art     : option[25]=--image-classes=/system/etc/preloaded-classes
01-01 03:00:05.016   150   150 I art     : option[26]=-Ximage-compiler-option
01-01 03:00:05.016   150   150 I art     : option[27]=--compiled-classes=/system/etc/compiled-classes
01-01 03:00:05.016   150   150 I art     : option[28]=-Xcompiler-option
01-01 03:00:05.016   150   150 I art     : option[29]=--runtime-arg
01-01 03:00:05.016   150   150 I art     : option[30]=-Xcompiler-option
01-01 03:00:05.016   150   150 I art     : option[31]=-Xms64m
01-01 03:00:05.016   150   150 I art     : option[32]=-Xcompiler-option
01-01 03:00:05.016   150   150 I art     : option[33]=--runtime-arg
01-01 03:00:05.016   150   150 I art     : option[34]=-Xcompiler-option
01-01 03:00:05.016   150   150 I art     : option[35]=-Xmx512m
01-01 03:00:05.016   150   150 I art     : option[36]=-Ximage-compiler-option
01-01 03:00:05.016   150   150 I art     : option[37]=--instruction-set-variant=cortex-a53
01-01 03:00:05.016   150   150 I art     : option[38]=-Xcompiler-option
01-01 03:00:05.016   150   150 I art     : option[39]=--instruction-set-variant=cortex-a53
01-01 03:00:05.016   150   150 I art     : option[40]=-Ximage-compiler-option
01-01 03:00:05.016   150   150 I art     : option[41]=--instruction-set-features=default
01-01 03:00:05.016   150   150 I art     : option[42]=-Xcompiler-option
01-01 03:00:05.016   150   150 I art     : option[43]=--instruction-set-features=default
01-01 03:00:05.016   150   150 I art     : option[44]=-Duser.locale=en-US
01-01 03:00:05.016   150   150 I art     : option[45]=--cpu-abilist=armeabi-v7a,armeabi
01-01 03:00:05.016   150   150 I art     : option[46]=-Xfingerprint:PopcornHour/rk3328_box/rk3328_box:7.1.2/NHG47K/qinzhe10131802:userdebug/test-keys
01-01 03:00:05.046   192   192 D CameraHal: createInstance(1011): This machine have not dvp/mipi camera!!
01-01 03:00:05.046   192   192 E CameraHal: camera_get_number_of_cameras(772): board profiles cam num 0
01-01 03:00:05.046   192   192 E CameraHal: camera_get_number_of_cameras(837): Open /dev/video0 failed! strr: No such file or directory
01-01 03:00:05.046   192   192 D CameraHal: camera_get_number_of_cameras(1224): camera_get_number_of_cameras(1224): Current board have 0 cameras attached.
01-01 03:00:05.046   192   192 D CameraHal: camera_get_number_of_cameras(1227): meida_profiles_xml_control time (3865)us
01-01 03:00:05.046   192   192 I CameraService: Loaded "RK29_ICS_CameraHal_Module" camera module
01-01 03:00:05.047   192   192 D CameraHal: createInstance(1011): This machine have not dvp/mipi camera!!
01-01 03:00:05.047   192   192 E CameraHal: camera_get_number_of_cameras(772): board profiles cam num 0
01-01 03:00:05.047   192   192 E CameraHal: camera_get_number_of_cameras(837): Open /dev/video0 failed! strr: No such file or directory
01-01 03:00:05.047   192   192 D CameraHal: camera_get_number_of_cameras(1224): camera_get_number_of_cameras(1224): Current board have 0 cameras attached.
01-01 03:00:05.047   192   192 D CameraHal: camera_get_number_of_cameras(1227): meida_profiles_xml_control time (1568)us
01-01 03:00:05.049   192   192 D CameraHal: createInstance(1011): This machine have not dvp/mipi camera!!
01-01 03:00:05.049   192   192 E CameraHal: camera_get_number_of_cameras(772): board profiles cam num 0
01-01 03:00:05.049   192   192 E CameraHal: camera_get_number_of_cameras(837): Open /dev/video0 failed! strr: No such file or directory
01-01 03:00:05.049   192   192 D CameraHal: camera_get_number_of_cameras(1224): camera_get_number_of_cameras(1224): Current board have 0 cameras attached.
01-01 03:00:05.049   192   192 D CameraHal: camera_get_number_of_cameras(1227): meida_profiles_xml_control time (1523)us
01-01 03:00:05.049   192   192 I ServiceManager: Waiting for service media.camera.proxy...
01-01 03:00:05.567   150   150 D ICU     : No timezone override file found: /data/misc/zoneinfo/current/icu/icu_tzdata.dat
01-01 03:00:05.652   149   149 D ICU     : No timezone override file found: /data/misc/zoneinfo/current/icu/icu_tzdata.dat
01-01 03:00:06.050   192   192 I ServiceManager: Waiting for service media.camera.proxy...
01-01 03:00:06.100   149   149 E memtrack: Couldn't load memtrack module (No such file or directory)
01-01 03:00:06.100   149   149 E android.os.Debug: failed to load memtrack module: -2
01-01 03:00:06.102   149   149 I Radio-JNI: register_android_hardware_Radio DONE
01-01 03:00:06.119   149   149 I SamplingProfilerIntegration: Profiling disabled.
01-01 03:00:06.136   149   149 I art     : Starting a blocking GC Background
01-01 03:00:06.167   149   149 I Zygote  : System server process 405 has been created
01-01 03:00:06.169   149   149 D Zygote  : begin preload
01-01 03:00:06.169   149   149 I Zygote  : Installing ICU cache reference pinning...
01-01 03:00:06.169   149   149 I Zygote  : Preloading ICU data...
01-01 03:00:06.175   150   150 E memtrack: Couldn't load memtrack module (No such file or directory)
01-01 03:00:06.175   150   150 E android.os.Debug: failed to load memtrack module: -2
01-01 03:00:06.178   405   405 D Zygote  : --------call waitForSecondaryZygote,skip this---,abiList= arm64-v8a
01-01 03:00:06.178   150   150 I Radio-JNI: register_android_hardware_Radio DONE
01-01 03:00:06.179   405   405 I InstallerConnection: connecting...
01-01 03:00:06.180   194   194 I         : new connection
01-01 03:00:06.192   150   150 I SamplingProfilerIntegration: Profiling disabled.
01-01 03:00:06.193   150   150 D Zygote  : begin preload
01-01 03:00:06.193   150   150 I Zygote  : Installing ICU cache reference pinning...
01-01 03:00:06.193   150   150 I Zygote  : Preloading ICU data...
01-01 03:00:06.311   149   149 I Zygote  : Preloading classes...
01-01 03:00:06.317   149   149 W Zygote  : Class not found for preloading: [Landroid.view.Display$ColorTransform;
01-01 03:00:06.322   150   150 I Zygote  : Preloading classes...
01-01 03:00:06.330   150   150 W Zygote  : Class not found for preloading: [Landroid.view.Display$ColorTransform;
01-01 03:00:06.359   405   405 I InstallerConnection: disconnecting...
01-01 03:00:06.359   194   194 E         : eof
01-01 03:00:06.359   194   194 E         : failed to read size
01-01 03:00:06.359   194   194 I         : closing connection
01-01 03:00:06.419   405   405 W art     : Found duplicate classes, falling back to interpreter mode for /system/framework/wifi-service.jar
01-01 03:00:06.419   405   405 W art     : Found duplicated class when checking oat files: 'Lcom/google/protobuf/nano/MessageNano;' in /system/framework/wifi-service.jar and /system/framework/services.jar
01-01 03:00:06.429   200   200 V NatController: runCmd(/system/bin/iptables -w -F natctrl_FORWARD) res=0
01-01 03:00:06.441   200   200 V NatController: runCmd(/system/bin/ip6tables -w -F natctrl_FORWARD) res=0
01-01 03:00:06.457   200   200 V NatController: runCmd(/system/bin/iptables -w -A natctrl_FORWARD -j DROP) res=0
01-01 03:00:06.470   200   200 V NatController: runCmd(/system/bin/iptables -w -t nat -F natctrl_nat_POSTROUTING) res=0
01-01 03:00:06.482   200   200 V NatController: runCmd(/system/bin/ip6tables -w -t raw -F natctrl_raw_PREROUTING) res=0
01-01 03:00:06.492   200   200 V NatController: runCmd(/system/bin/iptables -w -F natctrl_tether_counters) res=1
01-01 03:00:06.503   200   200 V NatController: runCmd(/system/bin/ip6tables -w -F natctrl_tether_counters) res=1
01-01 03:00:06.521   200   200 V NatController: runCmd(/system/bin/iptables -w -X natctrl_tether_counters) res=1
01-01 03:00:06.531   200   200 V NatController: runCmd(/system/bin/ip6tables -w -X natctrl_tether_counters) res=1
01-01 03:00:06.544   200   200 V NatController: runCmd(/system/bin/iptables -w -N natctrl_tether_counters) res=0
01-01 03:00:06.554   200   200 V NatController: runCmd(/system/bin/ip6tables -w -N natctrl_tether_counters) res=0
01-01 03:00:06.566   200   200 V NatController: runCmd(/system/bin/iptables -w -t mangle -A natctrl_mangle_FORWARD -p tcp --tcp-flags SYN SYN -j TCPMSS --clamp-mss-to-pmtu) res=0
01-01 03:00:06.590   405   405 W SystemServer: System clock is before 1970; setting to 1970.
01-01 03:00:06.611   405   405 I SystemServer: Entered the Android system server!
01-01 03:00:06.713   200   200 E Netd    : cannot find interface dummy0
01-01 03:00:06.714   200   200 D MDnsDS  : MDnsSdListener::Hander starting up
01-01 03:00:06.714   200   470 D MDnsDS  : MDnsSdListener starting to monitor
01-01 03:00:06.714   200   470 D MDnsDS  : Going to poll with pollCount 1
01-01 03:00:06.944   405   405 I SystemServiceManager: Starting com.android.server.pm.Installer
01-01 03:00:07.050   192   192 I ServiceManager: Waiting for service media.camera.proxy...
01-01 03:00:07.088   405   405 I Installer: Waiting for installd to be ready.
01-01 03:00:07.088   405   405 I InstallerConnection: connecting...
01-01 03:00:07.089   194   194 I         : new connection
01-01 03:00:07.089   405   405 I SystemServiceManager: Starting com.android.server.am.ActivityManagerService$Lifecycle
01-01 03:00:07.099   405   405 I ActivityManager: Memory class: 192
01-01 03:00:07.101   405   479 I ServiceThread: Enabled StrictMode logging for ActivityManager looper.
01-01 03:00:07.102   405   480 I ServiceThread: Enabled StrictMode logging for android.ui looper.
01-01 03:00:07.179   191   233 W BatteryNotifier: batterystats service unavailable!
01-01 03:00:07.206   150   150 E Typeface: Error mapping font file /system/fonts/DroidSansFallback.ttf
01-01 03:00:07.213   149   149 E Typeface: Error mapping font file /system/fonts/DroidSansFallback.ttf
01-01 03:00:07.217   405   405 D BatteryStatsImpl: Reading daily items from /data/system/batterystats-daily.xml
01-01 03:00:07.382   405   405 I IntentFirewall: Read new rules (A:0 B:0 S:0)
01-01 03:00:07.390   405   486 I ServiceThread: Enabled StrictMode logging for android.display looper.
01-01 03:00:07.411   405   405 D AppOps  : AppOpsService published
01-01 03:00:07.411   405   405 I SystemServiceManager: Starting com.android.server.power.PowerManagerService
01-01 03:00:07.431   405   488 I ServiceThread: Enabled StrictMode logging for PowerManagerService looper.
01-01 03:00:07.432   405   405 E PowerManagerService:  Failed while trying resolve ddr config file, not exists
01-01 03:00:07.432   405   405 E PowerManagerService-JNI: Couldn't load power module (No such file or directory)
01-01 03:00:07.433   405   405 W libsuspend: Error writing 'on' to /sys/power/state: Invalid argument
01-01 03:00:07.433   405   405 I libsuspend: Selected wakeup count
01-01 03:00:07.436   405   405 D lvjinhua:  Failed while trying resolve alarm filter file, not exists
01-01 03:00:07.437   405   405 I SystemServiceManager: Starting com.android.server.lights.LightsService
01-01 03:00:07.449   405   405 I Lights Hal: >>> Enter light_device_open:backlight
01-01 03:00:07.449   405   405 I Lights Hal: >>> Enter light_device_open:keyboard
01-01 03:00:07.449   405   405 I Lights Hal: >>> Enter light_device_open:buttons
01-01 03:00:07.449   405   405 I Lights Hal: >>> Enter light_device_open:battery
01-01 03:00:07.449   405   405 I Lights Hal: >>> Enter light_device_open:notifications
01-01 03:00:07.449   405   405 I Lights Hal: >>> Enter light_device_open:attention
01-01 03:00:07.449   405   405 I Lights Hal: >>> Enter light_device_open:bluetooth
01-01 03:00:07.449   405   405 I Lights Hal: >>> undefine light id
01-01 03:00:07.449   405   405 I Lights Hal: >>> Enter light_device_open:wifi
01-01 03:00:07.449   405   405 I Lights Hal: >>> undefine light id
01-01 03:00:07.449   405   405 I SystemServiceManager: Starting com.android.server.display.DisplayManagerService
01-01 03:00:07.458   405   405 I SystemServiceManager: Starting phase 100
01-01 03:00:07.465   405   486 I DisplayManagerService: Display device added: DisplayDeviceInfo{"Built-in Screen": uniqueId="local:0", 1280 x 720, modeId 1, defaultModeId 1, supportedModes [{id=1, width=1280, height=720, fps=60.000004}], colorMode 0, supportedColorModes [0], HdrCapabilities android.view.Display$HdrCapabilities@a69d6308, density 160, 2147483.8 x 2147483.8 dpi, appVsyncOff 1000000, presDeadline 16666666, touch INTERNAL, rotation 0, type BUILT_IN, state UNKNOWN, FLAG_DEFAULT_DISPLAY, FLAG_ROTATES_WITH_CONTENT, FLAG_SECURE, FLAG_SUPPORTS_PROTECTED_BUFFERS}
01-01 03:00:07.466   153   153 D SurfaceFlinger: Set power mode=2, type=0 flinger=0x753e831000
01-01 03:00:07.466   153   153 D SurfaceFlinger: Screen type=0 is already mode=2
01-01 03:00:07.466   405   486 E Lights Hal: write_int failed to open /sys/class/backlight/rk28_bl/brightness
01-01 03:00:07.466   405   486 E Lights Hal: write_int failed to open /sys/class/backlight/backlight/brightness
01-01 03:00:07.467   405   405 I SystemServer: StartPackageManagerService
01-01 03:00:07.467   405   486 I DisplayManagerService: Display device changed state: "Built-in Screen", ON
01-01 03:00:07.487   149   149 I art     : Thread[1,tid=149,Native,Thread*=0x7e11c3fa00,peer=0x75dad000,"main"] recursive attempt to load library "/system/lib64/libmedia_jni.so"
01-01 03:00:07.487   149   149 D MtpDeviceJNI: register_android_mtp_MtpDevice
01-01 03:00:07.488   149   149 I art     : Thread[1,tid=149,Native,Thread*=0x7e11c3fa00,peer=0x75dad000,"main"] recursive attempt to load library "/system/lib64/libmedia_jni.so"
01-01 03:00:07.488   149   149 I art     : Thread[1,tid=149,Native,Thread*=0x7e11c3fa00,peer=0x75dad000,"main"] recursive attempt to load library "/system/lib64/libmedia_jni.so"
01-01 03:00:07.490   149   149 D MediaProfiles: CameraGroupFound(622): media_profiles_id: 0x0
01-01 03:00:07.491   149   149 E MediaProfiles: WARNING!!!! getInstance(692): cameraHal version(1.79.14) after(0.3.0x33),but don't have file(/data/camera/media_profiles.xml)
01-01 03:00:07.491   149   149 W MediaProfiles: could not find media config xml file
01-01 03:00:07.499   405   491 D StrictMode: No activity manager; failed to Dropbox violation.
01-01 03:00:07.520   150   150 I art     : Thread[1,tid=150,Native,Thread*=0xf1284400,peer=0x12c070d0,"main"] recursive attempt to load library "/system/lib/libmedia_jni.so"
01-01 03:00:07.520   150   150 D MtpDeviceJNI: register_android_mtp_MtpDevice
01-01 03:00:07.521   150   150 I art     : Thread[1,tid=150,Native,Thread*=0xf1284400,peer=0x12c070d0,"main"] recursive attempt to load library "/system/lib/libmedia_jni.so"
01-01 03:00:07.522   150   150 I art     : Thread[1,tid=150,Native,Thread*=0xf1284400,peer=0x12c070d0,"main"] recursive attempt to load library "/system/lib/libmedia_jni.so"
01-01 03:00:07.524   150   150 D MediaProfiles: CameraGroupFound(622): media_profiles_id: 0x0
01-01 03:00:07.524   150   150 E MediaProfiles: WARNING!!!! getInstance(692): cameraHal version(1.79.14) after(0.3.0x33),but don't have file(/data/camera/media_profiles.xml)
01-01 03:00:07.524   150   150 W MediaProfiles: could not find media config xml file
01-01 03:00:07.556   149   149 W Zygote  : Class not found for preloading: android.view.Display$ColorTransform
01-01 03:00:07.556   149   149 W Zygote  : Class not found for preloading: android.view.Display$ColorTransform$1
01-01 03:00:07.557   405   405 D SELinuxMMAC: Using policy file /system/etc/security/mac_permissions.xml
01-01 03:00:07.585   494   494 I vpu_api : dlclose vpu lib
01-01 03:00:07.619   150   150 W Zygote  : Class not found for preloading: android.view.Display$ColorTransform
01-01 03:00:07.619   150   150 W Zygote  : Class not found for preloading: android.view.Display$ColorTransform$1
01-01 03:00:07.647   405   405 D PackageSettings: Read domain verification for package: com.google.android.gms
01-01 03:00:07.691   149   149 I System  : Loaded time zone names for "" in 51ms (48ms in ICU)
01-01 03:00:07.722   149   149 I System  : Loaded time zone names for "en_US" in 30ms (27ms in ICU)
01-01 03:00:07.767   149   149 I Zygote  : ...preloaded 4158 classes in 1456ms.
01-01 03:00:07.767   149   149 I art     : VMRuntime.preloadDexCaches starting
01-01 03:00:07.798   150   150 I System  : Loaded time zone names for "" in 67ms (63ms in ICU)
01-01 03:00:07.834   150   150 I System  : Loaded time zone names for "en_US" in 35ms (31ms in ICU)
01-01 03:00:07.874   405   405 E art     : DexFile_getDexOptNeeded file '/system/framework/org.apache.http.legacy.jar' does not exist
01-01 03:00:07.874   405   405 W PackageManager: Library not found: /system/framework/org.apache.http.legacy.jar
01-01 03:00:07.876   149   149 I art     : VMRuntime.preloadDexCaches strings total=284979 before=36736 after=36736
01-01 03:00:07.876   149   149 I art     : VMRuntime.preloadDexCaches types total=23634 before=7881 after=7909
01-01 03:00:07.876   149   149 I art     : VMRuntime.preloadDexCaches fields total=112603 before=41069 after=41286
01-01 03:00:07.876   149   149 I art     : VMRuntime.preloadDexCaches methods total=198201 before=82603 after=83169
01-01 03:00:07.876   149   149 I art     : VMRuntime.preloadDexCaches finished
01-01 03:00:07.878   149   149 I Zygote  : Preloading resources...
01-01 03:00:07.890   150   150 I Zygote  : ...preloaded 4158 classes in 1567ms.
01-01 03:00:07.890   150   150 I art     : VMRuntime.preloadDexCaches starting
01-01 03:00:07.914   405   405 E art     : DexFile_getDexOptNeeded file '/system/framework/org.apache.http.legacy.jar' does not exist
01-01 03:00:07.914   405   405 W PackageManager: Library not found: /system/framework/org.apache.http.legacy.jar
01-01 03:00:07.919   149   149 W Resources: Preloaded drawable resource #0x108025c (android:drawable/dialog_background_material) that varies with configuration!!
01-01 03:00:07.939   149   149 W Resources: Preloaded color resource #0x10600ea (android:color/material_grey_800) that varies with configuration!!
01-01 03:00:07.939   149   149 W Resources: Preloaded drawable resource #0x10802c9 (android:drawable/floating_popup_background_dark) that varies with configuration!!
01-01 03:00:07.943   405   405 D PackageManager: No files in app dir /vendor/overlay
01-01 03:00:08.012   150   150 I art     : VMRuntime.preloadDexCaches strings total=284979 before=36736 after=36736
01-01 03:00:08.012   150   150 I art     : VMRuntime.preloadDexCaches types total=23634 before=7881 after=7909
01-01 03:00:08.012   150   150 I art     : VMRuntime.preloadDexCaches fields total=112603 before=41069 after=41286
01-01 03:00:08.012   150   150 I art     : VMRuntime.preloadDexCaches methods total=198201 before=82603 after=83169
01-01 03:00:08.012   150   150 I art     : VMRuntime.preloadDexCaches finished
01-01 03:00:08.013   150   150 I Zygote  : Preloading resources...
01-01 03:00:08.050   192   192 I ServiceManager: Waiting for service media.camera.proxy...
01-01 03:00:08.066   150   150 W Resources: Preloaded drawable resource #0x108025c (android:drawable/dialog_background_material) that varies with configuration!!
01-01 03:00:08.076   150   150 W Resources: Preloaded color resource #0x10600ea (android:color/material_grey_800) that varies with configuration!!
01-01 03:00:08.077   150   150 W Resources: Preloaded drawable resource #0x10802c9 (android:drawable/floating_popup_background_dark) that varies with configuration!!
01-01 03:00:08.087   149   149 I Zygote  : ...preloaded 114 resources in 209ms.
01-01 03:00:08.098   149   149 W Resources: Preloaded color resource #0x1060114 (android:color/background_cache_hint_selector_material_dark) that varies with configuration!!
01-01 03:00:08.098   405   405 W PackageParser: Ignoring duplicate uses-permissions/uses-permissions-sdk-m: android.permission.ACCESS_FINE_LOCATION in package: com.DeviceTest at: Binary XML file line #22
01-01 03:00:08.099   405   405 W PackageParser: Ignoring duplicate uses-permissions/uses-permissions-sdk-m: android.permission.WRITE_SETTINGS in package: com.DeviceTest at: Binary XML file line #31
01-01 03:00:08.099   405   405 W PackageParser: Ignoring duplicate uses-permissions/uses-permissions-sdk-m: android.permission.INTERNET in package: com.DeviceTest at: Binary XML file line #39
01-01 03:00:08.099   405   405 W PackageParser: Ignoring duplicate uses-permissions/uses-permissions-sdk-m: android.permission.DEVICE_POWER in package: com.DeviceTest at: Binary XML file line #43
01-01 03:00:08.099   149   149 W Resources: Preloaded color resource #0x1060119 (android:color/btn_default_material_dark) that varies with configuration!!
01-01 03:00:08.102   149   149 I Zygote  : ...preloaded 41 resources in 15ms.
01-01 03:00:08.105   149   149 D libEGL  : loaded /system/lib64/egl/libGLES_mali.so
01-01 03:00:08.120   405   405 W PackageManager: Permission android.permission.DOWNLOAD_WITHOUT_NOTIFICATION from package com.android.providers.downloads in an unknown group android.permission-group.NETWORK
01-01 03:00:08.158   149   149 I Zygote  : Preloading shared libraries...
01-01 03:00:08.230   150   150 I Zygote  : ...preloaded 114 resources in 217ms.
01-01 03:00:08.234   149   149 I Zygote  : Uninstalled ICU cache reference pinning...
01-01 03:00:08.237   149   149 I Zygote  : Installed AndroidKeyStoreProvider in 3ms.
01-01 03:00:08.239   150   150 W Resources: Preloaded color resource #0x1060114 (android:color/background_cache_hint_selector_material_dark) that varies with configuration!!
01-01 03:00:08.240   150   150 W Resources: Preloaded color resource #0x1060119 (android:color/btn_default_material_dark) that varies with configuration!!
01-01 03:00:08.243   150   150 I Zygote  : ...preloaded 41 resources in 13ms.
01-01 03:00:08.257   149   149 I Zygote  : Warmed up JCA providers in 20ms.
01-01 03:00:08.257   149   149 D Zygote  : end preload
01-01 03:00:08.258   149   149 I art     : Starting a blocking GC Explicit
01-01 03:00:08.258   150   150 D libEGL  : loaded /system/lib/egl/libGLES_mali.so
01-01 03:00:08.273   149   149 I art     : Explicit concurrent mark sweep GC freed 4522(217KB) AllocSpace objects, 0(0B) LOS objects, 39% free, 2MB/4MB, paused 192us total 15.001ms
01-01 03:00:08.273   149   149 I art     : Starting a blocking GC Explicit
01-01 03:00:08.287   149   149 I art     : Explicit concurrent mark sweep GC freed 75(4KB) AllocSpace objects, 0(0B) LOS objects, 39% free, 2MB/4MB, paused 200us total 13.689ms
01-01 03:00:08.288   149   149 I Zygote  : Accepting command socket connections
01-01 03:00:08.312   405   405 W PackageManager: Failed to parse /system/priv-app/GmsCore: Package com.google.android.gms at /system/priv-app/GmsCore ignored: updated version 17785019 better than this 10298440
01-01 03:00:08.336   150   150 I Zygote  : Preloading shared libraries...
01-01 03:00:08.379   150   150 I Zygote  : Uninstalled ICU cache reference pinning...
01-01 03:00:08.382   150   150 I Zygote  : Installed AndroidKeyStoreProvider in 3ms.
01-01 03:00:08.398   150   150 I Zygote  : Warmed up JCA providers in 16ms.
01-01 03:00:08.398   150   150 D Zygote  : end preload
01-01 03:00:08.398   150   150 I art     : Starting a blocking GC Explicit
01-01 03:00:08.433   150   150 I art     : Explicit concurrent mark sweep GC freed 39091(5MB) AllocSpace objects, 133(2MB) LOS objects, 40% free, 2MB/4MB, paused 329us total 34.734ms
01-01 03:00:08.438   150   150 I art     : Starting a blocking GC Explicit
01-01 03:00:08.447   405   405 W PackageParser: Ignoring duplicate uses-permissions/uses-permissions-sdk-m: com.google.android.providers.gsf.permission.READ_GSERVICES in package: com.google.android.partnersetup at: Binary XML file line #32
01-01 03:00:08.456   150   150 I art     : Explicit concurrent mark sweep GC freed 4822(178KB) AllocSpace objects, 0(0B) LOS objects, 39% free, 2MB/4MB, paused 280us total 18.342ms
01-01 03:00:08.457   150   150 I Zygote  : Accepting command socket connections
01-01 03:00:08.492   405   405 W PackageManager: Permission com.google.android.googleapps.permission.GOOGLE_AUTH from package com.google.android.gsf in an unknown group android.permission-group.ACCOUNTS
01-01 03:00:08.492   405   405 W PackageManager: Permission com.google.android.googleapps.permission.GOOGLE_AUTH.ALL_SERVICES from package com.google.android.gsf in an unknown group android.permission-group.ACCOUNTS
01-01 03:00:08.492   405   405 W PackageManager: Permission com.google.android.googleapps.permission.GOOGLE_AUTH.OTHER_SERVICES from package com.google.android.gsf in an unknown group android.permission-group.ACCOUNTS
01-01 03:00:08.492   405   405 W PackageManager: Permission com.google.android.googleapps.permission.GOOGLE_AUTH.mail from package com.google.android.gsf in an unknown group android.permission-group.ACCOUNTS
01-01 03:00:08.492   405   405 W PackageManager: Permission com.google.android.googleapps.permission.GOOGLE_AUTH.cl from package com.google.android.gsf in an unknown group android.permission-group.ACCOUNTS
01-01 03:00:08.492   405   405 W PackageManager: Permission com.google.android.googleapps.permission.GOOGLE_AUTH.android from package com.google.android.gsf in an unknown group android.permission-group.ACCOUNTS
01-01 03:00:08.492   405   405 W PackageManager: Permission com.google.android.googleapps.permission.GOOGLE_AUTH.androidsecure from package com.google.android.gsf in an unknown group android.permission-group.ACCOUNTS
01-01 03:00:08.492   405   405 W PackageManager: Permission com.google.android.googleapps.permission.GOOGLE_AUTH.sierra from package com.google.android.gsf in an unknown group android.permission-group.ACCOUNTS
01-01 03:00:08.492   405   405 W PackageManager: Permission com.google.android.googleapps.permission.GOOGLE_AUTH.sierraqa from package com.google.android.gsf in an unknown group android.permission-group.ACCOUNTS
01-01 03:00:08.492   405   405 W PackageManager: Permission com.google.android.googleapps.permission.GOOGLE_AUTH.sierrasandbox from package com.google.android.gsf in an unknown group android.permission-group.ACCOUNTS
01-01 03:00:08.492   405   405 W PackageManager: Permission com.google.android.googleapps.permission.GOOGLE_AUTH.youtube from package com.google.android.gsf in an unknown group android.permission-group.ACCOUNTS
01-01 03:00:08.492   405   405 W PackageManager: Permission com.google.android.googleapps.permission.GOOGLE_AUTH.YouTubeUser from package com.google.android.gsf in an unknown group android.permission-group.ACCOUNTS
01-01 03:00:08.492   405   405 W PackageManager: Permission com.google.android.googleapps.permission.GOOGLE_AUTH.talk from package com.google.android.gsf in an unknown group android.permission-group.ACCOUNTS
01-01 03:00:08.492   405   405 W PackageManager: Permission com.google.android.googleapps.permission.GOOGLE_AUTH.ig from package com.google.android.gsf in an unknown group android.permission-group.ACCOUNTS
01-01 03:00:08.492   405   405 W PackageManager: Permission com.google.android.googleapps.permission.GOOGLE_AUTH.lh2 from package com.google.android.gsf in an unknown group android.permission-group.ACCOUNTS
01-01 03:00:08.492   405   405 W PackageManager: Permission com.google.android.googleapps.permission.GOOGLE_AUTH.mobile from package com.google.android.gsf in an unknown group android.permission-group.ACCOUNTS
01-01 03:00:08.492   405   405 W PackageManager: Permission com.google.android.googleapps.permission.GOOGLE_AUTH.cp from package com.google.android.gsf in an unknown group android.permission-group.ACCOUNTS
01-01 03:00:08.492   405   405 W PackageManager: Permission com.google.android.googleapps.permission.GOOGLE_AUTH.adsense from package com.google.android.gsf in an unknown group android.permission-group.ACCOUNTS
01-01 03:00:08.492   405   405 W PackageManager: Permission com.google.android.googleapps.permission.GOOGLE_AUTH.adwords from package com.google.android.gsf in an unknown group android.permission-group.ACCOUNTS
01-01 03:00:08.492   405   405 W PackageManager: Permission com.google.android.googleapps.permission.GOOGLE_AUTH.blogger from package com.google.android.gsf in an unknown group android.permission-group.ACCOUNTS
01-01 03:00:08.492   405   405 W PackageManager: Permission com.google.android.googleapps.permission.GOOGLE_AUTH.dodgeball from package com.google.android.gsf in an unknown group android.permission-group.ACCOUNTS
01-01 03:00:08.492   405   405 W PackageManager: Permission com.google.android.googleapps.permission.GOOGLE_AUTH.gbase from package com.google.android.gsf in an unknown group android.permission-group.ACCOUNTS
01-01 03:00:08.492   405   405 W PackageManager: Permission com.google.android.googleapps.permission.GOOGLE_AUTH.groups2 from package com.google.android.gsf in an unknown group android.permission-group.ACCOUNTS
01-01 03:00:08.492   405   405 W PackageManager: Permission com.google.android.googleapps.permission.GOOGLE_AUTH.health from package com.google.android.gsf in an unknown group android.permission-group.ACCOUNTS
01-01 03:00:08.492   405   405 W PackageManager: Permission com.google.android.googleapps.permission.GOOGLE_AUTH.jotspot from package com.google.android.gsf in an unknown group android.permission-group.ACCOUNTS
01-01 03:00:08.492   405   405 W PackageManager: Permission com.google.android.googleapps.permission.GOOGLE_AUTH.knol from package com.google.android.gsf in an unknown group android.permission-group.ACCOUNTS
