06-27 20:45:49.484   894  1179 W awmy    : Empty context buffer. Thus might mean that the context is not synced down.
06-27 20:45:49.484   894  1179 W awhk    : Empty context model while retrieving upload opt-in status!
06-27 20:45:49.532  1128  1468 W Conscrypt: Could not set socket write timeout: java.net.SocketException: Socket closed
06-27 20:45:49.536  1444  1455 W art     : Suspending all threads took: 40.608ms
06-27 20:45:49.539  1128  1468 W Conscrypt: 	at com.google.android.gms.org.conscrypt.Platform.setSocketWriteTimeout(:com.google.android.gms@17785019@17.7.85 (040400-253824076):2)
06-27 20:45:49.539  1128  1468 W Conscrypt: 	at com.google.android.gms.org.conscrypt.ConscryptFileDescriptorSocket.setSoWriteTimeout(:com.google.android.gms@17785019@17.7.85 (040400-253824076):2)
06-27 20:45:49.551  1128  1818 W Conscrypt: Could not set socket write timeout: java.net.SocketException: Socket closed
06-27 20:45:49.552  1128  1818 W Conscrypt: 	at com.google.android.gms.org.conscrypt.Platform.setSocketWriteTimeout(:com.google.android.gms@17785019@17.7.85 (040400-253824076):2)
06-27 20:45:49.552  1128  1818 W Conscrypt: 	at com.google.android.gms.org.conscrypt.ConscryptFileDescriptorSocket.setSoWriteTimeout(:com.google.android.gms@17785019@17.7.85 (040400-253824076):2)
06-27 20:45:49.567  1422  1568 W iceDescriptorBinderImpl: Removing leading garbage didn't work: Can't parse device type string (namespace/type/version): urn:dial-multiscreen-org:service:dial:1
06-27 20:45:49.583   894   906 W art     : Suspending all threads took: 71.105ms
06-27 20:45:49.604   894   906 I art     : Background partial concurrent mark sweep GC freed 41626(2MB) AllocSpace objects, 5(100KB) LOS objects, 40% free, 8MB/13MB, paused 75.799ms total 219.956ms
06-27 20:45:49.611  1422  1568 W trieveRemoteDescriptors: Could not hydrate device or its services from descriptor: (RemoteDevice) Identity: (RemoteDeviceIdentity) UDN: uuid:b3ba70e0-c7c4-4f76-abd6-aedd12d4df47, Descriptor: http://192.168.1.10:1962/, Root: true
06-27 20:45:49.611  1422  1568 W trieveRemoteDescriptors: Cause was: org.fourthline.cling.model.types.InvalidValueException: Can't parse device type string (namespace/type/version): urn:dial-multiscreen-org:service:dial:1
06-27 20:45:49.623   416   509 I InputReader: 1--1-----KeyCode=82, scanCode=139
06-27 20:45:49.624   416   509 D WindowManager: interceptKeyTq keycode=82 interactive=true keyguardActive=false policyFlags=22000000
06-27 20:45:49.624   416   508 D WindowManager: interceptKeyTi keyCode=82 down=false repeatCount=0 keyguardOn=false mHomePressed=false canceled=false
06-27 20:45:49.669  1128  1468 W Conscrypt: Could not set socket write timeout: java.net.SocketException: Socket closed
06-27 20:45:49.670  1128  1468 W Conscrypt: 	at com.google.android.gms.org.conscrypt.Platform.setSocketWriteTimeout(:com.google.android.gms@17785019@17.7.85 (040400-253824076):2)
06-27 20:45:49.670  1128  1468 W Conscrypt: 	at com.google.android.gms.org.conscrypt.ConscryptFileDescriptorSocket.setSoWriteTimeout(:com.google.android.gms@17785019@17.7.85 (040400-253824076):2)
06-27 20:45:49.704  1128  1139 W art     : Suspending all threads took: 14.492ms
06-27 20:45:49.718  1128  1139 I art     : Background sticky concurrent mark sweep GC freed 32089(2MB) AllocSpace objects, 29(584KB) LOS objects, 27% free, 8MB/12MB, paused 18.810ms total 69.848ms
06-27 20:45:49.725  1128  1818 W Conscrypt: Could not set socket write timeout: java.net.SocketException: Socket closed
06-27 20:45:49.725  1128  1818 W Conscrypt: 	at com.google.android.gms.org.conscrypt.Platform.setSocketWriteTimeout(:com.google.android.gms@17785019@17.7.85 (040400-253824076):2)
06-27 20:45:49.725  1128  1818 W Conscrypt: 	at com.google.android.gms.org.conscrypt.ConscryptFileDescriptorSocket.setSoWriteTimeout(:com.google.android.gms@17785019@17.7.85 (040400-253824076):2)
06-27 20:45:49.739  1707  1719 W art     : Suspending all threads took: 154.518ms
06-27 20:45:49.763  1422  1434 W art     : Suspending all threads took: 24.308ms
06-27 20:45:49.782   894  1209 W awmy    : Empty context buffer. Thus might mean that the context is not synced down.
06-27 20:45:49.782   894  1209 W awhk    : Empty context model while retrieving upload opt-in status!
06-27 20:45:49.791  1422  1512 W iceDescriptorBinderImpl: Regular parsing failed: Can't parse device type string (namespace/type/version): urn:dial-multiscreen-org:service:dial:1
06-27 20:45:49.841   894  1585 E WorkSourceUtil: Could not find package: com.google.android.gms.stats.eastworld
06-27 20:45:49.860   894  1209 W awmy    : Empty context buffer. Thus might mean that the context is not synced down.
06-27 20:45:49.860   894  1209 W awhk    : Empty context model while retrieving upload opt-in status!
06-27 20:45:49.888  1128  1468 I CheckinRequestProcessor: updateCheckinIdTokenFileFromResponse, Reading existing AID
06-27 20:45:49.896   894  1794 I aofg    : updateFromConfigurations using legacy put method [CONTEXT service_id=204 ]
06-27 20:45:49.930   894  1209 W awmy    : Empty context buffer. Thus might mean that the context is not synced down.
06-27 20:45:49.931   894  1209 W awhk    : Empty context model while retrieving upload opt-in status!
06-27 20:45:49.931  1128  1468 I CheckinRequestProcessor: CheckinNowTaskTag : Checkin Succeeded: https://android.googleapis.com/checkin (fragment #1): 
06-27 20:45:49.986   894  1583 I MagicTether: [HostValidator] InvalidHost. MobileData: false, Tethering: true, whitelist: false, ble: false
06-27 20:45:49.989   894  1781 I GCoreUlr: WorldUpdater:init: Ensuring that reporting is stopped because of reasons: {account#2#=[InactiveReason{mIdentifier=6, mName='ReportingNotEnabled'}, InactiveReason{mIdentifier=14, mName='HistoryNotEnabled'}]}
06-27 20:45:49.991  1128  1552 I Icing   : Internal init done: storage state 0
06-27 20:45:50.013   894   894 I art     : Rejecting re-init on previously-failed class java.lang.Class<agat>: java.lang.NoClassDefFoundError: Failed resolution of: Landroid/net/ConnectivityManager$OnTetheringEntitlementResultListener;
06-27 20:45:50.013   894   894 I art     :   at com.google.android.gms.magictether.host.HotspotEnabler afzm.a(android.content.Context) (:com.google.android.gms@17785019@17.7.85 (040400-253824076):1)
06-27 20:45:50.013   894   894 I art     :   at void afyy.<init>(android.content.Context) (:com.google.android.gms@17785019@17.7.85 (040400-253824076):-1)
06-27 20:45:50.013   894   894 I art     :   at afyy afyy.a(android.content.Context) (:com.google.android.gms@17785019@17.7.85 (040400-253824076):5)
06-27 20:45:50.013   894   894 I art     :   at void com.google.android.gms.magictether.host.TetherListenerChimeraService.a(android.content.Context, boolean) (:com.google.android.gms@17785019@17.7.85 (040400-253824076):5)
06-27 20:45:50.013   894   894 I art     :   at void com.google.android.gms.magictether.host.TetherListenerChimeraService.onDestroy() (:com.google.android.gms@17785019@17.7.85 (040400-253824076):2)
06-27 20:45:50.013   894   894 I art     :   at void qmj.onDestroy() (:com.google.android.gms@17785019@17.7.85 (040400-253824076):2)
06-27 20:45:50.013   894   894 I art     :   at void android.app.ActivityThread.handleStopService(android.os.IBinder) (ActivityThread.java:3357)
06-27 20:45:50.013   894   894 I art     :   at void android.app.ActivityThread.-wrap27(android.app.ActivityThread, android.os.IBinder) (ActivityThread.java:-1)
06-27 20:45:50.013   894   894 I art     :   at void android.app.ActivityThread$H.handleMessage(android.os.Message) (ActivityThread.java:1588)
06-27 20:45:50.013   894   894 I art     :   at void android.os.Handler.dispatchMessage(android.os.Message) (Handler.java:102)
06-27 20:45:50.013   894   894 I art     :   at void android.os.Looper.loop() (Looper.java:154)
06-27 20:45:50.013   894   894 I art     :   at void android.app.ActivityThread.main(java.lang.String[]) (ActivityThread.java:6121)
06-27 20:45:50.013   894   894 I art     :   at java.lang.Object java.lang.reflect.Method.invoke!(java.lang.Object, java.lang.Object[]) (Method.java:-2)
06-27 20:45:50.014   894   894 I art     :   at void com.android.internal.os.ZygoteInit$MethodAndArgsCaller.run() (ZygoteInit.java:905)
06-27 20:45:50.014   894   894 I art     :   at void com.android.internal.os.ZygoteInit.main(java.lang.String[]) (ZygoteInit.java:795)
06-27 20:45:50.014   894   894 I art     : Caused by: java.lang.ClassNotFoundException: Didn't find class "android.net.ConnectivityManager$OnTetheringEntitlementResultListener" on path: DexPathList[[zip file "/system/framework/com.android.location.provider.jar", zip file "/system/framework/com.android.media.remotedisplay.jar", zip file "/data/app/com.google.android.gms-2/base.apk"],nativeLibraryDirectories=[/data/app/com.google.android.gms-2/lib/arm64, /data/app/com.google.android.gms-2/base.apk!/lib/arm64-v8a, /system/lib64, /vendor/lib64]]
06-27 20:45:50.014   894   894 I art     :   at java.lang.Class dalvik.system.BaseDexClassLoader.findClass(java.lang.String) (BaseDexClassLoader.java:56)
06-27 20:45:50.014   894   894 I art     :   at java.lang.Class java.lang.ClassLoader.loadClass(java.lang.String, boolean) (ClassLoader.java:380)
06-27 20:45:50.014   894   894 I art     :   at java.lang.Class java.lang.ClassLoader.loadClass(java.lang.String) (ClassLoader.java:312)
06-27 20:45:50.014   894   894 I art     :   at com.google.android.gms.magictether.host.HotspotEnabler afzm.a(android.content.Context) (:com.google.android.gms@17785019@17.7.85 (040400-253824076):1)
06-27 20:45:50.014   894   894 I art     :   at void afyy.<init>(android.content.Context) (:com.google.android.gms@17785019@17.7.85 (040400-253824076):-1)
06-27 20:45:50.014   894   894 I art     :   at afyy afyy.a(android.content.Context) (:com.google.android.gms@17785019@17.7.85 (040400-253824076):5)
06-27 20:45:50.014   894   894 I art     :   at void com.google.android.gms.magictether.host.TetherListenerChimeraService.a(android.content.Context, boolean) (:com.google.android.gms@17785019@17.7.85 (040400-253824076):5)
06-27 20:45:50.014   894   894 I art     :   at void com.google.android.gms.magictether.host.TetherListenerChimeraService.onDestroy() (:com.google.android.gms@17785019@17.7.85 (040400-253824076):2)
06-27 20:45:50.014   894   894 I art     :   at void qmj.onDestroy() (:com.google.android.gms@17785019@17.7.85 (040400-253824076):2)
06-27 20:45:50.014   894   894 I art     :   at void android.app.ActivityThread.handleStopService(android.os.IBinder) (ActivityThread.java:3357)
06-27 20:45:50.014   894   894 I art     :   at void android.app.ActivityThread.-wrap27(android.app.ActivityThread, android.os.IBinder) (ActivityThread.java:-1)
06-27 20:45:50.014   894   894 I art     :   at void android.app.ActivityThread$H.handleMessage(android.os.Message) (ActivityThread.java:1588)
06-27 20:45:50.014   894   894 I art     :   at void android.os.Handler.dispatchMessage(android.os.Message) (Handler.java:102)
06-27 20:45:50.014   894   894 I art     :   at void android.os.Looper.loop() (Looper.java:154)
06-27 20:45:50.014   894   894 I art     :   at void android.app.ActivityThread.main(java.lang.String[]) (ActivityThread.java:6121)
06-27 20:45:50.014   894   894 I art     :   at java.lang.Object java.lang.reflect.Method.invoke!(java.lang.Object, java.lang.Object[]) (Method.java:-2)
06-27 20:45:50.014   894   894 I art     :   at void com.android.internal.os.ZygoteInit$MethodAndArgsCaller.run() (ZygoteInit.java:905)
06-27 20:45:50.014   894   894 I art     :   at void com.android.internal.os.ZygoteInit.main(java.lang.String[]) (ZygoteInit.java:795)
06-27 20:45:50.014   894   894 I art     : 
06-27 20:45:50.021   894  1494 I Auth    : [ReflectiveChannelBinder] Successfully bound channel!
06-27 20:45:50.048  1422  1512 W iceDescriptorBinderImpl: Removing leading garbage didn't work: Can't parse device type string (namespace/type/version): urn:dial-multiscreen-org:service:dial:1
06-27 20:45:50.049  1422  1512 W trieveRemoteDescriptors: Could not hydrate device or its services from descriptor: (RemoteDevice) Identity: (RemoteDeviceIdentity) UDN: uuid:b3ba70e0-c7c4-4f76-abd6-aedd12d4df47, Descriptor: http://192.168.1.10:1962/, Root: true
06-27 20:45:50.049  1422  1512 W trieveRemoteDescriptors: Cause was: org.fourthline.cling.model.types.InvalidValueException: Can't parse device type string (namespace/type/version): urn:dial-multiscreen-org:service:dial:1
06-27 20:45:50.070   894  1781 I GCoreUlr: Unbound from all signal providers.
06-27 20:45:50.070   894  1208 I GCoreUlr: Successfully accounts update
06-27 20:45:50.076   894   894 W ChimeraUtils: Non Chimera context
06-27 20:45:50.169   894  1494 W Conscrypt: Could not set socket write timeout: java.net.SocketException: Socket closed
06-27 20:45:50.170   894  1494 W Conscrypt: 	at com.google.android.gms.org.conscrypt.Platform.setSocketWriteTimeout(:com.google.android.gms@17785019@17.7.85 (040400-253824076):2)
06-27 20:45:50.170   894  1494 W Conscrypt: 	at com.google.android.gms.org.conscrypt.ConscryptFileDescriptorSocket.setSoWriteTimeout(:com.google.android.gms@17785019@17.7.85 (040400-253824076):2)
06-27 20:45:50.200   894  1575 W art     : Before Android 4.1, method double java.util.concurrent.ThreadLocalRandom.internalNextDouble(double, double) would have incorrectly overridden the package-private method in java.util.Random
06-27 20:45:50.201   894  1575 W art     : Before Android 4.1, method int java.util.concurrent.ThreadLocalRandom.internalNextInt(int, int) would have incorrectly overridden the package-private method in java.util.Random
06-27 20:45:50.201   894  1575 W art     : Before Android 4.1, method long java.util.concurrent.ThreadLocalRandom.internalNextLong(long, long) would have incorrectly overridden the package-private method in java.util.Random
06-27 20:45:50.260   894  1494 W Conscrypt: Could not set socket write timeout: java.net.SocketException: Socket closed
06-27 20:45:50.261   894  1494 W Conscrypt: 	at com.google.android.gms.org.conscrypt.Platform.setSocketWriteTimeout(:com.google.android.gms@17785019@17.7.85 (040400-253824076):2)
06-27 20:45:50.261   894  1494 W Conscrypt: 	at com.google.android.gms.org.conscrypt.ConscryptFileDescriptorSocket.setSoWriteTimeout(:com.google.android.gms@17785019@17.7.85 (040400-253824076):2)
06-27 20:45:50.272   894   894 I GCoreUlr: Unbound from all signal providers.
06-27 20:45:50.272   894   894 I GCoreUlr: Stopping handler for UlrDispSvcFast
06-27 20:45:50.274  1128  1552 I Icing   : Post-init done
06-27 20:45:50.287   894  1781 I GCoreUlr: Successfully accounts update
06-27 20:45:50.311  1422  1560 W iceDescriptorBinderImpl: Regular parsing failed: Can't parse device type string (namespace/type/version): urn:dial-multiscreen-org:service:dial:1
06-27 20:45:50.321   894  1209 W awmy    : Empty context buffer. Thus might mean that the context is not synced down.
06-27 20:45:50.322   894  1209 W awhk    : Empty context model while retrieving upload opt-in status!
06-27 20:45:50.331   894  1781 I VacuumService: Vacuum at: now=1561657550331 tag=VacuumService
06-27 20:45:50.416   416   479 I ActivityManager: Waited long enough for: ServiceRecord{fa4795 u0 com.android.providers.media/.MediaScannerService}
06-27 20:45:50.438   894   906 I art     : Background sticky concurrent mark sweep GC freed 47153(3MB) AllocSpace objects, 17(332KB) LOS objects, 32% free, 9MB/13MB, paused 8.394ms total 105.024ms
06-27 20:45:50.444   894   894 D lvjinhua:  Failed while trying resolve alarm filter file, not exists
06-27 20:45:50.447   894  1209 W awmy    : Empty context buffer. Thus might mean that the context is not synced down.
06-27 20:45:50.447   894  1209 W awhk    : Empty context model while retrieving upload opt-in status!
06-27 20:45:50.463   894  1794 I aofg    : updateFromConfigurations using legacy put method [CONTEXT service_id=204 ]
06-27 20:45:50.475   894  1494 I Auth    : [BroadcastManager] Broadcasting account services changed.
06-27 20:45:50.522   894  1577 W art     : Long monitor contention with owner netscheduler-queue-handler (1236) at boolean android.os.BinderProxy.transactNative(int, android.os.Parcel, android.os.Parcel, int)(Binder.java:-2) waiters=0 in void aqqd.a(aqno, boolean) for 619ms
06-27 20:45:50.560   416   854 W BroadcastQueue: Permission Denial: broadcasting Intent { act=com.google.android.checkin.CHECKIN_COMPLETE flg=0x10 (has extras) } from com.google.android.gms (pid=1128, uid=10008) is not exported from uid 10014 due to receiver com.android.vending/com.google.android.finsky.checkin.CheckinReceiver
06-27 20:45:50.657  1128  1508 I Auth    : [SupervisedAccountIntentOperation] onHandleIntent(): com.google.android.gms.auth.ACCOUNT_SERVICES_CHANGED
06-27 20:45:50.657  1128  1508 I Auth    : [SupervisedAccountIntentOperation] This operation is disabled
06-27 20:45:50.666   894  1199 W awmy    : Empty context buffer. Thus might mean that the context is not synced down.
06-27 20:45:50.667   894  1199 W awhk    : Empty context model while retrieving upload opt-in status!
06-27 20:45:50.709   894  1199 W awmy    : Empty context buffer. Thus might mean that the context is not synced down.
06-27 20:45:50.709   894  1199 W awhk    : Empty context model while retrieving upload opt-in status!
06-27 20:45:50.722   894  1199 W awmy    : Empty context buffer. Thus might mean that the context is not synced down.
06-27 20:45:50.722   894  1199 W awhk    : Empty context model while retrieving upload opt-in status!
06-27 20:45:50.743   894  1822 W Conscrypt: Could not set socket write timeout: java.net.SocketException: Socket closed
06-27 20:45:50.743   894  1822 W Conscrypt: 	at com.google.android.gms.org.conscrypt.Platform.setSocketWriteTimeout(:com.google.android.gms@17785019@17.7.85 (040400-253824076):2)
06-27 20:45:50.744   894  1822 W Conscrypt: 	at com.google.android.gms.org.conscrypt.ConscryptFileDescriptorSocket.setSoWriteTimeout(:com.google.android.gms@17785019@17.7.85 (040400-253824076):2)
06-27 20:45:50.750  1444  1455 W art     : Suspending all threads took: 23.019ms
06-27 20:45:50.753  1128  1818 W SubscribedFeeds: Hard error: byhc: Received 401 status code: <HTML>
06-27 20:45:50.753  1128  1818 W SubscribedFeeds: <HEAD>
06-27 20:45:50.753  1128  1818 W SubscribedFeeds: <TITLE>Service &lt;mail&gt; disabled by G Suite admin.</TITLE>
06-27 20:45:50.753  1128  1818 W SubscribedFeeds: </HEAD>
06-27 20:45:50.753  1128  1818 W SubscribedFeeds: <BODY BGCOLOR="#FFFFFF" TEXT="#000000">
06-27 20:45:50.753  1128  1818 W SubscribedFeeds: <H1>Service &lt;mail&gt; disabled by G Suite admin.</H1>
06-27 20:45:50.753  1128  1818 W SubscribedFeeds: <H2>Error 401</H2>
06-27 20:45:50.753  1128  1818 W SubscribedFeeds: </BODY>
06-27 20:45:50.753  1128  1818 W SubscribedFeeds: </HTML>
06-27 20:45:50.779   894  1209 W awmy    : Empty context buffer. Thus might mean that the context is not synced down.
06-27 20:45:50.780   894  1209 W awhk    : Empty context model while retrieving upload opt-in status!
06-27 20:45:50.785   416   478 D SyncManager: failed sync operation JobId: 105164, home@romanr.info u0 (com.google), subscribedfeeds, SERVER, reason: 10008, SyncResult: stats [ numAuthExceptions: 1]
06-27 20:45:50.790   416   478 D SyncManager: not retrying sync operation because the error is a hard error: JobId: 105164, home@romanr.info u0 (com.google), subscribedfeeds, SERVER, reason: 10008
06-27 20:45:50.824  1422  1560 W iceDescriptorBinderImpl: Removing leading garbage didn't work: Can't parse device type string (namespace/type/version): urn:dial-multiscreen-org:service:dial:1
06-27 20:45:50.824  1422  1560 W trieveRemoteDescriptors: Could not hydrate device or its services from descriptor: (RemoteDevice) Identity: (RemoteDeviceIdentity) UDN: uuid:b3ba70e0-c7c4-4f76-abd6-aedd12d4df47, Descriptor: http://192.168.1.10:1962/, Root: true
06-27 20:45:50.825  1422  1560 W trieveRemoteDescriptors: Cause was: org.fourthline.cling.model.types.InvalidValueException: Can't parse device type string (namespace/type/version): urn:dial-multiscreen-org:service:dial:1
06-27 20:45:50.828   894  1209 W awmy    : Empty context buffer. Thus might mean that the context is not synced down.
06-27 20:45:50.829   894  1209 W awhk    : Empty context model while retrieving upload opt-in status!
06-27 20:45:50.833   894  1822 W Conscrypt: Could not set socket write timeout: java.net.SocketException: Socket closed
06-27 20:45:50.834   894  1822 W Conscrypt: 	at com.google.android.gms.org.conscrypt.Platform.setSocketWriteTimeout(:com.google.android.gms@17785019@17.7.85 (040400-253824076):2)
06-27 20:45:50.834   894  1822 W Conscrypt: 	at com.google.android.gms.org.conscrypt.ConscryptFileDescriptorSocket.setSoWriteTimeout(:com.google.android.gms@17785019@17.7.85 (040400-253824076):2)
06-27 20:45:50.879   894  1209 W awmy    : Empty context buffer. Thus might mean that the context is not synced down.
06-27 20:45:50.879   894  1209 W awhk    : Empty context model while retrieving upload opt-in status!
06-27 20:45:50.928   894  1199 W awmy    : Empty context buffer. Thus might mean that the context is not synced down.
06-27 20:45:50.928   894  1199 W awhk    : Empty context model while retrieving upload opt-in status!
06-27 20:45:50.954  1444  1444 D Device  : Say byebye on 192.168.1.200
06-27 20:45:50.983   894  1199 W awmy    : Empty context buffer. Thus might mean that the context is not synced down.
06-27 20:45:50.983   894  1199 W awhk    : Empty context model while retrieving upload opt-in status!
06-27 20:45:50.997   894  1576 I InstantApps: DomainFilterImpl: Domain filter response size: 221
06-27 20:45:51.012   894  1576 I InstantApps: DomainFilterImpl: Account = home@romanr.info is ineligible from using Instant apps
06-27 20:45:51.045   894  1199 W awmy    : Empty context buffer. Thus might mean that the context is not synced down.
06-27 20:45:51.046   894  1199 W awhk    : Empty context model while retrieving upload opt-in status!
06-27 20:45:51.047  1422  1484 W art     : Long monitor contention with owner cling-34 (1561) at boolean org.fourthline.cling.registry.RegistryImpl.update(org.fourthline.cling.model.meta.RemoteDeviceIdentity)(RegistryImpl.java:-1) waiters=0 in boolean org.fourthline.cling.registry.RegistryImpl.update(org.fourthline.cling.model.meta.RemoteDeviceIdentity) for 224ms
06-27 20:45:51.080  1422  1515 W art     : Long monitor contention with owner cling-34 (1561) at boolean org.fourthline.cling.registry.RegistryImpl.update(org.fourthline.cling.model.meta.RemoteDeviceIdentity)(RegistryImpl.java:-1) waiters=2 in boolean org.fourthline.cling.registry.RegistryImpl.update(org.fourthline.cling.model.meta.RemoteDeviceIdentity) for 248ms
06-27 20:45:51.082  1422  1540 W art     : Long monitor contention with owner cling-34 (1561) at boolean org.fourthline.cling.registry.RegistryImpl.update(org.fourthline.cling.model.meta.RemoteDeviceIdentity)(RegistryImpl.java:-1) waiters=3 in boolean org.fourthline.cling.registry.RegistryImpl.update(org.fourthline.cling.model.meta.RemoteDeviceIdentity) for 228ms
06-27 20:45:51.103   894  1199 W awmy    : Empty context buffer. Thus might mean that the context is not synced down.
06-27 20:45:51.103   894  1199 W awhk    : Empty context model while retrieving upload opt-in status!
06-27 20:45:51.122  1422  1512 W art     : Long monitor contention with owner cling-34 (1561) at boolean org.fourthline.cling.registry.RegistryImpl.update(org.fourthline.cling.model.meta.RemoteDeviceIdentity)(RegistryImpl.java:-1) waiters=4 in boolean org.fourthline.cling.registry.RegistryImpl.update(org.fourthline.cling.model.meta.RemoteDeviceIdentity) for 230ms
06-27 20:45:51.135  1422  1565 W art     : Long monitor contention with owner cling-34 (1561) at boolean org.fourthline.cling.registry.RegistryImpl.update(org.fourthline.cling.model.meta.RemoteDeviceIdentity)(RegistryImpl.java:-1) waiters=7 in boolean org.fourthline.cling.registry.RegistryImpl.update(org.fourthline.cling.model.meta.RemoteDeviceIdentity) for 111ms
06-27 20:45:51.177   894  1209 W awmy    : Empty context buffer. Thus might mean that the context is not synced down.
06-27 20:45:51.177   894  1209 W awhk    : Empty context model while retrieving upload opt-in status!
06-27 20:45:51.235   894  1209 W awmy    : Empty context buffer. Thus might mean that the context is not synced down.
06-27 20:45:51.235   894  1209 W awhk    : Empty context model while retrieving upload opt-in status!
06-27 20:45:51.279  1422  1505 W iceDescriptorBinderImpl: Regular parsing failed: Can't parse device type string (namespace/type/version): urn:dial-multiscreen-org:service:dial:1
06-27 20:45:51.285   894  1199 W awmy    : Empty context buffer. Thus might mean that the context is not synced down.
06-27 20:45:51.286   894  1199 W awhk    : Empty context model while retrieving upload opt-in status!
06-27 20:45:51.341   894  1209 W awmy    : Empty context buffer. Thus might mean that the context is not synced down.
06-27 20:45:51.341   894  1209 W awhk    : Empty context model while retrieving upload opt-in status!
06-27 20:45:51.395  1422  1505 W iceDescriptorBinderImpl: Removing leading garbage didn't work: Can't parse device type string (namespace/type/version): urn:dial-multiscreen-org:service:dial:1
06-27 20:45:51.489   894  1236 I NetworkScheduler: ignoring stale queue check message
06-27 20:45:51.496  1422  1505 W trieveRemoteDescriptors: Could not hydrate device or its services from descriptor: (RemoteDevice) Identity: (RemoteDeviceIdentity) UDN: uuid:b3ba70e0-c7c4-4f76-abd6-aedd12d4df47, Descriptor: http://192.168.1.10:1962/, Root: true
06-27 20:45:51.496  1422  1505 W trieveRemoteDescriptors: Cause was: org.fourthline.cling.model.types.InvalidValueException: Can't parse device type string (namespace/type/version): urn:dial-multiscreen-org:service:dial:1
06-27 20:45:51.594  1128  1552 W Conscrypt: Could not set socket write timeout: java.net.SocketException: Socket closed
06-27 20:45:51.595  1128  1552 W Conscrypt: 	at com.google.android.gms.org.conscrypt.Platform.setSocketWriteTimeout(:com.google.android.gms@17785019@17.7.85 (040400-253824076):2)
06-27 20:45:51.595  1128  1552 W Conscrypt: 	at com.google.android.gms.org.conscrypt.ConscryptFileDescriptorSocket.setSoWriteTimeout(:com.google.android.gms@17785019@17.7.85 (040400-253824076):2)
06-27 20:45:51.634  1444  1444 D Device  : Say byebye on 192.168.1.200
06-27 20:45:51.720  1128  1552 W Conscrypt: Could not set socket write timeout: java.net.SocketException: Socket closed
06-27 20:45:51.720  1128  1552 W Conscrypt: 	at com.google.android.gms.org.conscrypt.Platform.setSocketWriteTimeout(:com.google.android.gms@17785019@17.7.85 (040400-253824076):2)
06-27 20:45:51.720  1128  1552 W Conscrypt: 	at com.google.android.gms.org.conscrypt.ConscryptFileDescriptorSocket.setSoWriteTimeout(:com.google.android.gms@17785019@17.7.85 (040400-253824076):2)
06-27 20:45:51.734  1422  1877 W iceDescriptorBinderImpl: Regular parsing failed: Can't parse device type string (namespace/type/version): urn:dial-multiscreen-org:service:dial:1
06-27 20:45:51.786  1422  1877 W iceDescriptorBinderImpl: Removing leading garbage didn't work: Can't parse device type string (namespace/type/version): urn:dial-multiscreen-org:service:dial:1
06-27 20:45:51.787  1422  1877 W trieveRemoteDescriptors: Could not hydrate device or its services from descriptor: (RemoteDevice) Identity: (RemoteDeviceIdentity) UDN: uuid:b3ba70e0-c7c4-4f76-abd6-aedd12d4df47, Descriptor: http://192.168.1.10:1962/, Root: true
06-27 20:45:51.787  1422  1877 W trieveRemoteDescriptors: Cause was: org.fourthline.cling.model.types.InvalidValueException: Can't parse device type string (namespace/type/version): urn:dial-multiscreen-org:service:dial:1
06-27 20:45:51.795   416   509 I InputReader: 1--1-----KeyCode=20, scanCode=108
06-27 20:45:51.796   416   509 I InputReader: 1--22-----KeyCode=20, scanCode=108
06-27 20:45:51.796   416   509 I InputReader: KeyCode=20, scanCode=108
06-27 20:45:51.796   416   509 D WindowManager: interceptKeyTq keycode=20 interactive=true keyguardActive=false policyFlags=22000000
06-27 20:45:51.797   416   508 D WindowManager: interceptKeyTi keyCode=20 down=true repeatCount=0 keyguardOn=false mHomePressed=false canceled=false
06-27 20:45:51.983   416   509 I InputReader: 1--1-----KeyCode=20, scanCode=108
06-27 20:45:51.983   416   509 D WindowManager: interceptKeyTq keycode=20 interactive=true keyguardActive=false policyFlags=22000000
06-27 20:45:51.984   416   508 D WindowManager: interceptKeyTi keyCode=20 down=false repeatCount=0 keyguardOn=false mHomePressed=false canceled=false
06-27 20:45:52.001  1598  1787 I mali_so : [File] : hardware/rockchip/driver/./src/base/arch/arch_011_udd/base_arch_main.c; [Line] : 565; [Func] : deal_with_version_affairs_rk_ext;
06-27 20:45:52.001  1598  1787 I mali_so : arm_release_ver of this mali_so is 'r7p0-00rel1', rk_so_ver is '1@2' for 3328h_android_7.1, built at '15:47:51', on 'Jun 28 2017'.
06-27 20:45:52.001  1598  1787 I mali_so : [File] : hardware/rockchip/driver/./src/base/arch/arch_011_udd/base_arch_main.c; [Line] : 578; [Func] : deal_with_version_affairs_rk_ext;
06-27 20:45:52.001  1598  1787 I mali_so : mali_ver_property has been set to 'r7p0-00rel1-5-1@2', to return.
06-27 20:45:52.023  1598  1787 I mali_so : [File] : hardware/rockchip/driver/./src/base/arch/arch_011_udd/base_arch_main.c; [Line] : 565; [Func] : deal_with_version_affairs_rk_ext;
06-27 20:45:52.023  1598  1787 I mali_so : arm_release_ver of this mali_so is 'r7p0-00rel1', rk_so_ver is '1@2' for 3328h_android_7.1, built at '15:47:51', on 'Jun 28 2017'.
06-27 20:45:52.023  1598  1787 I mali_so : [File] : hardware/rockchip/driver/./src/base/arch/arch_011_udd/base_arch_main.c; [Line] : 578; [Func] : deal_with_version_affairs_rk_ext;
06-27 20:45:52.023  1598  1787 I mali_so : mali_ver_property has been set to 'r7p0-00rel1-5-1@2', to return.
06-27 20:45:52.113  1422  1434 W art     : Suspending all threads took: 6.854ms
06-27 20:45:52.180  1128  1573 W Conscrypt: Could not set socket write timeout: java.net.SocketException: Socket closed
06-27 20:45:52.180  1128  1573 W Conscrypt: 	at com.google.android.gms.org.conscrypt.Platform.setSocketWriteTimeout(:com.google.android.gms@17785019@17.7.85 (040400-253824076):2)
06-27 20:45:52.180  1128  1573 W Conscrypt: 	at com.google.android.gms.org.conscrypt.ConscryptFileDescriptorSocket.setSoWriteTimeout(:com.google.android.gms@17785019@17.7.85 (040400-253824076):2)
06-27 20:45:52.308  1128  1573 W Conscrypt: Could not set socket write timeout: java.net.SocketException: Socket closed
06-27 20:45:52.308  1128  1573 W Conscrypt: 	at com.google.android.gms.org.conscrypt.Platform.setSocketWriteTimeout(:com.google.android.gms@17785019@17.7.85 (040400-253824076):2)
06-27 20:45:52.308  1128  1573 W Conscrypt: 	at com.google.android.gms.org.conscrypt.ConscryptFileDescriptorSocket.setSoWriteTimeout(:com.google.android.gms@17785019@17.7.85 (040400-253824076):2)
06-27 20:45:52.324   894  1209 W awmy    : Empty context buffer. Thus might mean that the context is not synced down.
06-27 20:45:52.324   894  1209 W awhk    : Empty context model while retrieving upload opt-in status!
06-27 20:45:52.362   416   479 I ActivityManager: Waited long enough for: ServiceRecord{813a27a u0 com.rockchip.devicetest/.service.TestService}
06-27 20:45:52.445  1128  1856 W Conscrypt: Could not set socket write timeout: java.net.SocketException: Socket closed
06-27 20:45:52.445  1128  1856 W Conscrypt: 	at com.google.android.gms.org.conscrypt.Platform.setSocketWriteTimeout(:com.google.android.gms@17785019@17.7.85 (040400-253824076):2)
06-27 20:45:52.445  1128  1856 W Conscrypt: 	at com.google.android.gms.org.conscrypt.ConscryptFileDescriptorSocket.setSoWriteTimeout(:com.google.android.gms@17785019@17.7.85 (040400-253824076):2)
06-27 20:45:52.455   416   509 I InputReader: 1--1-----KeyCode=20, scanCode=108
06-27 20:45:52.456   416   509 I InputReader: 1--22-----KeyCode=20, scanCode=108
06-27 20:45:52.456   416   509 I InputReader: KeyCode=20, scanCode=108
06-27 20:45:52.456   416   509 D WindowManager: interceptKeyTq keycode=20 interactive=true keyguardActive=false policyFlags=22000000
06-27 20:45:52.457   416   508 D WindowManager: interceptKeyTi keyCode=20 down=true repeatCount=0 keyguardOn=false mHomePressed=false canceled=false
06-27 20:45:52.475  1612  1612 I Finsky  : [1] qah.b(7): Jobs in database: 1-1337 24-77777777 26-1414141414 29-29 
06-27 20:45:52.483  1128  1856 W Conscrypt: Could not set socket write timeout: java.net.SocketException: Socket closed
06-27 20:45:52.484  1128  1856 W Conscrypt: 	at com.google.android.gms.org.conscrypt.Platform.setSocketWriteTimeout(:com.google.android.gms@17785019@17.7.85 (040400-253824076):2)
06-27 20:45:52.484  1128  1856 W Conscrypt: 	at com.google.android.gms.org.conscrypt.ConscryptFileDescriptorSocket.setSoWriteTimeout(:com.google.android.gms@17785019@17.7.85 (040400-253824076):2)
06-27 20:45:52.594  1612  1612 I Finsky  : [1] pxo.a(113): ConstraintMapping: 24-77777777,  -> L: 0ms, D: 77790378ms, C: false, I: true, N: 0
06-27 20:45:52.595  1612  1612 I Finsky  : [1] pxo.a(113): ConstraintMapping: 1-1337,  -> L: 25811415ms, D: 69011415ms, C: false, I: false, N: 1
06-27 20:45:52.626  1444  1444 D ProfilesDefinitionParser: Parsing Profiles definition
06-27 20:45:52.626  1444  1444 D ProfilesDefinitionParser: Parsing profile definition for profile 1
06-27 20:45:52.643   416   509 I InputReader: 1--1-----KeyCode=20, scanCode=108
06-27 20:45:52.644   416   509 D WindowManager: interceptKeyTq keycode=20 interactive=true keyguardActive=false policyFlags=22000000
06-27 20:45:52.644   416   508 D WindowManager: interceptKeyTi keyCode=20 down=false repeatCount=0 keyguardOn=false mHomePressed=false canceled=false
06-27 20:45:52.687  1612  1612 I Finsky  : [1] pxo.a(113): ConstraintMapping: 29-29, 26-1414141414,  -> L: 24995ms, D: 54995ms, C: false, I: false, N: 0
06-27 20:45:52.708  1612  1612 I Finsky  : [1] com.google.android.finsky.scheduler.JobSchedulerEngine.a(14): Throttling wakeup for job 9000 (expected to run in 0 ms) due to recent wakeup
06-27 20:45:52.710  1612  1612 I Finsky  : [1] com.google.android.finsky.scheduler.JobSchedulerEngine.a(4): Scheduling job Id: 9000, L: 30000, D: 77790378, C: false, I: true, N: 0
06-27 20:45:52.765  1612  1612 I Finsky  : [1] com.google.android.finsky.scheduler.JobSchedulerEngine.a(4): Scheduling job Id: 9001, L: 25811415, D: 69011415, C: false, I: false, N: 1
06-27 20:45:52.797  1612  1612 I Finsky  : [1] com.google.android.finsky.scheduler.JobSchedulerEngine.a(14): Throttling wakeup for job 9002 (expected to run in 24995 ms) due to recent wakeup
06-27 20:45:52.798  1612  1612 I Finsky  : [1] com.google.android.finsky.scheduler.JobSchedulerEngine.a(4): Scheduling job Id: 9002, L: 30000, D: 54995, C: false, I: false, N: 0
06-27 20:45:52.846  1707  1776 I art     : Waiting for a blocking GC DisableMovingGc
06-27 20:45:52.848  1707  1776 I art     : Starting a blocking GC DisableMovingGc
06-27 20:45:52.906  1444  1444 D SystemDeviceService: [handleAutoRun] auto start mediarender. 
06-27 20:45:52.925   416   509 I InputReader: 1--1-----KeyCode=22, scanCode=106
06-27 20:45:52.926   416   509 I InputReader: 1--22-----KeyCode=22, scanCode=106
06-27 20:45:52.926   416   509 I InputReader: KeyCode=22, scanCode=106
06-27 20:45:52.926   416   509 D WindowManager: interceptKeyTq keycode=22 interactive=true keyguardActive=false policyFlags=22000000
06-27 20:45:52.927   416   508 D WindowManager: interceptKeyTi keyCode=22 down=true repeatCount=0 keyguardOn=false mHomePressed=false canceled=false
06-27 20:45:53.043  1612  1632 W art     : Suspending all threads took: 224.987ms
06-27 20:45:53.099  1612  1837 I Finsky  : [73] kjz.run(10): Installer: Installer started.
06-27 20:45:53.102  1612  1612 I Finsky  : [1] khj.a(267): Installer: found apps to install. apps=[]
06-27 20:45:53.113   416   509 I InputReader: 1--1-----KeyCode=22, scanCode=106
06-27 20:45:53.113   416   509 D WindowManager: interceptKeyTq keycode=22 interactive=true keyguardActive=false policyFlags=22000000
06-27 20:45:53.114   416   508 D WindowManager: interceptKeyTi keyCode=22 down=false repeatCount=0 keyguardOn=false mHomePressed=false canceled=false
06-27 20:45:53.203   894  1199 W awmy    : Empty context buffer. Thus might mean that the context is not synced down.
06-27 20:45:53.203   894  1199 W awhk    : Empty context model while retrieving upload opt-in status!
06-27 20:45:53.226  1612  1632 W art     : Suspending all threads took: 103.502ms
06-27 20:45:53.247  1612  1612 I Finsky  : [1] rcz.a(35): Connecting InstallListener to SplitInstallService broadcaster...
06-27 20:45:53.272  1422  1434 W art     : Suspending all threads took: 38.623ms
06-27 20:45:53.388  1444  1455 W art     : Suspending all threads took: 7.080ms
06-27 20:45:53.439   416   509 I InputReader: 1--1-----KeyCode=0, scanCode=232
06-27 20:45:53.440   416   509 I InputReader: 1--22-----KeyCode=23, scanCode=232
06-27 20:45:53.440   416   509 I InputReader: KeyCode=23, scanCode=232
06-27 20:45:53.441   416   509 D WindowManager: interceptKeyTq keycode=23 interactive=true keyguardActive=false policyFlags=22000000
06-27 20:45:53.441   416   508 D WindowManager: interceptKeyTi keyCode=23 down=true repeatCount=0 keyguardOn=false mHomePressed=false canceled=false
06-27 20:45:53.529   416   509 I InputReader: 1--1-----KeyCode=0, scanCode=232
06-27 20:45:53.530   416   509 D WindowManager: interceptKeyTq keycode=23 interactive=true keyguardActive=false policyFlags=22000000
06-27 20:45:53.530   416   508 D WindowManager: interceptKeyTi keyCode=23 down=false repeatCount=0 keyguardOn=false mHomePressed=false canceled=false
06-27 20:45:53.545   416   636 I ActivityManager: START u0 {act=android.intent.action.MAIN cat=[android.intent.category.LAUNCHER] flg=0x10000000 pkg=com.android.tv.settings cmp=com.android.tv.settings/.MainSettings} from uid 10053 on display 0
06-27 20:45:53.590   416   636 I ActivityManager: Start proc 1926:com.android.tv.settings/1000 for activity com.android.tv.settings/.MainSettings
06-27 20:45:53.633  1444  1444 D Device  : Say byebye on 192.168.1.200
06-27 20:45:53.666  1926  1926 I art     : Starting a blocking GC AddRemoveAppImageSpace
06-27 20:45:53.684   416   460 I ActivityManager: Killing 1363:com.google.android.configupdater/u0a2 (adj 906): empty #4
06-27 20:45:53.733   416   848 D ActivityManager: cleanUpApplicationRecord -- 1363
06-27 20:45:53.773  1926  1926 I [Gralloc]:  ion device open success! fd = 44
06-27 20:45:53.799   894  1209 W awmy    : Empty context buffer. Thus might mean that the context is not synced down.
06-27 20:45:53.799   894  1209 W awhk    : Empty context model while retrieving upload opt-in status!
06-27 20:45:53.806  1926  1946 I mali_so : [File] : hardware/rockchip/driver/./src/base/arch/arch_011_udd/base_arch_main.c; [Line] : 565; [Func] : deal_with_version_affairs_rk_ext;
06-27 20:45:53.806  1926  1946 I mali_so : arm_release_ver of this mali_so is 'r7p0-00rel1', rk_so_ver is '1@2' for 3328h_android_7.1, built at '15:47:51', on 'Jun 28 2017'.
06-27 20:45:53.806  1926  1946 I mali_so : [File] : hardware/rockchip/driver/./src/base/arch/arch_011_udd/base_arch_main.c; [Line] : 578; [Func] : deal_with_version_affairs_rk_ext;
06-27 20:45:53.806  1926  1946 I mali_so : mali_ver_property has been set to 'r7p0-00rel1-5-1@2', to return.
06-27 20:45:53.809  1926  1946 I OpenGLRenderer: Initialized EGL, version 1.4
06-27 20:45:53.809  1926  1946 D OpenGLRenderer: Swap behavior 1
06-27 20:45:53.835  1926  1926 E BluetoothAdapter: Bluetooth binder is null
06-27 20:45:53.878  1444  1444 D Device  : Say byebye on 192.168.1.200
06-27 20:45:53.886  1926  1926 W System  : ClassLoader referenced unknown path: 
06-27 20:45:53.887  1926  1926 D ApplicationLoaders: ignored Vulkan layer search path /data/app/com.google.android.gms-2/lib/arm64:/data/app/com.google.android.gms-2/base.apk!/lib/arm64-v8a for namespace 0x74c29e70f0
06-27 20:45:54.102  1926  1926 W InputMethodManager: Ignoring onBind: cur seq=6, given seq=5
06-27 20:45:54.104   416   486 I ActivityManager: Displayed com.android.tv.settings/.MainSettings: +526ms
06-27 20:45:54.331   416   479 I ActivityManager: Waited long enough for: ServiceRecord{1969348 u0 android.rockchip.update.service/.RKUpdateService}
06-27 20:45:54.633   416   479 I ActivityManager: Waited long enough for: ServiceRecord{3fef1d u0 com.example.changeled/.ScreenService}
06-27 20:45:54.752  1444  1444 D SystemDeviceService: [handleAutoRun] auto start mediaserver. 
06-27 20:45:54.798  1422  1513 I DeviceMonitorService: remoteDeviceAdded->device->descriptionURL:http://192.168.1.200:38389/deviceDescription/MediaServer
06-27 20:45:54.798  1422  1513 I DeviceMonitorService: remoteDeviceAdded->device->Udn:dcd0b32c-512e-ddb3-ffff-ffffb717f98f
06-27 20:45:54.806   894  1209 W awmy    : Empty context buffer. Thus might mean that the context is not synced down.
06-27 20:45:54.806   894  1209 W awhk    : Empty context model while retrieving upload opt-in status!
06-27 20:45:55.553   416   416 W WindowManager: Attempted to remove non-existing token: android.os.Binder@92fad6a
06-27 20:45:55.631   416   479 I ActivityManager: Waited long enough for: ServiceRecord{7c659bc u0 com.rockchips.mediacenter/.service.DeviceMonitorService}
06-27 20:45:55.807  1422  1473 I FileScanThread: mTmpFileInfos->size:40
06-27 20:45:55.814   416   479 I ActivityManager: Waited long enough for: ServiceRecord{f3a9cb u0 com.rockchips.mediacenter/com.rockchip.mediacenter.SystemDeviceService}
06-27 20:45:55.822  1422  1473 I FileScanThread: FileScanThread end time:1561657555822
06-27 20:45:55.823  1422  1473 I FileScanThread: FileScanThread total time:14s
06-27 20:45:56.977   416   509 I InputReader: Reconfiguring input devices.  changes=0x00000010
06-27 20:45:56.985   416   478 W Searchables: No global search activity found
06-27 20:45:57.601  1612  1752 I Finsky  : [47] dhd.run(3): Initializing the instant apps module.
06-27 20:45:57.605  1612  1734 I ShortcutBadger: Checking if platform supports badge counters, attempt 1/3.
06-27 20:45:57.655  1612  1734 I ShortcutBadger: Checking if platform supports badge counters, attempt 2/3.
06-27 20:45:57.663  1612  1734 I ShortcutBadger: Checking if platform supports badge counters, attempt 3/3.
06-27 20:45:57.676  1612  1734 W ShortcutBadger: Badge counter seems not supported in this platform: unable to resolve intent: Intent { act=android.intent.action.BADGE_COUNT_UPDATE (has extras) }
06-27 20:45:57.724  1612  1751 E Finsky  : [46] fxd.a(25): Unable to build selector: /storage/emulated/0/Download/marketenvs.csv (No such file or directory)
06-27 20:45:57.743  1612  1831 I Finsky  : [71] oaa.b(1): Triggered update for experiment package com.google.android.finsky.stable.
06-27 20:45:57.974  1068  1646 I art     : Waiting for a blocking GC DisableMovingGc
06-27 20:45:57.977  1068  1646 I art     : Starting a blocking GC DisableMovingGc
06-27 20:45:58.101  1612  1751 I Finsky  : [46] vxb.a(11): Do not start WearSupportService due to Wear service optimization
06-27 20:45:58.101  1612  1734 I Finsky  : [39] dgs.run(7): Component class com.google.android.finsky.wear.WearSupportService disabled via PackageManager.
06-27 20:45:58.104  1612  1734 I Finsky  : [39] dgs.run(7): Component class com.google.android.finsky.wear.WearChangeListenerService disabled via PackageManager.
06-27 20:45:58.137  1612  1704 I Finsky  : [31] vbv.f(3): Restoring notifications
06-27 20:45:58.140  1612  1831 I Finsky  : [71] oaa.b(6): Already at the latest configurations for experiment package com.google.android.finsky.stable.
06-27 20:45:58.141  1612  1735 W art     : Long monitor contention with owner AsyncTask #2 (1831) at abkw jqa.a(android.content.Context, crj, jqn)(SourceFile:1) waiters=0 in int oaa.b() for 393ms
06-27 20:45:58.143  1612  1735 I Finsky  : [40] oaa.b(1): Triggered update for experiment package com.google.android.finsky.regular.
06-27 20:45:58.355  1612  1735 I Finsky  : [40] oaa.b(6): Already at the latest configurations for experiment package com.google.android.finsky.regular.
06-27 20:45:58.356  1612  1837 W art     : Long monitor contention with owner AsyncTask #2 (1831) at abkw jqa.a(android.content.Context, crj, jqn)(SourceFile:1) waiters=1 in int oaa.b() for 608ms
06-27 20:45:58.357  1612  1837 I Finsky  : [73] oaa.b(1): Triggered update for experiment package com.google.android.finsky.regular.
06-27 20:45:58.371  1612  1704 I Finsky  : [31] vbv.f(8): Done restoring notifications
06-27 20:45:58.554  1612  1837 I Finsky  : [73] oaa.b(6): Already at the latest configurations for experiment package com.google.android.finsky.regular.
06-27 20:45:58.967  1612  1624 I art     : Do partial code cache collection, code=15KB, data=22KB
06-27 20:45:58.968  1612  1624 I art     : After code cache collection, code=15KB, data=22KB
06-27 20:45:58.968  1612  1624 I art     : Increasing code cache capacity to 128KB
06-27 20:45:58.975  1612  1624 I art     : Compiler allocated 7MB to compile java.lang.Object adji.call()
06-27 20:45:59.482  1280  1345 D RKUpdateService: WorkHandler::handleMessage() : To perform 'COMMAND_CHECK_LOCAL_UPDATING'.
06-27 20:45:59.483  1280  1345 D RKUpdateService: getValidFirmwareImageFile() : Target image file path : /data/media/0/update.zip
06-27 20:45:59.483  1280  1345 D RKUpdateService: getValidFirmwareImageFile() : Target image file path : /storage/emulated/0/update.zip
06-27 20:45:59.487  1280  1345 E RKUpdateService: jkand.huang --- volume.internalPath = /mnt/media_rw/e14e8b4a-c6c3-4546-b069-dfbdf64d0b66
06-27 20:46:00.002   416   416 I ActivityManager: Killing 1328:com.google.android.play.games.ui/u0a8 (adj 906): empty #6
06-27 20:46:00.034   416   460 D ActivityManager: cleanUpApplicationRecord -- 1328
06-27 20:46:03.230  1612  1612 I Finsky  : [1] qnw.run(4): Detected restoreservicev2://recovery not needed, will not run
06-27 20:46:04.485  1280  1345 D NetworkSecurityConfig: No Network Security Config specified, using platform default
06-27 20:46:04.562  1128  1543 I art     : Waiting for a blocking GC DisableMovingGc
06-27 20:46:04.574  1128  1543 I art     : WaitForGcToComplete blocked for 11.130ms for cause DisableMovingGc
06-27 20:46:04.574  1128  1543 I art     : Starting a blocking GC DisableMovingGc
06-27 20:46:04.576  1128  1543 I CheckinCompat: Done disabling old GoogleServicesFramework version
06-27 20:46:05.217   861   883 E sdcard  : opendir /mnt/media_rw/e14e8b4a-c6c3-4546-b069-dfbdf64d0b66/lost+found failed: Permission denied
06-27 20:46:05.219   861   883 E sdcard  : opendir /mnt/media_rw/e14e8b4a-c6c3-4546-b069-dfbdf64d0b66/lost+found failed: Permission denied
06-27 20:46:05.220  1162  1194 W MediaScanner: Error opening directory '/storage/e14e8b4a-c6c3-4546-b069-dfbdf64d0b66/lost+found/', skipping: Permission denied.
06-27 20:46:05.261  1162  1194 V MediaScanner: pruneDeadThumbnailFiles... android.content.ContentProviderClient$CursorWrapperInner@d48cdc0
06-27 20:46:05.263  1162  1194 V MediaScanner: /pruneDeadThumbnailFiles... android.content.ContentProviderClient$CursorWrapperInner@d48cdc0
06-27 20:46:06.366  1444  1444 I System.out: MediaStorePolicy, update media folder size. 
06-27 20:46:06.395   416  1168 I ActivityManager: Killing 1297:com.android.providers.calendar/u0a1 (adj 906): empty #4
06-27 20:46:06.396   416  1168 I ActivityManager: Killing 1054:android.process.acore/u0a3 (adj 906): empty #6
06-27 20:46:06.437   416  1627 D ActivityManager: cleanUpApplicationRecord -- 1297
06-27 20:46:06.440   416   461 D ActivityManager: cleanUpApplicationRecord -- 1054
06-27 20:46:06.707  1280  1345 D RKUpdateService: request remote server error...
06-27 20:46:13.787  1280  1345 D RKUpdateService: request remote server error...
06-27 20:46:15.308  1162  1194 V MediaScanner: pruneDeadThumbnailFiles... android.content.ContentProviderClient$CursorWrapperInner@8365e25
06-27 20:46:15.309  1162  1194 V MediaScanner: /pruneDeadThumbnailFiles... android.content.ContentProviderClient$CursorWrapperInner@8365e25
06-27 20:46:15.558   861   883 E sdcard  : opendir /mnt/media_rw/e14e8b4a-c6c3-4546-b069-dfbdf64d0b66/lost+found failed: Permission denied
06-27 20:46:15.560   861   883 E sdcard  : opendir /mnt/media_rw/e14e8b4a-c6c3-4546-b069-dfbdf64d0b66/lost+found failed: Permission denied
06-27 20:46:15.561  1162  1194 W MediaScanner: Error opening directory '/storage/e14e8b4a-c6c3-4546-b069-dfbdf64d0b66/lost+found/', skipping: Permission denied.
06-27 20:46:15.566  1162  1194 V MediaScanner: pruneDeadThumbnailFiles... android.content.ContentProviderClient$CursorWrapperInner@5738bfa
06-27 20:46:15.567  1162  1194 V MediaScanner: /pruneDeadThumbnailFiles... android.content.ContentProviderClient$CursorWrapperInner@5738bfa
06-27 20:46:16.333  1162  1194 W MediaScanner: Error opening directory '/oem/media/', skipping: No such file or directory.
06-27 20:46:16.369  1444  1444 I System.out: MediaStorePolicy, update media folder size. 
06-27 20:46:16.397   416   461 I ActivityManager: Killing 1612:com.android.vending/u0a14 (adj 906): empty #4
06-27 20:46:16.448   416  1545 D ActivityManager: cleanUpApplicationRecord -- 1612
06-27 20:46:16.448   416   460 D ConnectivityService: ConnectivityService NetworkRequestInfo binderDied(NetworkRequest [ LISTEN id=5, [ Capabilities: INTERNET&NOT_RESTRICTED&TRUSTED] ], android.os.BinderProxy@2f86dd0)
06-27 20:46:16.449   416   532 D ConnectivityService: releasing NetworkRequest [ LISTEN id=5, [ Capabilities: INTERNET&NOT_RESTRICTED&TRUSTED] ]
06-27 20:46:16.450   416   532 D ConnectivityService: sending notification RELEASED for NetworkRequest [ LISTEN id=5, [ Capabilities: INTERNET&NOT_RESTRICTED&TRUSTED] ]
