06-28 01:45:45.522  1619  1619 W ProviderHelper: Unknown dynamite feature providerinstaller
06-28 01:45:45.554  1619  1619 I DynamiteModule: Considering local module providerinstaller:0 and remote module providerinstaller:0
06-28 01:45:45.555  1619  1619 W ProviderInstaller: Failed to load providerinstaller module: No acceptable module found. Local version is 0 and remote version is 0.
06-28 01:45:45.575  1619  1619 V NativeCrypto: Registering com/google/android/gms/org/conscrypt/NativeCrypto's 284 native methods...
06-28 01:45:45.687  1428  1616 W art     : Verification of void ung.a(android.database.sqlite.SQLiteDatabase) took 381.981ms
06-28 01:45:45.703  1619  1619 D NetworkSecurityConfig: Using Network Security Config from resource network_security_config debugBuild: false
06-28 01:45:45.713  1619  1630 W art     : Suspending all threads took: 9.463ms
06-28 01:45:45.722  1619  1619 I ProviderInstaller: Installed default security provider GmsCore_OpenSSL
06-28 01:45:45.854  1428  1439 W art     : Suspending all threads took: 34.711ms
06-28 01:45:45.857   476   695 I InputReader: 1--1-----KeyCode=20, scanCode=108
06-28 01:45:45.858   476   695 I InputReader: 1--22-----KeyCode=20, scanCode=108
06-28 01:45:45.858   476   695 I InputReader: KeyCode=20, scanCode=108
06-28 01:45:45.858   476   695 D WindowManager: interceptKeyTq keycode=20 interactive=true keyguardActive=false policyFlags=22000000
06-28 01:45:45.860   476   694 D WindowManager: interceptKeyTi keyCode=20 down=true repeatCount=0 keyguardOn=false mHomePressed=false canceled=false
06-28 01:45:45.914  1619  1619 W Primes  : Primes not initialized, returning default (no-op) Primes instance which will ignore all calls. Please call Primes.initialize(...) before using any Primes API.
06-28 01:45:46.043   476   695 I InputReader: 1--1-----KeyCode=20, scanCode=108
06-28 01:45:46.044   476   695 D WindowManager: interceptKeyTq keycode=20 interactive=true keyguardActive=false policyFlags=22000000
06-28 01:45:46.044   476   694 D WindowManager: interceptKeyTi keyCode=20 down=false repeatCount=0 keyguardOn=false mHomePressed=false canceled=false
06-28 01:45:46.164   476   695 I InputReader: 1--1-----KeyCode=20, scanCode=108
06-28 01:45:46.164   476   695 I InputReader: 1--22-----KeyCode=20, scanCode=108
06-28 01:45:46.164   476   695 I InputReader: KeyCode=20, scanCode=108
06-28 01:45:46.164   476   695 D WindowManager: interceptKeyTq keycode=20 interactive=true keyguardActive=false policyFlags=22000000
06-28 01:45:46.165   476   694 D WindowManager: interceptKeyTi keyCode=20 down=true repeatCount=0 keyguardOn=false mHomePressed=false canceled=false
06-28 01:45:46.256   476   695 I InputReader: 1--1-----KeyCode=20, scanCode=108
06-28 01:45:46.257   476   695 D WindowManager: interceptKeyTq keycode=20 interactive=true keyguardActive=false policyFlags=22000000
06-28 01:45:46.257   476   694 D WindowManager: interceptKeyTi keyCode=20 down=false repeatCount=0 keyguardOn=false mHomePressed=false canceled=false
06-28 01:45:46.516  1661  1661 W System  : ClassLoader referenced unknown path: /system/priv-app/ConfigUpdater/lib/arm64
06-28 01:45:46.615  1661  1661 E ConfigUpdater: ignoring update request
06-28 01:45:46.650  1661  1661 E ConfigUpdater: ignoring update request
06-28 01:45:46.685   476   695 I InputReader: 1--1-----KeyCode=22, scanCode=106
06-28 01:45:46.686   476   695 I InputReader: 1--22-----KeyCode=22, scanCode=106
06-28 01:45:46.686   476   695 I InputReader: KeyCode=22, scanCode=106
06-28 01:45:46.686   476   695 D WindowManager: interceptKeyTq keycode=22 interactive=true keyguardActive=false policyFlags=22000000
06-28 01:45:46.686   476   694 D WindowManager: interceptKeyTi keyCode=22 down=true repeatCount=0 keyguardOn=false mHomePressed=false canceled=false
06-28 01:45:46.696  1661  1661 E ConfigUpdater: ignoring update request
06-28 01:45:46.721  1661  1661 E ConfigUpdater: ignoring update request
06-28 01:45:46.741  1661  1661 E ConfigUpdater: ignoring update request
06-28 01:45:46.762  1661  1661 E ConfigUpdater: ignoring update request
06-28 01:45:46.793  1661  1661 E ConfigUpdater: ignoring update request
06-28 01:45:46.815   476  1259 W BroadcastQueue: Unable to launch app com.google.android.partnersetup/10011 for broadcast Intent { act=android.intent.action.BOOT_COMPLETED flg=0x9000010 (has extras) }: process is bad
06-28 01:45:46.816   476   513 W BroadcastQueue: Unable to launch app com.google.android.partnersetup/10011 for broadcast Intent { act=android.intent.action.BOOT_COMPLETED flg=0x9000010 (has extras) }: process is bad
06-28 01:45:46.824  1428  1520 E ConfigFileUtils: Failed to read config file: /data/user_de/0/com.google.android.gms/app_chimera/current_modules_init.pb (No such file or directory)
06-28 01:45:46.826  1172  1526 W ChimeraUtils: Non Chimera context
06-28 01:45:46.828   476   513 I ActivityManager: Start proc 1702:com.google.process.gapps/u0a33 for broadcast com.google.android.syncadapters.contacts/.ContactsSyncAdapterBroadcastReceiver
06-28 01:45:46.873   476   695 I InputReader: 1--1-----KeyCode=22, scanCode=106
06-28 01:45:46.874   476   695 D WindowManager: interceptKeyTq keycode=22 interactive=true keyguardActive=false policyFlags=22000000
06-28 01:45:46.874   476   694 D WindowManager: interceptKeyTi keyCode=22 down=false repeatCount=0 keyguardOn=false mHomePressed=false canceled=false
06-28 01:45:47.086   476   695 I InputReader: 1--1-----KeyCode=22, scanCode=106
06-28 01:45:47.086   476   695 I InputReader: 1--22-----KeyCode=22, scanCode=106
06-28 01:45:47.086   476   695 I InputReader: KeyCode=22, scanCode=106
06-28 01:45:47.086   476   695 D WindowManager: interceptKeyTq keycode=22 interactive=true keyguardActive=false policyFlags=22000000
06-28 01:45:47.087   476   694 D WindowManager: interceptKeyTi keyCode=22 down=true repeatCount=0 keyguardOn=false mHomePressed=false canceled=false
06-28 01:45:47.135  1428  1428 E ConnectivityChangeRecei: Ignoring connectivity change
06-28 01:45:47.176   476   695 I InputReader: 1--1-----KeyCode=22, scanCode=106
06-28 01:45:47.177   476   695 D WindowManager: interceptKeyTq keycode=22 interactive=true keyguardActive=false policyFlags=22000000
06-28 01:45:47.178   476   694 D WindowManager: interceptKeyTi keyCode=22 down=false repeatCount=0 keyguardOn=false mHomePressed=false canceled=false
06-28 01:45:47.433  1428  1439 W art     : Suspending all threads took: 20.115ms
06-28 01:45:47.449  1428  1521 E PhenotypeRegOp: Attempting to overwrite config package for com.google.android.gms.car
06-28 01:45:47.469   476  1357 D ConnectivityService: listenForNetwork for uid/pid:10008/1428 NetworkRequest [ LISTEN id=4, [ Capabilities: INTERNET&NOT_RESTRICTED&TRUSTED&NOT_VPN] ]
06-28 01:45:47.470   476   825 D ConnectivityService: rematching NetworkAgentInfo [Ethernet () - 100]
06-28 01:45:47.470   476   825 D ConnectivityService:  network has: [ Transports: ETHERNET Capabilities: INTERNET&NOT_RESTRICTED&TRUSTED&NOT_VPN&VALIDATED&FOREGROUND LinkUpBandwidth>=100000Kbps LinkDnBandwidth>=100000Kbps]
06-28 01:45:47.470   476   825 D ConnectivityService: Network NetworkAgentInfo [Ethernet () - 100] was already satisfying request 1. No change.
06-28 01:45:47.470   476   825 D ConnectivityService: sending notification AVAILABLE for NetworkRequest [ LISTEN id=4, [ Capabilities: INTERNET&NOT_RESTRICTED&TRUSTED&NOT_VPN] ]
06-28 01:45:47.571  1702  1702 W System  : ClassLoader referenced unknown path: /system/app/GoogleContactsSyncAdapter/lib/arm64
06-28 01:45:47.819  1683  1683 I dex2oat : /system/bin/dex2oat --dex-file=/data/user_de/0/com.google.android.gms/app_chimera/m/0000000d/DynamiteModulesC.apk --oat-fd=38 --oat-location=/data/user_de/0/com.google.android.gms/app_chimera/m/0000000d/oat/arm64/DynamiteModulesC.dex --compiler-filter=speed
06-28 01:45:47.821  1428  1521 E PhenotypeRegOp: Attempting to overwrite config package for com.google.android.gms.mobile_data_plan
06-28 01:45:47.985  1702  1702 I GoogleHttpClient: GMS http client unavailable, use old client
06-28 01:45:48.090   476   509 W BroadcastQueue: Unable to launch app com.google.android.youtube.tv/10044 for broadcast Intent { act=android.intent.action.BOOT_COMPLETED flg=0x9000010 (has extras) }: process is bad
06-28 01:45:48.091   476   513 W BroadcastQueue: Unable to launch app com.rk_itvui.allapp/10023 for broadcast Intent { act=android.intent.action.BOOT_COMPLETED flg=0x9000010 (has extras) }: process is bad
06-28 01:45:48.103   476   513 I ActivityManager: Start proc 1743:com.rockchips.mediacenter/1000 for broadcast com.rockchips.mediacenter/.service.BootReceiver
06-28 01:45:48.184  1743  1743 I art     : Starting a blocking GC AddRemoveAppImageSpace
06-28 01:45:48.277  1743  1743 I BaseApplication: Application
06-28 01:45:48.278  1743  1743 I MediaCenterApplication: versionName:2.9
06-28 01:45:48.279  1743  1743 W ContextImpl: Calling a method in the system process without a qualified user: android.app.ContextImpl.startService:1357 android.content.ContextWrapper.startService:613 com.rockchips.mediacenter.application.MediaCenterApplication.initService:93 com.rockchips.mediacenter.application.MediaCenterApplication.onCreate:45 android.app.Instrumentation.callApplicationOnCreate:1024 
06-28 01:45:48.288  1702  1749 I GoogleHttpClient: GMS http client unavailable, use old client
06-28 01:45:48.415   476   509 I ActivityManager: Killing 1528:com.popcornhour.tvlauncher/u0a20 (adj 906): empty #4
06-28 01:45:48.421  1743  1743 I BootReceiver: onReceive
06-28 01:45:48.421  1743  1743 W ContextImpl: Calling a method in the system process without a qualified user: android.app.ContextImpl.startService:1357 android.content.ContextWrapper.startService:613 android.content.ContextWrapper.startService:613 com.rockchips.mediacenter.service.BootReceiver.onReceive:17 android.app.ActivityThread.handleReceiver:3041 
06-28 01:45:48.429   476   695 I InputReader: 1--1-----KeyCode=22, scanCode=106
06-28 01:45:48.429   476   695 I InputReader: 1--22-----KeyCode=22, scanCode=106
06-28 01:45:48.429   476   695 I InputReader: KeyCode=22, scanCode=106
06-28 01:45:48.430   476   695 D WindowManager: interceptKeyTq keycode=22 interactive=true keyguardActive=false policyFlags=22000000
06-28 01:45:48.431   476   694 D WindowManager: interceptKeyTi keyCode=22 down=true repeatCount=0 keyguardOn=false mHomePressed=false canceled=false
06-28 01:45:48.432  1743  1743 W ContextImpl: Calling a method in the system process without a qualified user: android.app.ContextImpl.startService:1357 android.content.ContextWrapper.startService:613 com.rockchips.mediacenter.service.DeviceMonitorService.attachService:378 com.rockchips.mediacenter.service.DeviceMonitorService.onCreate:193 android.app.ActivityThread.handleCreateService:3192 
06-28 01:45:48.444   476  1357 I ActivityManager: Start proc 1764:com.termux.boot/u0a54 for broadcast com.termux.boot/.BootReceiver
06-28 01:45:48.465   476   511 I ActivityManager: Start proc 1775:com.rockchips.mediacenter:dmr_service/1000 for service com.rockchips.mediacenter/com.rockchip.mediacenter.SystemDeviceService
06-28 01:45:48.468  1743  1743 W ContextImpl: Calling a method in the system process without a qualified user: android.app.ContextImpl.bindService:1421 android.content.ContextWrapper.bindService:636 com.rockchips.mediacenter.service.DeviceMonitorService.attachService:383 com.rockchips.mediacenter.service.DeviceMonitorService.onCreate:193 android.app.ActivityThread.handleCreateService:3192 
06-28 01:45:48.496   476   511 D ActivityManager: cleanUpApplicationRecord -- 1528
06-28 01:45:48.531  1743  1743 I UpnpServiceImpl: >>> Starting UPnP service...
06-28 01:45:48.531  1743  1743 I UpnpServiceImpl: Using configuration: org.fourthline.cling.android.AndroidUpnpServiceConfiguration
06-28 01:45:48.545  1743  1785 I DeviceInitCheckThread: DeviceInitCheckThread->startTime:1561675548544
06-28 01:45:48.586  1743  1743 I Router  : Creating Router: org.fourthline.cling.android.AndroidRouter
06-28 01:45:48.600  1764  1764 I art     : Starting a blocking GC AddRemoveAppImageSpace
06-28 01:45:48.600  1764  1764 W System  : ClassLoader referenced unknown path: /system/app/com.termux.boot/lib/arm64
06-28 01:45:48.607  1775  1775 I art     : Starting a blocking GC AddRemoveAppImageSpace
06-28 01:45:48.616   476   695 I InputReader: 1--1-----KeyCode=22, scanCode=106
06-28 01:45:48.617   476   695 D WindowManager: interceptKeyTq keycode=22 interactive=true keyguardActive=false policyFlags=22000000
06-28 01:45:48.617   476   694 D WindowManager: interceptKeyTi keyCode=22 down=false repeatCount=0 keyguardOn=false mHomePressed=false canceled=false
06-28 01:45:48.621  1743  1743 W ActivityThread: ClassLoader.loadClass: The class loader returned by Thread.getContextClassLoader() may fail for processes that host multiple applications. You should explicitly specify a context class loader. For example: Thread.setContextClassLoader(getClass().getClassLoader());
06-28 01:45:48.670  1743  1743 I MulticastReceiver: Creating wildcard socket (for receiving multicast datagrams) on port: 1900
06-28 01:45:48.672  1743  1743 I MulticastReceiver: Joining multicast group: /239.255.255.250:1900 on network interface: eth0
06-28 01:45:48.766  1775  1775 I BaseApplication: Application
06-28 01:45:48.768  1775  1775 I MediaCenterApplication: versionName:2.9
06-28 01:45:48.770  1775  1775 W ContextImpl: Calling a method in the system process without a qualified user: android.app.ContextImpl.startService:1357 android.content.ContextWrapper.startService:613 com.rockchips.mediacenter.application.MediaCenterApplication.initService:93 com.rockchips.mediacenter.application.MediaCenterApplication.onCreate:45 android.app.Instrumentation.callApplicationOnCreate:1024 
06-28 01:45:48.817  1743  1785 I DeviceInitCheckThread: DeviceInitCheckThread->allPreviewPhotoInfos->isEmpty:true
06-28 01:45:48.836  1775  1775 E SQLiteLog: (5) statement aborts at 2: [PRAGMA journal_mode=PERSIST] 
06-28 01:45:48.837  1775  1775 W SQLiteConnection: Could not change the database journal mode of '/data/user/0/com.rockchips.mediacenter/files/com.rockchips.mediacenter/mediacenter.db' from 'wal' to 'PERSIST' because the database is locked.  This usually means that there are other open connections to the database which prevents the database from enabling or disabling write-ahead logging mode.  Proceeding without changing the journal mode.
06-28 01:45:48.849  1743  1785 I DeviceInitCheckThread: DeviceInitCheckThread->allUsbPaths:[/storage/e14e8b4a-c6c3-4546-b069-dfbdf64d0b66]
06-28 01:45:48.849  1743  1785 I DeviceInitCheckThread: DeviceInitCheckThread->allSdCardPaths:[]
06-28 01:45:48.849  1743  1785 I DeviceInitCheckThread: DeviceInitCheckThread->internelStoragePath:/storage/emulated/0
06-28 01:45:48.851  1743  1785 I DeviceInitCheckThread: DeviceInitCheckThread->endTime:1561675548851
06-28 01:45:48.867  1764  1764 I termux  : Executed files at boot: 00-wake-lock.sh, 10-sshd.sh, 20-ftpd.sh, 30-httpd.sh
06-28 01:45:48.894  1743  1801 I DeviceMountThread: DeviceMountThread->startTime:1561675548894
06-28 01:45:48.895  1743  1801 I DeviceMountThread: DeviceMountThread->deviceType:-11
06-28 01:45:48.895  1743  1801 I DeviceMountThread: DeviceMountThread->mountPath:/storage/e14e8b4a-c6c3-4546-b069-dfbdf64d0b66
06-28 01:45:48.895  1743  1801 I DeviceMountThread: DeviceMountThread->mountState:1
06-28 01:45:48.895  1743  1801 I DeviceMountThread: DeviceMountThread->isFromNetWork:false
06-28 01:45:48.895  1743  1801 I DeviceMountThread: DeviceMountThread->netWorkPath:
06-28 01:45:48.895  1743  1801 I DeviceMountThread: DeviceMountThread->deviceName:e14e8b4a-c6c3-4546-b069-dfbdf64d0b66
06-28 01:45:48.896  1743  1802 I NetWorCheckThread: NetWorkCheckThread->isConnected:true
06-28 01:45:48.917   476  1276 I ActivityManager: Start proc 1803:com.termux/u0a54 for service com.termux/.app.TermuxService
06-28 01:45:48.928  1644  1644 D Receiver_LPF: action = android.net.ethernet.ETHERNET_STATE_CHANGED
06-28 01:45:48.928  1644  1644 I Receiver_LPF: ethernetState:1
06-28 01:45:48.929  1644  1644 I Receiver_LPF: mNetWorkStatus:0
06-28 01:45:48.929  1644  1644 I Receiver_LPF: mScrrenStatus:1
06-28 01:45:48.929  1644  1644 I Receiver_LPF: writeInfoIntoFile->info:0
06-28 01:45:48.939  1644  1644 I ample.changeled: type=1400 audit(0.0:61): avc: denied { write } for name="brightness" dev="sysfs" ino=13721 scontext=u:r:system_app:s0 tcontext=u:object_r:sysfs:s0 tclass=file permissive=1
06-28 01:45:48.944   476   695 I InputReader: 1--1-----KeyCode=22, scanCode=106
06-28 01:45:48.946   476   695 I InputReader: 1--22-----KeyCode=22, scanCode=106
06-28 01:45:48.946   476   695 I InputReader: KeyCode=22, scanCode=106
06-28 01:45:48.946   476   695 D WindowManager: interceptKeyTq keycode=22 interactive=true keyguardActive=false policyFlags=22000000
06-28 01:45:48.946   476   694 D WindowManager: interceptKeyTi keyCode=22 down=true repeatCount=0 keyguardOn=false mHomePressed=false canceled=false
06-28 01:45:48.972  1743  1802 I NetWorCheckThread: NetWorkCheckThread->smbStr:
06-28 01:45:48.973  1743  1802 I NetWorCheckThread: NetWorkCheckThread->smbInfos:null
06-28 01:45:48.976  1743  1801 I DeviceMountThread: DeviceMountThread->devices:[]
06-28 01:45:48.989   192   192 I audioserver: type=1400 audit(0.0:62): avc: denied { read } for scontext=u:r:audioserver:s0 tcontext=u:r:audioserver:s0 tclass=netlink_kobject_uevent_socket permissive=1
06-28 01:45:48.994  1644  1644 I Receiver_LPF: writeInfoIntoFile->info:1
06-28 01:45:49.032  1743  1801 I DeviceMountThread: DeviceMountThread->endTime:1561675549032
06-28 01:45:49.032  1743  1801 I DeviceMountThread: DeviceMountThread->startTime:1561675549032
06-28 01:45:49.033  1743  1801 I DeviceMountThread: DeviceMountThread->deviceType:-13
06-28 01:45:49.033  1743  1801 I DeviceMountThread: DeviceMountThread->mountPath:/storage/emulated/0
06-28 01:45:49.033  1743  1801 I DeviceMountThread: DeviceMountThread->mountState:1
06-28 01:45:49.033  1743  1801 I DeviceMountThread: DeviceMountThread->isFromNetWork:false
06-28 01:45:49.033  1743  1801 I DeviceMountThread: DeviceMountThread->netWorkPath:
06-28 01:45:49.033  1743  1801 I DeviceMountThread: DeviceMountThread->deviceName:0
06-28 01:45:49.036   476   695 I InputReader: 1--1-----KeyCode=22, scanCode=106
06-28 01:45:49.037   476   695 D WindowManager: interceptKeyTq keycode=22 interactive=true keyguardActive=false policyFlags=22000000
06-28 01:45:49.037   476   694 D WindowManager: interceptKeyTi keyCode=22 down=false repeatCount=0 keyguardOn=false mHomePressed=false canceled=false
06-28 01:45:49.066  1743  1801 I DeviceMountThread: DeviceMountThread->devices:[]
06-28 01:45:49.081  1644  1644 D Receiver_LPF: action = android.net.ethernet.ETHERNET_STATE_CHANGED
06-28 01:45:49.081  1644  1644 I Receiver_LPF: ethernetState:2
06-28 01:45:49.081  1644  1644 I Receiver_LPF: mNetWorkStatus:1
06-28 01:45:49.081  1644  1644 I Receiver_LPF: mScrrenStatus:1
06-28 01:45:49.081  1644  1644 I Receiver_LPF: writeInfoIntoFile->info:1
06-28 01:45:49.086  1743  1818 I FileScanThread: FileScanThread start time:1561675549086
06-28 01:45:49.134  1803  1803 I art     : Starting a blocking GC AddRemoveAppImageSpace
06-28 01:45:49.138  1775  1775 W ActivityThread: ClassLoader.loadClass: The class loader returned by Thread.getContextClassLoader() may fail for processes that host multiple applications. You should explicitly specify a context class loader. For example: Thread.setContextClassLoader(getClass().getClassLoader());
06-28 01:45:49.141  1743  1818 I mediacenter-jni native.cpp: JNI_OnLoad
06-28 01:45:49.149  1743  1801 I DeviceMountThread: DeviceMountThread->endTime:1561675549149
06-28 01:45:49.161  1644  1644 I Receiver_LPF: writeInfoIntoFile->info:0
06-28 01:45:49.164  1160  1162 E sdcard  : opendir /mnt/media_rw/e14e8b4a-c6c3-4546-b069-dfbdf64d0b66/lost+found failed: Permission denied
06-28 01:45:49.170  1743  1822 I FileScanThread: FileScanThread start time:1561675549169
06-28 01:45:49.185   476   513 W BroadcastQueue: Unable to launch app com.android.rockchip/1000 for broadcast Intent { act=android.net.conn.CONNECTIVITY_CHANGE flg=0x4000010 (has extras) }: process is bad
06-28 01:45:49.263   476   695 I InputReader: 1--1-----KeyCode=21, scanCode=105
06-28 01:45:49.264   476   695 I InputReader: 1--22-----KeyCode=21, scanCode=105
06-28 01:45:49.264   476   695 I InputReader: KeyCode=21, scanCode=105
06-28 01:45:49.265   476   695 D WindowManager: interceptKeyTq keycode=21 interactive=true keyguardActive=false policyFlags=22000000
06-28 01:45:49.265   476   694 D WindowManager: interceptKeyTi keyCode=21 down=true repeatCount=0 keyguardOn=false mHomePressed=false canceled=false
06-28 01:45:49.348  1743  1818 I FileScanThread: mTmpFileInfos->size:0
06-28 01:45:49.349  1743  1818 I FileScanThread: FileScanThread end time:1561675549349
06-28 01:45:49.349  1743  1818 I FileScanThread: FileScanThread total time:0s
06-28 01:45:49.416  1803  1828 I termux-task: [1826] starting: [/data/data/com.termux/files/usr/bin/sh, /data/data/com.termux/files/home/.termux/boot/30-httpd.sh]
06-28 01:45:49.441   476   830 D NotificationSQLiteLog: Pruned event entries: 2
06-28 01:45:49.450   476   695 I InputReader: 1--1-----KeyCode=21, scanCode=105
06-28 01:45:49.450   476   695 D WindowManager: interceptKeyTq keycode=21 interactive=true keyguardActive=false policyFlags=22000000
06-28 01:45:49.451   476   694 D WindowManager: interceptKeyTi keyCode=21 down=false repeatCount=0 keyguardOn=false mHomePressed=false canceled=false
06-28 01:45:49.635  1829  1829 I lighttpd: 2019-06-28 01:45:49: (/home/builder/.termux-build/lighttpd/src/src/server.c.1521) server started (lighttpd/1.4.54) 
06-28 01:45:49.713   476   825 D ConnectivityService: handlePromptUnvalidated 100
06-28 01:45:49.791  1743  1743 I JettyServletContainer: Registering UPnP servlet under context path: /upnp
06-28 01:45:49.817  1743  1743 I DatagramIO: Creating bound socket (for datagram input/output) on: 192.168.1.200/192.168.1.200
06-28 01:45:49.839  1743  1743 I StreamClient: Starting Jetty HttpClient...
06-28 01:45:49.859  1743  1831 I JettyServletContainer: Starting Jetty server... 
06-28 01:45:49.860  1743  1831 I Server  : jetty-8.y.z-SNAPSHOT
06-28 01:45:49.898  1743  1743 I UpnpServiceImpl: <<< UPnP service started successfully
06-28 01:45:49.927  1743  1743 I Router  : Connectivity change detected...
06-28 01:45:49.927  1743  1743 I Router  : EXTRA_NO_CONNECTIVITY: false
06-28 01:45:49.927  1743  1743 I Router  : EXTRA_REASON: null
06-28 01:45:49.927  1743  1743 I Router  : EXTRA_IS_FAILOVER: false
06-28 01:45:49.927  1743  1743 I Router  : EXTRA_NETWORK_INFO: [type: Ethernet[], state: CONNECTED/CONNECTED, reason: (unspecified), extra: b2:db:08:28:f0:d0, failover: false, available: true, roaming: false, metered: false]
06-28 01:45:49.927  1743  1743 I Router  : EXTRA_OTHER_NETWORK_INFO: none
06-28 01:45:49.927  1743  1743 I Router  : EXTRA_EXTRA_INFO: b2:db:08:28:f0:d0
06-28 01:45:49.942  1743  1743 I Router  : No actual network change... ignoring event!
06-28 01:45:49.947  1743  1743 I NetWorkChangeReceiver: onReceive->intent->action:android.net.conn.CONNECTIVITY_CHANGE
06-28 01:45:49.948  1743  1743 W ContextImpl: Calling a method in the system process without a qualified user: android.app.ContextImpl.startService:1357 android.content.ContextWrapper.startService:613 android.content.ContextWrapper.startService:613 com.rockchips.mediacenter.service.NetWorkChangeReceiver.onReceive:27 android.app.ActivityThread.handleReceiver:3041 
06-28 01:45:50.006   476   695 I InputReader: 1--1-----KeyCode=20, scanCode=108
06-28 01:45:50.007   476   695 I InputReader: 1--22-----KeyCode=20, scanCode=108
06-28 01:45:50.007   476   695 I InputReader: KeyCode=20, scanCode=108
06-28 01:45:50.007   476   695 D WindowManager: interceptKeyTq keycode=20 interactive=true keyguardActive=false policyFlags=22000000
06-28 01:45:50.007   476   694 D WindowManager: interceptKeyTi keyCode=20 down=true repeatCount=0 keyguardOn=false mHomePressed=false canceled=false
06-28 01:45:50.020  1743  1802 I NetWorCheckThread: NetWorkCheckThread->isConnected:true
06-28 01:45:50.025  1743  1802 I NetWorCheckThread: NetWorkCheckThread->smbStr:
06-28 01:45:50.026  1743  1802 I NetWorCheckThread: NetWorkCheckThread->smbInfos:null
06-28 01:45:50.140  1775  1775 D SystemDeviceService: [isHostInterfaceChanged] bindAddresses/addrs is null. 
06-28 01:45:50.193   476   695 I InputReader: 1--1-----KeyCode=20, scanCode=108
06-28 01:45:50.194   476   695 D WindowManager: interceptKeyTq keycode=20 interactive=true keyguardActive=false policyFlags=22000000
06-28 01:45:50.195   476   694 D WindowManager: interceptKeyTi keyCode=20 down=false repeatCount=0 keyguardOn=false mHomePressed=false canceled=false
06-28 01:45:50.392  1172  1180 I art     : Do partial code cache collection, code=115KB, data=124KB
06-28 01:45:50.396  1172  1180 I art     : After code cache collection, code=115KB, data=124KB
06-28 01:45:50.396  1172  1180 I art     : Increasing code cache capacity to 512KB
06-28 01:45:50.436   476   695 I InputReader: 1--1-----KeyCode=20, scanCode=108
06-28 01:45:50.436   476   695 I InputReader: 1--22-----KeyCode=20, scanCode=108
06-28 01:45:50.436   476   695 I InputReader: KeyCode=20, scanCode=108
06-28 01:45:50.463   476   695 D WindowManager: interceptKeyTq keycode=20 interactive=true keyguardActive=false policyFlags=22000000
06-28 01:45:50.463   476   694 D WindowManager: interceptKeyTi keyCode=20 down=true repeatCount=0 keyguardOn=false mHomePressed=false canceled=false
06-28 01:45:50.575  1775  1775 W art     : Verification of java.lang.String com.rockchip.mediacenter.core.upnp.Device.getAbsoluteURL(java.lang.String) took 141.037ms
06-28 01:45:50.621  1172  1180 I art     : Compiler allocated 7MB to compile int bvoz.e(java.lang.Object)
06-28 01:45:50.623   476   695 I InputReader: 1--1-----KeyCode=20, scanCode=108
06-28 01:45:50.623   476   695 D WindowManager: interceptKeyTq keycode=20 interactive=true keyguardActive=false policyFlags=22000000
06-28 01:45:50.624   476   694 D WindowManager: interceptKeyTi keyCode=20 down=false repeatCount=0 keyguardOn=false mHomePressed=false canceled=false
06-28 01:45:50.763  1428  1520 W ChimeraUtils: Non Chimera context
06-28 01:45:50.780  1775  1775 W art     : Verification of boolean com.rockchip.mediacenter.core.upnp.Device.postSearchResponse(com.rockchip.mediacenter.core.upnp.ssdp.a, java.lang.String, java.lang.String) took 200.990ms
06-28 01:45:50.813   476   695 I InputReader: 1--1-----KeyCode=22, scanCode=106
06-28 01:45:50.814   476   695 I InputReader: 1--22-----KeyCode=22, scanCode=106
06-28 01:45:50.814   476   695 I InputReader: KeyCode=22, scanCode=106
06-28 01:45:50.814   476   695 D WindowManager: interceptKeyTq keycode=22 interactive=true keyguardActive=false policyFlags=22000000
06-28 01:45:50.814   476   694 D WindowManager: interceptKeyTi keyCode=22 down=true repeatCount=0 keyguardOn=false mHomePressed=false canceled=false
06-28 01:45:50.903   476   695 I InputReader: 1--1-----KeyCode=22, scanCode=106
06-28 01:45:50.903   476   695 D WindowManager: interceptKeyTq keycode=22 interactive=true keyguardActive=false policyFlags=22000000
06-28 01:45:50.904   476   694 D WindowManager: interceptKeyTi keyCode=22 down=false repeatCount=0 keyguardOn=false mHomePressed=false canceled=false
06-28 01:45:50.968  1743  1755 W art     : Suspending all threads took: 47.528ms
06-28 01:45:51.001  1743  1833 W art     : Verification of void org.eclipse.jetty.io.nio.SelectChannelEndPoint.handle() took 121.793ms
06-28 01:45:51.048  1743  1831 I AbstractConnector: Started SocketConnector@192.168.1.200:46484
06-28 01:45:51.077  1775  1775 W art     : Verification of boolean com.rockchip.mediacenter.core.util.MonitorFileUtil.copyWithChunk(java.io.InputStream, long, java.io.File, com.rockchip.mediacenter.core.util.MonitorFileUtil$Listener, boolean, boolean) took 110.185ms
06-28 01:45:51.077  1172  1172 W ChimeraUtils: Non Chimera context
06-28 01:45:51.100  1428  1520 I Auth    : [WorkAccount] update authenticator enabled for boot or update
06-28 01:45:51.117  1428  1616 W DriveInitializer: Awaiting to be initialized
06-28 01:45:51.150  1428  1439 W art     : Suspending all threads took: 20.676ms
06-28 01:45:51.155  1172  1172 W ChimeraUtils: Non Chimera context
06-28 01:45:51.204  1172  1172 W ChimeraUtils: Non Chimera context
06-28 01:45:51.226  1172  1172 E GmsRequestQueue: Tried to stop global GMSCore RequestQueue. This is likely unintended, so ignoring.
06-28 01:45:51.277  1172  1868 W WakefulBroadcastReceiv.: No active wake lock id #1
06-28 01:45:51.461  1428  1846 I SystemUpdate: [Installation,ReceiverIntentOperation] Received intent: Intent { act=android.intent.action.TIME_SET flg=0x24000010 cmp=com.google.android.gms/.chimera.GmsIntentOperationService$PersistentTrustedReceiver }.
06-28 01:45:51.464  1172  1391 I Auth    : [WorkAccountServiceImpl] init work authenticator
06-28 01:45:51.521  1428  1896 I Auth    : [FRP,FrpUpdateIntentOperation] Frp is not supported for this device / user
06-28 01:45:51.521  1428  1494 W ChimeraUtils: Non Chimera context
06-28 01:45:51.524  1428  1494 W ChimeraUtils: Non Chimera context
06-28 01:45:51.570  1428  1846 W ChimeraUtils: Non Chimera context
06-28 01:45:51.571  1428  1846 W ChimeraUtils: Non Chimera context
06-28 01:45:51.590  1428  1888 I PinnedContentDownloader: Finished downloading pinned content.
06-28 01:45:51.600  1428  1891 I IcingInternalCorpora: Received calendar change notification.
06-28 01:45:51.654   476   695 I InputReader: 1--1-----KeyCode=20, scanCode=108
06-28 01:45:51.654   476   695 I InputReader: 1--22-----KeyCode=20, scanCode=108
06-28 01:45:51.654   476   695 I InputReader: KeyCode=20, scanCode=108
06-28 01:45:51.655   476   695 D WindowManager: interceptKeyTq keycode=20 interactive=true keyguardActive=false policyFlags=22000000
06-28 01:45:51.655   476   694 D WindowManager: interceptKeyTi keyCode=20 down=true repeatCount=0 keyguardOn=false mHomePressed=false canceled=false
06-28 01:45:51.669  1775  1790 W art     : Suspending all threads took: 109.399ms
06-28 01:45:51.682  1428  1616 W System  : ClassLoader referenced unknown path: 
06-28 01:45:51.695  1428  1616 W System  : ClassLoader referenced unknown path: /system/priv-app/GoogleServicesFramework/lib/arm64
06-28 01:45:51.779  1428  1898 I Auth    : [SupervisedAccountIntentOperation] onHandleIntent(): android.intent.action.BOOT_COMPLETED
06-28 01:45:51.816  1428  1521 I SystemUpdate: [Execution,InstallationEventIntentOperation] Handling event of type 6.
06-28 01:45:51.840   476   695 I InputReader: 1--1-----KeyCode=20, scanCode=108
06-28 01:45:51.843   476   695 D WindowManager: interceptKeyTq keycode=20 interactive=true keyguardActive=false policyFlags=22000000
06-28 01:45:51.843   476   694 D WindowManager: interceptKeyTi keyCode=20 down=false repeatCount=0 keyguardOn=false mHomePressed=false canceled=false
06-28 01:45:51.870  1428  1878 I ContentMaintenance: Internal cache bytes used: 0; limit: 100000000; download size: 0
06-28 01:45:51.921  1172  1908 I Auth    : [AccountStateSyncher] performSync(account=<ELLIDED:43248440>)
06-28 01:45:51.938  1428  1616 D ApplicationLoaders: ignored Vulkan layer search path /system/priv-app/GoogleServicesFramework/lib/arm64:/system/priv-app/GoogleServicesFramework/GoogleServicesFramework.apk!/lib/arm64-v8a:/system/lib64:/vendor/lib64 for namespace 0x7b247540f0
06-28 01:45:51.938  1428  1898 I Auth    : [SupervisedAccountIntentOperation] This operation is disabled
06-28 01:45:52.007  1172  1172 E BluetoothAdapter: Bluetooth binder is null
06-28 01:45:52.029   476   695 I InputReader: 1--1-----KeyCode=20, scanCode=108
06-28 01:45:52.030   476   695 I InputReader: 1--22-----KeyCode=20, scanCode=108
06-28 01:45:52.030   476   695 I InputReader: KeyCode=20, scanCode=108
06-28 01:45:52.030   476   695 D WindowManager: interceptKeyTq keycode=20 interactive=true keyguardActive=false policyFlags=22000000
06-28 01:45:52.030   476   694 D WindowManager: interceptKeyTi keyCode=20 down=true repeatCount=0 keyguardOn=false mHomePressed=false canceled=false
06-28 01:45:52.056  1428  1903 I SystemUpdate: [Execution,InstallationIntentOperation] Received intent: Intent { act=com.google.android.gms.update.INSTALL_UPDATE cat=[targeted_intent_op_prefix:.update.execution.InstallationIntentOperation] cmp=com.google.android.gms/.chimera.GmsIntentOperationService }.
06-28 01:45:52.069  1428  1912 W ChimeraUtils: Non Chimera context
06-28 01:45:52.093  1743  1863 W art     : Verification of void org.fourthline.cling.binding.staging.MutableUDAVersion.<init>() took 125.133ms
06-28 01:45:52.117  1428  1903 I SystemUpdate: [Execution,ExecutionManager] Action finished-execution executed for 0.00 seconds.
06-28 01:45:52.120   476   695 I InputReader: 1--1-----KeyCode=20, scanCode=108
06-28 01:45:52.121   476   695 D WindowManager: interceptKeyTq keycode=20 interactive=true keyguardActive=false policyFlags=22000000
06-28 01:45:52.122   476   694 D WindowManager: interceptKeyTi keyCode=20 down=false repeatCount=0 keyguardOn=false mHomePressed=false canceled=false
06-28 01:45:52.216  1428  1893 W art     : Long monitor contention with owner [efx] processing qmh for action android.intent.action.TIME_SET (1846) at void com.google.android.gms.update.control.ReceiverIntentOperation.onHandleIntent(android.content.Intent)(:com.google.android.gms@17785019@17.7.85 (040400-253824076):5) waiters=0 in void efy.run() for 692ms
06-28 01:45:52.217  1428  1893 I SystemUpdate: [Installation,ReceiverIntentOperation] Received intent: Intent { act=com.google.android.gms.update.BASE_MODULE_INIT cat=[targeted_intent_op_prefix:.update.control.ReceiverIntentOperation] cmp=com.google.android.gms/.chimera.GmsIntentOperationService }.
06-28 01:45:52.232  1428  1846 W ChimeraUtils: Non Chimera context
06-28 01:45:52.249  1743  1844 W art     : Verification of org.fourthline.cling.model.meta.Service org.fourthline.cling.binding.staging.MutableService.build(org.fourthline.cling.model.meta.Device) took 119.386ms
06-28 01:45:52.262  1428  1912 E GmsRequestQueue: Tried to stop global GMSCore RequestQueue. This is likely unintended, so ignoring.
06-28 01:45:52.275  1743  1833 W art     : Long monitor contention with owner cling-26 (1855) at boolean org.eclipse.jetty.io.nio.SelectChannelEndPoint.undispatch()(SelectChannelEndPoint.java:241) waiters=0 in void org.eclipse.jetty.io.nio.SelectChannelEndPoint.doUpdateKey() for 156ms
06-28 01:45:52.305  1428  1912 I Authzen : [AuthZenEventHandler] Handling event: android.intent.action.BOOT_COMPLETED
06-28 01:45:52.308  1428  1912 I Authzen : [SyncManager] Sync requested for event 0, account <ELLIDED:37972742>, and components 3, with reason 1
06-28 01:45:52.308  1428  1912 I Authzen : [SyncManager] Triggering AuthZen registration check...
06-28 01:45:52.312  1428  1441 W art     : Long monitor contention with owner SyncAdapterThread-1 (1616) at int android.content.res.AssetManager.getStringBlockCount!()(AssetManager.java:-2) waiters=0 in com.google.android.chimera.ContentProvider eew.b() for 113ms
06-28 01:45:52.348  1428  1846 I AutofillModuleInitInten: AutofillModuleInitIntentOperation onInitRuntimeState(2) [CONTEXT service_id=177 ]
06-28 01:45:52.349  1428  1439 I art     : Background partial concurrent mark sweep GC freed 18608(1817KB) AllocSpace objects, 30(600KB) LOS objects, 40% free, 5MB/9MB, paused 6.984ms total 137.101ms
06-28 01:45:52.444  1428  1846 V Backup  : [SettingsModuleInit] onInitRuntimeState
06-28 01:45:52.453  1428  1846 V Backup  : [NoBackupNotification] Disabled, not scheduling
06-28 01:45:52.499  1743  1844 W art     : Verification of void org.fourthline.cling.model.types.ServiceId.<init>(java.lang.String, java.lang.String) took 142.764ms
06-28 01:45:52.499  1428  1846 V Backup  : [BackupAccountChangedIO] Ignoring received intent, action = android.intent.action.BOOT_COMPLETED
06-28 01:45:52.506  1428  1846 I Backup  : [TargetEnabler] Setting target components to enabled = false
06-28 01:45:52.527  1428  1521 V Backup  : [MigrateUtil] Clearing migrate temp dir: /data/user/0/com.google.android.gms/files/migrate_dir
06-28 01:45:52.530  1428  1846 I Backup  : [SourceEnabler] Setting source components to enabled = true
06-28 01:45:52.531  1428  1912 I Authzen : [irm] Opening database auth.proximity.permit_store...
06-28 01:45:52.535  1428  1846 V Backup  : [MigrateUtil] Using pre-O select transport api
06-28 01:45:52.576  1428  1521 D Backup  : [MigrateCleaner] D2D transport was not selected, not selecting cloud transport.
06-28 01:45:52.583  1428  1521 D CAR.SETUP: onInitRuntimeState: Intent { act=android.intent.action.BOOT_COMPLETED flg=0x9000010 cmp=com.google.android.gms/.chimera.GmsIntentOperationService (has extras) }
06-28 01:45:52.624  1428  1893 I SystemUpdate: [Execution,InstallationEventIntentOperation] Handling event of type 1.
06-28 01:45:52.633  1428  1433 I art     : Compiler allocated 4MB to compile void egc.run()
06-28 01:45:52.636  1428  1901 I SystemUpdate: [Execution,InstallationIntentOperation] Received intent: Intent { act=com.google.android.gms.update.INSTALL_UPDATE cat=[targeted_intent_op_prefix:.update.execution.InstallationIntentOperation] cmp=com.google.android.gms/.chimera.GmsIntentOperationService }.
06-28 01:45:52.650  1428  1901 I SystemUpdate: [Execution,ExecutionManager] Action finished-execution executed for 0.01 seconds.
06-28 01:45:52.675  1428  1846 V Backup  : [GmsBackupScheduler] Scheduled task to run in 1440 minutes, while idle: true, require charging: true, require wifi: true
06-28 01:45:52.681  1428  1878 I RealtimeCacheCleanup: Beginning Realtime garbage collection.
06-28 01:45:52.693  1743  1844 W art     : Verification of org.fourthline.cling.model.types.ServiceId org.fourthline.cling.model.types.ServiceId.valueOf(java.lang.String) took 194.204ms
06-28 01:45:52.734  1428  1521 I CAR.SETUP: update Car DrivingMode components to false
06-28 01:45:52.738  1172  1190 W art     : Suspending all threads took: 11.832ms
06-28 01:45:52.745  1428  1846 V Backup  : [GmsBackupSchedulerLog] Logging to Clearcut eventCode: 30, event: # muj@222b0411
06-28 01:45:52.756  1172  1190 I art     : Background sticky concurrent mark sweep GC freed 19655(2MB) AllocSpace objects, 5(128KB) LOS objects, 28% free, 6MB/9MB, paused 13.526ms total 49.705ms
06-28 01:45:52.760  1428  1878 I RealtimeCacheCleanup: Finished Realtime garbage collection.
06-28 01:45:52.763  1428  1846 V Backup  : [MmsBackupScheduler] Disabled, not scheduling.
06-28 01:45:52.765  1428  1846 V Backup  : [MmsBackupSchedulerLog] Logging is disabled.
06-28 01:45:52.782  1743  1840 W iceDescriptorBinderImpl: Regular parsing failed: Can't parse device type string (namespace/type/version): urn:dial-multiscreen-org:service:dial:1
06-28 01:45:52.823  1428  1521 I ChromeSync: [Sync,SyncIntentOperation] Handling the intent: Intent { act=android.intent.action.BOOT_COMPLETED flg=0x9000010 cmp=com.google.android.gms/.chimera.GmsIntentOperationService (has extras) }.
06-28 01:45:52.833  1428  1888 I Icing   : Storage manager: low false usage 1.70MB avail 3.87GB capacity 4.79GB
06-28 01:45:52.860  1428  1433 I art     : Do full code cache collection, code=100KB, data=123KB
06-28 01:45:52.861  1428  1433 I art     : Starting a blocking GC JitCodeCache
06-28 01:45:52.862  1428  1433 I art     : After code cache collection, code=92KB, data=87KB
06-28 01:45:52.903  1743  1844 W art     : Verification of void org.fourthline.cling.model.meta.Service.<clinit>() took 123.779ms
06-28 01:45:52.907  1428  1428 I Checkin : [CheckinChimeraService] onStartCommand
06-28 01:45:52.917  1428  1901 I constellation: [intent_handler] Received onBootCompleted intent
06-28 01:45:52.945  1428  1930 I CheckinCompat: Disabling old GoogleServicesFramework version
06-28 01:45:52.964  1428  1441 W art     : Long monitor contention with owner SyncAdapterThread-1 (1616) at void java.lang.Object.wait!(long, int)(Object.java:-2) waiters=0 in java.lang.Object beat.c() for 594ms
06-28 01:45:52.990  1428  1864 D lvjinhua:  Failed while trying resolve alarm filter file, not exists
06-28 01:45:52.992  1428  1864 I CryptauthV2: [EnrollKeyName] ClientName calling Cryptauth is AuthzenAccountRegistration
06-28 01:45:52.996  1743  1840 W iceDescriptorBinderImpl: Removing leading garbage didn't work: Can't parse device type string (namespace/type/version): urn:dial-multiscreen-org:service:dial:1
06-28 01:45:53.046  1428  1439 W art     : Suspending all threads took: 5.876ms
06-28 01:45:53.058  1428  1439 I art     : Background partial concurrent mark sweep GC freed 15243(1204KB) AllocSpace objects, 10(200KB) LOS objects, 40% free, 6MB/10MB, paused 8.801ms total 121.215ms
06-28 01:45:53.072  1428  1901 I constellation: [reboot_checker] Reboot checker check status.
06-28 01:45:53.155  1428  1428 D lvjinhua:  Failed while trying resolve alarm filter file, not exists
06-28 01:45:53.161  1428  1428 I Checkin : [CheckinChimeraService] runCheckinOnNewThread
06-28 01:45:53.161  1428  1428 I Checkin : [CheckinChimeraService] Check queued to run. Is task waiting: false
06-28 01:45:53.194  1428  1428 I Checkin : [CheckinChimeraService] Run checkin on new thread return:1
06-28 01:45:53.200  1428  1887 I CheckinChimeraService: Starting Checkin Task: CheckinNowTaskTag Reason : 1 Force : false UserId: 0
06-28 01:45:53.202  1743  1840 W trieveRemoteDescriptors: Could not hydrate device or its services from descriptor: (RemoteDevice) Identity: (RemoteDeviceIdentity) UDN: uuid:b3ba70e0-c7c4-4f76-abd6-aedd12d4df47, Descriptor: http://192.168.1.10:1554/, Root: true
06-28 01:45:53.202  1743  1840 W trieveRemoteDescriptors: Cause was: org.fourthline.cling.model.types.InvalidValueException: Can't parse device type string (namespace/type/version): urn:dial-multiscreen-org:service:dial:1
06-28 01:45:53.243   476   509 I ActivityManager: Start proc 1942:com.google.android.gms.unstable/u0a8 for service com.google.android.gms/.droidguard.DroidGuardService
06-28 01:45:53.262  1428  1846 I Fido    : [FidoInitIntentOperation] Initializing Fido module, InitRuntimeState=2
06-28 01:45:53.275  1428  1520 I Ads     : Parental control value is stale. Refreshing.
06-28 01:45:53.302   476   508 I ActivityManager: Start proc 1958:com.android.vending/u0a14 for service com.android.vending/com.google.android.finsky.contentfilterui.ContentFiltersService
06-28 01:45:53.307  1428  1520 I Ads     : Initialized AdMob in container 17.7.85 (040400-253824076)
06-28 01:45:53.307  1428  1901 I constellation: [reboot_checker] Reboot Sync didn't run.
06-28 01:45:53.308  1428  1901 I constellation: [intent_handler] on init with intent Intent { act=android.intent.action.BOOT_COMPLETED flg=0x9000010 cmp=com.google.android.gms/.chimera.GmsIntentOperationService (has extras) }
06-28 01:45:53.434  1172  1391 E LockboxBrokerService: Could not query UDC's getDeviceDataUploadOptInStatus; 15 null
06-28 01:45:53.455  1428  1864 W art     : Before Android 4.1, method double java.util.concurrent.ThreadLocalRandom.internalNextDouble(double, double) would have incorrectly overridden the package-private method in java.util.Random
06-28 01:45:53.455  1428  1864 W art     : Before Android 4.1, method int java.util.concurrent.ThreadLocalRandom.internalNextInt(int, int) would have incorrectly overridden the package-private method in java.util.Random
06-28 01:45:53.455  1428  1864 W art     : Before Android 4.1, method long java.util.concurrent.ThreadLocalRandom.internalNextLong(long, long) would have incorrectly overridden the package-private method in java.util.Random
06-28 01:45:53.484  1428  1964 W art     : Long monitor contention with owner lowpool[0] (1878) at boolean android.app.ActivityThread.releaseProvider(android.content.IContentProvider, boolean)(ActivityThread.java:5599) waiters=5 in android.content.IContentProvider android.app.ActivityThread.acquireExistingProvider(android.content.Context, java.lang.String, int, boolean) for 158ms
06-28 01:45:53.513  1428  1888 W art     : Long monitor contention with owner [efx] processing qmh for action com.google.android.gms.common.download.START (1521) at android.content.IContentProvider android.app.ActivityThread.acquireExistingProvider(android.content.Context, java.lang.String, int, boolean)(ActivityThread.java:5565) waiters=5 in boolean android.app.ActivityThread.releaseProvider(android.content.IContentProvider, boolean) for 165ms
06-28 01:45:53.542  1775  1790 W art     : Suspending all threads took: 8.782ms
06-28 01:45:53.589  1428  1901 W art     : Long monitor contention with owner lowpool[5] (1938) at android.content.IContentProvider android.app.ActivityThread.acquireExistingProvider(android.content.Context, java.lang.String, int, boolean)(ActivityThread.java:5565) waiters=3 in android.content.IContentProvider android.app.ActivityThread.acquireExistingProvider(android.content.Context, java.lang.String, int, boolean) for 166ms
06-28 01:45:53.590  1428  1893 W art     : Long monitor contention with owner lowpool[5] (1938) at android.content.IContentProvider android.app.ActivityThread.acquireExistingProvider(android.content.Context, java.lang.String, int, boolean)(ActivityThread.java:5565) waiters=4 in android.content.IContentProvider android.app.ActivityThread.acquireExistingProvider(android.content.Context, java.lang.String, int, boolean) for 168ms
06-28 01:45:53.591  1428  1887 W art     : Long monitor contention with owner lowpool[5] (1938) at android.content.IContentProvider android.app.ActivityThread.acquireExistingProvider(android.content.Context, java.lang.String, int, boolean)(ActivityThread.java:5565) waiters=5 in boolean android.app.ActivityThread.releaseProvider(android.content.IContentProvider, boolean) for 165ms
06-28 01:45:53.618  1428  1888 W art     : Long monitor contention with owner lowpool[5] (1938) at android.content.IContentProvider android.app.ActivityThread.acquireExistingProvider(android.content.Context, java.lang.String, int, boolean)(ActivityThread.java:5565) waiters=7 in boolean android.app.ActivityThread.releaseProvider(android.content.IContentProvider, boolean) for 104ms
06-28 01:45:53.624  1172  1409 I GeofencerStateMachine: removeGeofences: removeRequest=RemoveGeofencingRequest[REMOVE_BY_PENDING_INTENT pendingIntent=PendingIntent[creatorPackage=com.google.android.gms], packageName=com.google.android.gms]
06-28 01:45:53.660  1428  1893 W ChimeraUtils: Non Chimera context
06-28 01:45:53.710  1428  1901 I Icing   : Using TV flags by method 2
06-28 01:45:53.734  1942  1942 W DynamiteModule: Local module descriptor class for providerinstaller not found.
06-28 01:45:53.752  1172  1497 W art     : Long monitor contention with owner main (1172) at boolean android.os.BinderProxy.transactNative(int, android.os.Parcel, android.os.Parcel, int)(Binder.java:-2) waiters=0 in fga evt.C() for 410ms
06-28 01:45:53.765  1942  1942 W ProviderHelper: Unknown dynamite feature providerinstaller
06-28 01:45:53.775  1942  1942 I DynamiteModule: Considering local module providerinstaller:0 and remote module providerinstaller:0
06-28 01:45:53.775  1942  1942 W ProviderInstaller: Failed to load providerinstaller module: No acceptable module found. Local version is 0 and remote version is 0.
06-28 01:45:53.807  1428  1901 I MobileDataHub: Scheduling periodic tasks
06-28 01:45:53.815  1942  1942 V NativeCrypto: Registering com/google/android/gms/org/conscrypt/NativeCrypto's 284 native methods...
06-28 01:45:53.888  1942  1942 D NetworkSecurityConfig: Using Network Security Config from resource network_security_config debugBuild: false
06-28 01:45:53.894  1942  1942 I ProviderInstaller: Installed default security provider GmsCore_OpenSSL
06-28 01:45:53.898  1172  1496 W art     : Long monitor contention with owner main (1172) at boolean android.os.BinderProxy.transactNative(int, android.os.Parcel, android.os.Parcel, int)(Binder.java:-2) waiters=1 in fga evt.C() for 510ms
06-28 01:45:53.906  1172  1190 W art     : Suspending all threads took: 47.760ms
06-28 01:45:53.913  1743  1845 W art     : Verification of org.fourthline.cling.binding.xml.Descriptor$Service$ELEMENT org.fourthline.cling.binding.xml.Descriptor$Service$ELEMENT.valueOrNullOf(java.lang.String) took 350.463ms
06-28 01:45:53.929  1172  1190 I art     : Background sticky concurrent mark sweep GC freed 19932(1569KB) AllocSpace objects, 5(100KB) LOS objects, 20% free, 7MB/9MB, paused 50.064ms total 197.868ms
06-28 01:45:53.956  1743  1755 W art     : Suspending all threads took: 14.427ms
06-28 01:45:54.004  1942  1942 W Primes  : Primes not initialized, returning default (no-op) Primes instance which will ignore all calls. Please call Primes.initialize(...) before using any Primes API.
06-28 01:45:54.090  1743  1863 W art     : Verification of int[] org.fourthline.cling.binding.xml.UDA10ServiceDescriptorBinderSAXImpl$ActionArgumentHandler.-getorg-fourthline-cling-binding-xml-Descriptor$Service$ELEMENTSwitchesValues() took 159.152ms
06-28 01:45:54.172  1172  1180 I art     : Compiler allocated 8MB to compile void bvoz.a(java.lang.Object, bvpl, bvmn)
06-28 01:45:54.331   476   695 I InputReader: 1--1-----KeyCode=20, scanCode=108
06-28 01:45:54.331   476   695 I InputReader: 1--22-----KeyCode=20, scanCode=108
06-28 01:45:54.332   476   695 I InputReader: KeyCode=20, scanCode=108
06-28 01:45:54.342  1743  1854 W iceDescriptorBinderImpl: Regular parsing failed: Can't parse device type string (namespace/type/version): urn:dial-multiscreen-org:service:dial:1
06-28 01:45:54.348  1428  1439 I art     : Background partial concurrent mark sweep GC freed 17252(1372KB) AllocSpace objects, 28(560KB) LOS objects, 39% free, 6MB/11MB, paused 2.234ms total 384.206ms
