06-27 20:12:50.623  1406  1462 I DeviceMountThread: DeviceMountThread->deviceType:-11
06-27 20:12:50.623  1406  1462 I DeviceMountThread: DeviceMountThread->mountPath:/storage/e14e8b4a-c6c3-4546-b069-dfbdf64d0b66
06-27 20:12:50.623  1406  1462 I DeviceMountThread: DeviceMountThread->mountState:1
06-27 20:12:50.623  1406  1462 I DeviceMountThread: DeviceMountThread->isFromNetWork:false
06-27 20:12:50.623  1406  1462 I DeviceMountThread: DeviceMountThread->netWorkPath:
06-27 20:12:50.623  1406  1462 I DeviceMountThread: DeviceMountThread->deviceName:e14e8b4a-c6c3-4546-b069-dfbdf64d0b66
06-27 20:12:50.627  1406  1463 I NetWorCheckThread: NetWorkCheckThread->isConnected:true
06-27 20:12:50.644  1406  1462 I DeviceMountThread: DeviceMountThread->devices:[]
06-27 20:12:50.648  1406  1463 I NetWorCheckThread: NetWorkCheckThread->smbStr:
06-27 20:12:50.648  1406  1463 I NetWorCheckThread: NetWorkCheckThread->smbInfos:null
06-27 20:12:50.672  1406  1462 I DeviceMountThread: DeviceMountThread->endTime:1561655570672
06-27 20:12:50.672  1406  1462 I DeviceMountThread: DeviceMountThread->startTime:1561655570672
06-27 20:12:50.673  1406  1462 I DeviceMountThread: DeviceMountThread->deviceType:-13
06-27 20:12:50.673  1406  1462 I DeviceMountThread: DeviceMountThread->mountPath:/storage/emulated/0
06-27 20:12:50.673  1406  1462 I DeviceMountThread: DeviceMountThread->mountState:1
06-27 20:12:50.673  1406  1462 I DeviceMountThread: DeviceMountThread->isFromNetWork:false
06-27 20:12:50.673  1406  1462 I DeviceMountThread: DeviceMountThread->netWorkPath:
06-27 20:12:50.673  1406  1462 I DeviceMountThread: DeviceMountThread->deviceName:0
06-27 20:12:50.674  1406  1462 I DeviceMountThread: DeviceMountThread->devices:[]
06-27 20:12:50.681  1429  1429 E SQLiteLog: (5) statement aborts at 2: [PRAGMA journal_mode=PERSIST] 
06-27 20:12:50.682  1429  1429 W SQLiteConnection: Could not change the database journal mode of '/data/user/0/com.rockchips.mediacenter/files/com.rockchips.mediacenter/mediacenter.db' from 'wal' to 'PERSIST' because the database is locked.  This usually means that there are other open connections to the database which prevents the database from enabling or disabling write-ahead logging mode.  Proceeding without changing the journal mode.
06-27 20:12:50.696  1406  1466 I FileScanThread: FileScanThread start time:1561655570696
06-27 20:12:50.701  1406  1462 I DeviceMountThread: DeviceMountThread->endTime:1561655570701
06-27 20:12:50.711  1406  1466 I mediacenter-jni native.cpp: JNI_OnLoad
06-27 20:12:50.718  1406  1467 I FileScanThread: FileScanThread start time:1561655570718
06-27 20:12:50.735   865   866 E sdcard  : opendir /mnt/media_rw/e14e8b4a-c6c3-4546-b069-dfbdf64d0b66/lost+found failed: Permission denied
06-27 20:12:50.805  1387  1387 W DynamiteModule: Local module descriptor class for providerinstaller not found.
06-27 20:12:50.811  1406  1466 I FileScanThread: mTmpFileInfos->size:0
06-27 20:12:50.812  1406  1466 I FileScanThread: FileScanThread end time:1561655570812
06-27 20:12:50.812  1406  1466 I FileScanThread: FileScanThread total time:0s
06-27 20:12:50.834  1429  1429 W ActivityThread: ClassLoader.loadClass: The class loader returned by Thread.getContextClassLoader() may fail for processes that host multiple applications. You should explicitly specify a context class loader. For example: Thread.setContextClassLoader(getClass().getClassLoader());
06-27 20:12:50.880  1387  1387 W ProviderHelper: Unknown dynamite feature providerinstaller
06-27 20:12:50.895  1151  1162 W art     : Suspending all threads took: 86.163ms
06-27 20:12:50.961  1387  1387 I DynamiteModule: Considering local module providerinstaller:0 and remote module providerinstaller:0
06-27 20:12:50.962  1387  1387 W ProviderInstaller: Failed to load providerinstaller module: No acceptable module found. Local version is 0 and remote version is 0.
06-27 20:12:51.043  1387  1387 V NativeCrypto: Registering com/google/android/gms/org/conscrypt/NativeCrypto's 284 native methods...
06-27 20:12:51.184  1406  1418 W art     : Suspending all threads took: 20.137ms
06-27 20:12:51.280  1387  1387 D NetworkSecurityConfig: Using Network Security Config from resource network_security_config debugBuild: false
06-27 20:12:51.348  1387  1387 I ProviderInstaller: Installed default security provider GmsCore_OpenSSL
06-27 20:12:51.548  1406  1406 I JettyServletContainer: Registering UPnP servlet under context path: /upnp
06-27 20:12:51.564  1406  1406 I DatagramIO: Creating bound socket (for datagram input/output) on: 192.168.1.200/192.168.1.200
06-27 20:12:51.566  1406  1406 I StreamClient: Starting Jetty HttpClient...
06-27 20:12:51.584  1406  1479 I JettyServletContainer: Starting Jetty server... 
06-27 20:12:51.590  1406  1479 I Server  : jetty-8.y.z-SNAPSHOT
06-27 20:12:51.667  1406  1406 I UpnpServiceImpl: <<< UPnP service started successfully
06-27 20:12:51.684  1387  1387 W Primes  : Primes not initialized, returning default (no-op) Primes instance which will ignore all calls. Please call Primes.initialize(...) before using any Primes API.
06-27 20:12:51.715  1406  1406 I Router  : Connectivity change detected...
06-27 20:12:51.715  1406  1406 I Router  : EXTRA_NO_CONNECTIVITY: false
06-27 20:12:51.715  1406  1406 I Router  : EXTRA_REASON: null
06-27 20:12:51.715  1406  1406 I Router  : EXTRA_IS_FAILOVER: false
06-27 20:12:51.715  1406  1406 I Router  : EXTRA_NETWORK_INFO: [type: Ethernet[], state: CONNECTED/CONNECTED, reason: (unspecified), extra: b2:db:08:28:f0:d0, failover: false, available: true, roaming: false, metered: false]
06-27 20:12:51.715  1406  1406 I Router  : EXTRA_OTHER_NETWORK_INFO: none
06-27 20:12:51.715  1406  1406 I Router  : EXTRA_EXTRA_INFO: b2:db:08:28:f0:d0
06-27 20:12:51.716  1406  1406 I Router  : No actual network change... ignoring event!
06-27 20:12:51.717  1406  1406 I NetWorkChangeReceiver: onReceive->intent->action:android.net.conn.CONNECTIVITY_CHANGE
06-27 20:12:51.717  1406  1406 W ContextImpl: Calling a method in the system process without a qualified user: android.app.ContextImpl.startService:1357 android.content.ContextWrapper.startService:613 android.content.ContextWrapper.startService:613 com.rockchips.mediacenter.service.NetWorkChangeReceiver.onReceive:27 android.app.ActivityThread.handleReceiver:3041 
06-27 20:12:51.729  1406  1463 I NetWorCheckThread: NetWorkCheckThread->isConnected:true
06-27 20:12:51.730  1406  1463 I NetWorCheckThread: NetWorkCheckThread->smbStr:
06-27 20:12:51.730  1406  1463 I NetWorCheckThread: NetWorkCheckThread->smbInfos:null
06-27 20:12:51.753   405   448 W BroadcastQueue: Unable to launch app net.dinglisch.android.taskerm/10055 for broadcast Intent { act=android.intent.action.TIME_SET flg=0x24000010 }: process is bad
06-27 20:12:51.821  1406  1479 I AbstractConnector: Started SocketConnector@192.168.1.200:44558
06-27 20:12:51.883   892  1183 I aohg    : Scheduling Phenotype for a PhenotypeSyncImmediately(8, com.google.android.gms) one off with window [1, 2] in seconds [CONTEXT service_id=51 ]
06-27 20:12:51.935  1429  1429 D SystemDeviceService: [isHostInterfaceChanged] bindAddresses/addrs is null. 
06-27 20:12:51.970  1406  1418 W art     : Suspending all threads took: 14.121ms
06-27 20:12:52.308   892  1132 I GeofencerStateMachine: removeGeofences: removeRequest=RemoveGeofencingRequest[REMOVE_BY_PENDING_INTENT pendingIntent=PendingIntent[creatorPackage=com.google.android.gms], packageName=com.google.android.gms]
06-27 20:12:52.371  1406  1488 W iceDescriptorBinderImpl: Regular parsing failed: Can't parse device type string (namespace/type/version): urn:dial-multiscreen-org:service:dial:1
06-27 20:12:52.426   892  1220 W ctxmgr  : [TimeFilter.Builder]startTimeMillis must be >= 0.  Clamping to 0.
06-27 20:12:52.445   892  1241 E ctxmgr  : [FencePendingIntentCache]Expected to find a PendingIntent for pendingIntentKey=00478e91-a7ea-455e-a075-bc223363c00d [CONTEXT service_id=47 ]
06-27 20:12:52.445   892  1241 I ctxmgr  : [FencePendingIntentCache]com.google.android.gms not whitelisted [CONTEXT service_id=47 ]
06-27 20:12:52.503  1406  1488 W iceDescriptorBinderImpl: Removing leading garbage didn't work: Can't parse device type string (namespace/type/version): urn:dial-multiscreen-org:service:dial:1
06-27 20:12:52.520  1151  1217 W art     : Verification of java.lang.String sgc.a(android.app.AutomaticZenRule) took 289.273ms
06-27 20:12:52.526  1151  1217 W ChimeraUtils: Non Chimera context
06-27 20:12:52.530  1151  1392 W art     : Verification of void umw.a(android.database.sqlite.SQLiteDatabase, int) took 341.460ms
06-27 20:12:52.543   892  1142 W GCoreFlp: No location to return for getLastLocation()
06-27 20:12:52.570   892  1142 W GCoreFlp: No location to return for getLastLocation()
06-27 20:12:52.588   892  1218 W awmy    : Empty context buffer. Thus might mean that the context is not synced down.
06-27 20:12:52.589   892  1218 W awhk    : Empty context model while retrieving upload opt-in status!
06-27 20:12:52.615   892  1132 I GeofencerStateMachine: removeGeofences: removeRequest=RemoveGeofencingRequest[REMOVE_BY_PENDING_INTENT pendingIntent=PendingIntent[creatorPackage=com.google.android.gms], packageName=com.google.android.gms]
06-27 20:12:52.631   892  1218 W awmy    : Empty context buffer. Thus might mean that the context is not synced down.
06-27 20:12:52.632   892  1218 W awhk    : Empty context model while retrieving upload opt-in status!
06-27 20:12:52.667  1406  1488 W trieveRemoteDescriptors: Could not hydrate device or its services from descriptor: (RemoteDevice) Identity: (RemoteDeviceIdentity) UDN: uuid:b3ba70e0-c7c4-4f76-abd6-aedd12d4df47, Descriptor: http://192.168.1.10:1962/, Root: true
06-27 20:12:52.667  1406  1488 W trieveRemoteDescriptors: Cause was: org.fourthline.cling.model.types.InvalidValueException: Can't parse device type string (namespace/type/version): urn:dial-multiscreen-org:service:dial:1
06-27 20:12:52.783  1406  1418 W art     : Suspending all threads took: 46.303ms
06-27 20:12:52.805   892   892 W ChimeraUtils: Non Chimera context
06-27 20:12:52.808  1406  1490 W iceDescriptorBinderImpl: Regular parsing failed: Can't parse device type string (namespace/type/version): urn:dial-multiscreen-org:service:dial:1
06-27 20:12:52.879   892   892 W ChimeraUtils: Non Chimera context
06-27 20:12:52.889  1151  1235 I IcingInternalCorpora: Received calendar change notification.
06-27 20:12:52.894  1151  1217 I Auth    : [WorkAccount] update authenticator enabled for boot or update
06-27 20:12:52.911  1151  1509 I SystemUpdate: [Installation,ReceiverIntentOperation] Received intent: Intent { act=android.intent.action.TIME_SET flg=0x24000010 cmp=com.google.android.gms/.chimera.GmsIntentOperationService$PersistentTrustedReceiver }.
06-27 20:12:52.912   892   892 W ChimeraUtils: Non Chimera context
06-27 20:12:52.938   892   892 E GmsRequestQueue: Tried to stop global GMSCore RequestQueue. This is likely unintended, so ignoring.
06-27 20:12:52.955  1406  1490 W iceDescriptorBinderImpl: Removing leading garbage didn't work: Can't parse device type string (namespace/type/version): urn:dial-multiscreen-org:service:dial:1
06-27 20:12:52.975  1406  1490 W trieveRemoteDescriptors: Could not hydrate device or its services from descriptor: (RemoteDevice) Identity: (RemoteDeviceIdentity) UDN: uuid:b3ba70e0-c7c4-4f76-abd6-aedd12d4df47, Descriptor: http://192.168.1.10:1962/, Root: true
06-27 20:12:52.975  1406  1490 W trieveRemoteDescriptors: Cause was: org.fourthline.cling.model.types.InvalidValueException: Can't parse device type string (namespace/type/version): urn:dial-multiscreen-org:service:dial:1
06-27 20:12:52.985   892  1513 W WakefulBroadcastReceiv.: No active wake lock id #1
06-27 20:12:53.008  1151  1392 W art     : Verification of void umw.a(android.database.sqlite.SQLiteDatabase, int, int, boolean) took 478.752ms
06-27 20:12:53.183  1151  1392 W art     : Verification of void umw.c(android.database.sqlite.SQLiteDatabase) took 173.837ms
06-27 20:12:53.303  1151  1215 W ChimeraUtils: Non Chimera context
06-27 20:12:53.303  1151  1520 I Auth    : [FRP,FrpUpdateIntentOperation] Frp is not supported for this device / user
06-27 20:12:53.322  1151  1509 W art     : Verification of void awsd.a(int) took 410.036ms
06-27 20:12:53.351  1151  1162 I art     : Background sticky concurrent mark sweep GC freed 10545(1178KB) AllocSpace objects, 11(220KB) LOS objects, 3% free, 5MB/5MB, paused 8.114ms total 696.602ms
06-27 20:12:53.355   892  1539 I Auth    : [WorkAccountServiceImpl] init work authenticator
06-27 20:12:53.368  1151  1509 W ChimeraUtils: Non Chimera context
06-27 20:12:53.369  1151  1509 W ChimeraUtils: Non Chimera context
06-27 20:12:53.472  1151  1517 I SystemUpdate: [Execution,InstallationEventIntentOperation] Handling event of type 6.
06-27 20:12:53.526  1151  1235 I SystemUpdate: [Execution,InstallationIntentOperation] Received intent: Intent { act=com.google.android.gms.update.INSTALL_UPDATE cat=[targeted_intent_op_prefix:.update.execution.InstallationIntentOperation] cmp=com.google.android.gms/.chimera.GmsIntentOperationService }.
06-27 20:12:53.539  1151  1235 I SystemUpdate: [Execution,ExecutionManager] Action finished-execution executed for 0.00 seconds.
06-27 20:12:53.637   892  1183 W awmy    : Empty context buffer. Thus might mean that the context is not synced down.
06-27 20:12:53.638   892  1183 W awhk    : Empty context model while retrieving upload opt-in status!
06-27 20:12:53.649  1151  1217 I Auth    : [SupervisedAccountIntentOperation] onHandleIntent(): android.intent.action.BOOT_COMPLETED
06-27 20:12:53.656  1151  1515 W art     : Long monitor contention with owner [efx] processing qmh for action android.intent.action.TIME_SET (1509) at void com.google.android.gms.update.control.ReceiverIntentOperation.onHandleIntent(android.content.Intent)(:com.google.android.gms@17785019@17.7.85 (040400-253824076):5) waiters=0 in void efy.run() for 384ms
06-27 20:12:53.658  1151  1217 I Auth    : [SupervisedAccountIntentOperation] This operation is disabled
06-27 20:12:53.658  1151  1515 I SystemUpdate: [Installation,ReceiverIntentOperation] Received intent: Intent { act=com.google.android.gms.update.BASE_MODULE_INIT cat=[targeted_intent_op_prefix:.update.control.ReceiverIntentOperation] cmp=com.google.android.gms/.chimera.GmsIntentOperationService }.
06-27 20:12:53.690   892   892 E BluetoothAdapter: Bluetooth binder is null
06-27 20:12:53.716  1151  1509 I SystemUpdate: [Execution,InstallationEventIntentOperation] Handling event of type 1.
06-27 20:12:53.722  1151  1516 I SystemUpdate: [Execution,InstallationIntentOperation] Received intent: Intent { act=com.google.android.gms.update.INSTALL_UPDATE cat=[targeted_intent_op_prefix:.update.execution.InstallationIntentOperation] cmp=com.google.android.gms/.chimera.GmsIntentOperationService }.
06-27 20:12:53.732  1151  1516 I SystemUpdate: [Execution,ExecutionManager] Action finished-execution executed for 0.00 seconds.
06-27 20:12:53.735  1151  1554 W ChimeraUtils: Non Chimera context
06-27 20:12:53.755  1151  1217 W ChimeraUtils: Non Chimera context
06-27 20:12:53.780  1151  1217 I AutofillModuleInitInten: AutofillModuleInitIntentOperation onInitRuntimeState(2) [CONTEXT service_id=177 ]
06-27 20:12:53.793   892  1218 W awmy    : Empty context buffer. Thus might mean that the context is not synced down.
06-27 20:12:53.795   892  1218 W awhk    : Empty context model while retrieving upload opt-in status!
06-27 20:12:53.807   892  1556 I Auth    : [AccountStateSyncher] performSync(account=<ELLIDED:43248440>)
06-27 20:12:53.811  1406  1488 W iceDescriptorBinderImpl: Regular parsing failed: Can't parse device type string (namespace/type/version): urn:dial-multiscreen-org:service:dial:1
06-27 20:12:53.874   892  1183 W awmy    : Empty context buffer. Thus might mean that the context is not synced down.
06-27 20:12:53.876   892  1183 W awhk    : Empty context model while retrieving upload opt-in status!
06-27 20:12:53.883  1406  1488 W iceDescriptorBinderImpl: Removing leading garbage didn't work: Can't parse device type string (namespace/type/version): urn:dial-multiscreen-org:service:dial:1
06-27 20:12:53.883  1406  1488 W trieveRemoteDescriptors: Could not hydrate device or its services from descriptor: (RemoteDevice) Identity: (RemoteDeviceIdentity) UDN: uuid:b3ba70e0-c7c4-4f76-abd6-aedd12d4df47, Descriptor: http://192.168.1.10:1962/, Root: true
06-27 20:12:53.883  1406  1488 W trieveRemoteDescriptors: Cause was: org.fourthline.cling.model.types.InvalidValueException: Can't parse device type string (namespace/type/version): urn:dial-multiscreen-org:service:dial:1
06-27 20:12:53.922  1151  1554 E GmsRequestQueue: Tried to stop global GMSCore RequestQueue. This is likely unintended, so ignoring.
06-27 20:12:53.935  1151  1554 I Authzen : [AuthZenEventHandler] Handling event: android.intent.action.BOOT_COMPLETED
06-27 20:12:53.939  1151  1554 I Authzen : [SyncManager] Sync requested for event 0, account <ELLIDED:37972742>, and components 3, with reason 1
06-27 20:12:53.939  1151  1554 I Authzen : [SyncManager] Triggering AuthZen registration check...
06-27 20:12:53.962  1151  1554 I Authzen : [irm] Opening database auth.proximity.permit_store...
06-27 20:12:53.962  1151  1235 V Backup  : [SettingsModuleInit] onInitRuntimeState
06-27 20:12:53.977  1151  1235 V Backup  : [NoBackupNotification] Disabled, not scheduling
06-27 20:12:54.012  1151  1235 V Backup  : [BackupAccountChangedIO] Ignoring received intent, action = android.intent.action.BOOT_COMPLETED
06-27 20:12:54.014  1151  1235 I Backup  : [TargetEnabler] Setting target components to enabled = false
06-27 20:12:54.023  1151  1235 I Backup  : [SourceEnabler] Setting source components to enabled = true
06-27 20:12:54.025  1151  1235 V Backup  : [MigrateUtil] Using pre-O select transport api
06-27 20:12:54.039  1151  1217 V Backup  : [MigrateUtil] Clearing migrate temp dir: /data/user/0/com.google.android.gms/files/migrate_dir
06-27 20:12:54.051  1151  1217 D Backup  : [MigrateCleaner] D2D transport was not selected, not selecting cloud transport.
06-27 20:12:54.054  1151  1217 D CAR.SETUP: onInitRuntimeState: Intent { act=android.intent.action.BOOT_COMPLETED flg=0x9000010 cmp=com.google.android.gms/.chimera.GmsIntentOperationService (has extras) }
06-27 20:12:54.082  1151  1164 W System  : ClassLoader referenced unknown path: 
06-27 20:12:54.087  1151  1164 W System  : ClassLoader referenced unknown path: /system/priv-app/GoogleServicesFramework/lib/arm64
06-27 20:12:54.097   892  1240 W art     : Long monitor contention with owner [efx] processing qmh for action com.google.android.gms.auth.proximity.UPDATE_FEATURE_SUPPORT (1559) at java.util.Map beah.a()(:com.google.android.gms@17785019@17.7.85 (040400-253824076):16) waiters=0 in java.lang.Object beat.c() for 191ms
06-27 20:12:54.115  1151  1217 I CAR.SETUP: update Car DrivingMode components to false
06-27 20:12:54.120  1151  1162 I art     : Background partial concurrent mark sweep GC freed 20989(1912KB) AllocSpace objects, 20(400KB) LOS objects, 39% free, 6MB/10MB, paused 7.599ms total 189.592ms
06-27 20:12:54.129  1151  1164 D ApplicationLoaders: ignored Vulkan layer search path /system/priv-app/GoogleServicesFramework/lib/arm64:/system/priv-app/GoogleServicesFramework/GoogleServicesFramework.apk!/lib/arm64-v8a:/system/lib64:/vendor/lib64 for namespace 0x7df933b0f0
06-27 20:12:54.130  1151  1550 I Icing   : Storage manager: low false usage 1.70MB avail 3.28GB capacity 4.79GB
06-27 20:12:54.135  1429  1442 W art     : Suspending all threads took: 222.897ms
06-27 20:12:54.156   892  1183 W awmy    : Empty context buffer. Thus might mean that the context is not synced down.
06-27 20:12:54.156   892  1183 W awhk    : Empty context model while retrieving upload opt-in status!
06-27 20:12:54.167  1151  1235 V Backup  : [GmsBackupScheduler] Scheduled task to run in 1440 minutes, while idle: true, require charging: true, require wifi: true
06-27 20:12:54.231  1151  1475 D lvjinhua:  Failed while trying resolve alarm filter file, not exists
06-27 20:12:54.233  1151  1475 I CryptauthV2: [EnrollKeyName] ClientName calling Cryptauth is AuthzenAccountRegistration
06-27 20:12:54.244   892  1183 W awmy    : Empty context buffer. Thus might mean that the context is not synced down.
06-27 20:12:54.244   892  1183 W awhk    : Empty context model while retrieving upload opt-in status!
06-27 20:12:54.301   892  1218 W awmy    : Empty context buffer. Thus might mean that the context is not synced down.
06-27 20:12:54.301   892  1218 W awhk    : Empty context model while retrieving upload opt-in status!
06-27 20:12:54.308  1151  1517 W art     : Long monitor contention with owner SyncAdapterThread-1 (1392) at android.content.IContentProvider android.app.ActivityThread.acquireExistingProvider(android.content.Context, java.lang.String, int, boolean)(ActivityThread.java:5565) waiters=0 in boolean android.app.ActivityThread.releaseProvider(android.content.IContentProvider, boolean) for 114ms
06-27 20:12:54.319  1151  1235 V Backup  : [GmsBackupSchedulerLog] Logging to Clearcut eventCode: 30, event: # muj@222b0411
06-27 20:12:54.329  1151  1235 V Backup  : [MmsBackupScheduler] Disabled, not scheduling.
06-27 20:12:54.330  1151  1235 V Backup  : [MmsBackupSchedulerLog] Logging is disabled.
06-27 20:12:54.330  1151  1235 I ChromeSync: [Sync,SyncIntentOperation] Handling the intent: Intent { act=android.intent.action.BOOT_COMPLETED flg=0x9000010 cmp=com.google.android.gms/.chimera.GmsIntentOperationService (has extras) }.
06-27 20:12:54.384  1406  1532 W iceDescriptorBinderImpl: Regular parsing failed: Can't parse device type string (namespace/type/version): urn:dial-multiscreen-org:service:dial:1
06-27 20:12:54.461   892   906 W art     : Suspending all threads took: 6.117ms
06-27 20:12:54.462  1151  1217 I constellation: [intent_handler] Received onBootCompleted intent
06-27 20:12:54.477  1151  1151 I Checkin : [CheckinChimeraService] onStartCommand
06-27 20:12:54.486   892   906 I art     : Background partial concurrent mark sweep GC freed 36159(2MB) AllocSpace objects, 5(100KB) LOS objects, 39% free, 6MB/11MB, paused 9.181ms total 99.588ms
06-27 20:12:54.512  1151  1586 I CheckinCompat: Disabling old GoogleServicesFramework version
06-27 20:12:54.517  1151  1475 W art     : Before Android 4.1, method double java.util.concurrent.ThreadLocalRandom.internalNextDouble(double, double) would have incorrectly overridden the package-private method in java.util.Random
06-27 20:12:54.517  1151  1475 W art     : Before Android 4.1, method int java.util.concurrent.ThreadLocalRandom.internalNextInt(int, int) would have incorrectly overridden the package-private method in java.util.Random
06-27 20:12:54.517  1151  1475 W art     : Before Android 4.1, method long java.util.concurrent.ThreadLocalRandom.internalNextLong(long, long) would have incorrectly overridden the package-private method in java.util.Random
06-27 20:12:54.547   892  1183 W awmy    : Empty context buffer. Thus might mean that the context is not synced down.
06-27 20:12:54.547   892  1183 W awhk    : Empty context model while retrieving upload opt-in status!
06-27 20:12:54.585   405   415 I art     : Background partial concurrent mark sweep GC freed 16639(1043KB) AllocSpace objects, 26(2MB) LOS objects, 33% free, 7MB/11MB, paused 1.859ms total 115.618ms
06-27 20:12:54.601  1151  1217 I constellation: [reboot_checker] Reboot checker check status.
06-27 20:12:54.660  1185  1198 I art     : Waiting for a blocking GC DisableMovingGc
06-27 20:12:54.661  1185  1196 I art     : HomogeneousSpaceCompact marksweep + semispace GC freed 9580(541KB) AllocSpace objects, 0(0B) LOS objects, 40% free, 2MB/4MB, paused 711.720ms total 711.720ms
06-27 20:12:54.662  1185  1198 I art     : Starting a blocking GC DisableMovingGc
06-27 20:12:54.672  1406  1479 W art     : Long monitor contention with owner cling-26 (1529) at boolean org.fourthline.cling.registry.RegistryImpl.update(org.fourthline.cling.model.meta.RemoteDeviceIdentity)(RegistryImpl.java:-1) waiters=3 in boolean org.fourthline.cling.registry.RegistryImpl.update(org.fourthline.cling.model.meta.RemoteDeviceIdentity) for 242ms
06-27 20:12:54.673  1406  1530 W art     : Long monitor contention with owner cling-26 (1529) at boolean org.fourthline.cling.registry.RegistryImpl.update(org.fourthline.cling.model.meta.RemoteDeviceIdentity)(RegistryImpl.java:-1) waiters=2 in boolean org.fourthline.cling.registry.RegistryImpl.update(org.fourthline.cling.model.meta.RemoteDeviceIdentity) for 274ms
06-27 20:12:54.674  1406  1495 W art     : Long monitor contention with owner cling-26 (1529) at boolean org.fourthline.cling.registry.RegistryImpl.update(org.fourthline.cling.model.meta.RemoteDeviceIdentity)(RegistryImpl.java:-1) waiters=4 in boolean org.fourthline.cling.registry.RegistryImpl.update(org.fourthline.cling.model.meta.RemoteDeviceIdentity) for 244ms
06-27 20:12:54.675  1406  1535 W art     : Long monitor contention with owner cling-26 (1529) at boolean org.fourthline.cling.registry.RegistryImpl.update(org.fourthline.cling.model.meta.RemoteDeviceIdentity)(RegistryImpl.java:-1) waiters=1 in boolean org.fourthline.cling.registry.RegistryImpl.update(org.fourthline.cling.model.meta.RemoteDeviceIdentity) for 208ms
06-27 20:12:54.684  1387  1400 W art     : Suspending all threads took: 124.429ms
06-27 20:12:54.715  1151  1151 D lvjinhua:  Failed while trying resolve alarm filter file, not exists
06-27 20:12:54.721  1151  1517 I Ads     : Parental control value is stale. Refreshing.
06-27 20:12:54.730  1151  1151 I Checkin : [CheckinChimeraService] runCheckinOnNewThread
06-27 20:12:54.730  1151  1151 I Checkin : [CheckinChimeraService] Check queued to run. Is task waiting: false
06-27 20:12:54.743   405   448 I ActivityManager: Start proc 1600:com.android.vending/u0a14 for service com.android.vending/com.google.android.finsky.contentfilterui.ContentFiltersService
06-27 20:12:54.746  1151  1517 I Ads     : Initialized AdMob in container 17.7.85 (040400-253824076)
06-27 20:12:54.747  1151  1517 I Fido    : [FidoInitIntentOperation] Initializing Fido module, InitRuntimeState=2
06-27 20:12:54.747  1406  1502 W art     : Long monitor contention with owner cling-26 (1529) at boolean org.fourthline.cling.registry.RegistryImpl.update(org.fourthline.cling.model.meta.RemoteDeviceIdentity)(RegistryImpl.java:-1) waiters=7 in boolean org.fourthline.cling.registry.RegistryImpl.update(org.fourthline.cling.model.meta.RemoteDeviceIdentity) for 231ms
06-27 20:12:54.782   405   982 I ActivityManager: Start proc 1605:com.google.android.gms.unstable/u0a8 for service com.google.android.gms/.droidguard.DroidGuardService
06-27 20:12:54.798  1151  1151 I Checkin : [CheckinChimeraService] Run checkin on new thread return:1
06-27 20:12:54.799  1151  1458 I CheckinChimeraService: Starting Checkin Task: CheckinNowTaskTag Reason : 1 Force : false UserId: 0
06-27 20:12:54.867  1151  1550 W art     : Long monitor contention with owner [efu] idle (1517) at beah beah.a(android.content.ContentResolver, android.net.Uri)(:com.google.android.gms@17785019@17.7.85 (040400-253824076):1) waiters=1 in beah beah.a(android.content.ContentResolver, android.net.Uri) for 105ms
06-27 20:12:54.971  1151  1235 W ChimeraUtils: Non Chimera context
06-27 20:12:55.060  1151  1217 I constellation: [reboot_checker] Reboot Sync didn't run.
06-27 20:12:55.060  1151  1217 I constellation: [intent_handler] on init with intent Intent { act=android.intent.action.BOOT_COMPLETED flg=0x9000010 cmp=com.google.android.gms/.chimera.GmsIntentOperationService (has extras) }
06-27 20:12:55.071  1151  1509 I Icing   : Using TV flags by method 2
06-27 20:12:55.140  1406  1532 W iceDescriptorBinderImpl: Removing leading garbage didn't work: Can't parse device type string (namespace/type/version): urn:dial-multiscreen-org:service:dial:1
06-27 20:12:55.141  1406  1532 W trieveRemoteDescriptors: Could not hydrate device or its services from descriptor: (RemoteDevice) Identity: (RemoteDeviceIdentity) UDN: uuid:b3ba70e0-c7c4-4f76-abd6-aedd12d4df47, Descriptor: http://192.168.1.10:1962/, Root: true
06-27 20:12:55.141  1406  1532 W trieveRemoteDescriptors: Cause was: org.fourthline.cling.model.types.InvalidValueException: Can't parse device type string (namespace/type/version): urn:dial-multiscreen-org:service:dial:1
06-27 20:12:55.160  1605  1605 W DynamiteModule: Local module descriptor class for providerinstaller not found.
06-27 20:12:55.177  1605  1605 W ProviderHelper: Unknown dynamite feature providerinstaller
06-27 20:12:55.186  1605  1605 I DynamiteModule: Considering local module providerinstaller:0 and remote module providerinstaller:0
06-27 20:12:55.186  1605  1605 W ProviderInstaller: Failed to load providerinstaller module: No acceptable module found. Local version is 0 and remote version is 0.
06-27 20:12:55.199  1605  1605 V NativeCrypto: Registering com/google/android/gms/org/conscrypt/NativeCrypto's 284 native methods...
06-27 20:12:55.231   405   446 D ConnectivityService: listenForNetwork for uid/pid:10008/1151 NetworkRequest [ LISTEN id=4, [ Capabilities: INTERNET&NOT_RESTRICTED&TRUSTED&NOT_VPN] ]
06-27 20:12:55.233   405   529 D ConnectivityService: rematching NetworkAgentInfo [Ethernet () - 100]
06-27 20:12:55.233   405   529 D ConnectivityService:  network has: [ Transports: ETHERNET Capabilities: INTERNET&NOT_RESTRICTED&TRUSTED&NOT_VPN&VALIDATED&FOREGROUND LinkUpBandwidth>=100000Kbps LinkDnBandwidth>=100000Kbps]
06-27 20:12:55.233   405   529 D ConnectivityService: Network NetworkAgentInfo [Ethernet () - 100] was already satisfying request 1. No change.
06-27 20:12:55.233   405   529 D ConnectivityService: sending notification AVAILABLE for NetworkRequest [ LISTEN id=4, [ Capabilities: INTERNET&NOT_RESTRICTED&TRUSTED&NOT_VPN] ]
06-27 20:12:55.243  1429  1442 W art     : Suspending all threads took: 108.614ms
06-27 20:12:55.248  1605  1605 D NetworkSecurityConfig: Using Network Security Config from resource network_security_config debugBuild: false
06-27 20:12:55.252  1605  1605 I ProviderInstaller: Installed default security provider GmsCore_OpenSSL
06-27 20:12:55.320  1151  1509 I MobileDataHub: Scheduling periodic tasks
06-27 20:12:55.340  1605  1605 W Primes  : Primes not initialized, returning default (no-op) Primes instance which will ignore all calls. Please call Primes.initialize(...) before using any Primes API.
06-27 20:12:55.365  1151  1550 W native  : model-utils.cc:23 No CRC32, most likely an old model; skip CRC32 check
06-27 20:12:55.385  1151  1516 I MagicTether: [HostValidator] InvalidHost. MobileData: false, Tethering: true, whitelist: false, ble: false
06-27 20:12:55.450  1151  1550 I native  : model-api.cc:46 Registered model under key tmp-segmentation-model
06-27 20:12:55.558   892   892 W ChimeraUtils: Non Chimera context
06-27 20:12:55.645  1406  1418 W art     : Suspending all threads took: 133.163ms
06-27 20:12:55.647   892  1142 W GCoreFlp: No location to return for getLastLocation()
06-27 20:12:55.650  1151  1550 I native  : permission-checker.cc:74 Creating PermissionChecker based on ACL with config_version 1 having 5 permissions defined.
06-27 20:12:55.750  1406  1536 W iceDescriptorBinderImpl: Regular parsing failed: Can't parse device type string (namespace/type/version): urn:dial-multiscreen-org:service:dial:1
06-27 20:12:55.755  1151  1392 W DriveInitializer: Awaiting to be initialized
06-27 20:12:55.763  1151  1550 W native  : words-map.cc:29 generic::invalid_argument: Empty URI
06-27 20:12:55.763  1151  1550 W native  : words-map.cc:33 WordsMap was not properly initialized
06-27 20:12:55.861  1406  1536 W iceDescriptorBinderImpl: Removing leading garbage didn't work: Can't parse device type string (namespace/type/version): urn:dial-multiscreen-org:service:dial:1
06-27 20:12:55.924  1406  1536 W trieveRemoteDescriptors: Could not hydrate device or its services from descriptor: (RemoteDevice) Identity: (RemoteDeviceIdentity) UDN: uuid:b3ba70e0-c7c4-4f76-abd6-aedd12d4df47, Descriptor: http://192.168.1.10:1962/, Root: true
06-27 20:12:55.929  1406  1536 W trieveRemoteDescriptors: Cause was: org.fourthline.cling.model.types.InvalidValueException: Can't parse device type string (namespace/type/version): urn:dial-multiscreen-org:service:dial:1
06-27 20:12:56.104  1151  1632 I ChromeSync: [Sync,SyncAdapter] Successfully synced in 708 milliseconds with request: qwu{account=<hide PII>, eventType=101, waitForInitialization=false, zipitVersionInfo=null}.
06-27 20:12:56.199  1406  1505 W iceDescriptorBinderImpl: Regular parsing failed: Can't parse device type string (namespace/type/version): urn:dial-multiscreen-org:service:dial:1
06-27 20:12:56.317  1406  1505 W iceDescriptorBinderImpl: Removing leading garbage didn't work: Can't parse device type string (namespace/type/version): urn:dial-multiscreen-org:service:dial:1
06-27 20:12:56.318  1406  1505 W trieveRemoteDescriptors: Could not hydrate device or its services from descriptor: (RemoteDevice) Identity: (RemoteDeviceIdentity) UDN: uuid:b3ba70e0-c7c4-4f76-abd6-aedd12d4df47, Descriptor: http://192.168.1.10:1962/, Root: true
06-27 20:12:56.339  1151  1509 I MobileDataPlan: Periodic service false update false CPID management false [CONTEXT service_id=158 ]
06-27 20:12:56.348  1406  1505 W trieveRemoteDescriptors: Cause was: org.fourthline.cling.model.types.InvalidValueException: Can't parse device type string (namespace/type/version): urn:dial-multiscreen-org:service:dial:1
06-27 20:12:56.360  1151  1509 W ChimeraUtils: Non Chimera context
06-27 20:12:56.363  1151  1509 I MobileDataPlan: Periodic service will not be started. [CONTEXT service_id=158 ]
06-27 20:12:56.373  1151  1509 I MobileDataPlan: Periodic Gcore Registration will not be started. [CONTEXT service_id=158 ]
06-27 20:12:56.380  1151  1509 I MobileDataPlan: Module is initialized with flag 10. [CONTEXT service_id=158 ]
06-27 20:12:56.520  1406  1505 W iceDescriptorBinderImpl: Regular parsing failed: Can't parse device type string (namespace/type/version): urn:dial-multiscreen-org:service:dial:1
06-27 20:12:56.572   892   907 E LockboxBrokerService: Could not connect to UDC
06-27 20:12:56.576  1387  1400 W art     : Suspending all threads took: 82.026ms
06-27 20:12:56.590  1406  1418 W art     : Suspending all threads took: 8.009ms
06-27 20:12:56.819  1151  1475 W art     : Long monitor contention with owner SharedPreferencesImpl-load (1661) at boolean java.io.UnixFileSystem.checkAccess0(java.io.File, int)(UnixFileSystem.java:-2) waiters=0 in java.lang.String android.app.SharedPreferencesImpl.getString(java.lang.String, java.lang.String) for 866ms
06-27 20:12:56.823  1151  1458 I EventLogChimeraService: Accumulating logs since 1561654072501
06-27 20:12:56.843  1151  1545 I IcingInternalCorpora: EventIndexer: starting incremental update
06-27 20:12:56.845  1151  1545 I IcingInternalCorpora: EventIndexer: 0 added, 0 removed, 0 changed, 0 unchanged, 0 errors.
06-27 20:12:56.884  1151  1663 I FA-SVC  : App measurement is starting up, version: 17785
06-27 20:12:56.994  1406  1418 W art     : Suspending all threads took: 5.399ms
06-27 20:12:57.030   405   446 W ActivityManager: Unable to start service Intent { act=com.google.android.gms.nearby.discovery:ACTION_INIT_MESSAGES_PATH cmp=com.google.android.gms/.nearby.discovery.service.DiscoveryService } U=0: not found
06-27 20:12:57.084  1151  1545 I IcingInternalCorpora: EventIndexer: finished after 241 ms.
06-27 20:12:57.105  1151  1475 E BluetoothAdapter: Bluetooth binder is null
06-27 20:12:57.118  1151  1475 E BluetoothAdapter: Bluetooth binder is null
06-27 20:12:57.144  1429  1442 W art     : Suspending all threads took: 12.436ms
06-27 20:12:57.329  1429  1429 D Device  : Say byebye on 192.168.1.200
06-27 20:12:57.347  1151  1162 W art     : Suspending all threads took: 27.638ms
06-27 20:12:57.381   405   529 D ConnectivityService: handlePromptUnvalidated 100
06-27 20:12:57.418  1151  1162 I art     : Background partial concurrent mark sweep GC freed 23396(1917KB) AllocSpace objects, 32(640KB) LOS objects, 40% free, 7MB/13MB, paused 33.702ms total 283.703ms
06-27 20:12:57.479  1151  1517 W MDM     : [119] agur.c: Device admin action is a no-op. Action: true
06-27 20:12:57.504  1151  1235 I PeopleInitIntentOp: Not initializing debuggability
06-27 20:12:57.601   892   910 E LockboxBrokerService: Could not connect to UDC
06-27 20:12:57.633  1151  1509 V SmartDevice: [service,SmartDeviceIntentHandlers] OnUpgradeOrBootOperation got intent: Intent { act=android.intent.action.BOOT_COMPLETED flg=0x9000010 cmp=com.google.android.gms/.chimera.GmsIntentOperationService (has extras) } with flag 2
06-27 20:12:57.634  1151  1509 W ChimeraUtils: Non Chimera context
06-27 20:12:57.658   892   892 I Fido    : [CableAuthenticatorChimeraService] Registering broadcast receiver.
06-27 20:12:57.687  1151  1458 I CheckinRequestProcessor: Gmscore running on device, checkin will use Gmscore context
06-27 20:12:57.732  1600  1687 I Finsky  : [28] nzt.a(41): Started reading experiment flags from file [SKocQA9EQQFTb-1gQsc5WsjVhGA].
06-27 20:12:57.751  1406  1505 W iceDescriptorBinderImpl: Removing leading garbage didn't work: Can't parse device type string (namespace/type/version): urn:dial-multiscreen-org:service:dial:1
06-27 20:12:57.751  1600  1687 I Finsky  : [28] nzt.a(42): Finished reading experiment flags from file [SKocQA9EQQFTb-1gQsc5WsjVhGA].
06-27 20:12:57.751  1406  1505 W trieveRemoteDescriptors: Could not hydrate device or its services from descriptor: (RemoteDevice) Identity: (RemoteDeviceIdentity) UDN: uuid:b3ba70e0-c7c4-4f76-abd6-aedd12d4df47, Descriptor: http://192.168.1.10:1962/, Root: true
06-27 20:12:57.751  1406  1505 W trieveRemoteDescriptors: Cause was: org.fourthline.cling.model.types.InvalidValueException: Can't parse device type string (namespace/type/version): urn:dial-multiscreen-org:service:dial:1
06-27 20:12:57.768   892   892 I ChimeraSrvcProxy: com.google.android.gms.chimera.PersistentBoundBrokerService returning NullBinder for action com.google.android.gms.ipa.mediastoreindexer.PERSISTENT_START
06-27 20:12:57.776  1151  1554 I Authzen : [SyncManager] avoiding sync because the last sync was too recent
06-27 20:12:57.776  1151  1554 I Authzen : [TransactionCache] Clearing transaction cache
06-27 20:12:57.790  1151  1235 I TelephonySpam: TelephonySpamInit - On boot completed TelephonySpam module initialized
06-27 20:12:57.790  1151  1235 I TelephonySpam: TelephonySpamInit - onModuleUpdated TelephonySpam module initialized
06-27 20:12:57.809   892   892 I ChimeraSrvcProxy: com.google.android.gms.chimera.PersistentBoundBrokerService returning NullBinder for action com.google.android.gms.ipa.smsindexer.PERSISTENT_START
06-27 20:12:57.817  1600  1687 I Finsky  : [28] nzt.a(41): Started reading experiment flags from file [C998-Gi6f_UjQFYCyTEyUpsNKd8].
06-27 20:12:57.823  1151  1235 I TelephonySpam: SpamListSync - scheduleSyncTasks
06-27 20:12:57.825  1151  1458 I CheckinRequestBuilder: Checkin reason type: 1 attempt count: 1
06-27 20:12:57.826   892   892 E BluetoothAdapter: Bluetooth binder is null
06-27 20:12:57.826   892   892 E BluetoothAdapter: Bluetooth binder is null
06-27 20:12:57.833   892   892 E BluetoothAdapter: Bluetooth binder is null
06-27 20:12:57.833   892   892 E BluetoothAdapter: Bluetooth binder is null
06-27 20:12:57.835  1600  1687 I Finsky  : [28] nzt.a(42): Finished reading experiment flags from file [C998-Gi6f_UjQFYCyTEyUpsNKd8].
06-27 20:12:57.835   892   892 E BluetoothAdapter: Bluetooth binder is null
06-27 20:12:57.835   892   892 E BluetoothAdapter: Bluetooth binder is null
06-27 20:12:57.837   892   892 E BluetoothAdapter: Bluetooth binder is null
06-27 20:12:57.838   892   892 E BluetoothAdapter: Bluetooth binder is null
06-27 20:12:57.839   892   892 E BluetoothAdapter: Bluetooth binder is null
06-27 20:12:57.839   892   892 E BluetoothAdapter: Bluetooth binder is null
06-27 20:12:57.841   892   892 E BluetoothAdapter: Bluetooth binder is null
06-27 20:12:57.841   892   892 E BluetoothAdapter: Bluetooth binder is null
06-27 20:12:57.861  1151  1235 I TelephonySpam: SpamListSync - schedulePeriodicTask
06-27 20:12:57.881  1600  1600 I Finsky  : [1] nzt.a(41): Started reading experiment flags from file [v6B-2IolLQRBwrwPhscSaeg04As].
06-27 20:12:57.896  1600  1600 I Finsky  : [1] nzt.a(42): Finished reading experiment flags from file [v6B-2IolLQRBwrwPhscSaeg04As].
06-27 20:12:57.933  1600  1600 I Finsky  : [1] qah.<init>(8): Resetting scheduler db
06-27 20:12:57.936  1151  1509 I SubscribedFeeds: Collected 11 certs in 271ms
06-27 20:12:57.960  1429  1442 W art     : Suspending all threads took: 155.418ms
06-27 20:12:58.021  1406  1418 W art     : Suspending all threads took: 12.020ms
06-27 20:12:58.024  1151  1545 I ContentMaintenance: Internal cache bytes used: 0; limit: 100000000; download size: 0
06-27 20:12:58.062  1151  1712 I PinnedContentDownloader: Finished downloading pinned content.
06-27 20:12:58.078   405   981 D ConnectivityService: listenForNetwork for uid/pid:10014/1600 NetworkRequest [ LISTEN id=5, [ Capabilities: INTERNET&NOT_RESTRICTED&TRUSTED] ]
06-27 20:12:58.078   405   529 D ConnectivityService: rematching NetworkAgentInfo [Ethernet () - 100]
06-27 20:12:58.078   405   529 D ConnectivityService:  network has: [ Transports: ETHERNET Capabilities: INTERNET&NOT_RESTRICTED&TRUSTED&NOT_VPN&VALIDATED&FOREGROUND LinkUpBandwidth>=100000Kbps LinkDnBandwidth>=100000Kbps]
06-27 20:12:58.079   405   529 D ConnectivityService: Network NetworkAgentInfo [Ethernet () - 100] was already satisfying request 1. No change.
06-27 20:12:58.079   405   529 D ConnectivityService: sending notification AVAILABLE for NetworkRequest [ LISTEN id=5, [ Capabilities: INTERNET&NOT_RESTRICTED&TRUSTED] ]
06-27 20:12:58.089  1600  1683 I Finsky  : [25] dgq.X(6): Not a unicorn account
06-27 20:12:58.113  1600  1683 W PrimesInit: Primes instant initialization
06-27 20:12:58.117  1600  1735 W Primes  : background initialization
06-27 20:12:58.120  1600  1684 I Finsky  : [26] dgq.aR(9): Disable SystemUpdateActivity, because Android is lower than Q
06-27 20:12:58.135  1600  1684 I Finsky  : [26] dgq.aR(11): Set SystemUpdateActivity enabled state to 2
06-27 20:12:58.136  1600  1685 I cr_CronetLibraryLoader: Cronet version: 76.0.3800.0, arch: armv8l
06-27 20:12:58.152  1600  1735 I PrimesTesting: GserviceFlagsSupplier.get()
06-27 20:12:58.204  1600  1684 W Settings: Setting download_manager_max_bytes_over_mobile has moved from android.provider.Settings.Secure to android.provider.Settings.Global.
06-27 20:12:58.205  1600  1684 I Finsky  : [26] ncv.a(8): SettingNotFoundException, fall through to G.downloadBytesOverMobileMaximum
06-27 20:12:58.206  1600  1684 W Settings: Setting download_manager_recommended_max_bytes_over_mobile has moved from android.provider.Settings.Secure to android.provider.Settings.Global.
06-27 20:12:58.207  1600  1684 I Finsky  : [26] ncv.a(11): SettingNotFoundException, fall through to G.downloadBytesOverMobileRecommended
06-27 20:12:58.269  1600  1683 D lvjinhua:  Failed while trying resolve alarm filter file, not exists
06-27 20:12:58.279  1151  1458 I CheckinRequestBuilder: Unknown state of subscriptions on the device
06-27 20:12:58.293  1600  1684 I Finsky  : [26] vbv.d(1): Setup app restrictions monitor
06-27 20:12:58.296  1600  1684 I Finsky  : [26] vdo.a(5): Device wide unknown source restriction is changed.
06-27 20:12:58.306  1406  1696 W art     : Long monitor contention with owner cling-39 (1689) at int java.lang.String.hashCode()(String.java:1368) waiters=0 in java.lang.Object java.util.Hashtable.get(java.lang.Object) for 193ms
06-27 20:12:58.308  1151  1545 I RealtimeCacheCleanup: Beginning Realtime garbage collection.
06-27 20:12:58.326  1151  1545 I RealtimeCacheCleanup: Finished Realtime garbage collection.
06-27 20:12:58.355  1600  1685 I Finsky  : [27] cru.a(129): Opt out Play Pass user: home@romanr.info
06-27 20:12:58.359  1406  1529 W art     : Long monitor contention with owner cling-39 (1689) at int java.lang.String.hashCode()(String.java:1368) waiters=14 in java.lang.Object java.util.Hashtable.get(java.lang.Object) for 146ms
06-27 20:12:58.363  1406  1692 W art     : Long monitor contention with owner cling-39 (1689) at int java.lang.String.hashCode()(String.java:1368) waiters=3 in java.lang.Object java.util.Hashtable.get(java.lang.Object) for 207ms
06-27 20:12:58.368  1406  1510 W art     : Long monitor contention with owner cling-39 (1689) at int java.lang.String.hashCode()(String.java:1368) waiters=16 in java.lang.Object java.util.Hashtable.get(java.lang.Object) for 143ms
06-27 20:12:58.411  1406  1479 W iceDescriptorBinderImpl: Regular parsing failed: Can't parse device type string (namespace/type/version): urn:dial-multiscreen-org:service:dial:1
06-27 20:12:58.423   892  1220 I aohm    : Removed 0 invalid users [CONTEXT service_id=51 ]
06-27 20:12:58.458   892  1241 I NetRec  : [93] BootCompletedOrAppUpdatedIntentOperation.onHandleIntent: onBootCompleted()
06-27 20:12:58.469  1605  1654 D lvjinhua:  Failed while trying resolve alarm filter file, not exists
06-27 20:12:58.469   892   892 I rcs     : [RcsBindingManager] Checking if we should rebind to previous service. Attempt 0
06-27 20:12:58.469   892   892 I rcs     : [RcsBindingManager] No valid settings for binding.
06-27 20:12:58.492   405   448 I ActivityManager: Start proc 1768:com.google.android.gms.ui/u0a8 for service com.google.android.gms/.chimera.UiIntentOperationService
06-27 20:12:58.521  1151  1235 I TelephonySpam: SpamListSync - scheduleOneTimeTask
06-27 20:12:58.534  1151  1235 I TelephonySpam: ShortCodeSync - Schedule Short Code Sync Tasks
06-27 20:12:58.534  1151  1235 I TelephonySpam: ShortCodeSync - Schedule Short Code Periodic Task
06-27 20:12:58.541  1406  1706 W art     : Long monitor contention with owner cling-29 (1532) at java.lang.StringBuilder java.lang.StringBuilder.append(java.lang.String)(StringBuilder.java:133) waiters=13 in boolean org.fourthline.cling.registry.RegistryImpl.update(org.fourthline.cling.model.meta.RemoteDeviceIdentity) for 126ms
06-27 20:12:58.546  1151  1235 I TelephonySpam: ShortCodeSync - Schedule Short Code One Time Task
06-27 20:12:58.575  1600  1637 I Finsky  : [20] bgc.a(1): Received content filters request from sharedUserId=com.google.uid.shared:10008
06-27 20:12:58.616   892   892 I Wear_Controller: Wear requires a companion app to be installed.
06-27 20:12:58.616   892   892 I WearableService: onCreate: Wearable Services not starting. Wear is not available on this device.
06-27 20:12:58.618  1600  1600 I Finsky  : [1] khj.a(41): Installer: Attempting to start installer
06-27 20:12:58.639   892  1451 W WearableService: onGetService: Wear is not available on this device.
06-27 20:12:58.658  1151  1698 E MDM     : [195] agur.a: Couldn't connect to Google API client: rem{statusCode=API_UNAVAILABLE, resolution=null, message=null}
06-27 20:12:58.665  1151  1712 I TelephonySpam: TelephonySpamInit - Creating a looper to listen to call state changes.
06-27 20:12:58.680  1406  1688 W art     : Long monitor contention with owner cling-29 (1532) at java.lang.StringBuilder java.lang.StringBuilder.append(java.lang.String)(StringBuilder.java:133) waiters=9 in boolean org.fourthline.cling.registry.RegistryImpl.update(org.fourthline.cling.model.meta.RemoteDeviceIdentity) for 140ms
06-27 20:12:58.681  1600  1600 I Finsky  : [1] kgq.<init>(8): Not checking if recovering from paused session because experiment is off
06-27 20:12:58.701  1600  1687 D NetworkSecurityConfig: No Network Security Config specified, using platform default
06-27 20:12:58.705  1600  1600 I Finsky  : [1] khj.a(263): Installer kick - no action, not running yet
06-27 20:12:58.738  1600  1600 I Finsky  : [1] khj.a(263): Installer kick - no action, not running yet
06-27 20:12:58.745  1600  1726 I Finsky  : [37] mkj.a(13): Loaded library for account: [rGICDVw8vLQT9a_kAVxbdua02fY]
06-27 20:12:58.780  1600  1726 I Finsky  : [37] mkj.a(15): Finished loading 1 libraries.
06-27 20:12:58.819   892  1241 I NetRec  : [93] BootCompletedOrAppUpdatedIntentOperation.onHandleIntent: Scheduling CleanupDatabaseTask
06-27 20:12:58.827  1600  1600 I Finsky  : [1] kjm.a(4): Installer: Installer starting, recovering 0 running downloads
06-27 20:12:58.828  1600  1729 I Finsky  : [38] kjz.run(2): Installer: Installer starting, cleaning up sessions.
06-27 20:12:58.846  1406  1479 W iceDescriptorBinderImpl: Removing leading garbage didn't work: Can't parse device type string (namespace/type/version): urn:dial-multiscreen-org:service:dial:1
06-27 20:12:58.847  1406  1479 W trieveRemoteDescriptors: Could not hydrate device or its services from descriptor: (RemoteDevice) Identity: (RemoteDeviceIdentity) UDN: uuid:b3ba70e0-c7c4-4f76-abd6-aedd12d4df47, Descriptor: http://192.168.1.10:1962/, Root: true
06-27 20:12:58.847  1406  1479 W trieveRemoteDescriptors: Cause was: org.fourthline.cling.model.types.InvalidValueException: Can't parse device type string (namespace/type/version): urn:dial-multiscreen-org:service:dial:1
06-27 20:12:58.849   892  1241 I NetRec  : [93] alcm.b: onConfigChanged()
06-27 20:12:58.865  1151  1235 I UdcContextInitChimeraSe: Scheduling context registration change job.
06-27 20:12:58.883   892  1241 I NetRec  : [93] alcm.b: Cancelling all NetRec GCM tasks
06-27 20:12:58.899   892   906 I art     : Background sticky concurrent mark sweep GC freed 18953(2MB) AllocSpace objects, 7(160KB) LOS objects, 18% free, 9MB/11MB, paused 6.137ms total 78.835ms
06-27 20:12:58.924   892  1540 E LockboxBrokerService: Could not connect to UDC
06-27 20:12:58.979  1768  1768 W DynamiteModule: Local module descriptor class for providerinstaller not found.
06-27 20:12:58.995   892   892 D lvjinhua:  Failed while trying resolve alarm filter file, not exists
