06-26 21:58:14.279  1130  1130 W Primes  : Primes not initialized, returning default (no-op) Primes instance which will ignore all calls. Please call Primes.initialize(...) before using any Primes API.
06-26 21:58:14.293   410   511 I InputReader: 1--1-----KeyCode=20, scanCode=108
06-26 21:58:14.294   410   511 D WindowManager: interceptKeyTq keycode=20 interactive=true keyguardActive=false policyFlags=22000000
06-26 21:58:14.294   410   510 D WindowManager: interceptKeyTi keyCode=20 down=false repeatCount=0 keyguardOn=false mHomePressed=false canceled=false
06-26 21:58:14.301   878   878 W Settings: Setting airplane_mode_on has moved from android.provider.Settings.System to android.provider.Settings.Global, returning read-only value.
06-26 21:58:14.311   925   925 E VRMountReceiver: ---------------- action = android.intent.action.MEDIA_MOUNTED
06-26 21:58:14.311   925   925 E VRMountReceiver: ------------- mount path = /storage/emulated/0
06-26 21:58:14.314   925   925 E VRMountReceiver: ---------------- pathUri is null 
06-26 21:58:14.425   878   878 D Backup  : [BackupScheduler] Setting backup scheduler enabled=true due to desired state 1
06-26 21:58:14.428   878   878 V Backup  : [BackupTransportCS] no backup now
06-26 21:58:14.461   878  1158 I GeofencerStateMachine: Network location disabled.
06-26 21:58:14.634   878  1195 E BluetoothAdapter: Bluetooth binder is null
06-26 21:58:14.665   878  1195 D lvjinhua:  Failed while trying resolve alarm filter file, not exists
06-26 21:58:14.829  1130  1200 I GmsModuleFndr: Beginning GMS chimera module scan
06-26 21:58:14.884  1130  1200 I ModuleSetMgr: Computing pending module set with APKs: {file:///data/app/com.google.android.gms-2/base.apk, zapp:/AdsFdrDynamite.integ/20290000002}
06-26 21:58:14.931  1130  1200 I ModuleSetUtils: Assembling ModuleSetRecord for ads_fdr:202901,container:17785: [zapp:/AdsFdrDynamite.integ/20290000002]
06-26 21:58:14.932  1130  1200 I ModuleSetMgr: Pending container Zapp APKs: []
06-26 21:58:14.932  1130  1200 I ModuleSetMgr: Pending non-container Zapp APKs: [zapp:/AdsFdrDynamite.integ/20290000002]
06-26 21:58:15.010   410   511 I InputReader: 1--1-----KeyCode=20, scanCode=108
06-26 21:58:15.011   410   511 I InputReader: 1--22-----KeyCode=20, scanCode=108
06-26 21:58:15.011   410   511 I InputReader: KeyCode=20, scanCode=108
06-26 21:58:15.011   410   511 D WindowManager: interceptKeyTq keycode=20 interactive=true keyguardActive=false policyFlags=22000000
06-26 21:58:15.012   410   510 D WindowManager: interceptKeyTi keyCode=20 down=true repeatCount=0 keyguardOn=false mHomePressed=false canceled=false
06-26 21:58:15.073   878  1195 W Settings: Setting airplane_mode_on has moved from android.provider.Settings.System to android.provider.Settings.Global, returning read-only value.
06-26 21:58:15.084   410   815 D AlarmManagerService: Setting time of day to sec=1561662039
06-27 22:00:39.296   410   410 D ConditionProviders.SCP: onReceive android.intent.action.TIME_SET
06-27 22:00:39.299   878  1195 W Settings: Setting airplane_mode_on has moved from android.provider.Settings.System to android.provider.Settings.Global, returning read-only value.
06-27 22:00:39.303   410   478 I UsageStatsService: Time changed in UsageStats by 86544 seconds
06-27 22:00:39.303   410   478 I UsageStatsService: User[0] Flushing usage stats to disk
06-27 22:00:39.303   410   410 D ConditionProviders.SCP: notifyCondition condition://android/schedule?days=6.7&start=23.30&end=10.0&exitAtAlarm=false STATE_FALSE reason=!meetsSchedule
06-27 22:00:39.304   410   410 D ConditionProviders.SCP: notifyCondition condition://android/schedule?days=1.2.3.4.5&start=22.0&end=7.0&exitAtAlarm=false STATE_TRUE reason=meetsSchedule
06-27 22:00:39.305   410   410 D ConditionProviders.SCP: Scheduling evaluate for Thu Jun 27 23:30:00 GMT+03:00 2019 (1561667400000), in +1h29m20s704ms, now=Thu Jun 27 22:00:39 GMT+03:00 2019 (1561662039296)
06-27 22:00:39.306   410   410 D ConditionProviders.SCP: onReceive ScheduleConditionProvider.EVALUATE
06-27 22:00:39.306   410   410 D ConditionProviders.SCP: notifyCondition condition://android/schedule?days=6.7&start=23.30&end=10.0&exitAtAlarm=false STATE_FALSE reason=!meetsSchedule
06-27 22:00:39.306   410   410 D ConditionProviders.SCP: notifyCondition condition://android/schedule?days=1.2.3.4.5&start=22.0&end=7.0&exitAtAlarm=false STATE_TRUE reason=meetsSchedule
06-27 22:00:39.307   410   410 D ConditionProviders.SCP: Scheduling evaluate for Thu Jun 27 23:30:00 GMT+03:00 2019 (1561667400000), in +1h29m20s694ms, now=Thu Jun 27 22:00:39 GMT+03:00 2019 (1561662039306)
06-27 22:00:39.310   410   410 D ZenLog  : config: conditionChanged,ZenModeConfig[user=0,allowCalls=true,allowRepeatCallers=false,allowMessages=false,allowCallsFrom=contacts,allowMessagesFrom=contacts,allowReminders=true,allowEvents=true,allowWhenScreenOff=true,allowWhenScreenOn=true,automaticRules={25a6dd96a24b4df6bd3088c7e3097477=ZenRule[enabled=false,snoozing=false,name=Weekend,zenMode=ZEN_MODE_ALARMS,conditionId=condition://android/schedule?days=6.7&start=23.30&end=10.0&exitAtAlarm=false,condition=Condition[id=condition://android/schedule?days=6.7&start=23.30&end=10.0&exitAtAlarm=false,summary=...,line1=...,line2=...,icon=0,state=STATE_FALSE,flags=2],component=ComponentInfo{android/com.android.server.notification.ScheduleConditionProvider},id=25a6dd96a24b4df6bd3088c7e3097477,creationTime=171343,enabler=null], a39688c18c6949eb93d2d819ff254056=ZenRule[enabled=false,snoozing=false,name=Weeknight,zenMode=ZEN_MODE_ALARMS,conditionId=condition://android/schedule?days=1.2.3.4.5&start=22.0&end=7.0&exitAtAlarm=false,condition=Condition[id=condition://android/schedule?days=1.2.3.4.5&start=22.0&end=7.0&exitAtAlarm=false,summary=...,line1=...,line2=...,icon=0,state=STATE_TRUE,flags=2],component=ComponentInfo{android/com.android.server.notification.ScheduleConditionProvider},id=a39688c18c6949eb93d2d819ff254056,creationTime=171343,enabler=null], 5d561a952c594803b5e4af64eefc6361=ZenRule[enabled=false,snoozing=false,name=Event,zenMode=ZEN_MODE_ALARMS,conditionId=condition://android/event?userId=-10000&calendar=&reply=1,condition=Condition[id=condition://android/event?userId=-10000&calendar=&reply=1,summary=...,line1=...,line2=...,icon=0,state=STATE_FALSE,flags=2],component=ComponentInfo{android/com.android.server.notification.EventConditionProvider},id=5d561a952c594803b5e4af64eefc6361,creationTime=171344,enabler=null]},manualRule=null],Diff[automaticRule[a39688c18c6949eb93d2d819ff254056].condition:Condition[id=condition://android/schedule?days=1.2.3.4.5&start=22.0&end=7.0&exitAtAlarm=false,summary=...,line1=...,line2=...,icon=0,state=STATE_FALSE,flags=2]->Condition[id=condition://android/schedule?days=1.2.3.4.5&start=22.0&end=7.0&exitAtAlarm=false,summary=...,line1=...,line2=...,icon=0,state=STATE_TRUE,flags=2]]
06-27 22:00:39.332   410   537 I ActivityManager: Start proc 1218:com.android.providers.calendar/u0a1 for content provider com.android.providers.calendar/.CalendarProvider2
06-27 22:00:39.347   410   410 D ZenLog  : set_zen_mode: off,conditionChanged
06-27 22:00:39.390   410   478 I UsageStatsDatabase: Time changed by +1d0h2m24s209ms. files deleted: 0 files moved: 4
06-27 22:00:39.401  1218  1218 I art     : Starting a blocking GC AddRemoveAppImageSpace
06-27 22:00:39.402  1218  1218 W System  : ClassLoader referenced unknown path: /system/priv-app/CalendarProvider/lib/arm64
06-27 22:00:39.405   410   511 I InputReader: 1--1-----KeyCode=20, scanCode=108
06-27 22:00:39.406   410   511 D WindowManager: interceptKeyTq keycode=20 interactive=true keyguardActive=false policyFlags=22000000
06-27 22:00:39.406   410   510 D WindowManager: interceptKeyTi keyCode=20 down=false repeatCount=0 keyguardOn=false mHomePressed=false canceled=false
06-27 22:00:39.417   410   478 I UsageStatsService: User[0] Rollover scheduled @ 2019-06-28 22:00:39(1561748439303)
06-27 22:00:39.453  1218  1218 D lvjinhua:  Failed while trying resolve alarm filter file, not exists
06-27 22:00:39.454  1218  1218 I CalendarProvider2: Created com.android.providers.calendar.CalendarAlarmManager@e711b51(com.android.providers.calendar.CalendarProvider2@e217fb6)
06-27 22:00:39.477   192   240 D alsa_route: route_set_controls() set route 24
06-27 22:00:39.477   192   240 D AudioHardwareTiny: close device
06-27 22:00:39.611  1130  1213 D lvjinhua:  Failed while trying resolve alarm filter file, not exists
06-27 22:00:39.663   878   878 I rcs     : [RcsBindingManager] Checking if we should rebind to previous service. Attempt 0
06-27 22:00:39.663   878   878 I rcs     : [RcsBindingManager] No valid settings for binding.
06-27 22:00:39.678  1130  1200 W DynamiteModule: Local module descriptor class for providerinstaller not found.
06-27 22:00:39.678  1130  1200 I DynamiteModule: Considering local module providerinstaller:0 and remote module providerinstaller:0
06-27 22:00:39.679  1130  1200 W ProviderInstaller: Failed to load providerinstaller module: No acceptable module found. Local version is 0 and remote version is 0.
06-27 22:00:39.711   410   511 I InputReader: 1--1-----KeyCode=22, scanCode=106
06-27 22:00:39.712   410   511 I InputReader: 1--22-----KeyCode=22, scanCode=106
06-27 22:00:39.712   410   511 I InputReader: KeyCode=22, scanCode=106
06-27 22:00:39.712   410   511 D WindowManager: interceptKeyTq keycode=22 interactive=true keyguardActive=false policyFlags=22000000
06-27 22:00:39.712   410   510 D WindowManager: interceptKeyTi keyCode=22 down=true repeatCount=0 keyguardOn=false mHomePressed=false canceled=false
06-27 22:00:39.732   878   878 I NetworkScheduler: Using standalone scheduling engine
06-27 22:00:39.765  1130  1200 I DynamiteModule: Considering local module com.google.android.gms.googlecertificates:4 and remote module com.google.android.gms.googlecertificates:4
06-27 22:00:39.765  1130  1200 I DynamiteModule: Selected local version of com.google.android.gms.googlecertificates
06-27 22:00:39.784  1130  1200 W DynamiteModule: Local module descriptor class for providerinstaller not found.
06-27 22:00:39.784  1130  1200 W ProviderHelper: Unknown dynamite feature providerinstaller
06-27 22:00:39.784  1130  1200 I DynamiteModule: Considering local module providerinstaller:0 and remote module providerinstaller:0
06-27 22:00:39.785  1130  1200 W ProviderInstaller: Failed to load providerinstaller module: No acceptable module found. Local version is 0 and remote version is 0.
06-27 22:00:39.802   410   511 I InputReader: 1--1-----KeyCode=22, scanCode=106
06-27 22:00:39.802   410   511 D WindowManager: interceptKeyTq keycode=22 interactive=true keyguardActive=false policyFlags=22000000
06-27 22:00:39.803   410   510 D WindowManager: interceptKeyTi keyCode=22 down=false repeatCount=0 keyguardOn=false mHomePressed=false canceled=false
06-27 22:00:39.805  1130  1200 W DynamiteModule: Local module descriptor class for providerinstaller not found.
06-27 22:00:39.805  1130  1200 I DynamiteModule: Considering local module providerinstaller:0 and remote module providerinstaller:0
06-27 22:00:39.806  1130  1200 W ProviderInstaller: Failed to load providerinstaller module: No acceptable module found. Local version is 0 and remote version is 0.
06-27 22:00:39.823  1130  1200 W DynamiteModule: Local module descriptor class for providerinstaller not found.
06-27 22:00:39.823  1130  1200 I DynamiteModule: Considering local module providerinstaller:0 and remote module providerinstaller:0
06-27 22:00:39.824  1130  1200 W ProviderInstaller: Failed to load providerinstaller module: No acceptable module found. Local version is 0 and remote version is 0.
06-27 22:00:39.844  1130  1200 W DynamiteModule: Local module descriptor class for providerinstaller not found.
06-27 22:00:39.845  1130  1200 I DynamiteModule: Considering local module providerinstaller:0 and remote module providerinstaller:0
06-27 22:00:39.845  1130  1200 W ProviderInstaller: Failed to load providerinstaller module: No acceptable module found. Local version is 0 and remote version is 0.
06-27 22:00:39.859  1130  1200 W DynamiteModule: Local module descriptor class for providerinstaller not found.
06-27 22:00:39.859  1130  1200 I DynamiteModule: Considering local module providerinstaller:0 and remote module providerinstaller:0
06-27 22:00:39.860  1130  1200 W ProviderInstaller: Failed to load providerinstaller module: No acceptable module found. Local version is 0 and remote version is 0.
06-27 22:00:39.908  1130  1200 W DynamiteModule: Local module descriptor class for providerinstaller not found.
06-27 22:00:39.909  1130  1200 I DynamiteModule: Considering local module providerinstaller:0 and remote module providerinstaller:0
06-27 22:00:39.909  1130  1200 W ProviderInstaller: Failed to load providerinstaller module: No acceptable module found. Local version is 0 and remote version is 0.
06-27 22:00:39.960  1130  1200 W DynamiteModule: Local module descriptor class for providerinstaller not found.
06-27 22:00:39.960  1130  1200 I DynamiteModule: Considering local module providerinstaller:0 and remote module providerinstaller:0
06-27 22:00:39.961  1130  1200 W ProviderInstaller: Failed to load providerinstaller module: No acceptable module found. Local version is 0 and remote version is 0.
06-27 22:00:39.979  1130  1141 W art     : Suspending all threads took: 6.723ms
06-27 22:00:40.018  1130  1200 W DynamiteModule: Local module descriptor class for providerinstaller not found.
06-27 22:00:40.019  1130  1200 I DynamiteModule: Considering local module providerinstaller:0 and remote module providerinstaller:0
06-27 22:00:40.019  1130  1200 W ProviderInstaller: Failed to load providerinstaller module: No acceptable module found. Local version is 0 and remote version is 0.
06-27 22:00:40.090  1130  1200 I GmsModuleFndr: Beginning GMS chimera module scan
06-27 22:00:40.096   925   925 D RecoveryReceiver: RECOVERY_STATE_FILE_TF:/storage/e14e8b4a-c6c3-4546-b069-dfbdf64d0b66/Recovery_state
06-27 22:00:40.108  1130  1200 I ModuleSetMgr: Computing pending module set with APKs: {file:///data/app/com.google.android.gms-2/base.apk, zapp:/AdsFdrDynamite.integ/20290000002}
06-27 22:00:40.113   410   447 I ActivityManager: Start proc 1257:com.popcornhour.tvlauncher/u0a20 for broadcast com.popcornhour.tvlauncher/.receiver.USBStatusReceiver
06-27 22:00:40.118  1130  1200 I ModuleSetUtils: Assembling ModuleSetRecord for ads_fdr:202901,container:17785: [zapp:/AdsFdrDynamite.integ/20290000002]
06-27 22:00:40.119  1130  1200 I ModuleSetMgr: Pending container Zapp APKs: []
06-27 22:00:40.119  1130  1200 I ModuleSetMgr: Pending non-container Zapp APKs: [zapp:/AdsFdrDynamite.integ/20290000002]
06-27 22:00:40.185   410   511 I InputReader: 1--1-----KeyCode=19, scanCode=103
06-27 22:00:40.185   410   511 I InputReader: 1--22-----KeyCode=19, scanCode=103
06-27 22:00:40.186   410   511 I InputReader: KeyCode=19, scanCode=103
06-27 22:00:40.186   410   511 D WindowManager: interceptKeyTq keycode=19 interactive=true keyguardActive=false policyFlags=22000000
06-27 22:00:40.186   410   510 D WindowManager: interceptKeyTi keyCode=19 down=true repeatCount=0 keyguardOn=false mHomePressed=false canceled=false
06-27 22:00:40.205  1257  1257 I art     : Starting a blocking GC AddRemoveAppImageSpace
06-27 22:00:40.216  1257  1257 W System  : ClassLoader referenced unknown path: /system/priv-app/TVLauncher/lib/arm64
06-27 22:00:40.275   410   511 I InputReader: 1--1-----KeyCode=19, scanCode=103
06-27 22:00:40.275   410   511 D WindowManager: interceptKeyTq keycode=19 interactive=true keyguardActive=false policyFlags=22000000
06-27 22:00:40.276   410   510 D WindowManager: interceptKeyTi keyCode=19 down=false repeatCount=0 keyguardOn=false mHomePressed=false canceled=false
06-27 22:00:40.286   410   955 I ActivityManager: Start proc 1275:com.rockchip.devicetest/1000 for broadcast com.rockchip.devicetest/.BootReceiver
06-27 22:00:40.288   410   955 I ActivityManager: Killing 976:com.android.keychain/1000 (adj 906): empty #4
06-27 22:00:40.330  1275  1275 I art     : Starting a blocking GC AddRemoveAppImageSpace
06-27 22:00:40.333   410   448 D ActivityManager: cleanUpApplicationRecord -- 976
06-27 22:00:40.340  1257  1274 D         : ----->com.android.chrome          <ThreadName= pool-1-thread-1,ThreadId= 87,JavaName= InstalledApp.java,LineNumber= 51,>
06-27 22:00:40.342  1257  1274 D darientoh: AppsDao isExists: exist??? com.android.chrome / 1
06-27 22:00:40.364  1257  1274 D         : ----->com.android.vending          <ThreadName= pool-1-thread-1,ThreadId= 87,JavaName= InstalledApp.java,LineNumber= 51,>
06-27 22:00:40.379  1257  1274 D darientoh: AppsDao isExists: exist??? com.android.vending / 1
06-27 22:00:40.390  1257  1274 D         : ----->com.google.android.youtube.tv          <ThreadName= pool-1-thread-1,ThreadId= 87,JavaName= InstalledApp.java,LineNumber= 51,>
06-27 22:00:40.392  1257  1274 D darientoh: AppsDao isExists: exist??? com.google.android.youtube.tv / 1
06-27 22:00:40.396  1275  1275 W ContextImpl: Calling a method in the system process without a qualified user: android.app.ContextImpl.startService:1357 android.content.ContextWrapper.startService:613 android.content.ContextWrapper.startService:613 com.rockchip.devicetest.BootReceiver.onReceive:37 android.app.ActivityThread.handleReceiver:3041 
06-27 22:00:40.410  1257  1274 D         : ----->com.rockchips.mediacenter          <ThreadName= pool-1-thread-1,ThreadId= 87,JavaName= InstalledApp.java,LineNumber= 51,>
06-27 22:00:40.412   410   954 I ActivityManager: Start proc 1291:android.rockchip.update.service/1000 for broadcast android.rockchip.update.service/.RKUpdateReceiver
06-27 22:00:40.414  1275  1275 D TestService: Rock Recv Mount action. 20535
06-27 22:00:40.416  1257  1274 D darientoh: AppsDao isExists: exist??? com.rockchips.mediacenter / 1
06-27 22:00:40.424  1257  1274 D         : ----->org.cosinus.launchertv          <ThreadName= pool-1-thread-1,ThreadId= 87,JavaName= InstalledApp.java,LineNumber= 51,>
06-27 22:00:40.426  1257  1274 D darientoh: AppsDao isExists: exist??? org.cosinus.launchertv / 1
06-27 22:00:40.437  1257  1274 D         : ----->com.android.calculator2          <ThreadName= pool-1-thread-1,ThreadId= 87,JavaName= InstalledApp.java,LineNumber= 51,>
06-27 22:00:40.438  1257  1274 D darientoh: AppsDao isExists: exist??? com.android.calculator2 / 1
06-27 22:00:40.444  1257  1274 D         : ----->com.android.rockchip          <ThreadName= pool-1-thread-1,ThreadId= 87,JavaName= InstalledApp.java,LineNumber= 51,>
06-27 22:00:40.445  1257  1274 D darientoh: AppsDao isExists: exist??? com.android.rockchip / 1
06-27 22:00:40.448  1257  1274 D         : ----->com.cloudmedia.uhd_hdr_benchmark          <ThreadName= pool-1-thread-1,ThreadId= 87,JavaName= InstalledApp.java,LineNumber= 51,>
06-27 22:00:40.449  1257  1274 D darientoh: AppsDao isExists: exist??? com.cloudmedia.uhd_hdr_benchmark / 1
06-27 22:00:40.452  1257  1274 D         : ----->com.rk_itvui.allapp          <ThreadName= pool-1-thread-1,ThreadId= 87,JavaName= InstalledApp.java,LineNumber= 51,>
06-27 22:00:40.453  1257  1274 D darientoh: AppsDao isExists: exist??? com.rk_itvui.allapp / 1
06-27 22:00:40.456  1257  1274 D         : ----->com.rockchip.wfd          <ThreadName= pool-1-thread-1,ThreadId= 87,JavaName= InstalledApp.java,LineNumber= 51,>
06-27 22:00:40.457  1257  1274 D darientoh: AppsDao isExists: exist??? com.rockchip.wfd / 1
06-27 22:00:40.457  1257  1274 D         : ----->org.xbmc.rkmc          <ThreadName= pool-1-thread-1,ThreadId= 87,JavaName= InstalledApp.java,LineNumber= 51,>
06-27 22:00:40.458  1257  1274 D darientoh: AppsDao isExists: exist??? org.xbmc.rkmc / 1
06-27 22:00:40.461  1257  1274 D         : ----->com.termux          <ThreadName= pool-1-thread-1,ThreadId= 87,JavaName= InstalledApp.java,LineNumber= 51,>
06-27 22:00:40.462  1257  1274 D darientoh: AppsDao isExists: exist??? com.termux / 1
06-27 22:00:40.464  1257  1274 D         : ----->com.termux.boot          <ThreadName= pool-1-thread-1,ThreadId= 87,JavaName= InstalledApp.java,LineNumber= 51,>
06-27 22:00:40.466  1257  1274 D darientoh: AppsDao isExists: exist??? com.termux.boot / 1
06-27 22:00:40.495  1218  1218 I CalendarProvider2: Sending notification intent: Intent { act=android.intent.action.PROVIDER_CHANGED dat=content://com.android.calendar flg=0x20000000 }
06-27 22:00:40.495  1218  1218 W ContentResolver: Failed to get type for: content://com.android.calendar (Unknown URL content://com.android.calendar)
06-27 22:00:40.503   410   410 W WindowManager: Attempted to remove non-existing token: android.os.Binder@7e00263
06-27 22:00:40.567  1291  1291 I art     : Starting a blocking GC AddRemoveAppImageSpace
06-27 22:00:40.592  1291  1291 D RKUpdateReceiver: action = android.intent.action.MEDIA_MOUNTED
06-27 22:00:40.594   410   542 I ActivityManager: Killing 634:com.android.tv.settings/1000 (adj 906): empty #4
06-27 22:00:40.623   410   448 D GraphicsStats: Buffer count: 2
06-27 22:00:40.623   410   542 I WindowManager: WIN DEATH: Window{ffa008c u0 Toast EXITING}
06-27 22:00:40.623   410   954 D ActivityManager: cleanUpApplicationRecord -- 634
06-27 22:00:40.650  1163  1163 D MediaScannerReceiver: action: android.intent.action.MEDIA_MOUNTED path: /storage/emulated/0
06-27 22:00:40.656   925   925 E VRMountReceiver: ---------------- action = android.intent.action.MEDIA_MOUNTED
06-27 22:00:40.656   925   925 E VRMountReceiver: ------------- mount path = /storage/e14e8b4a-c6c3-4546-b069-dfbdf64d0b66
06-27 22:00:40.657   925   925 E VRMountReceiver: ---------------- pathUri is null 
06-27 22:00:41.211   410   511 I InputReader: 1--1-----KeyCode=21, scanCode=105
06-27 22:00:41.212   410   511 I InputReader: 1--22-----KeyCode=21, scanCode=105
06-27 22:00:41.212   410   511 I InputReader: KeyCode=21, scanCode=105
06-27 22:00:41.213   410   511 D WindowManager: interceptKeyTq keycode=21 interactive=true keyguardActive=false policyFlags=22000000
06-27 22:00:41.213   410   510 D WindowManager: interceptKeyTi keyCode=21 down=true repeatCount=0 keyguardOn=false mHomePressed=false canceled=false
06-27 22:00:41.398   410   511 I InputReader: 1--1-----KeyCode=21, scanCode=105
06-27 22:00:41.399   410   511 D WindowManager: interceptKeyTq keycode=21 interactive=true keyguardActive=false policyFlags=22000000
06-27 22:00:41.399   410   510 D WindowManager: interceptKeyTi keyCode=21 down=false repeatCount=0 keyguardOn=false mHomePressed=false canceled=false
06-27 22:00:41.952  1275  1275 D         : Rock Handle test. 
06-27 22:00:41.953  1275  1275 D hjc     : findConfigFile:Factory_Test.bin
06-27 22:00:41.957  1275  1275 D hjc     : ======getAliveUsbPath:[/storage/e14e8b4a-c6c3-4546-b069-dfbdf64d0b66]
06-27 22:00:41.964  1275  1275 D hjc     : findConfigFile:Aging_Test.bin
06-27 22:00:41.966  1275  1275 D hjc     : ======getAliveUsbPath:[/storage/e14e8b4a-c6c3-4546-b069-dfbdf64d0b66]
06-27 22:00:41.972  1275  1275 D hjc     : findConfigFile:SN_Test.bin
06-27 22:00:41.974  1275  1275 D hjc     : ======getAliveUsbPath:[/storage/e14e8b4a-c6c3-4546-b069-dfbdf64d0b66]
06-27 22:00:41.980  1275  1275 D TestService: It is not in factory/aging test mode.
06-27 22:00:42.201   925   925 D RecoveryReceiver: RECOVERY_STATE_FILE_TF:/storage/e14e8b4a-c6c3-4546-b069-dfbdf64d0b66/Recovery_state
06-27 22:00:42.209  1275  1275 W ContextImpl: Calling a method in the system process without a qualified user: android.app.ContextImpl.startService:1357 android.content.ContextWrapper.startService:613 android.content.ContextWrapper.startService:613 com.rockchip.devicetest.BootReceiver.onReceive:37 android.app.ActivityThread.handleReceiver:3041 
06-27 22:00:42.214  1291  1291 D RKUpdateReceiver: action = android.intent.action.MEDIA_MOUNTED
06-27 22:00:42.218  1275  1275 D TestService: Rock Recv Mount action. 22339
06-27 22:00:42.239  1163  1163 D MediaScannerReceiver: action: android.intent.action.MEDIA_MOUNTED path: /storage/e14e8b4a-c6c3-4546-b069-dfbdf64d0b66
06-27 22:00:42.342   410  1316 I RecoverySystem: No recovery log file
06-27 22:00:42.354   410  1316 I BootReceiver: Copying /proc/last_kmsg to DropBox (SYSTEM_LAST_KMSG)
06-27 22:00:42.374   410   954 I ActivityManager: Start proc 1321:com.google.android.play.games.ui/u0a8 for content provider com.google.android.gms/.games.provider.NotificationStubContentProvider
06-27 22:00:42.380   925   925 D StressTest: =========onReceive===rebootFlag:0
06-27 22:00:42.385  1275  1275 W ContextImpl: Calling a method in the system process without a qualified user: android.app.ContextImpl.startService:1357 android.content.ContextWrapper.startService:613 android.content.ContextWrapper.startService:613 com.rockchip.devicetest.BootReceiver.onReceive:41 android.app.ActivityThread.handleReceiver:3041 
06-27 22:00:42.393  1275  1275 D TestService: Rock Recv boot action. 22515
06-27 22:00:42.395   410  1316 I BootReceiver: Copying audit failures to DropBox
06-27 22:00:42.400  1291  1291 D RKUpdateReceiver: action = android.intent.action.BOOT_COMPLETED
06-27 22:00:42.400  1291  1291 D RKUpdateReceiver: RKUpdateReceiver recv ACTION_BOOT_COMPLETED.
06-27 22:00:42.401   410  1316 I BootReceiver: Copied 0 worth of audits to DropBox
06-27 22:00:42.401  1291  1291 W ContextImpl: Calling a method in the system process without a qualified user: android.app.ContextImpl.startService:1357 android.content.ContextWrapper.startService:613 android.content.ContextWrapper.startService:613 android.rockchip.update.service.RKUpdateReceiver.onReceive:59 android.app.ActivityThread.handleReceiver:3041 
06-27 22:00:42.406  1291  1291 W ContextImpl: Calling a method in the system process without a qualified user: android.app.ContextImpl.startService:1357 android.content.ContextWrapper.startService:613 android.content.ContextWrapper.startService:613 android.rockchip.update.service.RKUpdateReceiver.onReceive:65 android.app.ActivityThread.handleReceiver:3041 
06-27 22:00:42.412   915   915 I LauncherIconVisibilityManager: Boot has been completed
06-27 22:00:42.416   410  1316 I BootReceiver: Checking for fsck errors
06-27 22:00:42.421   915   915 I LauncherIconVisibilityManager: Activity has already been disabled: ComponentInfo{com.android.inputmethod.latin/com.android.inputmethod.latin.setup.SetupActivity}
06-27 22:00:42.439  1291  1291 I android_rockchip_update_UpdateService.cpp: JNI_OnLoad
06-27 22:00:42.457  1291  1291 D RKUpdateService: starting RKUpdateService, version is 1.8.1
06-27 22:00:42.458  1291  1291 D RKUpdateService: remote uri is http://ota.popcornhour.com:8905/OtaUpdater/android?product=RockBox-Basic&version=1.0.0&sn=LHAM2TCBPK&country=US&language=en
06-27 22:00:42.458  1291  1291 D RKUpdateService: remote uri backup is http://192.168.1.143:2300/OtaUpdater/android?product=RockBox-Basic&version=1.0.0&sn=LHAM2TCBPK&country=US&language=en
06-27 22:00:42.459   410   511 I InputReader: 1--1-----KeyCode=20, scanCode=108
06-27 22:00:42.459   410   511 I InputReader: 1--22-----KeyCode=20, scanCode=108
06-27 22:00:42.459   410   511 I InputReader: KeyCode=20, scanCode=108
06-27 22:00:42.460   410   511 D WindowManager: interceptKeyTq keycode=20 interactive=true keyguardActive=false policyFlags=22000000
06-27 22:00:42.460   410   510 D WindowManager: interceptKeyTi keyCode=20 down=true repeatCount=0 keyguardOn=false mHomePressed=false canceled=false
06-27 22:00:42.470  1130  1317 D lvjinhua:  Failed while trying resolve alarm filter file, not exists
06-27 22:00:42.503  1291  1291 D RKUpdateService: first startup!!!
06-27 22:00:42.511  1291  1291 D RKUpdateService: onStartCommand.......
06-27 22:00:42.511  1291  1291 D RKUpdateService: command = 1 delaytime = 20000
06-27 22:00:42.512  1291  1291 D RKUpdateService: onStartCommand.......
06-27 22:00:42.512  1291  1291 D RKUpdateService: command = 2 delaytime = 25000
06-27 22:00:42.599   410   448 W BroadcastQueue: Unable to launch app com.android.tv.settings/1000 for broadcast Intent { act=android.intent.action.BOOT_COMPLETED flg=0x9000010 (has extras) }: process is bad
06-27 22:00:42.600   410   479 W BroadcastQueue: Unable to launch app com.android.vending/10014 for broadcast Intent { act=android.intent.action.BOOT_COMPLETED flg=0x9000010 (has extras) }: process is bad
06-27 22:00:42.616   410   647 I ActivityManager: Start proc 1342:com.example.changeled/1000 for broadcast com.example.changeled/.NetReceiver
06-27 22:00:42.645   410   511 I InputReader: 1--1-----KeyCode=20, scanCode=108
06-27 22:00:42.646   410   511 D WindowManager: interceptKeyTq keycode=20 interactive=true keyguardActive=false policyFlags=22000000
06-27 22:00:42.646   410   510 D WindowManager: interceptKeyTi keyCode=20 down=false repeatCount=0 keyguardOn=false mHomePressed=false canceled=false
06-27 22:00:42.649  1342  1342 I art     : Starting a blocking GC AddRemoveAppImageSpace
06-27 22:00:42.650  1342  1342 W System  : ClassLoader referenced unknown path: /system/priv-app/ChangeLedStatus/lib/arm64
06-27 22:00:42.699  1342  1342 D Receiver_LPF: action = android.intent.action.BOOT_COMPLETED
06-27 22:00:42.699  1342  1342 W ContextImpl: Calling a method in the system process without a qualified user: android.app.ContextImpl.startService:1357 android.content.ContextWrapper.startService:613 android.content.ContextWrapper.startService:613 com.example.changeled.NetReceiver.onReceive:78 android.app.ActivityThread.handleReceiver:3041 
06-27 22:00:42.706  1342  1342 E Receiver_LPF: start screensservice
06-27 22:00:42.716   410   955 I ActivityManager: Start proc 1358:com.google.android.configupdater/u0a2 for broadcast com.google.android.configupdater/.CertPin.CertPinUpdateRequestReceiver
06-27 22:00:42.777  1358  1358 I art     : Starting a blocking GC AddRemoveAppImageSpace
06-27 22:00:42.780  1358  1358 W System  : ClassLoader referenced unknown path: /system/priv-app/ConfigUpdater/lib/arm64
06-27 22:00:42.850  1358  1358 E ConfigUpdater: ignoring update request
06-27 22:00:42.879  1358  1358 E ConfigUpdater: ignoring update request
06-27 22:00:42.906  1358  1358 E ConfigUpdater: ignoring update request
06-27 22:00:42.965  1358  1358 E ConfigUpdater: ignoring update request
06-27 22:00:42.996  1358  1358 E ConfigUpdater: ignoring update request
06-27 22:00:43.011  1358  1358 E ConfigUpdater: ignoring update request
06-27 22:00:43.027  1358  1358 E ConfigUpdater: ignoring update request
06-27 22:00:43.029  1130  1141 W art     : Suspending all threads took: 44.394ms
06-27 22:00:43.057  1321  1321 W DynamiteModule: Local module descriptor class for providerinstaller not found.
06-27 22:00:43.077  1321  1321 W ProviderHelper: Unknown dynamite feature providerinstaller
06-27 22:00:43.095  1321  1321 I DynamiteModule: Considering local module providerinstaller:0 and remote module providerinstaller:0
06-27 22:00:43.095  1321  1321 W ProviderInstaller: Failed to load providerinstaller module: No acceptable module found. Local version is 0 and remote version is 0.
06-27 22:00:43.113  1321  1321 V NativeCrypto: Registering com/google/android/gms/org/conscrypt/NativeCrypto's 284 native methods...
06-27 22:00:43.179  1321  1321 D NetworkSecurityConfig: Using Network Security Config from resource network_security_config debugBuild: false
06-27 22:00:43.183  1321  1321 I ProviderInstaller: Installed default security provider GmsCore_OpenSSL
06-27 22:00:43.187  1130  1317 W art     : Verification of void ung.a(android.database.sqlite.SQLiteDatabase, java.lang.String, uub) took 262.707ms
06-27 22:00:43.198   410  1308 W BroadcastQueue: Unable to launch app com.google.android.partnersetup/10011 for broadcast Intent { act=android.intent.action.BOOT_COMPLETED flg=0x9000010 (has extras) }: process is bad
06-27 22:00:43.207   410   479 W BroadcastQueue: Unable to launch app com.google.android.partnersetup/10011 for broadcast Intent { act=android.intent.action.BOOT_COMPLETED flg=0x9000010 (has extras) }: process is bad
06-27 22:00:43.211  1130  1200 E ConfigFileUtils: Failed to read config file: /data/user_de/0/com.google.android.gms/app_chimera/current_modules_init.pb (No such file or directory)
06-27 22:00:43.211   878  1248 W ChimeraUtils: Non Chimera context
06-27 22:00:43.223   410   479 I ActivityManager: Start proc 1396:com.google.process.gapps/u0a33 for broadcast com.google.android.syncadapters.contacts/.ContactsSyncAdapterBroadcastReceiver
06-27 22:00:43.314  1396  1396 I art     : Starting a blocking GC AddRemoveAppImageSpace
06-27 22:00:43.315  1396  1396 W System  : ClassLoader referenced unknown path: /system/app/GoogleContactsSyncAdapter/lib/arm64
06-27 22:00:43.358  1130  1197 W art     : Verification of void res.a(android.content.Context, int, java.lang.String, android.app.PendingIntent) took 135.833ms
06-27 22:00:43.401  1321  1321 W Primes  : Primes not initialized, returning default (no-op) Primes instance which will ignore all calls. Please call Primes.initialize(...) before using any Primes API.
06-27 22:00:43.420  1396  1396 I GoogleHttpClient: GMS http client unavailable, use old client
06-27 22:00:43.458   410   955 W BroadcastQueue: Unable to launch app com.google.android.youtube.tv/10044 for broadcast Intent { act=android.intent.action.BOOT_COMPLETED flg=0x9000010 (has extras) }: process is bad
06-27 22:00:43.459   410   479 W BroadcastQueue: Unable to launch app com.rk_itvui.allapp/10023 for broadcast Intent { act=android.intent.action.BOOT_COMPLETED flg=0x9000010 (has extras) }: process is bad
06-27 22:00:43.471   410   479 I ActivityManager: Start proc 1419:com.rockchips.mediacenter/1000 for broadcast com.rockchips.mediacenter/.service.BootReceiver
06-27 22:00:43.497  1396  1418 I GoogleHttpClient: GMS http client unavailable, use old client
06-27 22:00:43.505  1130  1141 W art     : Suspending all threads took: 115.830ms
06-27 22:00:43.607   410  1308 I ActivityManager: Killing 1257:com.popcornhour.tvlauncher/u0a20 (adj 906): empty #4
06-27 22:00:43.619  1419  1419 I art     : Starting a blocking GC AddRemoveAppImageSpace
06-27 22:00:43.639   410   447 D ActivityManager: cleanUpApplicationRecord -- 1257
06-27 22:00:43.666  1130  1200 E PhenotypeRegOp: Attempting to overwrite config package for com.google.android.gms.car
06-27 22:00:43.734  1321  1332 W art     : Suspending all threads took: 11.041ms
06-27 22:00:43.759  1419  1419 I BaseApplication: Application
06-27 22:00:43.760  1419  1419 I MediaCenterApplication: versionName:2.9
06-27 22:00:43.760  1419  1419 W ContextImpl: Calling a method in the system process without a qualified user: android.app.ContextImpl.startService:1357 android.content.ContextWrapper.startService:613 com.rockchips.mediacenter.application.MediaCenterApplication.initService:93 com.rockchips.mediacenter.application.MediaCenterApplication.onCreate:45 android.app.Instrumentation.callApplicationOnCreate:1024 
06-27 22:00:43.829  1130  1200 E PhenotypeRegOp: Attempting to overwrite config package for com.google.android.gms.mobile_data_plan
06-27 22:00:43.904  1419  1419 I BootReceiver: onReceive
06-27 22:00:43.904  1419  1419 W ContextImpl: Calling a method in the system process without a qualified user: android.app.ContextImpl.startService:1357 android.content.ContextWrapper.startService:613 android.content.ContextWrapper.startService:613 com.rockchips.mediacenter.service.BootReceiver.onReceive:17 android.app.ActivityThread.handleReceiver:3041 
06-27 22:00:43.907   410   955 W BroadcastQueue: Unable to launch app com.termux.boot/10054 for broadcast Intent { act=android.intent.action.BOOT_COMPLETED flg=0x9000010 (has extras) }: process is bad
06-27 22:00:43.909  1342  1342 I ample.changeled: type=1400 audit(0.0:54): avc: denied { write } for name="brightness" dev="sysfs" ino=13721 scontext=u:r:system_app:s0 tcontext=u:object_r:sysfs:s0 tclass=file permissive=1
06-27 22:00:43.910  1342  1342 D Receiver_LPF: action = android.net.ethernet.ETHERNET_STATE_CHANGED
06-27 22:00:43.910  1342  1342 I Receiver_LPF: ethernetState:1
06-27 22:00:43.910  1342  1342 I Receiver_LPF: mNetWorkStatus:0
06-27 22:00:43.910  1342  1342 I Receiver_LPF: mScrrenStatus:1
06-27 22:00:43.910  1342  1342 I Receiver_LPF: writeInfoIntoFile->info:0
06-27 22:00:43.917  1419  1419 W ContextImpl: Calling a method in the system process without a qualified user: android.app.ContextImpl.startService:1357 android.content.ContextWrapper.startService:613 com.rockchips.mediacenter.service.DeviceMonitorService.attachService:378 com.rockchips.mediacenter.service.DeviceMonitorService.onCreate:193 android.app.ActivityThread.handleCreateService:3192 
06-27 22:00:43.923   192   192 I audioserver: type=1400 audit(0.0:55): avc: denied { read } for scontext=u:r:audioserver:s0 tcontext=u:r:audioserver:s0 tclass=netlink_kobject_uevent_socket permissive=1
06-27 22:00:43.928  1342  1342 I Receiver_LPF: writeInfoIntoFile->info:1
06-27 22:00:43.930   410   447 I ActivityManager: Start proc 1440:com.rockchips.mediacenter:dmr_service/1000 for service com.rockchips.mediacenter/com.rockchip.mediacenter.SystemDeviceService
06-27 22:00:43.932  1419  1419 W ContextImpl: Calling a method in the system process without a qualified user: android.app.ContextImpl.bindService:1421 android.content.ContextWrapper.bindService:636 com.rockchips.mediacenter.service.DeviceMonitorService.attachService:383 com.rockchips.mediacenter.service.DeviceMonitorService.onCreate:193 android.app.ActivityThread.handleCreateService:3192 
06-27 22:00:44.004  1342  1342 D Receiver_LPF: action = android.net.ethernet.ETHERNET_STATE_CHANGED
06-27 22:00:44.004  1342  1342 I Receiver_LPF: ethernetState:2
06-27 22:00:44.004  1342  1342 I Receiver_LPF: mNetWorkStatus:1
06-27 22:00:44.004  1342  1342 I Receiver_LPF: mScrrenStatus:1
06-27 22:00:44.004  1342  1342 I Receiver_LPF: writeInfoIntoFile->info:1
06-27 22:00:44.034  1419  1419 I UpnpServiceImpl: >>> Starting UPnP service...
06-27 22:00:44.034  1419  1419 I UpnpServiceImpl: Using configuration: org.fourthline.cling.android.AndroidUpnpServiceConfiguration
06-27 22:00:44.035  1419  1454 I DeviceInitCheckThread: DeviceInitCheckThread->startTime:1561662044035
06-27 22:00:44.058  1342  1342 I Receiver_LPF: writeInfoIntoFile->info:0
06-27 22:00:44.074  1419  1419 I Router  : Creating Router: org.fourthline.cling.android.AndroidRouter
06-27 22:00:44.124   410   479 W BroadcastQueue: Unable to launch app com.android.rockchip/1000 for broadcast Intent { act=android.net.conn.CONNECTIVITY_CHANGE flg=0x4000010 (has extras) }: process is bad
06-27 22:00:44.171  1419  1419 W ActivityThread: ClassLoader.loadClass: The class loader returned by Thread.getContextClassLoader() may fail for processes that host multiple applications. You should explicitly specify a context class loader. For example: Thread.setContextClassLoader(getClass().getClassLoader());
06-27 22:00:44.184  1419  1419 I MulticastReceiver: Creating wildcard socket (for receiving multicast datagrams) on port: 1900
06-27 22:00:44.205  1321  1332 W art     : Suspending all threads took: 18.450ms
06-27 22:00:44.214  1440  1440 I art     : Starting a blocking GC AddRemoveAppImageSpace
06-27 22:00:44.226  1419  1419 I MulticastReceiver: Joining multicast group: /239.255.255.250:1900 on network interface: eth0
06-27 22:00:44.316  1419  1454 I DeviceInitCheckThread: DeviceInitCheckThread->allPreviewPhotoInfos->isEmpty:true
06-27 22:00:44.337  1419  1454 I DeviceInitCheckThread: DeviceInitCheckThread->allUsbPaths:[/storage/e14e8b4a-c6c3-4546-b069-dfbdf64d0b66]
06-27 22:00:44.337  1419  1454 I DeviceInitCheckThread: DeviceInitCheckThread->allSdCardPaths:[]
06-27 22:00:44.337  1419  1454 I DeviceInitCheckThread: DeviceInitCheckThread->internelStoragePath:/storage/emulated/0
06-27 22:00:44.342  1440  1440 I BaseApplication: Application
06-27 22:00:44.343  1419  1454 I DeviceInitCheckThread: DeviceInitCheckThread->endTime:1561662044343
06-27 22:00:44.343  1440  1440 I MediaCenterApplication: versionName:2.9
06-27 22:00:44.344  1440  1440 W ContextImpl: Calling a method in the system process without a qualified user: android.app.ContextImpl.startService:1357 android.content.ContextWrapper.startService:613 com.rockchips.mediacenter.application.MediaCenterApplication.initService:93 com.rockchips.mediacenter.application.MediaCenterApplication.onCreate:45 android.app.Instrumentation.callApplicationOnCreate:1024 
06-27 22:00:44.348  1419  1468 I NetWorCheckThread: NetWorkCheckThread->isConnected:true
06-27 22:00:44.352  1419  1468 I NetWorCheckThread: NetWorkCheckThread->smbStr:
06-27 22:00:44.352  1419  1468 I NetWorCheckThread: NetWorkCheckThread->smbInfos:null
06-27 22:00:44.365  1419  1467 I DeviceMountThread: DeviceMountThread->startTime:1561662044365
06-27 22:00:44.365  1419  1467 I DeviceMountThread: DeviceMountThread->deviceType:-11
06-27 22:00:44.365  1419  1467 I DeviceMountThread: DeviceMountThread->mountPath:/storage/e14e8b4a-c6c3-4546-b069-dfbdf64d0b66
06-27 22:00:44.365  1419  1467 I DeviceMountThread: DeviceMountThread->mountState:1
06-27 22:00:44.365  1419  1467 I DeviceMountThread: DeviceMountThread->isFromNetWork:false
06-27 22:00:44.365  1419  1467 I DeviceMountThread: DeviceMountThread->netWorkPath:
06-27 22:00:44.365  1419  1467 I DeviceMountThread: DeviceMountThread->deviceName:e14e8b4a-c6c3-4546-b069-dfbdf64d0b66
06-27 22:00:44.367  1419  1467 I DeviceMountThread: DeviceMountThread->devices:[]
06-27 22:00:44.402  1440  1440 E SQLiteLog: (5) statement aborts at 2: [PRAGMA journal_mode=PERSIST] 
06-27 22:00:44.428  1419  1467 I DeviceMountThread: DeviceMountThread->endTime:1561662044428
06-27 22:00:44.428  1419  1467 I DeviceMountThread: DeviceMountThread->startTime:1561662044428
06-27 22:00:44.428  1419  1467 I DeviceMountThread: DeviceMountThread->deviceType:-13
06-27 22:00:44.428  1419  1467 I DeviceMountThread: DeviceMountThread->mountPath:/storage/emulated/0
06-27 22:00:44.428  1419  1467 I DeviceMountThread: DeviceMountThread->mountState:1
06-27 22:00:44.428  1419  1467 I DeviceMountThread: DeviceMountThread->isFromNetWork:false
06-27 22:00:44.428  1419  1467 I DeviceMountThread: DeviceMountThread->netWorkPath:
06-27 22:00:44.428  1419  1467 I DeviceMountThread: DeviceMountThread->deviceName:0
06-27 22:00:44.435  1440  1440 W SQLiteConnection: Could not change the database journal mode of '/data/user/0/com.rockchips.mediacenter/files/com.rockchips.mediacenter/mediacenter.db' from 'wal' to 'PERSIST' because the database is locked.  This usually means that there are other open connections to the database which prevents the database from enabling or disabling write-ahead logging mode.  Proceeding without changing the journal mode.
06-27 22:00:44.438  1419  1467 I DeviceMountThread: DeviceMountThread->devices:[]
06-27 22:00:44.458  1419  1470 I FileScanThread: FileScanThread start time:1561662044458
06-27 22:00:44.471  1419  1470 I mediacenter-jni native.cpp: JNI_OnLoad
06-27 22:00:44.474  1419  1467 I DeviceMountThread: DeviceMountThread->endTime:1561662044474
06-27 22:00:44.485   862   863 E sdcard  : opendir /mnt/media_rw/e14e8b4a-c6c3-4546-b069-dfbdf64d0b66/lost+found failed: Permission denied
06-27 22:00:44.512  1419  1471 I FileScanThread: FileScanThread start time:1561662044500
06-27 22:00:44.539  1440  1440 W ActivityThread: ClassLoader.loadClass: The class loader returned by Thread.getContextClassLoader() may fail for processes that host multiple applications. You should explicitly specify a context class loader. For example: Thread.setContextClassLoader(getClass().getClassLoader());
06-27 22:00:44.617  1419  1470 I FileScanThread: mTmpFileInfos->size:0
06-27 22:00:44.618  1419  1470 I FileScanThread: FileScanThread end time:1561662044618
06-27 22:00:44.618  1419  1470 I FileScanThread: FileScanThread total time:0s
06-27 22:00:44.625   410   511 I InputReader: 1--1-----KeyCode=22, scanCode=106
06-27 22:00:44.626   410   511 I InputReader: 1--22-----KeyCode=22, scanCode=106
06-27 22:00:44.626   410   511 I InputReader: KeyCode=22, scanCode=106
06-27 22:00:44.626   410   511 D WindowManager: interceptKeyTq keycode=22 interactive=true keyguardActive=false policyFlags=22000000
06-27 22:00:44.627   410   510 D WindowManager: interceptKeyTi keyCode=22 down=true repeatCount=0 keyguardOn=false mHomePressed=false canceled=false
06-27 22:00:44.715   410   511 I InputReader: 1--1-----KeyCode=22, scanCode=106
06-27 22:00:44.716   410   511 D WindowManager: interceptKeyTq keycode=22 interactive=true keyguardActive=false policyFlags=22000000
06-27 22:00:44.716   410   510 D WindowManager: interceptKeyTi keyCode=22 down=false repeatCount=0 keyguardOn=false mHomePressed=false canceled=false
06-27 22:00:45.216  1130  1130 E ConnectivityChangeRecei: Ignoring connectivity change
06-27 22:00:45.275  1419  1419 I JettyServletContainer: Registering UPnP servlet under context path: /upnp
06-27 22:00:45.278  1419  1419 I DatagramIO: Creating bound socket (for datagram input/output) on: 192.168.1.200/192.168.1.200
06-27 22:00:45.302  1419  1419 I StreamClient: Starting Jetty HttpClient...
06-27 22:00:45.333  1419  1430 W art     : Suspending all threads took: 21.572ms
06-27 22:00:45.337  1419  1479 I JettyServletContainer: Starting Jetty server... 
06-27 22:00:45.338  1419  1479 I Server  : jetty-8.y.z-SNAPSHOT
06-27 22:00:45.384  1419  1419 I UpnpServiceImpl: <<< UPnP service started successfully
06-27 22:00:45.443  1419  1419 I NetWorkChangeReceiver: onReceive->intent->action:android.net.conn.CONNECTIVITY_CHANGE
06-27 22:00:45.444  1419  1419 W ContextImpl: Calling a method in the system process without a qualified user: android.app.ContextImpl.startService:1357 android.content.ContextWrapper.startService:613 android.content.ContextWrapper.startService:613 com.rockchips.mediacenter.service.NetWorkChangeReceiver.onReceive:27 android.app.ActivityThread.handleReceiver:3041 
06-27 22:00:45.475  1419  1419 I Router  : Connectivity change detected...
06-27 22:00:45.475  1419  1419 I Router  : EXTRA_NO_CONNECTIVITY: false
06-27 22:00:45.475  1419  1419 I Router  : EXTRA_REASON: null
06-27 22:00:45.476  1419  1419 I Router  : EXTRA_IS_FAILOVER: false
06-27 22:00:45.476  1419  1419 I Router  : EXTRA_NETWORK_INFO: [type: Ethernet[], state: CONNECTED/CONNECTED, reason: (unspecified), extra: b2:db:08:28:f0:d0, failover: false, available: true, roaming: false, metered: false]
06-27 22:00:45.476  1419  1419 I Router  : EXTRA_OTHER_NETWORK_INFO: none
06-27 22:00:45.476  1419  1419 I Router  : EXTRA_EXTRA_INFO: b2:db:08:28:f0:d0
06-27 22:00:45.500  1419  1419 I Router  : No actual network change... ignoring event!
06-27 22:00:45.554  1419  1468 I NetWorCheckThread: NetWorkCheckThread->isConnected:true
06-27 22:00:45.556  1419  1468 I NetWorCheckThread: NetWorkCheckThread->smbStr:
06-27 22:00:45.556  1419  1468 I NetWorCheckThread: NetWorkCheckThread->smbInfos:null
06-27 22:00:45.589  1130  1213 I SystemUpdate: [Installation,ReceiverIntentOperation] Received intent: Intent { act=com.google.android.gms.update.BASE_MODULE_INIT cat=[targeted_intent_op_prefix:.update.control.ReceiverIntentOperation] cmp=com.google.android.gms/.chimera.GmsIntentOperationService }.
06-27 22:00:45.655  1130  1200 W ChimeraUtils: Non Chimera context
06-27 22:00:45.689  1440  1440 D SystemDeviceService: [isHostInterfaceChanged] bindAddresses/addrs is null. 
06-27 22:00:45.832  1130  1494 I Auth    : [FRP,FrpUpdateIntentOperation] Frp is not supported for this device / user
06-27 22:00:45.859   410   511 I InputReader: 1--1-----KeyCode=0, scanCode=232
06-27 22:00:45.860   410   511 I InputReader: 1--22-----KeyCode=23, scanCode=232
06-27 22:00:45.860   410   511 I InputReader: KeyCode=23, scanCode=232
06-27 22:00:45.861   410   511 D WindowManager: interceptKeyTq keycode=23 interactive=true keyguardActive=false policyFlags=22000000
06-27 22:00:45.861   410   510 D WindowManager: interceptKeyTi keyCode=23 down=true repeatCount=0 keyguardOn=false mHomePressed=false canceled=false
06-27 22:00:45.909  1419  1479 I AbstractConnector: Started SocketConnector@192.168.1.200:53723
06-27 22:00:45.925   878  1111 I GeofencerStateMachine: removeGeofences: removeRequest=RemoveGeofencingRequest[REMOVE_BY_PENDING_INTENT pendingIntent=PendingIntent[creatorPackage=com.google.android.gms], packageName=com.google.android.gms]
06-27 22:00:45.925  1130  1197 W ChimeraUtils: Non Chimera context
06-27 22:00:45.927  1130  1200 I Auth    : [WorkAccount] update authenticator enabled for boot or update
06-27 22:00:45.952   410   511 I InputReader: 1--1-----KeyCode=0, scanCode=232
06-27 22:00:45.952   410   511 D WindowManager: interceptKeyTq keycode=23 interactive=true keyguardActive=false policyFlags=22000000
06-27 22:00:45.953   410   510 D WindowManager: interceptKeyTi keyCode=23 down=false repeatCount=0 keyguardOn=false mHomePressed=false canceled=false
06-27 22:00:45.964   410  1308 I ActivityManager: START u0 {act=android.intent.action.MAIN cat=[android.intent.category.LAUNCHER] flg=0x10000000 pkg=com.android.tv.settings cmp=com.android.tv.settings/.MainSettings} from uid 10053 on display 0
06-27 22:00:46.006   410   542 I ActivityManager: Start proc 1508:com.android.tv.settings/1000 for activity com.android.tv.settings/.MainSettings
06-27 22:00:46.013  1130  1141 W art     : Suspending all threads took: 11.177ms
06-27 22:00:46.084  1508  1508 I art     : Starting a blocking GC AddRemoveAppImageSpace
06-27 22:00:46.132   410   542 D ConnectivityService: listenForNetwork for uid/pid:10008/1130 NetworkRequest [ LISTEN id=4, [ Capabilities: INTERNET&NOT_RESTRICTED&TRUSTED&NOT_VPN] ]
06-27 22:00:46.133   410   531 D ConnectivityService: rematching NetworkAgentInfo [Ethernet () - 100]
06-27 22:00:46.134   410   531 D ConnectivityService:  network has: [ Transports: ETHERNET Capabilities: INTERNET&NOT_RESTRICTED&TRUSTED&NOT_VPN&VALIDATED&FOREGROUND LinkUpBandwidth>=100000Kbps LinkDnBandwidth>=100000Kbps]
06-27 22:00:46.134   410   531 D ConnectivityService: Network NetworkAgentInfo [Ethernet () - 100] was already satisfying request 1. No change.
