06-26 21:58:10.129   861   861 I bootstat: Logging histogram: bootstat_mtime_matches_content 1
06-26 21:58:10.129   861   861 I bootstat: Logging histogram: bootstat_mtime_matches_content 1
06-26 21:58:10.129   861   861 I bootstat: Logging histogram: bootstat_mtime_matches_content 1
06-26 21:58:10.129   861   861 I bootstat: Logging histogram: bootstat_mtime_matches_content 1
06-26 21:58:10.129   861   861 I bootstat: Logging histogram: bootstat_mtime_matches_content 1
06-26 21:58:10.130   861   861 I bootstat: Logging histogram: bootstat_mtime_matches_content 1
06-26 21:58:10.130   861   861 I bootstat: Logging histogram: bootstat_mtime_matches_content 1
06-26 21:58:10.130   861   861 I bootstat: Logging histogram: last_boot_time_utc 1561575490
06-26 21:58:10.130   861   861 I bootstat: Logging histogram: build_date 1507888948
06-26 21:58:10.130   861   861 I bootstat: Logging histogram: ota_boot_complete_no_encryption 173
06-26 21:58:10.130   861   861 I bootstat: Logging histogram: ota_boot_complete 173
06-26 21:58:10.130   861   861 I bootstat: Logging histogram: boot_reason 1
06-26 21:58:10.130   861   861 I bootstat: Logging histogram: factory_reset_current_time 1561575490
06-26 21:58:10.130   861   861 I bootstat: Logging histogram: factory_reset 174
06-26 21:58:10.130   861   861 I bootstat: Logging histogram: time_since_last_boot -10380
06-26 21:58:10.130   861   861 I bootstat: Logging histogram: boot_complete_no_encryption 14
06-26 21:58:10.130   861   861 I bootstat: Logging histogram: boot_complete 14
06-26 21:58:10.130   861   861 I bootstat: Logging histogram: factory_reset_record_value 174
06-26 21:58:10.130   861   861 I bootstat: Logging histogram: time_since_factory_reset 1561575316
06-26 21:58:10.167   410   515 D VoldConnector: RCV <- {651 public:8,1 2}
06-26 21:58:10.167   410   515 D VoldConnector: RCV <- {200 6 Command succeeded}
06-26 21:58:10.168   410   514 E VoldConnector: NDC Command {6 volume mount public:8,1 2 0} took too long (1147ms)
06-26 21:58:10.178   197   682 E OMXNodeInstance: getExtensionIndex(c50019:google.vp8.decoder, OMX.google.android.index.configureVideoTunnelMode) ERROR: UnsupportedIndex(0x8000101a)
06-26 21:58:10.178   197   220 W OMXNodeInstance: [c50019:google.vp8.decoder] component does not support metadata mode; using fallback
06-26 21:58:10.181   203   203 I MediaPlayerService: MediaPlayerService::getOMX
06-26 21:58:10.182   203   203 I OMXClient: MuxOMX ctor
06-26 21:58:10.182   197   197 I OMXMaster: makeComponentInstance(OMX.google.vp9.decoder) in mediacodec process
06-26 21:58:10.199   195   195 W cutils  : Expected path /data/data/com.google.android.gms with mode 700 but found 751
06-26 21:58:10.201   195   195 W cutils  : Expected path /data/data/com.google.android.gms with mode 700 but found 751
06-26 21:58:10.248   197   220 E OMXNodeInstance: getExtensionIndex(c5001a:google.vp9.decoder, OMX.google.android.index.configureVideoTunnelMode) ERROR: UnsupportedIndex(0x8000101a)
06-26 21:58:10.248   197   220 W OMXNodeInstance: [c5001a:google.vp9.decoder] component does not support metadata mode; using fallback
06-26 21:58:10.250   203   203 I MediaPlayerService: MediaPlayerService::getOMX
06-26 21:58:10.251   203   203 I OMXClient: MuxOMX ctor
06-26 21:58:10.252   197   681 I OMXMaster: makeComponentInstance(OMX.google.h263.encoder) in mediacodec process
06-26 21:58:10.312   410   479 V PackageManager: reconcileAppsData finished 71 packages
06-26 21:58:10.312   410   542 W art     : Long monitor contention with owner ActivityManager (479) at void com.android.server.am.ActivityManagerService.finishBooting()(ActivityManagerService.java:7019) waiters=0 in void com.android.server.am.ActivityManagerService.attachApplication(android.app.IApplicationThread) for 320ms
06-26 21:58:10.316   410   478 W art     : Long monitor contention with owner ActivityManager (479) at void com.android.server.am.ActivityManagerService.finishBooting()(ActivityManagerService.java:7019) waiters=3 in int[] com.android.server.am.ActivityManagerService.getRunningUserIds() for 237ms
06-26 21:58:10.326   410   479 D MountService: onUnlockUser 0
06-26 21:58:10.326   410   479 D VoldConnector: SND -> {7 volume user_started 0}
06-26 21:58:10.327   197   681 I SoftMPEG4Encoder: Construct SoftMPEG4Encoder
06-26 21:58:10.329   154   165 D vold    : Linking /storage/emulated/0 to /mnt/user/0/primary
06-26 21:58:10.329   410   515 D VoldConnector: RCV <- {200 7 Command succeeded}
06-26 21:58:10.333   410   514 D MountService: Volume emulated broadcasting mounted to UserHandle{0}
06-26 21:58:10.333   410   448 I StatusBarManagerService: registerStatusBar bar=com.android.internal.statusbar.IStatusBar$Stub$Proxy@7cbf393
06-26 21:58:10.334   410   514 D MountService: Volume public:8,1 broadcasting mounted to UserHandle{0}
06-26 21:58:10.336   203   203 W ACodec  : do not know color format 0x7f000789 = 2130708361
06-26 21:58:10.337   197   220 E OMXNodeInstance: getConfig(c5001b:google.h263.encoder, ConfigAndroidIntraRefresh(0x6f60000a)) ERROR: Undefined(0x80001001)
06-26 21:58:10.344   203   203 I MediaPlayerService: MediaPlayerService::getOMX
06-26 21:58:10.345   203   203 I OMXClient: MuxOMX ctor
06-26 21:58:10.345   197   220 I OMXMaster: makeComponentInstance(OMX.google.mpeg4.encoder) in mediacodec process
06-26 21:58:10.347   833   833 W System  : ClassLoader referenced unknown path: /system/priv-app/GoogleExtServices/lib/arm64
06-26 21:58:10.365   620   620 D StorageNotification: Notifying about public volume: VolumeInfo{public:8,1}:
06-26 21:58:10.365   620   620 D StorageNotification:     type=PUBLIC diskId=disk:8,0 partGuid=null mountFlags=VISIBLE mountUserId=0 
06-26 21:58:10.365   620   620 D StorageNotification:     state=MOUNTED 
06-26 21:58:10.365   620   620 D StorageNotification:     fsType=ext4 fsUuid=e14e8b4a-c6c3-4546-b069-dfbdf64d0b66 fsLabel=512Gb ext4 
06-26 21:58:10.365   620   620 D StorageNotification:     path=/storage/e14e8b4a-c6c3-4546-b069-dfbdf64d0b66 
06-26 21:58:10.365   620   620 D StorageNotification:     internalPath=/mnt/media_rw/e14e8b4a-c6c3-4546-b069-dfbdf64d0b66 
06-26 21:58:10.377   410   519 W BroadcastQueue: Unable to launch app com.google.android.gms/10008 for broadcast Intent { act=android.location.PROVIDERS_CHANGED flg=0x10 }: process is bad
06-26 21:58:10.410   410   421 I art     : Background sticky concurrent mark sweep GC freed 24140(1833KB) AllocSpace objects, 4(100KB) LOS objects, 16% free, 8MB/9MB, paused 5.263ms total 68.599ms
06-26 21:58:10.413   410   478 W Searchables: No global search activity found
06-26 21:58:10.419   410   479 V BackupManagerService: Starting with transport com.google.android.gms/.backup.BackupTransportService
06-26 21:58:10.419   410   479 V BackupManagerService: Found transports: 2
06-26 21:58:10.426   197   220 I SoftMPEG4Encoder: Construct SoftMPEG4Encoder
06-26 21:58:10.429   203   203 W ACodec  : do not know color format 0x7f000789 = 2130708361
06-26 21:58:10.429   197   197 E OMXNodeInstance: getConfig(c5001c:google.mpeg4.encoder, ConfigAndroidIntraRefresh(0x6f60000a)) ERROR: Undefined(0x80001001)
06-26 21:58:10.432   203   203 I MediaPlayerService: MediaPlayerService::getOMX
06-26 21:58:10.433   203   203 I OMXClient: MuxOMX ctor
06-26 21:58:10.433   197   220 I OMXMaster: makeComponentInstance(OMX.google.vp8.encoder) in mediacodec process
06-26 21:58:10.435   410   479 I ActivityManager: Start proc 878:com.google.android.gms.persistent/u0a8 for service com.google.android.gms/.backup.BackupTransportService
06-26 21:58:10.448   410   479 I BackupManagerService: Backup enabled => true
06-26 21:58:10.462   410   410 V BackupManagerService: Connected to transport ComponentInfo{android/com.android.internal.backup.LocalTransportService}
06-26 21:58:10.462   410   410 V BackupManagerService: Registering transport android/com.android.internal.backup.LocalTransportService::android/com.android.internal.backup.LocalTransport = android.app.backup.BackupTransport$TransportImpl@6f3d2bf
06-26 21:58:10.479   410   479 V KeyValueBackupJob: Scheduling k/v pass in 241 minutes
06-26 21:58:10.487   410   479 W VoiceInteractionManagerService: no available voice interaction services found for user 0
06-26 21:58:10.487   410   479 W VoiceInteractionManagerService: no available voice recognition services found for user 0
06-26 21:58:10.490   410   479 I ActivityManager: Loading recents for user 0 into memory.
06-26 21:58:10.496   410   873 I BackupManagerService: Found stale backup journal, scheduling
06-26 21:58:10.512   203   203 W ACodec  : do not know color format 0x7f000789 = 2130708361
06-26 21:58:10.513   197   682 E OMXNodeInstance: getConfig(c5001d:google.vp8.encoder, ConfigAndroidIntraRefresh(0x6f60000a)) ERROR: Undefined(0x80001001)
06-26 21:58:10.518   203   203 I MediaPlayerService: MediaPlayerService::getOMX
06-26 21:58:10.518   203   203 I OMXClient: MuxOMX ctor
06-26 21:58:10.537   203   203 I MediaPlayerService: MediaPlayerService::getOMX
06-26 21:58:10.537   203   203 I OMXClient: MuxOMX ctor
06-26 21:58:10.538   203   203 W MediaCodecList: unable to open media codecs configuration xml file: /data/misc/media/media_codecs_profiling_results.xml
06-26 21:58:10.538   203   735 I MediaPlayerService: MediaPlayerService::getOMX
06-26 21:58:10.539   203   735 I OMXClient: MuxOMX ctor
06-26 21:58:10.540   203   735 I ACodec  : onAllocateComponent:6703 mSoftCodecPref:0 componentName:
06-26 21:58:10.540   203   735 I ACodec  : onAllocateComponent:6734 mSoftCodecPref:0 componentName:OMX.google.vorbis.decoder
06-26 21:58:10.540   197   682 I OMXMaster: makeComponentInstance(OMX.google.vorbis.decoder) in mediacodec process
06-26 21:58:10.541   203   265 I MediaPlayerService: MediaPlayerService::getOMX
06-26 21:58:10.541   203   675 I MediaPlayerService: MediaPlayerService::getOMX
06-26 21:58:10.542   410   668 I OMXClient: MuxOMX ctor
06-26 21:58:10.542   410   668 I ACodec  : onAllocateComponent:6703 mSoftCodecPref:0 componentName:
06-26 21:58:10.544   410   668 I ACodec  : onAllocateComponent:6734 mSoftCodecPref:0 componentName:OMX.google.vorbis.decoder
06-26 21:58:10.544   620   748 I OMXClient: MuxOMX ctor
06-26 21:58:10.544   620   748 I ACodec  : onAllocateComponent:6703 mSoftCodecPref:0 componentName:
06-26 21:58:10.546   620   748 I ACodec  : onAllocateComponent:6734 mSoftCodecPref:0 componentName:OMX.google.vorbis.decoder
06-26 21:58:10.558   410   479 I ActivityManager: Start proc 902:com.example.changeled/1000 for added application com.example.changeled
06-26 21:58:10.570   410   479 I ActivityManager: Start proc 915:com.android.inputmethod.latin/u0a35 for added application com.android.inputmethod.latin
06-26 21:58:10.586   410   479 I ActivityManager: Start proc 925:com.cghs.stresstest/1000 for added application com.cghs.stresstest
06-26 21:58:10.591   410   479 D ActivityManager: Sending BOOT_COMPLETE user #0
06-26 21:58:10.603   620   757 I vol.Events: writeEvent level_changed STREAM_SYSTEM 7
06-26 21:58:10.604   620   757 I vol.Events: writeEvent level_changed STREAM_SYSTEM 2
06-26 21:58:10.610   634   634 D FallbackHome: User unlocked and real home found; let's go!
06-26 21:58:10.627   197   220 I OMXMaster: makeComponentInstance(OMX.google.vorbis.decoder) in mediacodec process
06-26 21:58:10.628   197   681 I OMXMaster: makeComponentInstance(OMX.google.vorbis.decoder) in mediacodec process
06-26 21:58:10.630   197   197 E OMXNodeInstance: setConfig(c5001e:google.vorbis.decoder, ConfigPriority(0x6f800002)) ERROR: Undefined(0x80001001)
06-26 21:58:10.630   203   735 I ACodec  : codec does not support config priority (err -2147483648)
06-26 21:58:10.634   410   955 I ActivityManager: START u0 {act=android.intent.action.MAIN cat=[android.intent.category.HOME] flg=0x10000100 cmp=org.cosinus.launchertv/.Launcher} from uid 0 on display 0
06-26 21:58:10.636   203   735 I MediaCodec: MediaCodec will operate in async mode
06-26 21:58:10.677   410   955 I ActivityManager: Start proc 965:org.cosinus.launchertv/u0a53 for activity org.cosinus.launchertv/.Launcher
06-26 21:58:10.680   203   733 D AudioTrack: Client defaulted notificationFrames to 11264 for frameCount 22528
06-26 21:58:10.712   410   953 I ActivityManager: Start proc 976:com.android.keychain/1000 for service com.android.keychain/.KeyChainService
06-26 21:58:10.757   410   663 I MediaCodec: callingProcessName:system_server
06-26 21:58:10.759   203   265 I MediaPlayerService: MediaPlayerService::getOMX
06-26 21:58:10.760   410   993 I OMXClient: MuxOMX ctor
06-26 21:58:10.760   410   993 I ACodec  : onAllocateComponent:6703 mSoftCodecPref:0 componentName:
06-26 21:58:10.762   410   993 I ACodec  : onAllocateComponent:6734 mSoftCodecPref:0 componentName:OMX.google.vorbis.decoder
06-26 21:58:10.763   197   963 I OMXMaster: makeComponentInstance(OMX.google.vorbis.decoder) in mediacodec process
06-26 21:58:10.771   965   965 I art     : Starting a blocking GC AddRemoveAppImageSpace
06-26 21:58:10.772   965   965 W System  : ClassLoader referenced unknown path: /data/app/org.cosinus.launchertv-1/lib/arm64
06-26 21:58:10.773   410   410 I AccountManagerService: User 0 is unlocked - opening CE database
06-26 21:58:10.788   620   745 I MediaCodec: callingProcessName:com.android.systemui
06-26 21:58:10.807   203   673 I MediaPlayerService: MediaPlayerService::getOMX
06-26 21:58:10.809   620   999 I OMXClient: MuxOMX ctor
06-26 21:58:10.809   620   999 I ACodec  : onAllocateComponent:6703 mSoftCodecPref:0 componentName:
06-26 21:58:10.810   620   999 I ACodec  : onAllocateComponent:6734 mSoftCodecPref:0 componentName:OMX.google.vorbis.decoder
06-26 21:58:10.811   197   220 I OMXMaster: makeComponentInstance(OMX.google.vorbis.decoder) in mediacodec process
06-26 21:58:10.832   976   976 I art     : Starting a blocking GC AddRemoveAppImageSpace
06-26 21:58:10.832   976   976 W System  : ClassLoader referenced unknown path: /system/app/KeyChain/lib/arm64
06-26 21:58:10.843   192   192 I AudioOut_D: type=1400 audit(0.0:48): avc: denied { read } for name="audioinfo" dev="sysfs" ino=10339 scontext=u:r:audioserver:s0 tcontext=u:object_r:sysfs_hdmi:s0 tclass=file permissive=1
06-26 21:58:10.843   192   192 I AudioOut_D: type=1400 audit(0.0:49): avc: denied { open } for path="/sys/devices/virtual/display/HDMI/audioinfo" dev="sysfs" ino=10339 scontext=u:r:audioserver:s0 tcontext=u:object_r:sysfs_hdmi:s0 tclass=file permissive=1
06-26 21:58:10.843   192   192 I AudioOut_D: type=1400 audit(0.0:50): avc: denied { getattr } for path="/sys/devices/virtual/display/HDMI/audioinfo" dev="sysfs" ino=10339 scontext=u:r:audioserver:s0 tcontext=u:object_r:sysfs_hdmi:s0 tclass=file permissive=1
06-26 21:58:10.845   192   240 D AudioHardwareTiny: out_set_parameters: kvpairs = routing=1024
06-26 21:58:10.847   203   678 D NuPlayerDriver: notifyListener_l(0xe6220a80), (6, 0, 0), loop setting(0, 0)
06-26 21:58:10.847   192   240 E AudioFlinger: no wake lock to update, but system ready!
06-26 21:58:10.847   192   240 D AudioHardwareTiny: start_output_stream
06-26 21:58:10.848   192   240 D AudioHardwareTiny: Device     : 0x402
06-26 21:58:10.848   192   240 D AudioHardwareTiny: SampleRate : 44100
06-26 21:58:10.848   192   240 D AudioHardwareTiny: Channels   : 2
06-26 21:58:10.848   192   240 D AudioHardwareTiny: Formate    : 0
06-26 21:58:10.849   192   240 D AudioHardwareTiny: PreiodSize : 512
06-26 21:58:10.849   192   240 D alsa_route: route_info->sound_card 0, route_info->devices 0  
06-26 21:58:10.849   192   240 D alsa_route: route_set_controls() set route 24
06-26 21:58:10.915   925   925 W System  : ClassLoader referenced unknown path: /system/priv-app/StressTest/lib/arm64
06-26 21:58:10.919   410   480 W WindowManager: Keyguard drawn timeout. Setting mKeyguardDrawComplete
06-26 21:58:10.929   410   663 I MediaCodec: callingProcessName:system_server
06-26 21:58:10.932   203   760 I MediaPlayerService: MediaPlayerService::getOMX
06-26 21:58:10.933   410  1007 I OMXClient: MuxOMX ctor
06-26 21:58:10.933   410  1007 I ACodec  : onAllocateComponent:6703 mSoftCodecPref:0 componentName:
06-26 21:58:10.935   410  1007 I ACodec  : onAllocateComponent:6734 mSoftCodecPref:0 componentName:OMX.google.vorbis.decoder
06-26 21:58:10.939   197   682 I OMXMaster: makeComponentInstance(OMX.google.vorbis.decoder) in mediacodec process
06-26 21:58:10.957   410   410 I FusedLocation: engine stopped (com.android.location.fused)
06-26 21:58:10.972   902   902 I art     : Starting a blocking GC AddRemoveAppImageSpace
06-26 21:58:10.989   902   902 W System  : ClassLoader referenced unknown path: /system/priv-app/ChangeLedStatus/lib/arm64
06-26 21:58:11.013   410   542 I ActivityManager: Killing 902:com.example.changeled/1000 (adj 906): empty #4
06-26 21:58:11.021   620   745 I MediaCodec: callingProcessName:com.android.systemui
06-26 21:58:11.027   203   760 I MediaPlayerService: MediaPlayerService::getOMX
06-26 21:58:11.027   965   965 I [Gralloc]:  ion device open success! fd = 45
06-26 21:58:11.028   620  1023 I OMXClient: MuxOMX ctor
06-26 21:58:11.029   620  1023 I ACodec  : onAllocateComponent:6703 mSoftCodecPref:0 componentName:
06-26 21:58:11.030   620  1023 I ACodec  : onAllocateComponent:6734 mSoftCodecPref:0 componentName:OMX.google.vorbis.decoder
06-26 21:58:11.031   197   964 I OMXMaster: makeComponentInstance(OMX.google.vorbis.decoder) in mediacodec process
06-26 21:58:11.043   410   663 I MediaCodec: callingProcessName:system_server
06-26 21:58:11.048   203   203 I MediaPlayerService: MediaPlayerService::getOMX
06-26 21:58:11.050   410  1026 I OMXClient: MuxOMX ctor
06-26 21:58:11.053   410  1026 I ACodec  : onAllocateComponent:6703 mSoftCodecPref:0 componentName:
06-26 21:58:11.055   410  1026 I ACodec  : onAllocateComponent:6734 mSoftCodecPref:0 componentName:OMX.google.vorbis.decoder
06-26 21:58:11.056   197   220 I OMXMaster: makeComponentInstance(OMX.google.vorbis.decoder) in mediacodec process
06-26 21:58:11.068   965  1022 I mali_so : [File] : hardware/rockchip/driver/./src/base/arch/arch_011_udd/base_arch_main.c; [Line] : 565; [Func] : deal_with_version_affairs_rk_ext;
06-26 21:58:11.068   965  1022 I mali_so : arm_release_ver of this mali_so is 'r7p0-00rel1', rk_so_ver is '1@2' for 3328h_android_7.1, built at '15:47:51', on 'Jun 28 2017'.
06-26 21:58:11.068   965  1022 I mali_so : [File] : hardware/rockchip/driver/./src/base/arch/arch_011_udd/base_arch_main.c; [Line] : 578; [Func] : deal_with_version_affairs_rk_ext;
06-26 21:58:11.068   965  1022 I mali_so : mali_ver_property has been set to 'r7p0-00rel1-5-1@2', to return.
06-26 21:58:11.070   965  1022 I OpenGLRenderer: Initialized EGL, version 1.4
06-26 21:58:11.070   965  1022 D OpenGLRenderer: Swap behavior 1
06-26 21:58:11.077   410   954 V InputMethodManagerService: Adding window token: android.os.Binder@84be375
06-26 21:58:11.136   410   447 D ActivityManager: cleanUpApplicationRecord -- 902
06-26 21:58:11.140   410   486 D xzj     : ----Launcher drawn done,box or vr not keygurad----
06-26 21:58:11.140   410   486 D xzj     : ----launcher drawn done,exit bootanim----
06-26 21:58:11.144   410   486 I ActivityManager: Displayed org.cosinus.launchertv/.Launcher: +495ms
06-26 21:58:11.192   915   915 I LatinIME: Hardware accelerated drawing: true
06-26 21:58:11.332   410   663 I MediaCodec: callingProcessName:system_server
06-26 21:58:11.334   203   265 I MediaPlayerService: MediaPlayerService::getOMX
06-26 21:58:11.335   410  1038 I OMXClient: MuxOMX ctor
06-26 21:58:11.335   410  1038 I ACodec  : onAllocateComponent:6703 mSoftCodecPref:0 componentName:
06-26 21:58:11.337   410  1038 I ACodec  : onAllocateComponent:6734 mSoftCodecPref:0 componentName:OMX.google.vorbis.decoder
06-26 21:58:11.339   197   682 I OMXMaster: makeComponentInstance(OMX.google.vorbis.decoder) in mediacodec process
06-26 21:58:11.395   878   878 W art     : Verification of void rps.attachBaseContext(android.content.Context) took 149.751ms
06-26 21:58:11.561   410   663 I MediaCodec: callingProcessName:system_server
06-26 21:58:11.564   203   760 I MediaPlayerService: MediaPlayerService::getOMX
06-26 21:58:11.565   410  1041 I OMXClient: MuxOMX ctor
06-26 21:58:11.565   410  1041 I ACodec  : onAllocateComponent:6703 mSoftCodecPref:0 componentName:
06-26 21:58:11.567   410  1041 I ACodec  : onAllocateComponent:6734 mSoftCodecPref:0 componentName:OMX.google.vorbis.decoder
06-26 21:58:11.569   197   682 I OMXMaster: makeComponentInstance(OMX.google.vorbis.decoder) in mediacodec process
06-26 21:58:11.614   878   878 W art     : Verification of void rps.onCreate() took 218.351ms
06-26 21:58:11.638   915   915 W InputAttributes: No editor info for this field. Bug?
06-26 21:58:11.642   915   915 W Vibrator: Failed to vibrate; no vibrator service.
06-26 21:58:11.651   915   915 I ResourceUtils: Found default value: resource=keypress_vibration_durations build=[HARDWARE=rk30board MODEL=RockBox-Basic BRAND=PopcornHour MANUFACTURER=rockchip] default=-1
06-26 21:58:11.652   915   915 I ResourceUtils: Found default value: resource=keypress_volumes build=[HARDWARE=rk30board MODEL=RockBox-Basic BRAND=PopcornHour MANUFACTURER=rockchip] default=-1.0f
06-26 21:58:11.653   410   617 D EthernetNetworkFactory: eth0 carrier = 1
06-26 21:58:11.653   410   617 D EthernetNetworkFactory: updateInterface: eth0 link up
06-26 21:58:11.655   410   552 D EthernetNetworkFactory: onRequestNetwork: eth0 carrier = 1
06-26 21:58:11.655   410   552 D EthernetNetworkFactory: sendEthernetStateChangedBroadcast: curState = CONNECTING
06-26 21:58:11.657   410  1044 D EthernetNetworkFactory: starting ipProvisioningThread(eth0): mNetworkInfo=[type: Ethernet[], state: UNKNOWN/IDLE, reason: (unspecified), extra: b2:db:08:28:f0:d0, failover: false, available: true, roaming: false, metered: false]
06-26 21:58:11.657   410  1044 D EthernetNetworkFactory: config DHCP
06-26 21:58:11.664   206   476 D CommandListener: Clearing all IP addresses on eth0
06-26 21:58:11.666   410  1046 D IpManager.eth0: newLp{{InterfaceName: eth0 LinkAddresses: []  Routes: [] DnsAddresses: [] Domains: null MTU: 0 TcpBufferSizes: 524288,1048576,3145728,524288,1048576,2097152}}
06-26 21:58:11.667   410  1046 D IpManager.eth0: CMD_UPDATE_TCP_BUFFER_SIZES eth0/2 0 0 524288,1048576,3145728,524288,1048576,2097152 [rcvd_in=StoppedState, proc_in=StoppedState]
06-26 21:58:11.669   410  1046 D IpManager.eth0: CMD_START eth0/2 0 0 ProvisioningConfiguration{mEnableIPv4: true, mEnableIPv6: true, mUsingIpReachabilityMonitor: true, mRequestedPreDhcpActionMs: 0, mStaticIpConfig: null, mApfCapabilities: null, mProvisioningTimeoutMs: 0} [rcvd_in=StoppedState, proc_in=StoppedState]
06-26 21:58:11.672   915  1047 I LatinIME:LogUtils: Dictionary info: dictionary = userunigram.en_US.dict ; version = ? ; date = ?
06-26 21:58:11.685   410   447 I ActivityManager: Start proc 1050:android.process.acore/u0a3 for content provider com.android.providers.userdictionary/.UserDictionaryProvider
06-26 21:58:11.715   203   734 I NuPlayerDecoder: [audio] saw output EOS
06-26 21:58:11.716   410  1065 D DhcpClient: Receive thread started
06-26 21:58:11.771   192   240 D AudioHardwareTiny: out_set_parameters: kvpairs = routing=1024
06-26 21:58:11.789   410  1046 D IpManager.eth0: newLp{{InterfaceName: eth0 LinkAddresses: [fe80::b0db:8ff:fe28:f0d0/64,]  Routes: [fe80::/64 -> :: eth0,] DnsAddresses: [] Domains: null MTU: 0 TcpBufferSizes: 524288,1048576,3145728,524288,1048576,2097152}}
06-26 21:58:11.790   410  1046 D IpManager.eth0: onLinkPropertiesChange()
06-26 21:58:11.791   410  1046 D EthernetNetworkFactory: onLinkPropertiesChange: lp = {InterfaceName: eth0 LinkAddresses: [fe80::b0db:8ff:fe28:f0d0/64,]  Routes: [fe80::/64 -> :: eth0,] DnsAddresses: [] Domains: null MTU: 0 TcpBufferSizes: 524288,1048576,3145728,524288,1048576,2097152}
06-26 21:58:11.793   410  1046 D IpManager.eth0: newLp{{InterfaceName: eth0 LinkAddresses: [fe80::b0db:8ff:fe28:f0d0/64,]  Routes: [fe80::/64 -> :: eth0,] DnsAddresses: [] Domains: null MTU: 0 TcpBufferSizes: 524288,1048576,3145728,524288,1048576,2097152}}
06-26 21:58:11.795   192   240 D AudioHardwareTiny: out_set_parameters: kvpairs = routing=1024
06-26 21:58:11.795   410  1046 D IpManager.eth0: CMD_PRE_DHCP_ACTION eth0/2 0 0 null [rcvd_in=RunningState, proc_in=RunningState]
06-26 21:58:11.796   192   245 D AudioHardwareTiny: adev_set_parameters: kvpairs = A2dpSuspended=false
06-26 21:58:11.796   410  1046 D IpManager.eth0: EVENT_PRE_DHCP_ACTION_COMPLETE eth0/2 0 0 null [rcvd_in=RunningState, proc_in=RunningState]
06-26 21:58:11.798  1050  1050 W System  : ClassLoader referenced unknown path: /system/app/UserDictionaryProvider/lib/arm64
06-26 21:58:11.799   410  1049 D DhcpClient: Broadcasting DHCPDISCOVER
06-26 21:58:11.822   410   448 I ActivityManager: Start proc 1067:com.google.process.gapps/u0a8 for content provider com.google.android.gsf/.gservices.GservicesProvider
06-26 21:58:11.828   192   240 D AudioHardwareTiny: out_set_parameters: kvpairs = routing=1024
06-26 21:58:11.848  1050  1050 W System  : ClassLoader referenced unknown path: /system/priv-app/ContactsProvider/lib/arm64
06-26 21:58:11.850  1050  1050 D ApplicationLoaders: ignored Vulkan layer search path /system/priv-app/ContactsProvider/lib/arm64:/system/lib64:/vendor/lib64 for namespace 0x7b1ffa70f0
06-26 21:58:11.851   192   240 D AudioHardwareTiny: out_set_parameters: kvpairs = routing=1024
06-26 21:58:11.877  1067  1067 I art     : Starting a blocking GC AddRemoveAppImageSpace
06-26 21:58:11.878  1067  1067 W System  : ClassLoader referenced unknown path: /system/priv-app/GoogleServicesFramework/lib/arm64
06-26 21:58:11.896   915  1045 I LatinIME:LogUtils: Dictionary info: dictionary = main:en ; version = 42 ; date = 1381226429
06-26 21:58:11.903  1067  1067 I GservicesProvider: Gservices pushing to system: true; secure/global: true
06-26 21:58:11.930  1050  1050 I ContactsPerf: VoicemailContentProvider.onCreate start
06-26 21:58:11.934  1050  1050 I ContactsPerf: VoicemailContentProvider.onCreate finish
06-26 21:58:11.950   915  1089 I LatinIME:LogUtils: Dictionary info: dictionary = UserHistoryDictionary.en_US.dic ; version = ? ; date = 1561660814
06-26 21:58:11.957   915  1090 I LatinIME:LogUtils: Dictionary info: dictionary = personalization.en_US.dict ; version = ? ; date = 177
06-26 21:58:11.964   915  1091 I LatinIME:LogUtils: Dictionary info: dictionary = PersonalizationPredictionDictio ; version = ? ; date = 1561222221
06-26 21:58:11.991   192   240 D AudioHardwareTiny: out_set_parameters: kvpairs = routing=1024
06-26 21:58:12.014   192   240 D AudioHardwareTiny: out_set_parameters: kvpairs = routing=1024
06-26 21:58:12.036  1067  1067 I GoogleHttpClient: GMS http client unavailable, use old client
06-26 21:58:12.164  1050  1086 I ContactLocale: AddressBook Labels [[en_US]]: [, A, B, C, D, E, F, G, H, I, J, K, L, M, N, O, P, Q, R, S, T, U, V, W, X, Y, Z, , , , , , , , , , , , , , , , , , , , , , , , , , , , , , , , , , , , , , , , , , , , , , , , , , , , , , , , , , , , , , , , , , , , , , , , , , , , , , , , , , , , , , , , , , , , , , , , , , , , , , , , , , , , , , , , , , , , , , , , , , , , , , , , , , , , , , , , , , , , , , , , , , , , , , , , , , , , , , , , , , , , , , , , , , , , , , , , , , , , , , , , , , , #, ]
06-26 21:58:12.317   203   678 D NuPlayerDriver: notifyListener_l(0xe6220a80), (2, 0, 0), loop setting(0, 0)
06-26 21:58:12.323  1050  1050 I ContactsProvide: type=1400 audit(0.0:51): avc: denied { read } for name="mm_stat" dev="sysfs" ino=11425 scontext=u:r:untrusted_app:s0:c512,c768 tcontext=u:object_r:sysfs_zram:s0 tclass=file permissive=1
06-26 21:58:12.323  1050  1050 I ContactsProvide: type=1400 audit(0.0:52): avc: denied { open } for path="/sys/devices/virtual/block/zram0/mm_stat" dev="sysfs" ino=11425 scontext=u:r:untrusted_app:s0:c512,c768 tcontext=u:object_r:sysfs_zram:s0 tclass=file permissive=1
06-26 21:58:12.323  1050  1050 I ContactsProvide: type=1400 audit(0.0:53): avc: denied { getattr } for path="/sys/devices/virtual/block/zram0/mm_stat" dev="sysfs" ino=11425 scontext=u:r:untrusted_app:s0:c512,c768 tcontext=u:object_r:sysfs_zram:s0 tclass=file permissive=1
06-26 21:58:12.348   192   240 E AudioFlinger: no wake lock to update, but system ready!
06-26 21:58:12.439   878   878 W DynamiteModule: Local module descriptor class for providerinstaller not found.
06-26 21:58:12.546   878   878 W ProviderHelper: Unknown dynamite feature providerinstaller
06-26 21:58:12.557   878   878 I DynamiteModule: Considering local module providerinstaller:0 and remote module providerinstaller:0
06-26 21:58:12.558   878   878 W ProviderInstaller: Failed to load providerinstaller module: No acceptable module found. Local version is 0 and remote version is 0.
06-26 21:58:12.608   878   878 V NativeCrypto: Registering com/google/android/gms/org/conscrypt/NativeCrypto's 284 native methods...
06-26 21:58:12.682   410  1046 D IpManager.eth0: newLp{{InterfaceName: eth0 LinkAddresses: [fe80::b0db:8ff:fe28:f0d0/64,]  Routes: [fe80::/64 -> :: eth0,] DnsAddresses: [] Domains: null MTU: 0 TcpBufferSizes: 524288,1048576,3145728,524288,1048576,2097152}}
06-26 21:58:12.730   878   878 D NetworkSecurityConfig: Using Network Security Config from resource network_security_config debugBuild: false
06-26 21:58:12.734   878   878 I ProviderInstaller: Installed default security provider GmsCore_OpenSSL
06-26 21:58:12.734   410   486 W WindowManager: App freeze timeout expired.
06-26 21:58:12.908   878   890 W art     : Suspending all threads took: 5.355ms
06-26 21:58:12.917   878   890 I art     : Background sticky concurrent mark sweep GC freed 8806(795KB) AllocSpace objects, 4(80KB) LOS objects, 25% free, 3MB/4MB, paused 9.001ms total 52.943ms
06-26 21:58:12.929   878   878 W Primes  : Primes not initialized, returning default (no-op) Primes instance which will ignore all calls. Please call Primes.initialize(...) before using any Primes API.
06-26 21:58:13.005   878   890 W art     : Suspending all threads took: 12.245ms
06-26 21:58:13.012   878   890 I art     : Background partial concurrent mark sweep GC freed 16946(1467KB) AllocSpace objects, 0(0B) LOS objects, 39% free, 3MB/5MB, paused 13.871ms total 44.077ms
06-26 21:58:13.119   878   878 I DynamiteModule: Considering local module com.google.android.gms.googlecertificates:4 and remote module com.google.android.gms.googlecertificates:4
06-26 21:58:13.119   878   878 I DynamiteModule: Selected local version of com.google.android.gms.googlecertificates
06-26 21:58:13.351   410   410 V BackupManagerService: Connected to transport ComponentInfo{com.google.android.gms/com.google.android.gms.backup.BackupTransportService}
06-26 21:58:13.352   410   410 V BackupManagerService: Registering transport com.google.android.gms/.backup.BackupTransportService::com.google.android.gms/.backup.BackupTransportService = com.android.internal.backup.IBackupTransport$Stub$Proxy@cd91f9c
06-26 21:58:13.455   878   878 D lvjinhua:  Failed while trying resolve alarm filter file, not exists
06-26 21:58:13.498   410   523 D WIFI    : Registering NetworkFactory
06-26 21:58:13.498   410   531 D ConnectivityService: Got NetworkFactory Messenger for WIFI
06-26 21:58:13.498   410   531 D ConnectivityService: NetworkFactory connected
06-26 21:58:13.499   410   523 D WIFI_UT : Registering NetworkFactory
06-26 21:58:13.500   410   523 D WIFI    : got request NetworkRequest [ REQUEST id=1, [ Capabilities: INTERNET&NOT_RESTRICTED&TRUSTED&NOT_VPN] ] with score 0
06-26 21:58:13.500   410   531 D ConnectivityService: Got NetworkFactory Messenger for WIFI_UT
06-26 21:58:13.500   410   531 D ConnectivityService: NetworkFactory connected
06-26 21:58:13.500   410   523 D WIFI_UT : got request NetworkRequest [ REQUEST id=1, [ Capabilities: INTERNET&NOT_RESTRICTED&TRUSTED&NOT_VPN] ] with score 0
06-26 21:58:13.673   878   878 D Backup  : [BackupScheduler] Setting backup scheduler enabled=false due to desired state 4
06-26 21:58:13.673   878   878 V Backup  : [BackupTransportCS] no backup now
06-26 21:58:13.673   878   878 V Backup  : [BackupTransportCS] Accounts changed
06-26 21:58:13.717   410   954 I ActivityManager: Start proc 1130:com.google.android.gms/u0a8 for service com.google.android.gms/.chimera.GmsIntentOperationService
06-26 21:58:13.755   634   634 D NewStorageActivity: Disk ID disk:8,0 has usable volumes, waiting for mount
06-26 21:58:13.770   410   447 I ActivityManager: Start proc 1144:com.android.externalstorage/u0a7 for broadcast com.android.externalstorage/.MountReceiver
06-26 21:58:13.812   203   203 D NuPlayerDriver: reset(0xe6220a80) at state 6
06-26 21:58:13.812   203   203 D NuPlayerDriver: notifyListener_l(0xe6220a80), (8, 0, 0), loop setting(0, 0)
06-26 21:58:13.819   203   678 W AMessage: failed to post message as target looper for handler 0 is gone.
06-26 21:58:13.820   203   678 D NuPlayerDriver: notifyResetComplete(0xe6220a80)
06-26 21:58:13.828  1144  1144 I art     : Starting a blocking GC AddRemoveAppImageSpace
06-26 21:58:13.829  1144  1144 W System  : ClassLoader referenced unknown path: /system/priv-app/ExternalStorageProvider/lib/arm64
06-26 21:58:13.844   878   878 W ChreGmsCore: Unable to construct RealContextHub.
06-26 21:58:13.844   878   878 W ChreGmsCore: java.lang.IllegalStateException: No ContextHubs were found in the platform.
06-26 21:58:13.844   878   878 W ChreGmsCore: 	at bswy.<init>(:com.google.android.gms@17785019@17.7.85 (040400-253824076):8)
06-26 21:58:13.844   878   878 W ChreGmsCore: 	at bfue.a(:com.google.android.gms@17785019@17.7.85 (040400-253824076):15)
06-26 21:58:13.844   878   878 W ChreGmsCore: 	at bfqn.<init>(:com.google.android.gms@17785019@17.7.85 (040400-253824076):16)
06-26 21:58:13.844   878   878 W ChreGmsCore: 	at bfqz.<init>(:com.google.android.gms@17785019@17.7.85 (040400-253824076):2)
06-26 21:58:13.844   878   878 W ChreGmsCore: 	at bfqz.<init>(:com.google.android.gms@17785019@17.7.85 (040400-253824076):1)
06-26 21:58:13.844   878   878 W ChreGmsCore: 	at com.google.android.location.geofencer.service.GeofencerStateMachine.<init>(:com.google.android.gms@17785019@17.7.85 (040400-253824076):25)
06-26 21:58:13.844   878   878 W ChreGmsCore: 	at bfra.<init>(:com.google.android.gms@17785019@17.7.85 (040400-253824076):3)
06-26 21:58:13.844   878   878 W ChreGmsCore: 	at bfsq.<init>(:com.google.android.gms@17785019@17.7.85 (040400-253824076):1)
06-26 21:58:13.844   878   878 W ChreGmsCore: 	at com.google.android.location.internal.GoogleLocationManagerChimeraService.onCreate(:com.google.android.gms@17785019@17.7.85 (040400-253824076):6)
06-26 21:58:13.844   878   878 W ChreGmsCore: 	at egp.onCreate(:com.google.android.gms@17785019@17.7.85 (040400-253824076):1)
06-26 21:58:13.844   878   878 W ChreGmsCore: 	at qmj.onCreate(:com.google.android.gms@17785019@17.7.85 (040400-253824076):3)
06-26 21:58:13.844   878   878 W ChreGmsCore: 	at android.app.ActivityThread.handleCreateService(ActivityThread.java:3192)
06-26 21:58:13.844   878   878 W ChreGmsCore: 	at android.app.ActivityThread.-wrap5(ActivityThread.java)
06-26 21:58:13.844   878   878 W ChreGmsCore: 	at android.app.ActivityThread$H.handleMessage(ActivityThread.java:1568)
06-26 21:58:13.844   878   878 W ChreGmsCore: 	at android.os.Handler.dispatchMessage(Handler.java:102)
06-26 21:58:13.844   878   878 W ChreGmsCore: 	at android.os.Looper.loop(Looper.java:154)
06-26 21:58:13.844   878   878 W ChreGmsCore: 	at android.app.ActivityThread.main(ActivityThread.java:6121)
06-26 21:58:13.844   878   878 W ChreGmsCore: 	at java.lang.reflect.Method.invoke(Native Method)
06-26 21:58:13.844   878   878 W ChreGmsCore: 	at com.android.internal.os.ZygoteInit$MethodAndArgsCaller.run(ZygoteInit.java:905)
06-26 21:58:13.844   878   878 W ChreGmsCore: 	at com.android.internal.os.ZygoteInit.main(ZygoteInit.java:795)
06-26 21:58:13.864  1144  1144 D ExternalStorage: After updating volumes, found 3 active roots
06-26 21:58:13.879  1144  1144 D ExternalStorage: After updating volumes, found 3 active roots
06-26 21:58:13.886   410  1065 D DhcpClient: Received packet: b2:db:08:28:f0:d0 OFFER, ip /192.168.1.200, mask /255.255.255.0, DNS servers: /192.168.1.1 , gateways [/192.168.1.1] lease time 86400, domain local.romanr.info
06-26 21:58:13.887   410  1049 D DhcpClient: Got pending lease: IP address 192.168.1.200/24 Gateway 192.168.1.1  DNS servers: [ 192.168.1.1 ] Domains local.romanr.info DHCP server /192.168.1.1 Vendor info http://acs.mgts-spdop.ru:7547 lease 86400 seconds
06-26 21:58:13.896   410   955 I ActivityManager: Start proc 1163:android.process.media/u0a6 for broadcast com.android.providers.media/.MediaScannerReceiver
06-26 21:58:13.898   410  1049 D DhcpClient: Broadcasting DHCPREQUEST ciaddr=0.0.0.0 request=192.168.1.200 serverid=192.168.1.1
06-26 21:58:13.921   410  1065 D DhcpClient: Received packet: b2:db:08:28:f0:d0 ACK: your new IP /192.168.1.200, netmask /255.255.255.0, gateways [/192.168.1.1] DNS servers: /192.168.1.1 , lease time 86400
06-26 21:58:13.921   410  1049 D DhcpClient: Confirmed lease: IP address 192.168.1.200/24 Gateway 192.168.1.1  DNS servers: [ 192.168.1.1 ] Domains local.romanr.info DHCP server /192.168.1.1 Vendor info http://acs.mgts-spdop.ru:7547 lease 86400 seconds
06-26 21:58:13.923   410  1046 D IpManager.eth0: newLp{{InterfaceName: eth0 LinkAddresses: [fe80::b0db:8ff:fe28:f0d0/64,]  Routes: [fe80::/64 -> :: eth0,192.168.1.0/24 -> 0.0.0.0 eth0,0.0.0.0/0 -> 192.168.1.1 eth0,] DnsAddresses: [] Domains: local.romanr.info MTU: 0 TcpBufferSizes: 524288,1048576,3145728,524288,1048576,2097152}}
06-26 21:58:13.923   410  1046 D IpManager.eth0: onNewDhcpResults(IP address 192.168.1.200/24 Gateway 192.168.1.1  DNS servers: [ 192.168.1.1 ] Domains local.romanr.info DHCP server /192.168.1.1 Vendor info http://acs.mgts-spdop.ru:7547 lease 86400 seconds)
06-26 21:58:13.924   410  1046 D IpManager.eth0: onLinkPropertiesChange()
06-26 21:58:13.924   410  1046 D EthernetNetworkFactory: onLinkPropertiesChange: lp = {InterfaceName: eth0 LinkAddresses: [fe80::b0db:8ff:fe28:f0d0/64,]  Routes: [fe80::/64 -> :: eth0,192.168.1.0/24 -> 0.0.0.0 eth0,0.0.0.0/0 -> 192.168.1.1 eth0,] DnsAddresses: [] Domains: local.romanr.info MTU: 0 TcpBufferSizes: 524288,1048576,3145728,524288,1048576,2097152}
06-26 21:58:13.925   410  1046 D IpManager.eth0: CMD_POST_DHCP_ACTION eth0/2 1 0 IP address 192.168.1.200/24 Gateway 192.168.1.1  DNS servers: [ 192.168.1.1 ] Domains local.romanr.info DHCP server /192.168.1.1 Vendor info http://acs.mgts-spdop.ru:7547 lease 86400 seconds [rcvd_in=RunningState, proc_in=RunningState]
06-26 21:58:13.926   206   476 D CommandListener: Setting iface cfg
06-26 21:58:13.928   410  1046 D IpManager.eth0: IPv4 configuration succeeded
06-26 21:58:13.929   410  1046 D IpManager.eth0: CMD_CONFIGURE_LINKADDRESS eth0/2 0 0 192.168.1.200/24 [rcvd_in=RunningState, proc_in=RunningState]
06-26 21:58:13.930   410  1046 D IpManager.eth0: newLp{{InterfaceName: eth0 LinkAddresses: [fe80::b0db:8ff:fe28:f0d0/64,192.168.1.200/24,]  Routes: [fe80::/64 -> :: eth0,192.168.1.0/24 -> 0.0.0.0 eth0,0.0.0.0/0 -> 192.168.1.1 eth0,] DnsAddresses: [192.168.1.1,] Domains: local.romanr.info MTU: 0 TcpBufferSizes: 524288,1048576,3145728,524288,1048576,2097152}}
06-26 21:58:13.930   410  1046 D IpManager.eth0: onProvisioningSuccess()
06-26 21:58:13.931   410  1049 D DhcpClient: Scheduling renewal in 43199s
06-26 21:58:13.931   410  1049 D DhcpClient: Scheduling rebind in 75599s
06-26 21:58:13.931   410  1049 D DhcpClient: Scheduling expiry in 86399s
06-26 21:58:13.932   410  1044 D EthernetNetworkFactory: success get ip: lp = {InterfaceName: eth0 LinkAddresses: [fe80::b0db:8ff:fe28:f0d0/64,192.168.1.200/24,]  Routes: [fe80::/64 -> :: eth0,192.168.1.0/24 -> 0.0.0.0 eth0,0.0.0.0/0 -> 192.168.1.1 eth0,] DnsAddresses: [192.168.1.1,] Domains: local.romanr.info MTU: 0 TcpBufferSizes: 524288,1048576,3145728,524288,1048576,2097152}
06-26 21:58:13.932   410  1044 D EthernetNetworkFactory: sendEthernetStateChangedBroadcast: curState = CONNECTED
06-26 21:58:13.938   410  1044 D ConnectivityService: registerNetworkAgent NetworkAgentInfo{ ni{[type: Ethernet[], state: CONNECTED/CONNECTED, reason: (unspecified), extra: b2:db:08:28:f0:d0, failover: false, available: true, roaming: false, metered: false]}  network{100}  nethandle{429513165534}  lp{{InterfaceName: eth0 LinkAddresses: [fe80::b0db:8ff:fe28:f0d0/64,192.168.1.200/24,]  Routes: [fe80::/64 -> :: eth0,192.168.1.0/24 -> 0.0.0.0 eth0,0.0.0.0/0 -> 192.168.1.1 eth0,] DnsAddresses: [192.168.1.1,] Domains: local.romanr.info MTU: 0 TcpBufferSizes: 524288,1048576,3145728,524288,1048576,2097152}}  nc{[ Transports: ETHERNET Capabilities: INTERNET&NOT_RESTRICTED&TRUSTED&NOT_VPN LinkUpBandwidth>=100000Kbps LinkDnBandwidth>=100000Kbps]}  Score{30}  everValidated{false}  lastValidated{false}  created{false} lingering{false} explicitlySelected{false} acceptUnvalidated{false} everCaptivePortalDetected{false} lastCaptivePortalDetected{false} }
06-26 21:58:13.939   410  1044 D EthernetNetworkFactory: exiting ipProvisioningThread(eth0): mNetworkInfo=[type: Ethernet[], state: CONNECTED/CONNECTED, reason: (unspecified), extra: b2:db:08:28:f0:d0, failover: false, available: true, roaming: false, metered: false]
06-26 21:58:13.939   410   531 D ConnectivityService: Got NetworkAgent Messenger
06-26 21:58:13.939   410   531 D ConnectivityService: NetworkAgentInfo [Ethernet () - 100] EVENT_NETWORK_INFO_CHANGED, going from null to CONNECTED
06-26 21:58:13.941   410   531 D ConnectivityService: Adding iface eth0 to network 100
06-26 21:58:13.955  1163  1163 W System  : ClassLoader referenced unknown path: /system/priv-app/MediaProvider/lib/arm64
06-26 21:58:14.001  1163  1163 W System  : ClassLoader referenced unknown path: /system/priv-app/DownloadProvider/lib/arm64
06-26 21:58:14.003  1163  1163 D ApplicationLoaders: ignored Vulkan layer search path /system/priv-app/DownloadProvider/lib/arm64:/system/lib64:/vendor/lib64 for namespace 0x7b1ffa70f0
06-26 21:58:14.037   410   531 D ConnectivityService: Adding Route [fe80::/64 -> :: eth0] to network 100
06-26 21:58:14.039   410   531 D ConnectivityService: Adding Route [192.168.1.0/24 -> 0.0.0.0 eth0] to network 100
06-26 21:58:14.041   410   531 D ConnectivityService: Adding Route [0.0.0.0/0 -> 192.168.1.1 eth0] to network 100
06-26 21:58:14.043   410   531 D ConnectivityService: Setting DNS servers for network 100 to [/192.168.1.1]
06-26 21:58:14.057   410   531 D ConnectivityService: notifyType IP_CHANGED for NetworkAgentInfo [Ethernet () - 100]
06-26 21:58:14.064   410   531 D ConnectivityService: scheduleUnvalidatedPrompt 100
06-26 21:58:14.064   410   531 D ConnectivityService: updateSignalStrengthThresholds: CONNECT, sending [] to NetworkAgentInfo [Ethernet () - 100]
06-26 21:58:14.064   410   531 D ConnectivityService: rematching NetworkAgentInfo [Ethernet () - 100]
06-26 21:58:14.065   410   531 D ConnectivityService:  network has: [ Transports: ETHERNET Capabilities: INTERNET&NOT_RESTRICTED&TRUSTED&NOT_VPN&FOREGROUND LinkUpBandwidth>=100000Kbps LinkDnBandwidth>=100000Kbps]
06-26 21:58:14.065   410   531 D ConnectivityService:   checking if request is satisfied: NetworkRequest [ REQUEST id=1, [ Capabilities: INTERNET&NOT_RESTRICTED&TRUSTED&NOT_VPN] ]
06-26 21:58:14.065   410  1180 D NetworkMonitor/NetworkAgentInfo [Ethernet () - 100]: Validation disabled.
06-26 21:58:14.065   410   531 D ConnectivityService: currentScore = 0, newScore = 30
06-26 21:58:14.065   410   531 D ConnectivityService: rematch for NetworkAgentInfo [Ethernet () - 100]
06-26 21:58:14.065   410   531 D ConnectivityService:    accepting network in place of null
06-26 21:58:14.065   410   531 D ConnectivityService: sending new Min Network Score(30): NetworkRequest [ REQUEST id=1, [ Capabilities: INTERNET&NOT_RESTRICTED&TRUSTED&NOT_VPN] ]
06-26 21:58:14.068   410   531 D ConnectivityService: Switching to new default network: NetworkAgentInfo{ ni{[type: Ethernet[], state: CONNECTED/CONNECTED, reason: (unspecified), extra: b2:db:08:28:f0:d0, failover: false, available: true, roaming: false, metered: false]}  network{100}  nethandle{429513165534}  lp{{InterfaceName: eth0 LinkAddresses: [fe80::b0db:8ff:fe28:f0d0/64,192.168.1.200/24,]  Routes: [fe80::/64 -> :: eth0,192.168.1.0/24 -> 0.0.0.0 eth0,0.0.0.0/0 -> 192.168.1.1 eth0,] DnsAddresses: [192.168.1.1,] Domains: local.romanr.info MTU: 0 TcpBufferSizes: 524288,1048576,3145728,524288,1048576,2097152}}  nc{[ Transports: ETHERNET Capabilities: INTERNET&NOT_RESTRICTED&TRUSTED&NOT_VPN&FOREGROUND LinkUpBandwidth>=100000Kbps LinkDnBandwidth>=100000Kbps]}  Score{30}  everValidated{false}  lastValidated{false}  created{true} lingering{false} explicitlySelected{false} acceptUnvalidated{false} everCaptivePortalDetected{false} lastCaptivePortalDetected{false} }
06-26 21:58:14.070   410   531 D ConnectivityService: Setting tx/rx TCP buffers to 524288,1048576,3145728,524288,1048576,2097152
06-26 21:58:14.077   410   531 D ConnectivityService: sending notification AVAILABLE for NetworkRequest [ LISTEN id=3, [] ]
06-26 21:58:14.078   410   531 D ConnectivityService: Sending CONNECTED broadcast for type 9 NetworkAgentInfo [Ethernet () - 100] isDefaultNetwork=true
06-26 21:58:14.078   410   531 D ConnectivityService: sendStickyBroadcast: action=android.net.conn.CONNECTIVITY_CHANGE
06-26 21:58:14.079   410   531 D ConnectivityService: notifyType PRECHECK for NetworkAgentInfo [Ethernet () - 100]
06-26 21:58:14.080   410   531 D ConnectivityService:  sending notification for NetworkRequest [ REQUEST id=1, [ Capabilities: INTERNET&NOT_RESTRICTED&TRUSTED&NOT_VPN] ]
06-26 21:58:14.080   410   531 D ConnectivityService:  sending notification for NetworkRequest [ LISTEN id=3, [] ]
06-26 21:58:14.080   410   531 D ConnectivityService: sending notification PRECHECK for NetworkRequest [ LISTEN id=3, [] ]
06-26 21:58:14.080   410   531 D ConnectivityService: NetworkAgent connected
06-26 21:58:14.080   410   531 D ConnectivityService: NetworkAgentInfo [Ethernet () - 100] validation passed
06-26 21:58:14.081   410   531 D ConnectivityService: rematching NetworkAgentInfo [Ethernet () - 100]
06-26 21:58:14.081   410   531 D ConnectivityService:  network has: [ Transports: ETHERNET Capabilities: INTERNET&NOT_RESTRICTED&TRUSTED&NOT_VPN&VALIDATED&FOREGROUND LinkUpBandwidth>=100000Kbps LinkDnBandwidth>=100000Kbps]
06-26 21:58:14.081   410   531 D ConnectivityService: Network NetworkAgentInfo [Ethernet () - 100] was already satisfying request 1. No change.
06-26 21:58:14.081   410   531 D ConnectivityService: notifyType CAP_CHANGED for NetworkAgentInfo [Ethernet () - 100]
06-26 21:58:14.081   410   531 D ConnectivityService:  sending notification for NetworkRequest [ REQUEST id=1, [ Capabilities: INTERNET&NOT_RESTRICTED&TRUSTED&NOT_VPN] ]
06-26 21:58:14.081   410   531 D ConnectivityService:  sending notification for NetworkRequest [ LISTEN id=3, [] ]
06-26 21:58:14.081   410   531 D ConnectivityService: sending notification CAP_CHANGED for NetworkRequest [ LISTEN id=3, [] ]
06-26 21:58:14.081   410   485 D Tethering: InitialState got CMD_UPSTREAM_CHANGED
06-26 21:58:14.081   410   531 D ConnectivityService: sending new Min Network Score(70): NetworkRequest [ REQUEST id=1, [ Capabilities: INTERNET&NOT_RESTRICTED&TRUSTED&NOT_VPN] ]
06-26 21:58:14.082   410   531 D ConnectivityService: sendStickyBroadcast: action=android.net.conn.INET_CONDITION_ACTION
06-26 21:58:14.087  1130  1130 W DynamiteModule: Local module descriptor class for providerinstaller not found.
06-26 21:58:14.101  1130  1130 W ProviderHelper: Unknown dynamite feature providerinstaller
06-26 21:58:14.107  1130  1130 I DynamiteModule: Considering local module providerinstaller:0 and remote module providerinstaller:0
06-26 21:58:14.107  1130  1130 W ProviderInstaller: Failed to load providerinstaller module: No acceptable module found. Local version is 0 and remote version is 0.
06-26 21:58:14.108   410   511 I InputReader: 1--1-----KeyCode=20, scanCode=108
06-26 21:58:14.109   410   511 I InputReader: 1--22-----KeyCode=20, scanCode=108
06-26 21:58:14.109   410   511 I InputReader: KeyCode=20, scanCode=108
06-26 21:58:14.110   410   511 D WindowManager: interceptKeyTq keycode=20 interactive=true keyguardActive=false policyFlags=22000000
06-26 21:58:14.111   410   510 D WindowManager: interceptKeyTi keyCode=20 down=true repeatCount=0 keyguardOn=false mHomePressed=false canceled=false
06-26 21:58:14.118  1130  1130 V NativeCrypto: Registering com/google/android/gms/org/conscrypt/NativeCrypto's 284 native methods...
06-26 21:58:14.162  1130  1130 D NetworkSecurityConfig: Using Network Security Config from resource network_security_config debugBuild: false
06-26 21:58:14.167  1130  1130 I ProviderInstaller: Installed default security provider GmsCore_OpenSSL
06-26 21:58:14.186   410   520 D SntpClient: round trip: 45ms, clock offset: 86544211ms
06-26 21:58:14.228  1163  1163 D MediaScannerReceiver: ----MediaScanner get volume mounted,start scan---
06-26 21:58:14.248  1163  1163 D lvjinhua:  Failed while trying resolve alarm filter file, not exists
06-26 21:58:14.249   634   634 D NewStorageActivity: Scanning volume: VolumeInfo{public:8,1}:
06-26 21:58:14.249   634   634 D NewStorageActivity:     type=PUBLIC diskId=disk:8,0 partGuid=null mountFlags=VISIBLE mountUserId=0 
06-26 21:58:14.249   634   634 D NewStorageActivity:     state=MOUNTED 
06-26 21:58:14.249   634   634 D NewStorageActivity:     fsType=ext4 fsUuid=e14e8b4a-c6c3-4546-b069-dfbdf64d0b66 fsLabel=512Gb ext4 
06-26 21:58:14.249   634   634 D NewStorageActivity:     path=/storage/e14e8b4a-c6c3-4546-b069-dfbdf64d0b66 
06-26 21:58:14.249   634   634 D NewStorageActivity:     internalPath=/mnt/media_rw/e14e8b4a-c6c3-4546-b069-dfbdf64d0b66 
