01-01 03:01:49.066   476   512 E PinnerService: Could not pin file /system/framework/arm64/boot-framework.oat with error open failed: ENOENT (No such file or directory)
01-01 03:01:49.070   476   512 E PinnerService: Failed to pin file = /system/framework/arm64/boot-framework.oat
01-01 03:01:49.070   476   512 E PinnerService: Could not pin file /system/framework/oat/arm64/services.odex with error open failed: ENOENT (No such file or directory)
01-01 03:01:49.070   476   512 E PinnerService: Failed to pin file = /system/framework/oat/arm64/services.odex
01-01 03:01:49.070   476   512 E PinnerService: Could not pin file /system/framework/arm64/boot.oat with error open failed: ENOENT (No such file or directory)
01-01 03:01:49.070   476   512 E PinnerService: Failed to pin file = /system/framework/arm64/boot.oat
01-01 03:01:49.071   476   512 E PinnerService: Could not pin file /system/framework/arm64/boot-core-libart.oat with error open failed: ENOENT (No such file or directory)
01-01 03:01:49.071   476   512 E PinnerService: Failed to pin file = /system/framework/arm64/boot-core-libart.oat
01-01 03:01:49.073   476   476 I InputMethodManagerService: All the enabled IMEs are gone. Reset default enabled IMEs.
01-01 03:01:49.073   476   476 W InputMethodUtils: Found no fallback locale. imis=[]
01-01 03:01:49.074   476   476 W InputMethodUtils: No software keyboard is found. imis=[] fallbackLocale=null
01-01 03:01:49.110   476   476 I SystemServer: StartAccessibilityManagerService
--------- beginning of main
01-01 03:01:49.125   476   695 W EventHub: Unable to disable kernel key repeat for /dev/input/event1: Function not implemented
01-01 03:01:49.125   476   695 I EventHub: New device: id=5, fd=93, path='/dev/input/event1', name='ff1b0030.pwm', classes=0x401, configuration='', keyLayout='/system/usr/keylayout/Generic.kl', keyCharacterMap='/system/usr/keychars/Generic.kcm', builtinKeyboard=false, wakeMechanism=EPOLLWAKEUP, usingClockIoctl=true
01-01 03:01:49.133   476   476 I ActivityManager: Config changes=1df8 {1.0 ?mcc?mnc [en_US] ldltr sw720dp w1280dp h720dp 160dpi xlrg long land ?uimode ?night -touch -keyb/v/h dpad/v s.2}
01-01 03:01:49.133   476   695 I InputReader: Device added: id=-1, name='Virtual', sources=0x00000301
01-01 03:01:49.134   476   695 I InputReader: Device added: id=5, name='ff1b0030.pwm', sources=0x00002103
01-01 03:01:49.134   476   695 I InputReader: Device added: id=4, name='HL 0000 00 00 00 01 Smart Control', sources=0x00002103
01-01 03:01:49.143   476   695 I InputReader: Device added: id=3, name='HL 0000 00 00 00 01 Smart Control', sources=0x00002002
01-01 03:01:49.143   476   695 I InputReader: Device added: id=2, name='HL 0000 00 00 00 01 Smart Control', sources=0x01002313
01-01 03:01:49.143   476   695 I InputReader: Device added: id=1, name='rk816_pwrkey', sources=0x00002103
01-01 03:01:49.160   476   512 I UsageStatsService: User[0] Rollover scheduled @ 1970-01-02 03:01:49(86509133)
01-01 03:01:49.161   476   476 I ActivityManager: Config changes=10 {1.0 ?mcc?mnc [en_US] ldltr sw720dp w1280dp h720dp 160dpi xlrg long land ?uimode ?night -touch qwerty/v/h dpad/v s.3}
01-01 03:01:49.168   476   695 I InputReader: Reconfiguring input devices.  changes=0x00000004
01-01 03:01:49.170   476   476 I SystemServiceManager: Starting com.android.server.MountService$Lifecycle
01-01 03:01:49.184   476   476 I SystemServer: start UiModeManagerService.
01-01 03:01:49.184   476   476 I SystemServiceManager: Starting com.android.server.UiModeManagerService
01-01 03:01:49.185   476   698 D MountService: Thinking about init, mSystemReady=false, mDaemonConnected=true
01-01 03:01:49.185   476   698 D MountService: Thinking about reset, mSystemReady=false, mDaemonConnected=true
01-01 03:01:49.185   476   698 D MountService: Thinking about init, mSystemReady=false, mDaemonConnected=true
01-01 03:01:49.185   476   698 D MountService: Thinking about reset, mSystemReady=false, mDaemonConnected=true
01-01 03:01:49.185   476   698 D CryptdConnector: SND -> {1 cryptfs getfield SystemLocale}
01-01 03:01:49.187   476   700 D CryptdConnector: RCV <- {200 1 -1}
01-01 03:01:49.187   476   476 I ActivityManager: Config changes=200 {1.0 ?mcc?mnc [en_US] ldltr sw720dp w1280dp h720dp 160dpi xlrg long land television -touch qwerty/v/h dpad/v s.4}
01-01 03:01:49.188   476   698 W MountService: No primary storage mounted!
01-01 03:01:49.189   476   698 D VoldConnector: SND -> {1 asec list}
01-01 03:01:49.190   476   699 D VoldConnector: RCV <- {200 1 asec operation succeeded}
01-01 03:01:49.191   476   698 I PackageManager: No secure containers found
01-01 03:01:49.191   476   698 W PackageManager: Unknown permission android.permission.ACCESS_ALL_EXTERNAL_STORAGE in package com.example.changeled
01-01 03:01:49.191   476   698 W PackageManager: Not granting permission com.google.android.googleapps.permission.GOOGLE_AUTH to package com.android.providers.calendar (protectionLevel=2 flags=0x30083e45)
01-01 03:01:49.191   476   698 W PackageManager: Not granting permission com.google.android.googleapps.permission.GOOGLE_AUTH.cl to package com.android.providers.calendar (protectionLevel=2 flags=0x30083e45)
01-01 03:01:49.192   476   698 W PackageManager: Not granting permission android.permission.READ_PRIVILEGED_PHONE_STATE to package com.android.vending (protectionLevel=18 flags=0x384abec5)
01-01 03:01:49.192   476   698 W PackageManager: Not granting permission android.permission.SEND_DOWNLOAD_COMPLETED_INTENTS to package com.android.vending (protectionLevel=2 flags=0x384abec5)
01-01 03:01:49.192   476   698 W PackageManager: Unknown permission android.permission.USE_BIOMETRIC in package com.android.vending
01-01 03:01:49.192   476   698 W PackageManager: Not granting permission android.permission.BACKUP to package com.android.vending (protectionLevel=18 flags=0x384abec5)
01-01 03:01:49.192   476   698 W PackageManager: Not granting permission android.permission.CONNECTIVITY_INTERNAL to package com.android.vending (protectionLevel=18 flags=0x384abec5)
01-01 03:01:49.192   476   698 W PackageManager: Not granting permission android.permission.DUMP to package com.android.vending (protectionLevel=50 flags=0x384abec5)
01-01 03:01:49.193   476   698 W PackageManager: Unknown permission android.permission.ALLOCATE_AGGRESSIVE in package com.android.vending
01-01 03:01:49.193   476   698 W PackageManager: Not granting permission android.permission.GET_APP_OPS_STATS to package com.android.vending (protectionLevel=50 flags=0x384abec5)
01-01 03:01:49.193   476   698 W PackageManager: Not granting permission android.permission.SET_PREFERRED_APPLICATIONS to package com.android.vending (protectionLevel=2 flags=0x384abec5)
01-01 03:01:49.193   476   698 W PackageManager: Unknown permission android.permission.ACCESS_INSTANT_APPS in package com.android.vending
01-01 03:01:49.193   476   698 W PackageManager: Not granting permission android.permission.UPDATE_DEVICE_STATS to package com.android.vending (protectionLevel=18 flags=0x384abec5)
01-01 03:01:49.193   476   698 W PackageManager: Unknown permission android.permission.MANAGE_APP_OPS_MODES in package com.android.vending
01-01 03:01:49.193   476   698 W PackageManager: Unknown permission android.permission.MANAGE_ROLLBACKS in package com.android.vending
01-01 03:01:49.193   476   698 W PackageManager: Unknown permission android.permission.SET_HARMFUL_APP_WARNINGS in package com.android.vending
01-01 03:01:49.194   476   698 W PackageManager: Unknown permission com.sec.android.provider.badge.permission.READ in package com.android.vending
01-01 03:01:49.194   476   698 W PackageManager: Unknown permission com.sec.android.provider.badge.permission.WRITE in package com.android.vending
01-01 03:01:49.194   476   698 W PackageManager: Unknown permission com.htc.launcher.permission.READ_SETTINGS in package com.android.vending
01-01 03:01:49.194   476   698 W PackageManager: Unknown permission com.htc.launcher.permission.UPDATE_SHORTCUT in package com.android.vending
01-01 03:01:49.194   476   698 W PackageManager: Unknown permission com.sonyericsson.home.permission.BROADCAST_BADGE in package com.android.vending
01-01 03:01:49.194   476   698 W PackageManager: Unknown permission com.sonymobile.home.permission.PROVIDER_INSERT_BADGE in package com.android.vending
01-01 03:01:49.194   476   698 W PackageManager: Unknown permission com.anddoes.launcher.permission.UPDATE_COUNT in package com.android.vending
01-01 03:01:49.194   476   698 W PackageManager: Unknown permission com.majeur.launcher.permission.UPDATE_BADGE in package com.android.vending
01-01 03:01:49.194   476   698 W PackageManager: Unknown permission com.huawei.android.launcher.permission.CHANGE_BADGE in package com.android.vending
01-01 03:01:49.194   476   698 W PackageManager: Unknown permission com.huawei.android.launcher.permission.READ_SETTINGS in package com.android.vending
01-01 03:01:49.194   476   698 W PackageManager: Unknown permission com.huawei.android.launcher.permission.WRITE_SETTINGS in package com.android.vending
01-01 03:01:49.194   476   698 W PackageManager: Unknown permission android.permission.READ_APP_BADGE in package com.android.vending
01-01 03:01:49.194   476   698 W PackageManager: Unknown permission com.oppo.launcher.permission.READ_SETTINGS in package com.android.vending
01-01 03:01:49.194   476   698 W PackageManager: Unknown permission com.oppo.launcher.permission.WRITE_SETTINGS in package com.android.vending
01-01 03:01:49.194   476   698 W PackageManager: Unknown permission org.chromium.arc.apkcacheprovider.permission.READ_CACHE in package com.android.vending
01-01 03:01:49.194   476   698 W PackageManager: Unknown permission org.chromium.arc.apkcacheprovider.permission.WRITE_CACHE in package com.android.vending
01-01 03:01:49.194   476   698 W PackageManager: Not granting permission android.permission.SUBSTITUTE_NOTIFICATION_APP_NAME to package com.android.vending (protectionLevel=18 flags=0x384abec5)
01-01 03:01:49.194   476   698 W PackageManager: Unknown permission android.permission.READ_RUNTIME_PROFILES in package com.android.vending
01-01 03:01:49.194   476   698 W PackageManager: Unknown permission android.permission.FOREGROUND_SERVICE in package com.android.vending
01-01 03:01:49.194   476   698 W PackageManager: Not granting permission android.permission.REBOOT to package com.android.vending (protectionLevel=18 flags=0x384abec5)
01-01 03:01:49.194   476   698 W PackageManager: Unknown permission android.permission.START_ACTIVITIES_FROM_BACKGROUND in package com.android.vending
01-01 03:01:49.194   476   698 W PackageManager: Unknown permission android.permission.CHANGE_OVERLAY_PACKAGES in package com.android.vending
01-01 03:01:49.194   476   698 W PackageManager: Unknown permission android.permission.SEND_DEVICE_CUSTOMIZATION_READY in package com.android.vending
01-01 03:01:49.194   476   698 W PackageManager: Unknown permission android.Manifest.permission.INJECT_EVENTS in package com.rockchip.devicetest
01-01 03:01:49.195   476   698 W PackageManager: Unknown permission com.rockchips.mediacenter.localscan.PROTECT in package com.rockchips.mediacenter
01-01 03:01:49.195   476   698 W PackageManager: Unknown permission com.rockchips.android.airsharing.PROTECT in package com.rockchips.mediacenter
01-01 03:01:49.195   476   698 W PackageManager: Unknown permission com.android.permission.airsharing_play_interface in package com.rockchips.mediacenter
01-01 03:01:49.195   476   698 W PackageManager: Unknown permission com.android.permission.airsharing_mediabrowser_interface in package com.rockchips.mediacenter
01-01 03:01:49.195   476   698 W PackageManager: Unknown permission com.rockchips.mediacenter.dlna_server in package com.rockchips.mediacenter
01-01 03:01:49.195   476   698 W PackageManager: Unknown permission com.rockchips.mediacenter.localscan_server in package com.rockchips.mediacenter
01-01 03:01:49.195   476   698 W PackageManager: Unknown permission com.android.rockchips.permission.MEDIACENTER_SEND_RECV in package com.rockchips.mediacenter
01-01 03:01:49.195   476   698 W PackageManager: Unknown permission android.permission.ACCESS_SUPERUSER in package com.rockchips.mediacenter
01-01 03:01:49.195   476   698 W PackageManager: Not granting permission android.permission.INTERACT_ACROSS_USERS to package com.google.android.syncadapters.contacts (protectionLevel=50 flags=0x38083e45)
01-01 03:01:49.195   476   698 W PackageManager: Unknown permission com.google.android.syncadapters.contacts.permission.GAL_SEARCH in package com.google.android.syncadapters.contacts
01-01 03:01:49.195   476   698 W PackageManager: Unknown permission android.permission.FOREGROUND_SERVICE in package com.android.chrome
01-01 03:01:49.195   476   698 W PackageManager: Unknown permission com.chrome.permission.DEVICE_EXTRAS in package com.android.chrome
01-01 03:01:49.195   476   698 W PackageManager: Unknown permission com.google.android.apps.now.CURRENT_ACCOUNT_ACCESS in package com.android.chrome
01-01 03:01:49.195   476   698 W PackageManager: Unknown permission com.sec.enterprise.knox.MDM_CONTENT_PROVIDER in package com.android.chrome
01-01 03:01:49.195   476   698 W PackageManager: Unknown permission com.google.android.permission.INSTALL_WEARABLE_PACKAGES in package com.google.android.packageinstaller
01-01 03:01:49.195   476   698 W PackageManager: Unknown permission android.permission.FOREGROUND_SERVICE in package com.google.android.gms
01-01 03:01:49.195   476   698 W PackageManager: Unknown permission android.permission.START_ACTIVITIES_FROM_BACKGROUND in package com.google.android.gms
01-01 03:01:49.195   476   698 W PackageManager: Unknown permission android.permission.REMOTE_DISPLAY_PROVIDER in package com.google.android.gms
01-01 03:01:49.195   476   698 W PackageManager: Not granting permission android.permission.DISPATCH_PROVISIONING_MESSAGE to package com.google.android.gms (protectionLevel=18 flags=0xb8483ec5)
01-01 03:01:49.195   476   698 W PackageManager: Unknown permission android.permission.RECOVER_KEYSTORE in package com.google.android.gms
01-01 03:01:49.196   476   698 W PackageManager: Unknown permission android.permission.PRE_FACTORY_RESET in package com.google.android.gms
01-01 03:01:49.196   476   698 W PackageManager: Unknown permission com.google.android.apps.enterprise.dmagent.permission.AutoSyncPermission in package com.google.android.gms
01-01 03:01:49.196   476   698 W PackageManager: Unknown permission android.permission.ALLOCATE_AGGRESSIVE in package com.google.android.gms
01-01 03:01:49.196   476   698 W PackageManager: Unknown permission android.car.permission.CAR_POWER in package com.google.android.gms
01-01 03:01:49.196   476   698 W PackageManager: Unknown permission com.google.android.wearable.WRITE_SETTINGS in package com.google.android.gms
01-01 03:01:49.196   476   698 W PackageManager: Unknown permission com.felicanetworks.mfc.permission.MFC_ACCESS in package com.google.android.gms
01-01 03:01:49.196   476   698 W PackageManager: Unknown permission com.felicanetworks.mfc.mfi.permission.MFI_ACCESS in package com.google.android.gms
01-01 03:01:49.196   476   698 W PackageManager: Unknown permission android.permission.ACCESS_BACKGROUND_LOCATION in package com.google.android.gms
01-01 03:01:49.196   476   698 W PackageManager: Unknown permission com.google.android.googlequicksearchbox.permission.PAUSE_HOTWORD in package com.google.android.gms
01-01 03:01:49.196   476   698 W PackageManager: Unknown permission android.permission.CONTROL_DISPLAY_SATURATION in package com.google.android.gms
01-01 03:01:49.196   476   698 W PackageManager: Unknown permission com.google.android.hangouts.START_HANGOUT in package com.google.android.gms
01-01 03:01:49.196   476   698 W PackageManager: Unknown permission android.car.permission.CAR_ENERGY in package com.google.android.gms
01-01 03:01:49.196   476   698 W PackageManager: Unknown permission android.car.permission.CAR_ENERGY_PORTS in package com.google.android.gms
01-01 03:01:49.196   476   698 W PackageManager: Unknown permission android.car.permission.CAR_EXTERIOR_LIGHTS in package com.google.android.gms
01-01 03:01:49.196   476   698 W PackageManager: Unknown permission android.car.permission.CAR_INFO in package com.google.android.gms
01-01 03:01:49.196   476   698 W PackageManager: Unknown permission android.car.permission.CAR_MILEAGE in package com.google.android.gms
01-01 03:01:49.196   476   698 W PackageManager: Unknown permission android.car.permission.CAR_TIRES in package com.google.android.gms
01-01 03:01:49.196   476   698 W PackageManager: Unknown permission android.car.permission.CONTROL_CAR_CLIMATE in package com.google.android.gms
01-01 03:01:49.196   476   698 W PackageManager: Unknown permission android.car.permission.CONTROL_CAR_DOORS in package com.google.android.gms
01-01 03:01:49.196   476   698 W PackageManager: Unknown permission android.car.permission.CONTROL_CAR_EXTERIOR_LIGHTS in package com.google.android.gms
01-01 03:01:49.196   476   698 W PackageManager: Unknown permission android.car.permission.CONTROL_CAR_MIRRORS in package com.google.android.gms
01-01 03:01:49.196   476   698 W PackageManager: Unknown permission android.car.permission.CONTROL_CAR_SEATS in package com.google.android.gms
01-01 03:01:49.196   476   698 W PackageManager: Unknown permission android.car.permission.CONTROL_CAR_WINDOWS in package com.google.android.gms
01-01 03:01:49.196   476   698 W PackageManager: Not granting permission android.permission.MODIFY_DAY_NIGHT_MODE to package com.google.android.gms (protectionLevel=18 flags=0xb8483ec5)
01-01 03:01:49.196   476   698 W PackageManager: Unknown permission com.google.android.permission.ACCESSIBILITY_SCAN_SERVICE in package com.google.android.gms
01-01 03:01:49.196   476   698 W PackageManager: Not granting permission android.permission.START_TASKS_FROM_RECENTS to package com.google.android.gms (protectionLevel=18 flags=0xb8483ec5)
01-01 03:01:49.196   476   698 W PackageManager: Not granting permission android.permission.MANAGE_ACTIVITY_STACKS to package com.google.android.gms (protectionLevel=18 flags=0xb8483ec5)
01-01 03:01:49.196   476   698 W PackageManager: Unknown permission android.permission.ACTIVITY_EMBEDDING in package com.google.android.gms
01-01 03:01:49.197   476   698 W PackageManager: Unknown permission android.permission.PROVIDE_RESOLVER_RANKER_SERVICE in package com.google.android.gms
01-01 03:01:49.197   476   698 W PackageManager: Unknown permission com.google.android.clockwork.settings.SHOW_FACTORY_RESET_CONFIRMATION in package com.google.android.gms
01-01 03:01:49.197   476   698 W PackageManager: Unknown permission com.google.android.wearable.READ_SETTINGS in package com.google.android.gms
01-01 03:01:49.197   476   698 W PackageManager: Unknown permission android.permission.READ_MEDIA_AUDIO in package com.google.android.gms
01-01 03:01:49.197   476   698 W PackageManager: Unknown permission android.permission.READ_MEDIA_IMAGES in package com.google.android.gms
01-01 03:01:49.197   476   698 W PackageManager: Unknown permission android.permission.READ_MEDIA_VIDEO in package com.google.android.gms
01-01 03:01:49.197   476   698 W PackageManager: Unknown permission android.permission.SUBSTITUTE_SHARE_TARGET_APP_NAME_AND_ICON in package com.google.android.gms
01-01 03:01:49.197   476   698 W PackageManager: Unknown permission android.permission.ACTIVITY_RECOGNITION in package com.google.android.gms
01-01 03:01:49.197   476   698 W PackageManager: Unknown permission android.permission.MANAGE_SUBSCRIPTION_PLANS in package com.google.android.gms
01-01 03:01:49.197   476   698 W PackageManager: Unknown permission android.permission.READ_DEVICE_CONFIG in package com.google.android.gms
01-01 03:01:49.197   476   698 W PackageManager: Unknown permission android.permission.WRITE_DEVICE_CONFIG in package com.google.android.gms
01-01 03:01:49.197   476   698 W PackageManager: Unknown permission com.google.android.apps.now.OPT_IN_WIZARD in package com.google.android.gms
01-01 03:01:49.197   476   698 W PackageManager: Unknown permission com.google.android.setupwizard.SETUP_COMPAT_SERVICE in package com.google.android.gms
01-01 03:01:49.197   476   698 W PackageManager: Unknown permission com.google.android.gms.game.notifications.permission.WRITE in package com.google.android.gms
01-01 03:01:49.197   476   698 W PackageManager: Unknown permission com.google.android.launcher.permission.RECEIVE_LAUNCH_BROADCASTS in package com.google.android.gms
01-01 03:01:49.197   476   698 W PackageManager: Unknown permission android.permission.RESET_PASSWORD in package com.google.android.gms
01-01 03:01:49.197   476   698 W PackageManager: Unknown permission android.permission.LOCK_DEVICE in package com.google.android.gms
01-01 03:01:49.197   476   698 W PackageManager: Unknown permission android.permission.CONTROL_KEYGUARD_SECURE_NOTIFICATIONS in package com.google.android.gms
01-01 03:01:49.197   476   698 W PackageManager: Unknown permission com.google.android.gm.permission.READ_GMAIL in package com.google.android.gms
01-01 03:01:49.197   476   698 W PackageManager: Unknown permission com.android.launcher.permission.PRELOAD_WORKSPACE in package com.google.android.partnersetup
01-01 03:01:49.197   476   698 W PackageManager: Not granting permission android.permission.DELETE_PACKAGES to package com.svox.pico (protectionLevel=18 flags=0x3808be45)
01-01 03:01:49.198   476   698 W PackageManager: Not granting permission android.permission.CONTROL_KEYGUARD to package com.google.android.gsf.login (protectionLevel=2 flags=0x3048be45)
01-01 03:01:49.198   476   698 W PackageManager: Unknown permission com.android.vending.billing.IBillingAccountService.BIND2 in package com.google.android.gsf.login
01-01 03:01:49.198   476   698 W PackageManager: Unknown permission com.android.launcher.permission.READ_SETTINGS in package com.android.settings
01-01 03:01:49.198   476   698 W PackageManager: Unknown permission com.android.launcher.permission.WRITE_SETTINGS in package com.android.settings
01-01 03:01:49.198   476   698 W PackageManager: Not granting permission android.permission.WRITE_EXTERNAL_STORAGE to package com.termux because it was previously installed without
01-01 03:01:49.198   476   698 W PackageManager: Unknown permission android.permission.FOREGROUND_SERVICE in package com.termux
01-01 03:01:49.198   476   698 W PackageManager: Not granting permission android.permission.READ_EXTERNAL_STORAGE to package com.termux because it was previously installed without
01-01 03:01:49.199   476   698 W PackageManager: Unknown permission com.android.launcher.permission.READ_SETTINGS in package com.DeviceTest
01-01 03:01:49.199   476   698 W PackageManager: Unknown permission com.google.android.gallery3d.permission.GALLERY_PROVIDER in package com.android.bluetooth
01-01 03:01:49.199   476   698 W PackageManager: Unknown permission com.android.gallery3d.permission.GALLERY_PROVIDER in package com.android.bluetooth
01-01 03:01:49.199   476   698 W PackageManager: Unknown permission android.permission.PROCESS_PHONE_ACCOUNT_REGISTRATION in package com.android.providers.contacts
01-01 03:01:49.297   476   698 W MountService: No primary storage defined yet; hacking together a stub
01-01 03:01:49.298   476   698 W MountService: No primary storage defined yet; hacking together a stub
01-01 03:01:49.299   476   698 W MountService: No primary storage mounted!
01-01 03:01:49.299   476   698 D VoldConnector: SND -> {2 asec list}
01-01 03:01:49.304   476   699 D VoldConnector: RCV <- {200 2 asec operation succeeded}
01-01 03:01:49.468   476   476 I PackageManager.DexOptimizer: Running dexopt (dex2oat) on: /data/app/com.google.android.gms-2/base.apk pkg=com.google.android.gms isa=arm vmSafeMode=false debuggable=false target-filter=interpret-only oatDir = /data/app/com.google.android.gms-2/oat sharedLibraries=/system/framework/com.android.media.remotedisplay.jar:/system/framework/com.android.location.provider.jar
01-01 03:01:49.513   702   702 I dex2oat : /system/bin/dex2oat --compiler-filter=interpret-only
01-01 03:01:55.250   702   702 I dex2oat : Large app, accepted running with swap.
01-01 03:01:57.228   702   706 W dex2oat : Before Android 4.1, method double java.util.concurrent.ThreadLocalRandom.internalNextDouble(double, double) would have incorrectly overridden the package-private method in java.util.Random
01-01 03:01:57.228   702   706 W dex2oat : Before Android 4.1, method int java.util.concurrent.ThreadLocalRandom.internalNextInt(int, int) would have incorrectly overridden the package-private method in java.util.Random
01-01 03:01:57.228   702   706 W dex2oat : Before Android 4.1, method long java.util.concurrent.ThreadLocalRandom.internalNextLong(long, long) would have incorrectly overridden the package-private method in java.util.Random
01-01 03:01:58.024   702   702 W dex2oat : Verification of void bvnd.<init>(int[][][][][][][][][][][][][][][][][][][][][][][][][][][][][][][][][][][][][][][][][][][][][][][][][][][][][][][][][][][][][][][][][][][][][][][][][][][][][][][][][][][][][][][][][][][][][][][][][][][][][][][][][][][][][][][][][][][][][][][][][][][][][][][][][][][][][][][][][][][][][][][][][][][][][][][][][][][]) took 101.840ms
01-01 03:02:00.514   702   704 W dex2oat : Verification of void rek.c() took 537.290ms
01-01 03:02:00.816   702   704 W dex2oat : Verification of void rek.d() took 301.665ms
01-01 03:02:01.844   702   702 W dex2oat : Verification of void aldv.a(rnu, aldj) took 298.599ms
01-01 03:02:01.844   702   705 W dex2oat : Verification of void com.google.android.gms.netrec.scoring.client.NetworkScorerApiChimeraService.dump(java.io.FileDescriptor, java.io.PrintWriter, java.lang.String[]) took 298.634ms
01-01 03:02:01.844   702   706 W dex2oat : Verification of aldn aldu.a(android.net.RssiCurve) took 298.637ms
01-01 03:02:01.845   702   704 W dex2oat : Verification of java.lang.String aldr.toString() took 298.588ms
01-01 03:02:11.340   702   702 I dex2oat : dex2oat took 21.828s (threads: 4) arena alloc=788KB (807520B) java alloc=50MB (52629320B) native alloc=56MB (58986824B) free=5MB (6287032B) swap=16MB (16777216B)
01-01 03:02:11.528   476   476 I PackageManager.DexOptimizer: Running dexopt (dex2oat) on: /data/app/com.google.android.gms-2/base.apk pkg=com.google.android.gms isa=arm64 vmSafeMode=false debuggable=false target-filter=interpret-only oatDir = /data/app/com.google.android.gms-2/oat sharedLibraries=/system/framework/com.android.media.remotedisplay.jar:/system/framework/com.android.location.provider.jar
01-01 03:02:11.584   707   707 I dex2oat : /system/bin/dex2oat --compiler-filter=interpret-only
01-01 03:02:17.367   707   707 I dex2oat : Large app, accepted running with swap.
01-01 03:02:19.471   707   709 W dex2oat : Before Android 4.1, method double java.util.concurrent.ThreadLocalRandom.internalNextDouble(double, double) would have incorrectly overridden the package-private method in java.util.Random
01-01 03:02:19.472   707   709 W dex2oat : Before Android 4.1, method int java.util.concurrent.ThreadLocalRandom.internalNextInt(int, int) would have incorrectly overridden the package-private method in java.util.Random
01-01 03:02:19.472   707   709 W dex2oat : Before Android 4.1, method long java.util.concurrent.ThreadLocalRandom.internalNextLong(long, long) would have incorrectly overridden the package-private method in java.util.Random
01-01 03:02:20.292   707   710 W dex2oat : Verification of void bvnd.<init>(int[][][][][][][][][][][][][][][][][][][][][][][][][][][][][][][][][][][][][][][][][][][][][][][][][][][][][][][][][][][][][][][][][][][][][][][][][][][][][][][][][][][][][][][][][][][][][][][][][][][][][][][][][][][][][][][][][][][][][][][][][][][][][][][][][][][][][][][][][][][][][][][][][][][][][][][][][][][]) took 102.739ms
01-01 03:02:22.926   707   707 W dex2oat : Verification of void rek.c() took 534.517ms
01-01 03:02:23.220   707   707 W dex2oat : Verification of void rek.d() took 292.505ms
01-01 03:02:24.253   707   709 W dex2oat : Verification of void aldv.a(rnu) took 291.296ms
01-01 03:02:24.253   707   711 W dex2oat : Verification of void com.google.android.gms.netrec.scoring.client.NetworkScorerApiChimeraService.dump(java.io.FileDescriptor, java.io.PrintWriter, java.lang.String[]) took 291.367ms
01-01 03:02:24.253   707   707 W dex2oat : Verification of aldn aldu.a(android.net.RssiCurve) took 291.454ms
01-01 03:02:24.254   707   710 W dex2oat : Verification of java.lang.String aldr.toString() took 291.278ms
01-01 03:02:33.291   707   707 I dex2oat : dex2oat took 21.708s (threads: 4) arena alloc=645KB (661472B) java alloc=81MB (85859528B) native alloc=72MB (75521320B) free=6MB (6791896B) swap=16MB (16777216B)
01-01 03:02:33.352   476   476 I PackageManager.DexOptimizer: Running dexopt (dex2oat) on: /system/priv-app/MediaProvider/MediaProvider.apk pkg=com.android.providers.media isa=arm64 vmSafeMode=false debuggable=false target-filter=interpret-only oatDir = null sharedLibraries=null
01-01 03:02:33.409   712   712 I dex2oat : /system/bin/dex2oat --compiler-filter=interpret-only
01-01 03:02:33.524   712   712 I dex2oat : dex2oat took 115.586ms (threads: 4) arena alloc=100KB (102656B) java alloc=207KB (212104B) native alloc=419KB (429992B) free=2MB (2191448B)
01-01 03:02:33.528   476   476 I PackageManager.DexOptimizer: Running dexopt (dex2oat) on: /system/priv-app/DownloadProvider/DownloadProvider.apk pkg=com.android.providers.downloads isa=arm64 vmSafeMode=false debuggable=false target-filter=interpret-only oatDir = null sharedLibraries=null
01-01 03:02:33.566   717   717 I dex2oat : /system/bin/dex2oat --compiler-filter=interpret-only
01-01 03:02:33.742   717   717 I dex2oat : dex2oat took 177.162ms (threads: 4) arena alloc=9KB (9416B) java alloc=584KB (598960B) native alloc=1022KB (1047352B) free=1537KB (1574088B)
01-01 03:02:33.795   476   476 I PackageManager.DexOptimizer: Running dexopt (dex2oat) on: /data/app/com.android.chrome-1/base.apk pkg=com.android.chrome isa=arm vmSafeMode=false debuggable=false target-filter=interpret-only oatDir = /data/app/com.android.chrome-1/oat sharedLibraries=null
01-01 03:02:33.836   722   722 I dex2oat : /system/bin/dex2oat --compiler-filter=interpret-only
01-01 03:02:38.968   722   722 I dex2oat : dex2oat took 5.132s (threads: 4) arena alloc=262KB (269216B) java alloc=10MB (10923192B) native alloc=14MB (15307728B) free=1563KB (1600560B)
01-01 03:02:39.014   476   476 I PackageManager.DexOptimizer: Running dexopt (dex2oat) on: /data/app/com.android.chrome-1/base.apk pkg=com.android.chrome isa=arm64 vmSafeMode=false debuggable=false target-filter=interpret-only oatDir = /data/app/com.android.chrome-1/oat sharedLibraries=null
01-01 03:02:39.062   727   727 I dex2oat : /system/bin/dex2oat --compiler-filter=interpret-only
01-01 03:02:44.360   727   727 I dex2oat : dex2oat took 5.298s (threads: 4) arena alloc=389KB (399296B) java alloc=17MB (17957944B) native alloc=17MB (18379744B) free=1507KB (1543200B)
01-01 03:02:44.375   476   476 I PackageManager.DexOptimizer: Running dexopt (dex2oat) on: /system/priv-app/GoogleBackupTransport/GoogleBackupTransport.apk pkg=com.google.android.backuptransport isa=arm64 vmSafeMode=false debuggable=false target-filter=interpret-only oatDir = null sharedLibraries=null
01-01 03:02:44.413   732   732 I dex2oat : /system/bin/dex2oat --compiler-filter=interpret-only
01-01 03:02:44.466   732   732 I dex2oat : dex2oat took 54.040ms (threads: 4) arena alloc=10KB (10496B) java alloc=83KB (85528B) native alloc=367KB (376776B) free=2MB (2244664B)
01-01 03:02:44.470   476   476 I PackageManager.DexOptimizer: Running dexopt (dex2oat) on: /system/app/UserDictionaryProvider/UserDictionaryProvider.apk pkg=com.android.providers.userdictionary isa=arm64 vmSafeMode=false debuggable=false target-filter=interpret-only oatDir = null sharedLibraries=null
01-01 03:02:44.510   737   737 I dex2oat : /system/bin/dex2oat --compiler-filter=interpret-only
01-01 03:02:44.558   737   737 I dex2oat : dex2oat took 48.801ms (threads: 4) arena alloc=11KB (11424B) java alloc=71KB (73504B) native alloc=368KB (377080B) free=1679KB (1720072B)
01-01 03:02:44.561   476   476 I PackageManager.DexOptimizer: Running dexopt (dex2oat) on: /system/priv-app/ContactsProvider/ContactsProvider.apk pkg=com.android.providers.contacts isa=arm64 vmSafeMode=false debuggable=false target-filter=interpret-only oatDir = null sharedLibraries=null
01-01 03:02:44.601   742   742 I dex2oat : /system/bin/dex2oat --compiler-filter=interpret-only
01-01 03:02:44.911   742   742 I dex2oat : dex2oat took 310.914ms (threads: 4) arena alloc=452KB (463152B) java alloc=765KB (784256B) native alloc=1434KB (1468480B) free=1637KB (1677248B)
01-01 03:02:44.917   476   476 I PackageManager.DexOptimizer: Running dexopt (dex2oat) on: /system/priv-app/TvSettings/TvSettings.apk pkg=com.android.tv.settings isa=arm64 vmSafeMode=false debuggable=false target-filter=verify-profile oatDir = null sharedLibraries=null
01-01 03:02:44.969   747   747 I dex2oat : /system/bin/dex2oat --compiler-filter=verify-profile --profile-file-fd=7
01-01 03:02:45.369   747   749 W dex2oat : Before Android 4.1, method android.graphics.PorterDuffColorFilter android.support.graphics.drawable.VectorDrawableCompat.updateTintFilter(android.graphics.PorterDuffColorFilter, android.content.res.ColorStateList, android.graphics.PorterDuff$Mode) would have incorrectly overridden the package-private method in android.graphics.drawable.Drawable
01-01 03:02:45.411   747   747 W dex2oat : Before Android 4.1, method int android.support.v7.widget.ListViewCompat.lookForSelectablePosition(int, boolean) would have incorrectly overridden the package-private method in android.widget.ListView
01-01 03:02:45.566   747   747 I dex2oat : Explicit concurrent mark sweep GC freed 10712(5MB) AllocSpace objects, 0(0B) LOS objects, 86% free, 156KB/1180KB, paused 173us total 12.229ms
01-01 03:02:45.823   747   747 I dex2oat : dex2oat took 865.969ms (threads: 4) arena alloc=0B (0B) java alloc=163KB (167224B) native alloc=2MB (2742496B) free=1417KB (1451808B)
01-01 03:02:45.832   476   476 I PackageManager.DexOptimizer: Running dexopt (dex2oat) on: /system/app/com.termux.boot/com.termux.boot.apk pkg=com.termux.boot isa=arm64 vmSafeMode=false debuggable=false target-filter=verify-profile oatDir = null sharedLibraries=null
01-01 03:02:45.871   752   752 I dex2oat : /system/bin/dex2oat --compiler-filter=verify-profile
01-01 03:02:45.942   752   752 I dex2oat : Explicit concurrent mark sweep GC freed 34(40KB) AllocSpace objects, 0(0B) LOS objects, 99% free, 936B/1024KB, paused 115us total 3.738ms
01-01 03:02:46.073   752   752 I dex2oat : dex2oat took 202.119ms (threads: 4) arena alloc=384B (384B) java alloc=8KB (8832B) native alloc=337KB (345832B) free=1198KB (1227032B)
01-01 03:02:46.086   476   476 I PackageManager.DexOptimizer: Running dexopt (dex2oat) on: /data/app/org.cosinus.launchertv-1/base.apk pkg=org.cosinus.launchertv isa=arm64 vmSafeMode=false debuggable=false target-filter=verify-profile oatDir = /data/app/org.cosinus.launchertv-1/oat sharedLibraries=null
01-01 03:02:46.128   757   757 I dex2oat : /system/bin/dex2oat --compiler-filter=verify-profile --profile-file-fd=7
01-01 03:02:46.298   757   757 I dex2oat : Explicit concurrent mark sweep GC freed 1636(1141KB) AllocSpace objects, 0(0B) LOS objects, 94% free, 57KB/1081KB, paused 148us total 5.938ms
01-01 03:02:46.453   757   757 I dex2oat : dex2oat took 326.841ms (threads: 4) arena alloc=2688B (2688B) java alloc=65KB (66816B) native alloc=750KB (768688B) free=1297KB (1328464B)
01-01 03:02:46.465   476   476 I PackageManager.DexOptimizer: Running dexopt (dex2oat) on: /system/app/rkmcapp-armeabi-v7a-debug/rkmcapp-armeabi-v7a-debug.apk pkg=org.xbmc.rkmc isa=arm vmSafeMode=false debuggable=false target-filter=verify-profile oatDir = null sharedLibraries=null
01-01 03:02:46.504   762   762 I dex2oat : /system/bin/dex2oat --compiler-filter=verify-profile --profile-file-fd=7
01-01 03:02:46.583   762   762 I dex2oat : Explicit concurrent mark sweep GC freed 129(51KB) AllocSpace objects, 0(0B) LOS objects, 99% free, 984B/1024KB, paused 114us total 3.821ms
01-01 03:02:46.713   762   762 I dex2oat : dex2oat took 209.448ms (threads: 4) arena alloc=0B (0B) java alloc=8KB (8880B) native alloc=359KB (367992B) free=2MB (2253448B)
01-01 03:02:46.724   476   476 I PackageManager.DexOptimizer: Running dexopt (dex2oat) on: /data/app/com.termux-1/base.apk pkg=com.termux isa=arm64 vmSafeMode=false debuggable=false target-filter=verify-profile oatDir = /data/app/com.termux-1/oat sharedLibraries=null
01-01 03:02:46.765   767   767 I dex2oat : /system/bin/dex2oat --compiler-filter=verify-profile --profile-file-fd=7
01-01 03:02:46.914   767   767 I dex2oat : Explicit concurrent mark sweep GC freed 656(268KB) AllocSpace objects, 0(0B) LOS objects, 93% free, 71KB/1095KB, paused 119us total 5.992ms
01-01 03:02:47.065   767   767 I dex2oat : dex2oat took 302.114ms (threads: 4) arena alloc=12KB (12488B) java alloc=78KB (80888B) native alloc=654KB (670376B) free=1905KB (1951064B)
01-01 03:02:47.072   476   476 I PackageManager.DexOptimizer: Running dexopt (dex2oat) on: /system/app/RkExplorer/RkExplorer.apk pkg=com.android.rockchip isa=arm64 vmSafeMode=false debuggable=false target-filter=verify-profile oatDir = null sharedLibraries=null
01-01 03:02:47.113   772   772 I dex2oat : /system/bin/dex2oat --compiler-filter=verify-profile --profile-file-fd=7
01-01 03:02:47.280   772   772 I dex2oat : Explicit concurrent mark sweep GC freed 1474(317KB) AllocSpace objects, 0(0B) LOS objects, 98% free, 15KB/1039KB, paused 120us total 5.486ms
01-01 03:02:47.433   772   772 I dex2oat : dex2oat took 321.548ms (threads: 4) arena alloc=18KB (19024B) java alloc=22KB (23256B) native alloc=732KB (750200B) free=1827KB (1871240B)
01-01 03:02:47.439   476   476 I PackageManager.DexOptimizer: Running dexopt (dex2oat) on: /system/priv-app/PackageInstallerLizard/PackageInstallerLizard.apk pkg=com.openhourlab.pkginstaller isa=arm64 vmSafeMode=false debuggable=false target-filter=verify-profile oatDir = null sharedLibraries=null
01-01 03:02:47.479   777   777 I dex2oat : /system/bin/dex2oat --compiler-filter=verify-profile --profile-file-fd=7
01-01 03:02:47.636   777   777 I dex2oat : Explicit concurrent mark sweep GC freed 2392(743KB) AllocSpace objects, 0(0B) LOS objects, 99% free, 968B/1024KB, paused 119us total 5.578ms
01-01 03:02:47.789   777   777 I dex2oat : dex2oat took 310.761ms (threads: 4) arena alloc=1016B (1016B) java alloc=8KB (8864B) native alloc=748KB (766816B) free=1811KB (1854624B)
01-01 03:02:47.796   476   476 I PackageManager.DexOptimizer: Running dexopt (dex2oat) on: /system/priv-app/MediaCenter/MediaCenter.apk pkg=com.rockchips.mediacenter isa=arm64 vmSafeMode=false debuggable=false target-filter=verify-profile oatDir = null sharedLibraries=null
01-01 03:02:47.837   782   782 I dex2oat : /system/bin/dex2oat --compiler-filter=verify-profile --profile-file-fd=7
01-01 03:02:49.041   782   786 W dex2oat : Before Android 4.1, method void com.rockchips.mediacenter.videoplayer.widget.VideoseekBar.onStartTrackingTouch() would have incorrectly overridden the package-private method in android.widget.AbsSeekBar
01-01 03:02:49.041   782   786 W dex2oat : Before Android 4.1, method void com.rockchips.mediacenter.videoplayer.widget.VideoseekBar.onStopTrackingTouch() would have incorrectly overridden the package-private method in android.widget.AbsSeekBar
01-01 03:02:49.345   782   782 I dex2oat : Explicit concurrent mark sweep GC freed 22807(6MB) AllocSpace objects, 0(0B) LOS objects, 83% free, 201KB/1225KB, paused 174us total 17.254ms
01-01 03:02:49.789   782   782 I dex2oat : dex2oat took 1.955s (threads: 4) arena alloc=0B (0B) java alloc=207KB (212512B) native alloc=6MB (6779920B) free=2MB (3050480B)
01-01 03:02:49.801   476   476 I PackageManager.DexOptimizer: Running dexopt (dex2oat) on: /system/app/AllApp/AllApp.apk pkg=com.rk_itvui.allapp isa=arm64 vmSafeMode=false debuggable=false target-filter=verify-profile oatDir = null sharedLibraries=null
01-01 03:02:49.840   787   787 I dex2oat : /system/bin/dex2oat --compiler-filter=verify-profile --profile-file-fd=7
01-01 03:02:49.932   787   787 I dex2oat : Explicit concurrent mark sweep GC freed 980(238KB) AllocSpace objects, 0(0B) LOS objects, 99% free, 904B/1024KB, paused 116us total 4.228ms
01-01 03:02:50.068   787   787 I dex2oat : dex2oat took 229.413ms (threads: 4) arena alloc=984B (984B) java alloc=8KB (8800B) native alloc=478KB (490088B) free=1569KB (1607064B)
01-01 03:02:50.075   476   476 I PackageManager.DexOptimizer: Running dexopt (dex2oat) on: /system/priv-app/HdrBenchMark/HdrBenchMark.apk pkg=com.cloudmedia.uhd_hdr_benchmark isa=arm64 vmSafeMode=false debuggable=false target-filter=verify-profile oatDir = null sharedLibraries=null
01-01 03:02:50.116   792   792 I dex2oat : /system/bin/dex2oat --compiler-filter=verify-profile --profile-file-fd=7
01-01 03:02:50.548   792   794 W dex2oat : Before Android 4.1, method int android.support.v7.widget.ListViewCompat.lookForSelectablePosition(int, boolean) would have incorrectly overridden the package-private method in android.widget.ListView
01-01 03:02:50.591   792   795 W dex2oat : Before Android 4.1, method android.graphics.PorterDuffColorFilter android.support.graphics.drawable.VectorDrawableCompat.updateTintFilter(android.graphics.PorterDuffColorFilter, android.content.res.ColorStateList, android.graphics.PorterDuff$Mode) would have incorrectly overridden the package-private method in android.graphics.drawable.Drawable
01-01 03:02:50.681   792   792 I dex2oat : Explicit concurrent mark sweep GC freed 10403(3MB) AllocSpace objects, 0(0B) LOS objects, 99% free, 920B/1024KB, paused 137us total 9.180ms
01-01 03:02:50.914   792   792 I dex2oat : dex2oat took 798.971ms (threads: 4) arena alloc=0B (0B) java alloc=8KB (8816B) native alloc=2MB (2900728B) free=2MB (2342152B)
01-01 03:02:50.922   476   476 I PackageManager.DexOptimizer: Running dexopt (dex2oat) on: /system/priv-app/TVLauncher/TVLauncher.apk pkg=com.popcornhour.tvlauncher isa=arm64 vmSafeMode=false debuggable=false target-filter=verify-profile oatDir = null sharedLibraries=null
01-01 03:02:50.966   797   797 I dex2oat : /system/bin/dex2oat --compiler-filter=verify-profile --profile-file-fd=7
01-01 03:02:51.384   797   800 W dex2oat : Before Android 4.1, method android.graphics.PorterDuffColorFilter android.support.graphics.drawable.VectorDrawableCompat.updateTintFilter(android.graphics.PorterDuffColorFilter, android.content.res.ColorStateList, android.graphics.PorterDuff$Mode) would have incorrectly overridden the package-private method in android.graphics.drawable.Drawable
01-01 03:02:51.474   797   801 W dex2oat : Before Android 4.1, method int android.support.v7.widget.ListViewCompat.lookForSelectablePosition(int, boolean) would have incorrectly overridden the package-private method in android.widget.ListView
01-01 03:02:51.656   797   797 I dex2oat : Explicit concurrent mark sweep GC freed 12360(3MB) AllocSpace objects, 0(0B) LOS objects, 80% free, 242KB/1266KB, paused 157us total 10.770ms
01-01 03:02:51.958   797   797 I dex2oat : dex2oat took 995.091ms (threads: 4) arena alloc=0B (0B) java alloc=248KB (254776B) native alloc=3MB (3682296B) free=1524KB (1560584B)
01-01 03:02:51.967   476   476 I PackageManager.DexOptimizer: Running dexopt (dex2oat) on: /system/app/WifiDisplay/WifiDisplay.apk pkg=com.rockchip.wfd isa=arm64 vmSafeMode=false debuggable=false target-filter=verify-profile oatDir = null sharedLibraries=null
01-01 03:02:52.006   802   802 I dex2oat : /system/bin/dex2oat --compiler-filter=verify-profile --profile-file-fd=7
01-01 03:02:52.081   802   802 I dex2oat : Explicit concurrent mark sweep GC freed 208(85KB) AllocSpace objects, 0(0B) LOS objects, 99% free, 920B/1024KB, paused 117us total 3.914ms
01-01 03:02:52.217   802   802 I dex2oat : dex2oat took 211.526ms (threads: 4) arena alloc=0B (0B) java alloc=8KB (8816B) native alloc=342KB (351016B) free=1193KB (1221848B)
01-01 03:02:52.223   476   476 I PackageManager.DexOptimizer: Running dexopt (dex2oat) on: /system/app/RKUpdateService/RKUpdateService.apk pkg=android.rockchip.update.service isa=arm64 vmSafeMode=false debuggable=false target-filter=verify-profile oatDir = null sharedLibraries=null
01-01 03:02:52.261   807   807 I dex2oat : /system/bin/dex2oat --compiler-filter=verify-profile --profile-file-fd=7
01-01 03:02:52.343   807   807 I dex2oat : Explicit concurrent mark sweep GC freed 447(159KB) AllocSpace objects, 0(0B) LOS objects, 99% free, 936B/1024KB, paused 117us total 4.276ms
01-01 03:02:52.479   807   807 I dex2oat : dex2oat took 218.654ms (threads: 4) arena alloc=0B (0B) java alloc=8KB (8832B) native alloc=353KB (361664B) free=1694KB (1735488B)
01-01 03:02:52.485   476   476 I SystemServer: StartLockSettingsService
01-01 03:02:52.485   476   476 I SystemServiceManager: Starting com.android.server.LockSettingsService$Lifecycle
01-01 03:02:52.495   476   476 I SystemServiceManager: Starting com.android.server.DeviceIdleController
01-01 03:02:52.501   476   476 I SystemServiceManager: Starting com.android.server.devicepolicy.DevicePolicyManagerService$Lifecycle
01-01 03:02:52.509   476   476 I SystemServer: StartStatusBarManagerService
01-01 03:02:52.511   476   476 I SystemServer: StartClipboardService
01-01 03:02:52.514   476   476 I SystemServer: StartNetworkManagementService
01-01 03:02:52.518   476   812 I NetworkManagement: onDaemonConnected()
01-01 03:02:52.525   476   476 I SystemServiceManager: Starting com.android.server.TextServicesManagerService$Lifecycle
01-01 03:02:52.528   476   476 W TextServicesManagerService: no available spell checker services found
01-01 03:02:52.529   476   476 I SystemServer: StartNetworkScoreService
01-01 03:02:52.531   476   476 I SystemServer: StartNetworkStatsService
01-01 03:02:52.545   476   476 I SystemServer: StartNetworkPolicyManagerService
01-01 03:02:52.550   476   476 I SystemServer: No Wi-Fi NAN Service (NAN support Not Present)
01-01 03:02:52.557   476   476 I SystemServiceManager: Starting com.android.server.wifi.p2p.WifiP2pService
01-01 03:02:52.631   476   476 I WifiP2pService: Registering wifip2p
01-01 03:02:52.633   476   476 I SystemServiceManager: Starting com.android.server.wifi.WifiService
01-01 03:02:52.751   476   476 D HS20    : Passpoint is disabled
01-01 03:02:52.808   476   818 E IpManager.wlan0: Failed to disable IPv6java.lang.IllegalStateException: command '1 interface ipv6 wlan0 disable' failed with '400 1 Failed to change IPv6 state (No such file or directory)'
01-01 03:02:52.809   201   459 D CommandListener: Clearing all IP addresses on wlan0
01-01 03:02:52.812   476   818 D IpManager.wlan0: CMD_SET_MULTICAST_FILTER wlan0/-1 0 0 true [rcvd_in=StoppedState, proc_in=StoppedState]
01-01 03:02:52.816   476   476 E WifiLogger: no ring buffers found
01-01 03:02:52.816   476   476 E WifiLogger: Failed to start packet fate monitoring
01-01 03:02:52.818   476   817 D WifiApConfigStore: 2G band allowed channels are:1,6,11
01-01 03:02:52.834   476   476 D WifiController: isAirplaneModeOn = false, isWifiEnabled = false, isScanningAvailable = false
01-01 03:02:52.837   476   476 I WifiService: Registering wifi
01-01 03:02:52.838   476   476 I SystemServiceManager: Starting com.android.server.wifi.scanner.WifiScanningService
01-01 03:02:52.838   476   476 I WifiScanningService: Creating wifiscanner
01-01 03:02:52.844   476   476 I WifiScanningService: Publishing wifiscanner
01-01 03:02:52.846   476   476 I SystemServiceManager: Starting com.android.server.wifi.RttService
01-01 03:02:52.847   476   476 I RttService: Creating rttmanager
01-01 03:02:52.848   476   476 I RttService: Starting rttmanager
01-01 03:02:52.849   476   476 I SystemServer: StartEthernetService
01-01 03:02:52.849   476   476 I SystemServiceManager: Starting com.android.server.ethernet.EthernetService
01-01 03:02:52.850   476   476 I EthernetServiceImpl: Creating EthernetConfigStore
01-01 03:02:52.852   476   476 E IpConfigStore: Error parsing configuration: java.io.FileNotFoundException: /data/misc/ethernet/ipconfig.txt (No such file or directory)
01-01 03:02:52.852   476   476 W EthernetConfigStore: No Ethernet configuration found. Using default.
01-01 03:02:52.852   476   476 I EthernetServiceImpl: Read stored IP configuration: IP assignment: DHCP
01-01 03:02:52.852   476   476 I EthernetServiceImpl: Proxy settings: NONE
01-01 03:02:52.852   476   476 I EthernetService: Registering service ethernet
01-01 03:02:52.853   476   476 I SystemServer: StartPppoeService
01-01 03:02:52.854   476   476 I SystemServiceManager: Starting com.android.server.pppoe.PppoeService
01-01 03:02:52.858   476   476 D PppoeServiceImpl: PppoeServiceImpl() : Entered.
01-01 03:02:52.858   476   476 D PppoeServiceImpl: PppoeObserver() : to start observing, to catch uevent with 'SUBSYSTEM=net'.
01-01 03:02:52.859   476   476 D PppoeServiceImpl: mIface = eth0
01-01 03:02:52.859   476   476 I PppoeService: Registering service pppoe
01-01 03:02:52.860   476   476 I SystemServer: StartConnectivityService
01-01 03:02:52.867   476   476 D ConnectivityService: ConnectivityService starting up
01-01 03:02:52.870   476   476 D ConnectivityService: wifiOnly=true
01-01 03:02:52.870   476   476 D ConnectivityService: naString=wifi,1,1,2,-1,true config=android.net.NetworkConfig@e0f90ca
01-01 03:02:52.871   476   476 D ConnectivityService: naString=mobile,0,0,0,-1,true config=android.net.NetworkConfig@fa623b
01-01 03:02:52.871   476   476 D ConnectivityService: networkAttributes - ignoring mobile as this dev is wifiOnly 0
01-01 03:02:52.871   476   476 D ConnectivityService: naString=mobile_mms,2,0,2,60000,true config=android.net.NetworkConfig@92bfd58
