06-27 21:34:43.468   426   511 I InputReader: 1--22-----KeyCode=21, scanCode=105
06-27 21:34:43.468   426   511 I InputReader: KeyCode=21, scanCode=105
06-27 21:34:43.469   426   511 D WindowManager: interceptKeyTq keycode=21 interactive=true keyguardActive=false policyFlags=22000001
06-27 21:34:43.469   426   510 D WindowManager: interceptKeyTi keyCode=21 down=true repeatCount=0 keyguardOn=false mHomePressed=false canceled=false
06-27 21:34:43.508   426   511 I InputReader: 1--1-----KeyCode=21, scanCode=105
06-27 21:34:43.508   426   511 D WindowManager: interceptKeyTq keycode=21 interactive=true keyguardActive=false policyFlags=22000000
06-27 21:34:43.509   426   510 D WindowManager: interceptKeyTi keyCode=21 down=false repeatCount=0 keyguardOn=false mHomePressed=false canceled=false
06-27 21:34:43.627   426   511 I InputReader: 1--1-----KeyCode=21, scanCode=105
06-27 21:34:43.628   426   511 I InputReader: 1--22-----KeyCode=21, scanCode=105
06-27 21:34:43.628   426   511 I InputReader: KeyCode=21, scanCode=105
06-27 21:34:43.628   426   511 D WindowManager: interceptKeyTq keycode=21 interactive=true keyguardActive=false policyFlags=22000001
06-27 21:34:43.629   426   510 D WindowManager: interceptKeyTi keyCode=21 down=true repeatCount=0 keyguardOn=false mHomePressed=false canceled=false
06-27 21:34:43.668   426   511 I InputReader: 1--1-----KeyCode=21, scanCode=105
06-27 21:34:43.668   426   511 D WindowManager: interceptKeyTq keycode=21 interactive=true keyguardActive=false policyFlags=22000000
06-27 21:34:43.669   426   510 D WindowManager: interceptKeyTi keyCode=21 down=false repeatCount=0 keyguardOn=false mHomePressed=false canceled=false
06-27 21:34:43.780   426   511 I InputReader: 1--1-----KeyCode=21, scanCode=105
06-27 21:34:43.780   426   511 I InputReader: 1--22-----KeyCode=21, scanCode=105
06-27 21:34:43.780   426   511 I InputReader: KeyCode=21, scanCode=105
06-27 21:34:43.781   426   511 D WindowManager: interceptKeyTq keycode=21 interactive=true keyguardActive=false policyFlags=22000001
06-27 21:34:43.781   426   510 D WindowManager: interceptKeyTi keyCode=21 down=true repeatCount=0 keyguardOn=false mHomePressed=false canceled=false
06-27 21:34:43.820   426   511 I InputReader: 1--1-----KeyCode=21, scanCode=105
06-27 21:34:43.820   426   511 D WindowManager: interceptKeyTq keycode=21 interactive=true keyguardActive=false policyFlags=22000000
06-27 21:34:43.821   426   510 D WindowManager: interceptKeyTi keyCode=21 down=false repeatCount=0 keyguardOn=false mHomePressed=false canceled=false
06-27 21:34:43.940   426   511 I InputReader: 1--1-----KeyCode=21, scanCode=105
06-27 21:34:43.940   426   511 I InputReader: 1--22-----KeyCode=21, scanCode=105
06-27 21:34:43.940   426   511 I InputReader: KeyCode=21, scanCode=105
06-27 21:34:43.941   426   511 D WindowManager: interceptKeyTq keycode=21 interactive=true keyguardActive=false policyFlags=22000001
06-27 21:34:43.941   426   510 D WindowManager: interceptKeyTi keyCode=21 down=true repeatCount=0 keyguardOn=false mHomePressed=false canceled=false
06-27 21:34:43.972   426   511 I InputReader: 1--1-----KeyCode=21, scanCode=105
06-27 21:34:43.972   426   511 D WindowManager: interceptKeyTq keycode=21 interactive=true keyguardActive=false policyFlags=22000000
06-27 21:34:43.973   426   510 D WindowManager: interceptKeyTi keyCode=21 down=false repeatCount=0 keyguardOn=false mHomePressed=false canceled=false
06-27 21:34:44.092   426   511 I InputReader: 1--1-----KeyCode=21, scanCode=105
06-27 21:34:44.092   426   511 I InputReader: 1--22-----KeyCode=21, scanCode=105
06-27 21:34:44.092   426   511 I InputReader: KeyCode=21, scanCode=105
06-27 21:34:44.092   426   511 D WindowManager: interceptKeyTq keycode=21 interactive=true keyguardActive=false policyFlags=22000001
06-27 21:34:44.093   426   510 D WindowManager: interceptKeyTi keyCode=21 down=true repeatCount=0 keyguardOn=false mHomePressed=false canceled=false
06-27 21:34:44.132   426   511 I InputReader: 1--1-----KeyCode=21, scanCode=105
06-27 21:34:44.132   426   511 D WindowManager: interceptKeyTq keycode=21 interactive=true keyguardActive=false policyFlags=22000000
06-27 21:34:44.132   426   510 D WindowManager: interceptKeyTi keyCode=21 down=false repeatCount=0 keyguardOn=false mHomePressed=false canceled=false
06-27 21:34:44.252   426   511 I InputReader: 1--1-----KeyCode=21, scanCode=105
06-27 21:34:44.252   426   511 I InputReader: 1--22-----KeyCode=21, scanCode=105
06-27 21:34:44.252   426   511 I InputReader: KeyCode=21, scanCode=105
06-27 21:34:44.252   426   511 D WindowManager: interceptKeyTq keycode=21 interactive=true keyguardActive=false policyFlags=22000001
06-27 21:34:44.253   426   510 D WindowManager: interceptKeyTi keyCode=21 down=true repeatCount=0 keyguardOn=false mHomePressed=false canceled=false
06-27 21:34:44.255   426   510 D WindowManager: Unhandled key: win=Window{25f4e41 u0 com.android.vending/com.google.android.finsky.activities.MainActivity}, action=0, flags=8, keyCode=21, scanCode=105, metaState=0, repeatCount=0, policyFlags=1644167169
06-27 21:34:44.255   426   510 D WindowManager: No fallback.
06-27 21:34:44.300   426   511 I InputReader: 1--1-----KeyCode=21, scanCode=105
06-27 21:34:44.300   426   511 D WindowManager: interceptKeyTq keycode=21 interactive=true keyguardActive=false policyFlags=22000000
06-27 21:34:44.301   426   510 D WindowManager: interceptKeyTi keyCode=21 down=false repeatCount=0 keyguardOn=false mHomePressed=false canceled=false
06-27 21:34:44.302   426   510 D WindowManager: Unhandled key: win=Window{25f4e41 u0 com.android.vending/com.google.android.finsky.activities.MainActivity}, action=1, flags=8, keyCode=21, scanCode=105, metaState=0, repeatCount=0, policyFlags=1644167168
06-27 21:34:44.302   426   510 D WindowManager: No fallback.
06-27 21:34:44.420   426   511 I InputReader: 1--1-----KeyCode=21, scanCode=105
06-27 21:34:44.420   426   511 I InputReader: 1--22-----KeyCode=21, scanCode=105
06-27 21:34:44.420   426   511 I InputReader: KeyCode=21, scanCode=105
06-27 21:34:44.420   426   511 D WindowManager: interceptKeyTq keycode=21 interactive=true keyguardActive=false policyFlags=22000001
06-27 21:34:44.421   426   510 D WindowManager: interceptKeyTi keyCode=21 down=true repeatCount=0 keyguardOn=false mHomePressed=false canceled=false
06-27 21:34:44.423   426   510 D WindowManager: Unhandled key: win=Window{25f4e41 u0 com.android.vending/com.google.android.finsky.activities.MainActivity}, action=0, flags=8, keyCode=21, scanCode=105, metaState=0, repeatCount=0, policyFlags=1644167169
06-27 21:34:44.423   426   510 D WindowManager: No fallback.
06-27 21:34:44.476   426   511 I InputReader: 1--1-----KeyCode=21, scanCode=105
06-27 21:34:44.476   426   511 D WindowManager: interceptKeyTq keycode=21 interactive=true keyguardActive=false policyFlags=22000000
06-27 21:34:44.477   426   510 D WindowManager: interceptKeyTi keyCode=21 down=false repeatCount=0 keyguardOn=false mHomePressed=false canceled=false
06-27 21:34:44.478   426   510 D WindowManager: Unhandled key: win=Window{25f4e41 u0 com.android.vending/com.google.android.finsky.activities.MainActivity}, action=1, flags=8, keyCode=21, scanCode=105, metaState=0, repeatCount=0, policyFlags=1644167168
06-27 21:34:44.478   426   510 D WindowManager: No fallback.
06-27 21:34:44.596   426   511 I InputReader: 1--1-----KeyCode=21, scanCode=105
06-27 21:34:44.596   426   511 I InputReader: 1--22-----KeyCode=21, scanCode=105
06-27 21:34:44.596   426   511 I InputReader: KeyCode=21, scanCode=105
06-27 21:34:44.596   426   511 D WindowManager: interceptKeyTq keycode=21 interactive=true keyguardActive=false policyFlags=22000001
06-27 21:34:44.597   426   510 D WindowManager: interceptKeyTi keyCode=21 down=true repeatCount=0 keyguardOn=false mHomePressed=false canceled=false
06-27 21:34:44.599   426   510 D WindowManager: Unhandled key: win=Window{25f4e41 u0 com.android.vending/com.google.android.finsky.activities.MainActivity}, action=0, flags=8, keyCode=21, scanCode=105, metaState=0, repeatCount=0, policyFlags=1644167169
06-27 21:34:44.599   426   510 D WindowManager: No fallback.
06-27 21:34:44.636   426   511 I InputReader: 1--1-----KeyCode=21, scanCode=105
06-27 21:34:44.636   426   511 D WindowManager: interceptKeyTq keycode=21 interactive=true keyguardActive=false policyFlags=22000000
06-27 21:34:44.637   426   510 D WindowManager: interceptKeyTi keyCode=21 down=false repeatCount=0 keyguardOn=false mHomePressed=false canceled=false
06-27 21:34:44.637   426   510 D WindowManager: Unhandled key: win=Window{25f4e41 u0 com.android.vending/com.google.android.finsky.activities.MainActivity}, action=1, flags=8, keyCode=21, scanCode=105, metaState=0, repeatCount=0, policyFlags=1644167168
06-27 21:34:44.637   426   510 D WindowManager: No fallback.
06-27 21:34:44.764   426   511 I InputReader: 1--1-----KeyCode=21, scanCode=105
06-27 21:34:44.764   426   511 I InputReader: 1--22-----KeyCode=21, scanCode=105
06-27 21:34:44.764   426   511 I InputReader: KeyCode=21, scanCode=105
06-27 21:34:44.764   426   511 D WindowManager: interceptKeyTq keycode=21 interactive=true keyguardActive=false policyFlags=22000001
06-27 21:34:44.765   426   510 D WindowManager: interceptKeyTi keyCode=21 down=true repeatCount=0 keyguardOn=false mHomePressed=false canceled=false
06-27 21:34:44.766   426   510 D WindowManager: Unhandled key: win=Window{25f4e41 u0 com.android.vending/com.google.android.finsky.activities.MainActivity}, action=0, flags=8, keyCode=21, scanCode=105, metaState=0, repeatCount=0, policyFlags=1644167169
06-27 21:34:44.766   426   510 D WindowManager: No fallback.
06-27 21:34:44.828   426   511 I InputReader: 1--1-----KeyCode=21, scanCode=105
06-27 21:34:44.828   426   511 D WindowManager: interceptKeyTq keycode=21 interactive=true keyguardActive=false policyFlags=22000000
06-27 21:34:44.828   426   510 D WindowManager: interceptKeyTi keyCode=21 down=false repeatCount=0 keyguardOn=false mHomePressed=false canceled=false
06-27 21:34:44.829   426   510 D WindowManager: Unhandled key: win=Window{25f4e41 u0 com.android.vending/com.google.android.finsky.activities.MainActivity}, action=1, flags=8, keyCode=21, scanCode=105, metaState=0, repeatCount=0, policyFlags=1644167168
06-27 21:34:44.829   426   510 D WindowManager: No fallback.
06-27 21:34:46.549   426   511 I InputReader: 1--1-----KeyCode=22, scanCode=106
06-27 21:34:46.549   426   511 I InputReader: 1--22-----KeyCode=22, scanCode=106
06-27 21:34:46.549   426   511 I InputReader: KeyCode=22, scanCode=106
06-27 21:34:46.550   426   511 D WindowManager: interceptKeyTq keycode=22 interactive=true keyguardActive=false policyFlags=22000001
06-27 21:34:46.550   426   510 D WindowManager: interceptKeyTi keyCode=22 down=true repeatCount=0 keyguardOn=false mHomePressed=false canceled=false
06-27 21:34:46.636   426   511 I InputReader: 1--1-----KeyCode=22, scanCode=106
06-27 21:34:46.637   426   511 D WindowManager: interceptKeyTq keycode=22 interactive=true keyguardActive=false policyFlags=22000000
06-27 21:34:46.637   426   510 D WindowManager: interceptKeyTi keyCode=22 down=false repeatCount=0 keyguardOn=false mHomePressed=false canceled=false
06-27 21:34:46.932   426   511 I InputReader: 1--1-----KeyCode=22, scanCode=106
06-27 21:34:46.932   426   511 I InputReader: 1--22-----KeyCode=22, scanCode=106
06-27 21:34:46.932   426   511 I InputReader: KeyCode=22, scanCode=106
06-27 21:34:46.933   426   511 D WindowManager: interceptKeyTq keycode=22 interactive=true keyguardActive=false policyFlags=22000001
06-27 21:34:46.933   426   510 D WindowManager: interceptKeyTi keyCode=22 down=true repeatCount=0 keyguardOn=false mHomePressed=false canceled=false
06-27 21:34:47.004   426   511 I InputReader: 1--1-----KeyCode=22, scanCode=106
06-27 21:34:47.004   426   511 D WindowManager: interceptKeyTq keycode=22 interactive=true keyguardActive=false policyFlags=22000000
06-27 21:34:47.005   426   510 D WindowManager: interceptKeyTi keyCode=22 down=false repeatCount=0 keyguardOn=false mHomePressed=false canceled=false
06-27 21:34:47.284   426   511 I InputReader: 1--1-----KeyCode=22, scanCode=106
06-27 21:34:47.284   426   511 I InputReader: 1--22-----KeyCode=22, scanCode=106
06-27 21:34:47.284   426   511 I InputReader: KeyCode=22, scanCode=106
06-27 21:34:47.284   426   511 D WindowManager: interceptKeyTq keycode=22 interactive=true keyguardActive=false policyFlags=22000001
06-27 21:34:47.285   426   510 D WindowManager: interceptKeyTi keyCode=22 down=true repeatCount=0 keyguardOn=false mHomePressed=false canceled=false
06-27 21:34:47.380   426   511 I InputReader: 1--1-----KeyCode=22, scanCode=106
06-27 21:34:47.380   426   511 D WindowManager: interceptKeyTq keycode=22 interactive=true keyguardActive=false policyFlags=22000000
06-27 21:34:47.381   426   510 D WindowManager: interceptKeyTi keyCode=22 down=false repeatCount=0 keyguardOn=false mHomePressed=false canceled=false
06-27 21:34:48.140   426   511 I InputReader: 1--1-----KeyCode=22, scanCode=106
06-27 21:34:48.141   426   511 I InputReader: 1--22-----KeyCode=22, scanCode=106
06-27 21:34:48.141   426   511 I InputReader: KeyCode=22, scanCode=106
06-27 21:34:48.141   426   511 D WindowManager: interceptKeyTq keycode=22 interactive=true keyguardActive=false policyFlags=22000001
06-27 21:34:48.142   426   510 D WindowManager: interceptKeyTi keyCode=22 down=true repeatCount=0 keyguardOn=false mHomePressed=false canceled=false
06-27 21:34:48.228   426   511 I InputReader: 1--1-----KeyCode=22, scanCode=106
06-27 21:34:48.229   426   511 D WindowManager: interceptKeyTq keycode=22 interactive=true keyguardActive=false policyFlags=22000000
06-27 21:34:48.229   426   510 D WindowManager: interceptKeyTi keyCode=22 down=false repeatCount=0 keyguardOn=false mHomePressed=false canceled=false
06-27 21:34:49.045   426   511 I InputReader: 1--1-----KeyCode=66, scanCode=28
06-27 21:34:49.045   426   511 I InputReader: 1--22-----KeyCode=66, scanCode=28
06-27 21:34:49.045   426   511 I InputReader: KeyCode=66, scanCode=28
06-27 21:34:49.046   426   511 D WindowManager: interceptKeyTq keycode=66 interactive=true keyguardActive=false policyFlags=22000001
06-27 21:34:49.046   426   510 D WindowManager: interceptKeyTi keyCode=66 down=true repeatCount=0 keyguardOn=false mHomePressed=false canceled=false
06-27 21:34:49.116   426   511 I InputReader: 1--1-----KeyCode=66, scanCode=28
06-27 21:34:49.116   426   511 D WindowManager: interceptKeyTq keycode=66 interactive=true keyguardActive=false policyFlags=22000000
06-27 21:34:49.117   426   510 D WindowManager: interceptKeyTi keyCode=66 down=false repeatCount=0 keyguardOn=false mHomePressed=false canceled=false
06-27 21:34:49.194   426  1867 I PackageManager: Package doesn't exist in get block uninstall com.termux.boot
06-27 21:34:49.203   890   890 W ChimeraUtils: Non Chimera context
06-27 21:34:49.398  2605  2638 I chatty  : uid=10014(com.android.vending) expire 10 lines
06-27 21:34:49.456   426  1868 I PackageManager: Package doesn't exist in get block uninstall com.termux.boot
06-27 21:34:49.841   426   436 I art     : Background partial concurrent mark sweep GC freed 45632(2MB) AllocSpace objects, 8(296KB) LOS objects, 33% free, 7MB/11MB, paused 5.445ms total 105.363ms
06-27 21:34:49.865  2605  2626 I chatty  : uid=10014(com.android.vending) expire 10 lines
06-27 21:34:49.874  2605  2637 I chatty  : uid=10014(com.android.vending) expire 6 lines
06-27 21:34:49.959  2605  2627 I chatty  : uid=10014(com.android.vending) expire 10 lines
06-27 21:34:53.855  2605  2640 I chatty  : uid=10014(com.android.vending) expire 5 lines
06-27 21:34:53.864   426   542 I ActivityManager: START u0 {cmp=com.android.vending/com.google.android.finsky.billing.lightpurchase.LightPurchaseFlowActivity (has extras)} from uid 10014 on display 0
06-27 21:34:54.035   426   488 I ActivityManager: Displayed com.android.vending/com.google.android.finsky.billing.lightpurchase.LightPurchaseFlowActivity: +150ms
06-27 21:34:54.061   426  1868 I ActivityManager: START u0 {cmp=com.android.vending/com.google.android.finsky.activities.AppsPermissionsActivity (has extras)} from uid 10014 on display 0
06-27 21:34:54.285  2605  2605 I chatty  : uid=10014(com.android.vending) expire 35 lines
06-27 21:34:54.357  2605  2629 I chatty  : uid=10014(com.android.vending) expire 2 lines
06-27 21:34:54.397  2605  2633 I chatty  : uid=10014(com.android.vending) expire 4 lines
06-27 21:34:54.410   890   890 W ChimeraUtils: Non Chimera context
06-27 21:34:54.827   153   153 W SurfaceFlinger: couldn't log to binary event log: overflow.
06-27 21:34:54.935  1131  2604 I AppsUpload: Uploading list of 3 apps for 1 account(s)
06-27 21:34:55.144   197   197 I         : free_cache(23302) avail 3571183616
06-27 21:34:55.220  2605  2630 I chatty  : uid=10014(com.android.vending) expire 1 line
06-27 21:34:55.267  1163  2789 D DownloadManager: [55] Starting
06-27 21:34:55.353  1163  2789 D NetworkSecurityConfig: No Network Security Config specified, using platform default
06-27 21:34:55.407  1131  2429 E AppsUpload: Privacy bit setting explicitly disabled
06-27 21:34:55.536  1131  2793 E cddv    : *~*~*~ Channel {0} was not shutdown properly!!! ~*~*~*
06-27 21:34:55.536  1131  2793 E cddv    :     Make sure to call shutdown()/shutdownNow() and wait until awaitTermination() returns true.
06-27 21:34:55.540   890   890 W ChimeraUtils: Non Chimera context
06-27 21:34:55.897  1163  2789 D DownloadManager: [55] Finished with status SUCCESS
06-27 21:34:55.954   426   426 W TelecomManager: Telecom Service not found.
06-27 21:34:56.002   197   197 I         : free_cache(0) avail 3571163136
06-27 21:34:56.032   197   197 I         : free_cache(27458) avail 3571163136
06-27 21:34:56.057  1163  1363 V DownloadManager: Deleting /data/data/com.android.providers.downloads/cache/downloadfile-1.bin via provider delete
06-27 21:34:56.166   426   494 I PackageManager.DexOptimizer: Running dexopt (dex2oat) on: /data/app/vmdl501819945.tmp/base.apk pkg=com.termux.boot isa=arm64 vmSafeMode=false debuggable=false target-filter=interpret-only oatDir = /data/app/vmdl501819945.tmp/oat sharedLibraries=null
06-27 21:34:56.209  2801  2801 I dex2oat : /system/bin/dex2oat --compiler-filter=interpret-only
06-27 21:34:56.251  2801  2801 I dex2oat : dex2oat took 42.968ms (threads: 4) arena alloc=11KB (11528B) java alloc=102KB (104880B) native alloc=357KB (366528B) free=2MB (2254912B)
06-27 21:34:56.472   197   197 D installd: Detected label change from u:object_r:system_data_file:s0 to u:object_r:app_data_file:s0:c512,c768 at /data/data/com.termux.boot; running recursive restorecon
06-27 21:34:56.476   197   197 D installd: Detected label change from u:object_r:system_data_file:s0 to u:object_r:app_data_file:s0:c512,c768 at /data/user_de/0/com.termux.boot; running recursive restorecon
06-27 21:34:56.482   426   494 I art     : Starting a blocking GC Explicit
06-27 21:34:56.565   426   494 I art     : Explicit concurrent mark sweep GC freed 47424(2MB) AllocSpace objects, 12(252KB) LOS objects, 33% free, 7MB/11MB, paused 1.520ms total 82.642ms
06-27 21:34:56.565   197   197 E         : Couldn't opendir /data/app/vmdl501819945.tmp: No such file or directory
06-27 21:34:56.588   426   511 I InputReader: Reconfiguring input devices.  changes=0x00000010
06-27 21:34:56.593   426   481 I ActivityManager: Start proc 2806:android.process.acore/u0a3 for broadcast com.android.providers.contacts/.PackageIntentReceiver
06-27 21:34:56.674   426   682 D VoldConnector: SND -> {8 volume mkdirs /storage/e14e8b4a-c6c3-4546-b069-dfbdf64d0b66/Android/data/com.android.vending/files/}
06-27 21:34:56.697  2806  2806 W System  : ClassLoader referenced unknown path: /system/priv-app/ContactsProvider/lib/arm64
06-27 21:34:56.701   856   856 I sdcard  : type=1400 audit(0.0:75): avc: denied { create } for name="com.android.vending" scontext=u:r:sdcardd:s0 tcontext=u:object_r:unlabeled:s0 tclass=dir permissive=1
06-27 21:34:56.715   426   515 D VoldConnector: RCV <- {200 8 Command succeeded}
06-27 21:34:56.720   426   426 W TelecomManager: Telecom Service not found.
06-27 21:34:56.748   426   480 W Searchables: No global search activity found
06-27 21:34:56.754   426   480 W VoiceInteractionManagerService: no available voice recognition services found for user 0
06-27 21:34:56.808  2806  2806 I ContactsPerf: VoicemailContentProvider.onCreate start
06-27 21:34:56.813  2806  2806 I ContactsPerf: VoicemailContentProvider.onCreate finish
06-27 21:34:56.819  2806  2806 W System  : ClassLoader referenced unknown path: /system/app/UserDictionaryProvider/lib/arm64
06-27 21:34:56.820  2806  2806 D ApplicationLoaders: ignored Vulkan layer search path /system/app/UserDictionaryProvider/lib/arm64:/system/lib64:/vendor/lib64 for namespace 0x75495b20f0
06-27 21:34:56.916   890   890 I Wear_Controller: Wear requires a companion app to be installed.
06-27 21:34:56.916   890   890 I WearableService: onCreate: Wearable Services not starting. Wear is not available on this device.
06-27 21:34:56.916   426   455 W BroadcastQueue: Unable to launch app com.google.android.partnersetup/10011 for broadcast Intent { act=android.intent.action.PACKAGE_ADDED dat=package:com.termux.boot flg=0x4000010 (has extras) }: process is bad
06-27 21:34:56.917   426   481 W BroadcastQueue: Unable to launch app com.google.android.partnersetup/10011 for broadcast Intent { act=android.intent.action.PACKAGE_ADDED dat=package:com.termux.boot flg=0x4000010 (has extras) }: process is bad
06-27 21:34:56.922   890  2829 W GCM     : Unexpected forwarded intent: Intent { act=android.intent.action.PACKAGE_ADDED dat=package:com.termux.boot flg=0x4000010 cmp=com.google.android.gms/.chimera.PersistentIntentOperationService (has extras) }
06-27 21:34:56.930   890  2830 W GCM     : Unexpected forwarded intent: Intent { act=android.intent.action.PACKAGE_ADDED dat=package:com.termux.boot flg=0x4000010 cmp=com.google.android.gms/.chimera.PersistentIntentOperationService (has extras) }
06-27 21:34:56.937   426   481 I ActivityManager: Start proc 2832:com.openhourlab.pkginstaller/u0a13 for broadcast com.openhourlab.pkginstaller/.service.receiver.AppChangeReceiver
06-27 21:34:56.955   890  1835 W WearableService: onGetService: Wear is not available on this device.
06-27 21:34:56.973  1131  2828 I Auth    : [SupervisedAccountIntentOperation] onHandleIntent(): android.intent.action.PACKAGE_ADDED
06-27 21:34:56.973  1131  2828 I Auth    : [SupervisedAccountIntentOperation] This operation is disabled
06-27 21:34:56.983  1131  2828 I ChromeSync: [Sync,SyncIntentOperation] Handling the intent: Intent { act=android.intent.action.PACKAGE_ADDED dat=package:com.termux.boot flg=0x4000010 cmp=com.google.android.gms/.chimera.GmsIntentOperationService (has extras) }.
06-27 21:34:56.995  1131  2846 I FontsPackageChangeOp: Package com.termux.boot has no metadata
06-27 21:34:57.001  1131  2847 I AppsUpload: Received intent with action android.intent.action.PACKAGE_ADDED
06-27 21:34:57.021  2832  2832 I art     : Starting a blocking GC AddRemoveAppImageSpace
06-27 21:34:57.022  2832  2832 W System  : ClassLoader referenced unknown path: /system/priv-app/PackageInstallerLizard/lib/arm64
06-27 21:34:57.056  1131  2828 W PeopleContactsSync: CP2 sync disabled by gservices.
06-27 21:34:57.113  1131  1622 I Icing   : IndexChimeraService.getServiceInterface callingPackage=com.google.android.gms componentName=AppsCorpus serviceId=36
06-27 21:34:57.133  1131  1500 I Icing   : IndexChimeraService.getServiceInterface callingPackage=com.google.android.gms componentName=AppsCorpus serviceId=32
06-27 21:34:57.177  1131  2429 I Icing   : Usage reports ok 0, Failed Usage reports 0, indexed 0, rejected 0
06-27 21:34:57.196  1131  2429 I Icing   : Usage reports ok 0, Failed Usage reports 0, indexed 0, rejected 0
06-27 21:34:57.234  2832  2832 D AppChangeReceiver: received: Intent { act=android.intent.action.PACKAGE_ADDED dat=package:com.termux.boot flg=0x4000010 cmp=com.openhourlab.pkginstaller/.service.receiver.AppChangeReceiver (has extras) }
06-27 21:34:57.235  2832  2832 D AppChangeReceiver: packageName: com.termux.boot
06-27 21:34:57.283   426   542 I ActivityManager: Start proc 2861:com.popcornhour.tvlauncher/u0a20 for broadcast com.popcornhour.tvlauncher/.receiver.AppChangeReceiver
06-27 21:34:57.332  2861  2861 I art     : Starting a blocking GC AddRemoveAppImageSpace
06-27 21:34:57.337  2861  2861 W System  : ClassLoader referenced unknown path: /system/priv-app/TVLauncher/lib/arm64
06-27 21:34:57.459  2861  2861 D         : ----->receivercom.termux.boot          <ThreadName= main,ThreadId= 1,JavaName= AppChangeReceiver.java,LineNumber= 34,>
06-27 21:34:57.490   426   542 I ActivityManager: Start proc 2880:com.svox.pico/u0a39 for broadcast com.svox.pico/.VoiceDataInstallerReceiver
06-27 21:34:57.497  2861  2877 D         : ----->com.android.chrome          <ThreadName= pool-1-thread-1,ThreadId= 195,JavaName= InstalledApp.java,LineNumber= 51,>
06-27 21:34:57.500  2861  2877 D darientoh: AppsDao isExists: exist??? com.android.chrome / 1
06-27 21:34:57.502  2861  2879 D darientoh: AppsDao isExists: exist??? com.termux.boot / 0
06-27 21:34:57.515  2861  2877 D         : ----->com.android.vending          <ThreadName= pool-1-thread-1,ThreadId= 195,JavaName= InstalledApp.java,LineNumber= 51,>
06-27 21:34:57.530  2861  2877 D darientoh: AppsDao isExists: exist??? com.android.vending / 1
06-27 21:34:57.535  2861  2877 D         : ----->com.google.android.youtube.tv          <ThreadName= pool-1-thread-1,ThreadId= 195,JavaName= InstalledApp.java,LineNumber= 51,>
06-27 21:34:57.536  2861  2877 D darientoh: AppsDao isExists: exist??? com.google.android.youtube.tv / 1
06-27 21:34:57.539  2880  2880 I art     : Starting a blocking GC AddRemoveAppImageSpace
06-27 21:34:57.559  2861  2877 D         : ----->com.rockchips.mediacenter          <ThreadName= pool-1-thread-1,ThreadId= 195,JavaName= InstalledApp.java,LineNumber= 51,>
06-27 21:34:57.560  2861  2877 D darientoh: AppsDao isExists: exist??? com.rockchips.mediacenter / 1
06-27 21:34:57.575   426   455 W BroadcastQueue: Unable to launch app net.dinglisch.android.taskerm/10055 for broadcast Intent { act=android.intent.action.PACKAGE_ADDED dat=package:com.termux.boot flg=0x4000010 (has extras) }: process is bad
06-27 21:34:57.576   426   455 I ActivityManager: Killing 2806:android.process.acore/u0a3 (adj 906): empty #4
06-27 21:34:57.589  2861  2877 D         : ----->net.dinglisch.android.taskerm          <ThreadName= pool-1-thread-1,ThreadId= 195,JavaName= InstalledApp.java,LineNumber= 51,>
06-27 21:34:57.590  2861  2877 D darientoh: AppsDao isExists: exist??? net.dinglisch.android.taskerm / 1
06-27 21:34:57.610  2861  2877 D         : ----->org.cosinus.launchertv          <ThreadName= pool-1-thread-1,ThreadId= 195,JavaName= InstalledApp.java,LineNumber= 51,>
06-27 21:34:57.612  2861  2877 D darientoh: AppsDao isExists: exist??? org.cosinus.launchertv / 1
06-27 21:34:57.613   426  1868 D ActivityManager: cleanUpApplicationRecord -- 2806
06-27 21:34:57.620  2861  2877 D         : ----->com.android.calculator2          <ThreadName= pool-1-thread-1,ThreadId= 195,JavaName= InstalledApp.java,LineNumber= 51,>
06-27 21:34:57.621  2861  2877 D darientoh: AppsDao isExists: exist??? com.android.calculator2 / 1
06-27 21:34:57.627  2861  2877 D         : ----->com.android.rockchip          <ThreadName= pool-1-thread-1,ThreadId= 195,JavaName= InstalledApp.java,LineNumber= 51,>
06-27 21:34:57.628  2861  2877 D darientoh: AppsDao isExists: exist??? com.android.rockchip / 1
06-27 21:34:57.646  2861  2877 D         : ----->com.cloudmedia.uhd_hdr_benchmark          <ThreadName= pool-1-thread-1,ThreadId= 195,JavaName= InstalledApp.java,LineNumber= 51,>
06-27 21:34:57.648  2861  2877 D darientoh: AppsDao isExists: exist??? com.cloudmedia.uhd_hdr_benchmark / 1
06-27 21:34:57.655  2861  2877 D         : ----->com.rk_itvui.allapp          <ThreadName= pool-1-thread-1,ThreadId= 195,JavaName= InstalledApp.java,LineNumber= 51,>
06-27 21:34:57.657  2861  2877 D darientoh: AppsDao isExists: exist??? com.rk_itvui.allapp / 1
06-27 21:34:57.664  2861  2877 D         : ----->com.rockchip.wfd          <ThreadName= pool-1-thread-1,ThreadId= 195,JavaName= InstalledApp.java,LineNumber= 51,>
06-27 21:34:57.665  2861  2877 D darientoh: AppsDao isExists: exist??? com.rockchip.wfd / 1
06-27 21:34:57.666  2861  2877 D         : ----->org.xbmc.rkmc          <ThreadName= pool-1-thread-1,ThreadId= 195,JavaName= InstalledApp.java,LineNumber= 51,>
06-27 21:34:57.667  2861  2877 D darientoh: AppsDao isExists: exist??? org.xbmc.rkmc / 1
06-27 21:34:57.672  2861  2877 D         : ----->com.termux          <ThreadName= pool-1-thread-1,ThreadId= 195,JavaName= InstalledApp.java,LineNumber= 51,>
06-27 21:34:57.673  2861  2877 D darientoh: AppsDao isExists: exist??? com.termux / 1
06-27 21:34:57.673  2861  2877 D         : ----->com.termux.boot          <ThreadName= pool-1-thread-1,ThreadId= 195,JavaName= InstalledApp.java,LineNumber= 51,>
06-27 21:34:57.674  2861  2877 D darientoh: AppsDao isExists: exist??? com.termux.boot / 1
06-27 21:34:57.675  2861  2877 D         : ----->net.dinglisch.android.taskerm          <ThreadName= pool-1-thread-1,ThreadId= 195,JavaName= InstalledApp.java,LineNumber= 51,>
06-27 21:34:57.676  2861  2877 D darientoh: AppsDao isExists: exist??? net.dinglisch.android.taskerm / 1
06-27 21:34:58.204  1131  2792 I Icing   : Indexing com.google.android.gms-apps from com.google.android.gms
06-27 21:34:58.231  1131  2792 I Icing   : Indexing done com.google.android.gms-apps
06-27 21:35:03.797   426   511 I InputReader: 1--1-----KeyCode=111, scanCode=1
06-27 21:35:03.798   426   511 I InputReader: 1--22-----KeyCode=111, scanCode=1
06-27 21:35:03.798   426   511 I InputReader: KeyCode=111, scanCode=1
06-27 21:35:03.798   426   511 D WindowManager: interceptKeyTq keycode=111 interactive=true keyguardActive=false policyFlags=22000001
06-27 21:35:03.799   426   510 D WindowManager: interceptKeyTi keyCode=111 down=true repeatCount=0 keyguardOn=false mHomePressed=false canceled=false
06-27 21:35:03.800   426   510 D WindowManager: Unhandled key: win=Window{25f4e41 u0 com.android.vending/com.google.android.finsky.activities.MainActivity}, action=0, flags=8, keyCode=111, scanCode=1, metaState=0, repeatCount=0, policyFlags=1644167169
06-27 21:35:03.800   426   510 D WindowManager: Fallback: keyCode=4 metaState=0
06-27 21:35:03.800   426   510 D WindowManager: interceptKeyTq keycode=4 interactive=true keyguardActive=false policyFlags=62000001
06-27 21:35:03.800   426   510 D WindowManager: interceptKeyTi keyCode=4 down=true repeatCount=0 keyguardOn=false mHomePressed=false canceled=false
06-27 21:35:03.800   426   510 D WindowManager: Performing fallback: KeyEvent { action=ACTION_DOWN, keyCode=KEYCODE_BACK, scanCode=1, metaState=0, flags=0x408, repeatCount=0, eventTime=1459513, downTime=1459513, deviceId=4, source=0x101 }
06-27 21:35:03.916   426   511 I InputReader: 1--1-----KeyCode=111, scanCode=1
06-27 21:35:03.917   426   511 D WindowManager: interceptKeyTq keycode=111 interactive=true keyguardActive=false policyFlags=22000000
06-27 21:35:03.917   426   510 D WindowManager: interceptKeyTi keyCode=111 down=false repeatCount=0 keyguardOn=false mHomePressed=false canceled=false
06-27 21:35:03.918   426   510 D WindowManager: Unhandled key: win=Window{25f4e41 u0 com.android.vending/com.google.android.finsky.activities.MainActivity}, action=1, flags=8, keyCode=111, scanCode=1, metaState=0, repeatCount=0, policyFlags=1644167168
06-27 21:35:03.918   426   510 D WindowManager: Fallback: keyCode=4 metaState=0
06-27 21:35:03.919   426   510 D WindowManager: interceptKeyTq keycode=4 interactive=true keyguardActive=false policyFlags=62000000
06-27 21:35:03.919   426   510 D WindowManager: interceptKeyTi keyCode=4 down=false repeatCount=0 keyguardOn=false mHomePressed=false canceled=false
06-27 21:35:03.919   426   510 D WindowManager: Performing fallback: KeyEvent { action=ACTION_UP, keyCode=KEYCODE_BACK, scanCode=1, metaState=0, flags=0x408, repeatCount=0, eventTime=1459633, downTime=1459513, deviceId=4, source=0x101 }
06-27 21:35:04.741   426   511 D WindowManager: interceptKeyTq keycode=4 interactive=true keyguardActive=false policyFlags=22000001
06-27 21:35:04.741   426   510 D WindowManager: interceptKeyTi keyCode=4 down=true repeatCount=0 keyguardOn=false mHomePressed=false canceled=false
06-27 21:35:04.812   426   511 D WindowManager: interceptKeyTq keycode=4 interactive=true keyguardActive=false policyFlags=22000000
06-27 21:35:04.812   426   510 D WindowManager: interceptKeyTi keyCode=4 down=false repeatCount=0 keyguardOn=false mHomePressed=false canceled=false
06-27 21:35:04.891  2605  2605 I chatty  : uid=10014(com.android.vending) expire 16 lines
06-27 21:35:05.375  2605  2610 I chatty  : uid=10014(com.android.vending) expire 4 lines
06-27 21:35:08.476   929   929 W LatinIME: Deprecated private IME option specified: nm
06-27 21:35:08.476   929   929 W LatinIME: Use com.android.inputmethod.latin.noMicrophoneKey instead
06-27 21:35:08.496   929   929 W Vibrator: Failed to vibrate; no vibrator service.
06-27 21:35:08.511   890   890 W ChimeraUtils: Non Chimera context
06-27 21:35:11.574   426   511 I InputReader: 1--1-----KeyCode=62, scanCode=57
06-27 21:35:11.574   426   511 I InputReader: 1--22-----KeyCode=62, scanCode=57
06-27 21:35:11.574   426   511 I InputReader: KeyCode=62, scanCode=57
06-27 21:35:11.575   426   511 D WindowManager: interceptKeyTq keycode=62 interactive=true keyguardActive=false policyFlags=22000001
06-27 21:35:11.575   426   510 D WindowManager: interceptKeyTi keyCode=62 down=true repeatCount=0 keyguardOn=false mHomePressed=false canceled=false
06-27 21:35:11.676   426   511 I InputReader: 1--1-----KeyCode=62, scanCode=57
06-27 21:35:11.677   426   511 D WindowManager: interceptKeyTq keycode=62 interactive=true keyguardActive=false policyFlags=22000000
06-27 21:35:11.678   426   510 D WindowManager: interceptKeyTi keyCode=62 down=false repeatCount=0 keyguardOn=false mHomePressed=false canceled=false
06-27 21:35:11.825  2605  2639 I chatty  : uid=10014(com.android.vending) expire 6 lines
06-27 21:35:11.924   426   511 I InputReader: 1--1-----KeyCode=30, scanCode=48
06-27 21:35:11.925   426   511 I InputReader: 1--22-----KeyCode=30, scanCode=48
06-27 21:35:11.925   426   511 I InputReader: KeyCode=30, scanCode=48
06-27 21:35:11.925   426   511 D WindowManager: interceptKeyTq keycode=30 interactive=true keyguardActive=false policyFlags=22000001
06-27 21:35:11.925   426   510 D WindowManager: interceptKeyTi keyCode=30 down=true repeatCount=0 keyguardOn=false mHomePressed=false canceled=false
06-27 21:35:12.052   426   511 I InputReader: 1--1-----KeyCode=30, scanCode=48
06-27 21:35:12.053   426   511 D WindowManager: interceptKeyTq keycode=30 interactive=true keyguardActive=false policyFlags=22000000
06-27 21:35:12.054   426   510 D WindowManager: interceptKeyTi keyCode=30 down=false repeatCount=0 keyguardOn=false mHomePressed=false canceled=false
06-27 21:35:12.165   426   511 I InputReader: 1--1-----KeyCode=43, scanCode=24
06-27 21:35:12.165   426   511 I InputReader: 1--22-----KeyCode=43, scanCode=24
06-27 21:35:12.165   426   511 I InputReader: KeyCode=43, scanCode=24
06-27 21:35:12.166   426   511 D WindowManager: interceptKeyTq keycode=43 interactive=true keyguardActive=false policyFlags=22000001
06-27 21:35:12.166   426   510 D WindowManager: interceptKeyTi keyCode=43 down=true repeatCount=0 keyguardOn=false mHomePressed=false canceled=false
06-27 21:35:12.189   426   511 I InputReader: 1--1-----KeyCode=43, scanCode=24
06-27 21:35:12.190   426   511 D WindowManager: interceptKeyTq keycode=43 interactive=true keyguardActive=false policyFlags=22000000
06-27 21:35:12.190   426   510 D WindowManager: interceptKeyTi keyCode=43 down=false repeatCount=0 keyguardOn=false mHomePressed=false canceled=false
06-27 21:35:12.199   426   455 I ActivityManager: Killing 2832:com.openhourlab.pkginstaller/u0a13 (adj 906): empty #4
06-27 21:35:12.234   426   682 D ActivityManager: cleanUpApplicationRecord -- 2832
06-27 21:35:12.308   426   511 I InputReader: 1--1-----KeyCode=43, scanCode=24
06-27 21:35:12.309   426   511 I InputReader: 1--22-----KeyCode=43, scanCode=24
06-27 21:35:12.309   426   511 I InputReader: KeyCode=43, scanCode=24
06-27 21:35:12.309   426   511 D WindowManager: interceptKeyTq keycode=43 interactive=true keyguardActive=false policyFlags=22000001
06-27 21:35:12.310   426   510 D WindowManager: interceptKeyTi keyCode=43 down=true repeatCount=0 keyguardOn=false mHomePressed=false canceled=false
06-27 21:35:12.348   426   511 I InputReader: 1--1-----KeyCode=43, scanCode=24
06-27 21:35:12.349   426   511 D WindowManager: interceptKeyTq keycode=43 interactive=true keyguardActive=false policyFlags=22000000
06-27 21:35:12.350   426   510 D WindowManager: interceptKeyTi keyCode=43 down=false repeatCount=0 keyguardOn=false mHomePressed=false canceled=false
06-27 21:35:12.511  2605  2626 I chatty  : uid=10014(com.android.vending) expire 6 lines
06-27 21:35:14.257   929   929 W LatinIME: Deprecated private IME option specified: nm
06-27 21:35:14.258   929   929 W LatinIME: Use com.android.inputmethod.latin.noMicrophoneKey instead
06-27 21:35:14.298   929   929 E RichInputConnection: Unable to connect to the editor to retrieve text... will retry later
06-27 21:35:14.362   890   890 W ChimeraUtils: Non Chimera context
06-27 21:35:14.437   929   929 E RichInputConnection: Unable to connect to the editor to retrieve text... will retry later
06-27 21:35:14.465   929   929 I InputAttributes: InputType.TYPE_NULL is specified
06-27 21:35:14.465   929   929 W Vibrator: Failed to vibrate; no vibrator service.
06-27 21:35:18.495   890   890 W ChimeraUtils: Non Chimera context
06-27 21:35:18.503  2605  2605 I chatty  : uid=10014(com.android.vending) expire 1 line
06-27 21:35:18.689  2605  2627 I chatty  : uid=10014(com.android.vending) expire 2 lines
06-27 21:35:21.014   426   426 W TelecomManager: Telecom Service not found.
06-27 21:35:21.015   426  1718 I ActivityManager: START u0 {act=android.intent.action.MAIN cat=[android.intent.category.LAUNCHER] flg=0x10000000 pkg=com.termux.boot cmp=com.termux.boot/.BootActivity} from uid 10014 on display 0
06-27 21:35:21.061   426  1867 I ActivityManager: Start proc 2928:com.termux.boot/u0a54 for activity com.termux.boot/.BootActivity
06-27 21:35:21.109  2605  2605 I chatty  : uid=10014(com.android.vending) expire 8 lines
06-27 21:35:21.122  2928  2928 W System  : ClassLoader referenced unknown path: /data/app/com.termux.boot-1/lib/arm64
06-27 21:35:21.233  2928  2928 D ApplicationLoaders: ignored Vulkan layer search path /data/app/com.android.chrome-1/lib/arm64:/data/app/com.android.chrome-1/base.apk!/lib/arm64-v8a:/data/app/com.android.chrome-1/split_config.en.apk!/lib/arm64-v8a for namespace 0x75495b10f0
06-27 21:35:21.239  2928  2928 I WebViewFactory: Loading com.android.chrome version 75.0.3770.101 (code 377010137)
06-27 21:35:21.531  2928  2928 I cr_LibraryLoader: Time to load native libraries: 6 ms (timestamps 7241-7247)
06-27 21:35:21.631  2928  2948 W System  : ClassLoader referenced unknown path: 
06-27 21:35:21.634  2928  2948 D ApplicationLoaders: ignored Vulkan layer search path /data/app/com.android.chrome-1/lib/arm64:/data/app/com.android.chrome-1/base.apk!/lib/arm64-v8a:/data/app/com.android.chrome-1/split_config.en.apk!/lib/arm64-v8a for namespace 0x75495b1160
06-27 21:35:22.064   426  1199 W ActivityManager: Slow operation: 426ms so far, now at startProcess: returned from zygote!
06-27 21:35:22.064   426  1199 W ActivityManager: Slow operation: 427ms so far, now at startProcess: done updating battery stats
06-27 21:35:22.064   426  1199 W ActivityManager: Slow operation: 427ms so far, now at startProcess: building log message
06-27 21:35:22.064   426  1199 I ActivityManager: Start proc 2949:com.android.chrome:webview_service/u0a28 for service com.android.chrome/org.chromium.android_webview.services.VariationsSeedServer
06-27 21:35:22.064   426  1199 W ActivityManager: Slow operation: 427ms so far, now at startProcess: starting to update pids map
06-27 21:35:22.065   426  1199 W ActivityManager: Slow operation: 427ms so far, now at startProcess: done updating pids map
06-27 21:35:22.065   426  1199 W ActivityManager: Slow operation: 427ms so far, now at startProcess: done starting proc!
06-27 21:35:22.066   426   482 W art     : Long monitor contention with owner Binder:426_7 (1199) at int com.android.server.am.ActivityManagerService.bindService(android.app.IApplicationThread, android.os.IBinder, android.content.Intent, java.lang.String, android.app.IServiceConnection, int, java.lang.String, int)(ActivityManagerService.java:17538) waiters=0 in void com.android.server.am.ActivityManagerService.dispatchUidsChanged() for 427ms
06-27 21:35:22.066   426  1643 W art     : Long monitor contention with owner Binder:426_7 (1199) at int com.android.server.am.ActivityManagerService.bindService(android.app.IApplicationThread, android.os.IBinder, android.content.Intent, java.lang.String, android.app.IServiceConnection, int, java.lang.String, int)(ActivityManagerService.java:17538) waiters=1 in void com.android.server.am.ActivityManagerService.setTaskDescription(android.os.IBinder, android.app.ActivityManager$TaskDescription) for 420ms
06-27 21:35:22.068   426   619 W art     : Long monitor contention with owner Binder:426_7 (1199) at int com.android.server.am.ActivityManagerService.bindService(android.app.IApplicationThread, android.os.IBinder, android.content.Intent, java.lang.String, android.app.IServiceConnection, int, java.lang.String, int)(ActivityManagerService.java:17538) waiters=2 in void com.android.server.am.TaskPersister$LazyTaskWriterThread.run() for 226ms
06-27 21:35:22.191  2928  2928 I chromium: [INFO:library_loader_hooks.cc(50)] Chromium logging enabled: level = 0, default verbosity = 0
06-27 21:35:22.192  2928  2928 I cr_LibraryLoader: Expected native library version number "75.0.3770.101", actual native library version number "75.0.3770.101"
06-27 21:35:22.239  2928  2928 I cr_BrowserStartup: Initializing chromium process, singleProcess=true
06-27 21:35:22.246  2928  2928 W ResourceType: Failure getting entry for 0x7f130537 (t=18 e=1335) (error -2147483647)
06-27 21:35:22.374   426   488 E Typeface: Error mapping font file /system/fonts/DroidSansFallback.ttf
06-27 21:35:23.188  2928  2928 E chromium: [ERROR:filesystem_posix.cc(89)] stat /data/user/0/com.termux.boot/cache/WebView/Crashpad: No such file or directory (2)
06-27 21:35:23.188  2928  2928 E chromium: [ERROR:filesystem_posix.cc(62)] mkdir /data/user/0/com.termux.boot/cache/WebView/Crashpad: No such file or directory (2)
06-27 21:35:23.894  2928  2928 W art     : Verification of boolean org.chromium.content.browser.selection.SelectionPopupControllerImpl.a(android.view.ActionMode, android.view.Menu) took 161.345ms
06-27 21:35:24.565  2928  2984 E libEGL  : validate_display:99 error 3008 (EGL_BAD_DISPLAY)
06-27 21:35:24.569  2928  2973 W cr_media: Requires BLUETOOTH permission
06-27 21:35:24.570  2928  2984 I mali_so : [File] : hardware/rockchip/driver/./src/base/arch/arch_011_udd/base_arch_main.c; [Line] : 565; [Func] : deal_with_version_affairs_rk_ext;
06-27 21:35:24.570  2928  2984 I mali_so : arm_release_ver of this mali_so is 'r7p0-00rel1', rk_so_ver is '1@2' for 3328h_android_7.1, built at '15:47:51', on 'Jun 28 2017'.
06-27 21:35:24.570  2928  2984 I mali_so : [File] : hardware/rockchip/driver/./src/base/arch/arch_011_udd/base_arch_main.c; [Line] : 578; [Func] : deal_with_version_affairs_rk_ext;
06-27 21:35:24.570  2928  2984 I mali_so : mali_ver_property has been set to 'r7p0-00rel1-5-1@2', to return.
06-27 21:35:24.617  2928  2984 E chromium: [ERROR:gl_surface_egl.cc(343)] eglChooseConfig failed with error EGL_BAD_ATTRIBUTE
06-27 21:35:25.047  2928  2928 I [Gralloc]:  ion device open success! fd = 99
06-27 21:35:25.112  2928  2984 E chromium: [ERROR:gl_surface_egl.cc(343)] eglChooseConfig failed with error EGL_BAD_ATTRIBUTE
06-27 21:35:25.172  2928  2993 I OpenGLRenderer: Initialized EGL, version 1.4
06-27 21:35:25.172  2928  2993 D OpenGLRenderer: Swap behavior 1
06-27 21:35:25.270   426  1867 I ActivityManager: Killing 2861:com.popcornhour.tvlauncher/u0a20 (adj 906): empty #4
06-27 21:35:25.304   426  1868 D ActivityManager: cleanUpApplicationRecord -- 2861
06-27 21:35:25.525  2928  2984 I VideoCapabilities: Unsupported profile 4 for video/mp4v-es
06-27 21:35:25.678  2928  2984 W cr_MediaCodecUtil: HW encoder for video/avc is not available on this device.
06-27 21:35:25.758   426   488 I ActivityManager: Displayed com.termux.boot/.BootActivity: +4s710ms (total +31s680ms)
06-27 21:35:32.822   426   511 I InputReader: 1--1-----KeyCode=111, scanCode=1
06-27 21:35:32.823   426   511 I InputReader: 1--22-----KeyCode=111, scanCode=1
06-27 21:35:32.823   426   511 I InputReader: KeyCode=111, scanCode=1
06-27 21:35:32.823   426   511 D WindowManager: interceptKeyTq keycode=111 interactive=true keyguardActive=false policyFlags=22000001
06-27 21:35:32.824   426   510 D WindowManager: interceptKeyTi keyCode=111 down=true repeatCount=0 keyguardOn=false mHomePressed=false canceled=false
06-27 21:35:32.941   426   511 I InputReader: 1--1-----KeyCode=111, scanCode=1
06-27 21:35:32.942   426   511 D WindowManager: interceptKeyTq keycode=111 interactive=true keyguardActive=false policyFlags=22000000
06-27 21:35:32.942   426   510 D WindowManager: interceptKeyTi keyCode=111 down=false repeatCount=0 keyguardOn=false mHomePressed=false canceled=false
06-27 21:35:33.649   426   481 I ActivityManager: Killing 2880:com.svox.pico/u0a39 (adj 906): empty #5
06-27 21:35:33.688   426  1718 D ActivityManager: cleanUpApplicationRecord -- 2880
06-27 21:35:34.350   426   511 I InputReader: 1--1-----KeyCode=111, scanCode=1
06-27 21:35:34.351   426   511 I InputReader: 1--22-----KeyCode=111, scanCode=1
06-27 21:35:34.351   426   511 I InputReader: KeyCode=111, scanCode=1
06-27 21:35:34.351   426   511 D WindowManager: interceptKeyTq keycode=111 interactive=true keyguardActive=false policyFlags=22000001
06-27 21:35:34.352   426   510 D WindowManager: interceptKeyTi keyCode=111 down=true repeatCount=0 keyguardOn=false mHomePressed=false canceled=false
06-27 21:35:34.353   426   510 D WindowManager: Unhandled key: win=Window{25f4e41 u0 com.android.vending/com.google.android.finsky.activities.MainActivity}, action=0, flags=8, keyCode=111, scanCode=1, metaState=0, repeatCount=0, policyFlags=1644167169
06-27 21:35:34.353   426   510 D WindowManager: Fallback: keyCode=4 metaState=0
06-27 21:35:34.353   426   510 D WindowManager: interceptKeyTq keycode=4 interactive=true keyguardActive=false policyFlags=62000001
06-27 21:35:34.353   426   510 D WindowManager: interceptKeyTi keyCode=4 down=true repeatCount=0 keyguardOn=false mHomePressed=false canceled=false
06-27 21:35:34.353   426   510 D WindowManager: Performing fallback: KeyEvent { action=ACTION_DOWN, keyCode=KEYCODE_BACK, scanCode=1, metaState=0, flags=0x408, repeatCount=0, eventTime=1490066, downTime=1490066, deviceId=4, source=0x101 }
06-27 21:35:34.405   426   511 I InputReader: 1--1-----KeyCode=111, scanCode=1
06-27 21:35:34.406   426   511 D WindowManager: interceptKeyTq keycode=111 interactive=true keyguardActive=false policyFlags=22000000
06-27 21:35:34.406   426   510 D WindowManager: interceptKeyTi keyCode=111 down=false repeatCount=0 keyguardOn=false mHomePressed=false canceled=false
06-27 21:35:34.407   426   510 D WindowManager: Unhandled key: win=Window{25f4e41 u0 com.android.vending/com.google.android.finsky.activities.MainActivity}, action=1, flags=8, keyCode=111, scanCode=1, metaState=0, repeatCount=0, policyFlags=1644167168
06-27 21:35:34.407   426   510 D WindowManager: Fallback: keyCode=4 metaState=0
06-27 21:35:34.407   426   510 D WindowManager: interceptKeyTq keycode=4 interactive=true keyguardActive=false policyFlags=62000000
06-27 21:35:34.407   426   510 D WindowManager: interceptKeyTi keyCode=4 down=false repeatCount=0 keyguardOn=false mHomePressed=false canceled=false
06-27 21:35:34.407   426   510 D WindowManager: Performing fallback: KeyEvent { action=ACTION_UP, keyCode=KEYCODE_BACK, scanCode=1, metaState=0, flags=0x408, repeatCount=0, eventTime=1490122, downTime=1490066, deviceId=4, source=0x101 }
06-27 21:35:34.838  2605  2636 I chatty  : uid=10014(com.android.vending) expire 2 lines
06-27 21:35:34.842  2605  2637 I chatty  : uid=10014(com.android.vending) expire 2 lines
06-27 21:35:35.253   426   511 I InputReader: 1--1-----KeyCode=111, scanCode=1
06-27 21:35:35.255   426   511 I InputReader: 1--22-----KeyCode=111, scanCode=1
06-27 21:35:35.255   426   511 I InputReader: KeyCode=111, scanCode=1
06-27 21:35:35.255   426   511 D WindowManager: interceptKeyTq keycode=111 interactive=true keyguardActive=false policyFlags=22000001
06-27 21:35:35.255   426   510 D WindowManager: interceptKeyTi keyCode=111 down=true repeatCount=0 keyguardOn=false mHomePressed=false canceled=false
06-27 21:35:35.257   426   510 D WindowManager: Unhandled key: win=Window{25f4e41 u0 com.android.vending/com.google.android.finsky.activities.MainActivity}, action=0, flags=8, keyCode=111, scanCode=1, metaState=0, repeatCount=0, policyFlags=1644167169
06-27 21:35:35.257   426   510 D WindowManager: Fallback: keyCode=4 metaState=0
06-27 21:35:35.257   426   510 D WindowManager: interceptKeyTq keycode=4 interactive=true keyguardActive=false policyFlags=62000001
06-27 21:35:35.257   426   510 D WindowManager: interceptKeyTi keyCode=4 down=true repeatCount=0 keyguardOn=false mHomePressed=false canceled=false
